02-26 20:51:52.456 19345 19423 W RobotCore: could not write to Modern Robotics USB Servo Controller [AL026DRM]: comm timeout write: sync0: unable to read 1 bytes in 124 ms
02-26 20:51:52.530 19345 19420 E MRReaderWriter: AL00VM5X: comm timeout read: sync0: unable to read 1 bytes in 124 ms: [55 aa 80 40 1e]
02-26 20:51:52.530 19345 19420 W RobotCore: could not read Modern Robotics USB DC Motor Controller [AL00VM5X]: comm timeout read: sync0: unable to read 1 bytes in 124 ms
02-26 20:51:52.595 19345 19429 E MRReaderWriter: AL00VM5S: comm timeout write: sync0: unable to read 1 bytes in 124 ms: [55 aa 00 40 1e]
02-26 20:51:52.596 19345 19429 W RobotCore: could not write to Modern Robotics USB DC Motor Controller [AL00VM5S]: comm timeout write: sync0: unable to read 1 bytes in 124 ms
02-26 20:51:52.622 19345 19426 E MRReaderWriter: AI049PCI: comm timeout read: sync0: unable to read 1 bytes in 124 ms: [55 aa 80 40 1e]
02-26 20:51:52.622 19345 19426 W RobotCore: could not read Modern Robotics USB DC Motor Controller [AI049PCI]: comm timeout read: sync0: unable to read 1 bytes in 124 ms
02-26 20:51:52.664 19345 19416 E MRReaderWriter: AL00VDA6: comm timeout write: sync0: unable to read 1 bytes in 124 ms: [55 aa 00 cf 01]
02-26 20:51:52.664 19345 19416 W RobotCore: could not write to Modern Robotics USB Core Device Interface Module [AL00VDA6]: comm timeout write: sync0: unable to read 1 bytes in 124 ms
02-26 20:51:52.698 19345 19432 E MRReaderWriter: AL00YCFA: comm timeout write: sync0: unable to read 1 bytes in 124 ms: [55 aa 00 40 1e]
02-26 20:51:52.698 19345 19432 W RobotCore: could not write to Modern Robotics USB DC Motor Controller [AL00YCFA]: comm timeout write: sync0: unable to read 1 bytes in 124 ms
02-26 20:51:52.768 19345 19423 E MRReaderWriter: AL026DRM: comm timeout read: sync0: unable to read 1 bytes in 124 ms: [55 aa 80 40 09]
02-26 20:51:52.769 19345 19423 W RobotCore: could not read Modern Robotics USB Servo Controller [AL026DRM]: comm timeout read: sync0: unable to read 1 bytes in 124 ms
02-26 20:51:52.837 19345 19420 E MRReaderWriter: AL00VM5X: comm timeout write: sync0: unable to read 1 bytes in 124 ms: [55 aa 00 40 1e]
02-26 20:51:52.838 19345 19420 W RobotCore: could not write to Modern Robotics USB DC Motor Controller [AL00VM5X]: comm timeout write: sync0: unable to read 1 bytes in 124 ms
02-26 20:51:52.891 19345 19429 E MRReaderWriter: AL00VM5S: comm timeout read: sync0: unable to read 1 bytes in 124 ms: [55 aa 80 40 1e]
02-26 20:51:52.892 19345 19429 W RobotCore: could not read Modern Robotics USB DC Motor Controller [AL00VM5S]: comm timeout read: sync0: unable to read 1 bytes in 124 ms
02-26 20:51:52.941 19345 19426 E MRReaderWriter: AI049PCI: comm timeout write: sync0: unable to read 1 bytes in 124 ms: [55 aa 00 40 1e]
02-26 20:51:52.941 19345 19426 W RobotCore: could not write to Modern Robotics USB DC Motor Controller [AI049PCI]: comm timeout write: sync0: unable to read 1 bytes in 124 ms
02-26 20:51:52.971 19345 19416 E MRReaderWriter: AL00VDA6: comm timeout read: sync0: unable to read 1 bytes in 124 ms: [55 aa 80 03 15]
02-26 20:51:52.971 19345 19416 W RobotCore: could not read Modern Robotics USB Core Device Interface Module [AL00VDA6]: comm timeout read: sync0: unable to read 1 bytes in 124 ms
02-26 20:51:53.004 19345 19432 E MRReaderWriter: AL00YCFA: comm timeout read: sync0: unable to read 1 bytes in 124 ms: [55 aa 80 40 1e]
02-26 20:51:53.004 19345 19432 W RobotCore: could not read Modern Robotics USB DC Motor Controller [AL00YCFA]: comm timeout read: sync0: unable to read 1 bytes in 124 ms
02-26 20:51:53.097 19345 19423 E MRReaderWriter: AL026DRM: comm timeout write: sync0: unable to read 1 bytes in 124 ms: [55 aa 00 40 09]
02-26 20:51:53.098 19345 19423 W RobotCore: could not write to Modern Robotics USB Servo Controller [AL026DRM]: comm timeout write: sync0: unable to read 1 bytes in 124 ms
02-26 20:51:53.150 19345 19420 E MRReaderWriter: AL00VM5X: comm timeout read: sync0: unable to read 1 bytes in 124 ms: [55 aa 80 40 1e]
02-26 20:51:53.150 19345 19420 W RobotCore: could not read Modern Robotics USB DC Motor Controller [AL00VM5X]: comm timeout read: sync0: unable to read 1 bytes in 124 ms
02-26 20:51:53.200 19345 19345 D UsbDeviceConnectionJNI: close
02-26 20:51:53.200 19345 19422 D ProcessRequestThread::: Device has been closed.
02-26 20:51:53.200 19345 19422 W System.err: java.lang.InterruptedException
02-26 20:51:53.200 19345 19422 W System.err: 	at java.util.concurrent.locks.AbstractQueuedSynchronizer.doAcquireSharedInterruptibly(AbstractQueuedSynchronizer.java:972)
02-26 20:51:53.200 19345 19422 W System.err: 	at java.util.concurrent.locks.AbstractQueuedSynchronizer.acquireSharedInterruptibly(AbstractQueuedSynchronizer.java:1278)
02-26 20:51:53.201 19345 19422 W System.err: 	at java.util.concurrent.Semaphore.acquire(Semaphore.java:284)
02-26 20:51:53.201 19345 19422 W System.err: 	at com.ftdi.j2xx.ProcessInCtrl.acquireReadableBuffer(FT_Device.java:2294)
02-26 20:51:53.201 19345 19422 W System.err: 	at com.ftdi.j2xx.ProcessRequestWorker.run(FT_Device.java:2764)
02-26 20:51:53.201 19345 19422 W System.err: 	at java.lang.Thread.run(Thread.java:818)
02-26 20:51:53.201 19345 19345 D UsbDeviceConnectionJNI: close
02-26 20:51:53.202 19345 19423 W RobotCore: could not write to Modern Robotics USB Servo Controller [AL026DRM]: FTDI Null Pointer Exception
02-26 20:51:53.202 19345 19423 E RobotCore: java.lang.NullPointerException: Attempt to invoke interface method 'void java.util.concurrent.locks.Lock.unlock()' on a null object reference
02-26 20:51:53.203 19345 19423 E RobotCore:     at com.ftdi.j2xx.ProcessInCtrl.readBulkInData(FT_Device.java:2520)
02-26 20:51:53.203 19345 19423 E RobotCore:     at com.ftdi.j2xx.FT_Device.read(FT_Device.java:666)
02-26 20:51:53.203 19345 19423 E RobotCore:     at com.qualcomm.robotcore.hardware.usb.ftdi.RobotUsbDeviceFtdi.read(RobotUsbDeviceFtdi.java:211)
02-26 20:51:53.203 19345 19423 E RobotCore:     at com.qualcomm.hardware.modernrobotics.comm.ModernRoboticsReaderWriter.readIncomingBytes(ModernRoboticsReaderWriter.java:362)
02-26 20:51:53.203 19345 19423 E RobotCore:     at com.qualcomm.hardware.modernrobotics.comm.ModernRoboticsReaderWriter.readSingleByte(ModernRoboticsReaderWriter.java:383)
02-26 20:51:53.203 19345 19423 E RobotCore:     at com.qualcomm.hardware.modernrobotics.comm.ModernRoboticsReaderWriter.readResponse(ModernRoboticsReaderWriter.java:293)
02-26 20:51:53.203 19345 19423 E RobotCore:     at com.qualcomm.hardware.modernrobotics.comm.ModernRoboticsReaderWriter.read(ModernRoboticsReaderWriter.java:179)
02-26 20:51:53.203 19345 19423 E RobotCore:     at com.qualcomm.hardware.modernrobotics.comm.ReadWriteRunnableStandard$1.run(ReadWriteRunnableStandard.java:344)
02-26 20:51:53.203 19345 19423 E RobotCore:     at com.qualcomm.robotcore.util.ThreadPool.logThreadLifeCycle(ThreadPool.java:513)
02-26 20:51:53.203 19345 19420 W RobotCore: could not write to Modern Robotics USB DC Motor Controller [AL00VM5X]: FTDI Null Pointer Exception
02-26 20:51:53.203 19345 19423 E RobotCore:     at com.qualcomm.hardware.modernrobotics.comm.ReadWriteRunnableStandard.run(ReadWriteRunnableStandard.java:304)
02-26 20:51:53.203 19345 19420 E RobotCore: java.lang.NullPointerException: Attempt to invoke interface method 'void java.util.concurrent.locks.Lock.unlock()' on a null object reference
02-26 20:51:53.203 19345 19423 E RobotCore:     at java.util.concurrent.ThreadPoolExecutor.runWorker(ThreadPoolExecutor.java:1113)
02-26 20:51:53.204 19345 19423 E RobotCore:     at java.util.concurrent.ThreadPoolExecutor$Worker.run(ThreadPoolExecutor.java:588)
02-26 20:51:53.204 19345 19423 E RobotCore:     at java.lang.Thread.run(Thread.java:818)
02-26 20:51:53.204 19345 19423 V RobotUsbDeviceFtdi: closing AL026DRM
02-26 20:51:53.204 19345 19420 E RobotCore:     at com.ftdi.j2xx.ProcessInCtrl.readBulkInData(FT_Device.java:2520)
02-26 20:51:53.204 19345 19420 E RobotCore:     at com.ftdi.j2xx.FT_Device.read(FT_Device.java:666)
02-26 20:51:53.204 19345 19423 V RobotCore: thread: ...terminating 'r/w loop: Modern Robotics USB Servo Controller [AL026DRM]'
02-26 20:51:53.204 19345 19420 E RobotCore:     at com.qualcomm.robotcore.hardware.usb.ftdi.RobotUsbDeviceFtdi.read(RobotUsbDeviceFtdi.java:211)
02-26 20:51:53.204 19345 19420 E RobotCore:     at com.qualcomm.hardware.modernrobotics.comm.ModernRoboticsReaderWriter.readIncomingBytes(ModernRoboticsReaderWriter.java:362)
02-26 20:51:53.204 19345 19420 E RobotCore:     at com.qualcomm.hardware.modernrobotics.comm.ModernRoboticsReaderWriter.readSingleByte(ModernRoboticsReaderWriter.java:383)
02-26 20:51:53.204 19345 19420 E RobotCore:     at com.qualcomm.hardware.modernrobotics.comm.ModernRoboticsReaderWriter.readResponse(ModernRoboticsReaderWriter.java:293)
02-26 20:51:53.204 19345 19420 E RobotCore:     at com.qualcomm.hardware.modernrobotics.comm.ModernRoboticsReaderWriter.write(ModernRoboticsReaderWriter.java:234)
02-26 20:51:53.204 19345 19418 D ProcessRequestThread::: Device has been closed.
02-26 20:51:53.204 19345 19420 E RobotCore:     at com.qualcomm.hardware.modernrobotics.comm.ReadWriteRunnableStandard$1.run(ReadWriteRunnableStandard.java:396)
02-26 20:51:53.204 19345 19420 E RobotCore:     at com.qualcomm.robotcore.util.ThreadPool.logThreadLifeCycle(ThreadPool.java:513)
02-26 20:51:53.204 19345 19418 W System.err: java.lang.InterruptedException
02-26 20:51:53.204 19345 19420 E RobotCore:     at com.qualcomm.hardware.modernrobotics.comm.ReadWriteRunnableStandard.run(ReadWriteRunnableStandard.java:304)
02-26 20:51:53.204 19345 19420 E RobotCore:     at java.util.concurrent.ThreadPoolExecutor.runWorker(ThreadPoolExecutor.java:1113)
02-26 20:51:53.204 19345 19420 E RobotCore:     at java.util.concurrent.ThreadPoolExecutor$Worker.run(ThreadPoolExecutor.java:588)
02-26 20:51:53.204 19345 19420 E RobotCore:     at java.lang.Thread.run(Thread.java:818)
02-26 20:51:53.205 19345 19418 W System.err: 	at java.util.concurrent.locks.AbstractQueuedSynchronizer.doAcquireSharedInterruptibly(AbstractQueuedSynchronizer.java:972)
02-26 20:51:53.205 19345 19418 W System.err: 	at java.util.concurrent.locks.AbstractQueuedSynchronizer.acquireSharedInterruptibly(AbstractQueuedSynchronizer.java:1278)
02-26 20:51:53.205 19345 19418 W System.err: 	at java.util.concurrent.Semaphore.acquire(Semaphore.java:284)
02-26 20:51:53.205 19345 19420 V RobotUsbDeviceFtdi: closing AL00VM5X
02-26 20:51:53.205 19345 19418 W System.err: 	at com.ftdi.j2xx.ProcessInCtrl.acquireReadableBuffer(FT_Device.java:2294)
02-26 20:51:53.205 19345 19418 W System.err: 	at com.ftdi.j2xx.ProcessRequestWorker.run(FT_Device.java:2764)
02-26 20:51:53.205 19345 19418 W System.err: 	at java.lang.Thread.run(Thread.java:818)
02-26 20:51:53.205 19345 19420 V RobotCore: thread: ...terminating 'r/w loop: Modern Robotics USB DC Motor Controller [AL00VM5X]'
02-26 20:51:53.206 19345 19421 D BulkIn::: Stop BulkIn thread
02-26 20:51:53.206 19345 19429 E MRReaderWriter: AL00VM5S: comm timeout write: sync0: unable to read 1 bytes in 124 ms: [55 aa 00 40 1e]
02-26 20:51:53.206 19345 19421 W System.err: java.lang.NullPointerException: Attempt to invoke virtual method 'int com.ftdi.j2xx.D2xxManager$DriverParameters.getBufferNumber()' on a null object reference
02-26 20:51:53.206 19345 19421 W System.err: 	at com.ftdi.j2xx.ProcessInCtrl.releaseWritableBuffers(FT_Device.java:2672)
02-26 20:51:53.206 19345 19429 W RobotCore: could not write to Modern Robotics USB DC Motor Controller [AL00VM5S]: comm timeout write: sync0: unable to read 1 bytes in 124 ms
02-26 20:51:53.206 19345 19421 W System.err: 	at com.ftdi.j2xx.BulkInWorker.run(FT_Device.java:2879)
02-26 20:51:53.206 19345 19421 W System.err: 	at java.lang.Thread.run(Thread.java:818)
02-26 20:51:53.207 19345 19417 D BulkIn::: Stop BulkIn thread
02-26 20:51:53.207 19345 19417 W System.err: java.lang.NullPointerException: Attempt to invoke virtual method 'int com.ftdi.j2xx.D2xxManager$DriverParameters.getBufferNumber()' on a null object reference
02-26 20:51:53.207 19345 19417 W System.err: 	at com.ftdi.j2xx.ProcessInCtrl.releaseWritableBuffers(FT_Device.java:2672)
02-26 20:51:53.207 19345 19417 W System.err: 	at com.ftdi.j2xx.BulkInWorker.run(FT_Device.java:2879)
02-26 20:51:53.207 19345 19417 W System.err: 	at java.lang.Thread.run(Thread.java:818)
02-26 20:51:53.210 19345 19429 E FTDI_Device::: UsbConnection.requestWait() == null
02-26 20:51:53.210 19345 19345 D UsbDeviceConnectionJNI: close
02-26 20:51:53.211 19345 19425 D ProcessRequestThread::: Device has been closed.
02-26 20:51:53.211 19345 19425 W System.err: java.lang.InterruptedException
02-26 20:51:53.211 19345 19425 W System.err: 	at java.util.concurrent.locks.AbstractQueuedSynchronizer.doAcquireSharedInterruptibly(AbstractQueuedSynchronizer.java:972)
02-26 20:51:53.211 19345 19425 W System.err: 	at java.util.concurrent.locks.AbstractQueuedSynchronizer.acquireSharedInterruptibly(AbstractQueuedSynchronizer.java:1278)
02-26 20:51:53.211 19345 19425 W System.err: 	at java.util.concurrent.Semaphore.acquire(Semaphore.java:284)
02-26 20:51:53.211 19345 19425 W System.err: 	at com.ftdi.j2xx.ProcessInCtrl.acquireReadableBuffer(FT_Device.java:2294)
02-26 20:51:53.211 19345 19425 W System.err: 	at com.ftdi.j2xx.ProcessRequestWorker.run(FT_Device.java:2764)
02-26 20:51:53.211 19345 19425 W System.err: 	at java.lang.Thread.run(Thread.java:818)
02-26 20:51:53.213 19345 19424 D BulkIn::: Stop BulkIn thread
02-26 20:51:53.213 19345 19424 W System.err: java.lang.NullPointerException: Attempt to invoke virtual method 'int com.ftdi.j2xx.D2xxManager$DriverParameters.getBufferNumber()' on a null object reference
02-26 20:51:53.214 19345 19424 W System.err: 	at com.ftdi.j2xx.ProcessInCtrl.releaseWritableBuffers(FT_Device.java:2672)
02-26 20:51:53.214 19345 19424 W System.err: 	at com.ftdi.j2xx.BulkInWorker.run(FT_Device.java:2879)
02-26 20:51:53.214 19345 19424 W System.err: 	at java.lang.Thread.run(Thread.java:818)
02-26 20:51:53.216 19345 19345 D UsbDeviceConnectionJNI: close
02-26 20:51:53.216 19345 19403 D ProcessRequestThread::: Device has been closed.
02-26 20:51:53.216 19345 19403 W System.err: java.lang.InterruptedException
02-26 20:51:53.216 19345 19402 D BulkIn::: Stop BulkIn thread
02-26 20:51:53.216 19345 19403 W System.err: 	at java.util.concurrent.locks.AbstractQueuedSynchronizer.doAcquireSharedInterruptibly(AbstractQueuedSynchronizer.java:972)
02-26 20:51:53.216 19345 19402 W System.err: 	at java.lang.NullPointerException: Attempt to invoke virtual method 'boolean com.ftdi.j2xx.InBuffer.acquired()' on a null object reference
02-26 20:51:53.216 19345 19403 W System.err: java.util.concurrent.locks.AbstractQueuedSynchronizer.acquireSharedInterruptibly(AbstractQueuedSynchronizer.java:1278)
02-26 20:51:53.216 19345 19403 W System.err: 	at 	at java.util.concurrent.Semaphore.acquire(Semaphore.java:284)
02-26 20:51:53.216 19345 19402 W System.err: 	at com.ftdi.j2xx.ProcessInCtrl.releaseWritableBuffers(FT_Device.java:2675)
02-26 20:51:53.216 19345 19402 W System.err: 	at com.ftdi.j2xx.BulkInWorker.run(FT_Device.java:2879)
02-26 20:51:53.216 19345 19402 W System.err: 	at java.lang.Thread.run(Thread.java:818)
02-26 20:51:53.216 19345 19345 D UsbDeviceConnectionJNI: close
02-26 20:51:53.217 19345 19427 D BulkIn::: Stop BulkIn thread
02-26 20:51:53.217 19345 19427 W System.err: java.lang.NullPointerException: Attempt to invoke virtual method 'boolean com.ftdi.j2xx.InBuffer.acquired()' on a null object reference
02-26 20:51:53.217 19345 19427 W System.err: 	at com.ftdi.j2xx.ProcessInCtrl.releaseWritableBuffers(FT_Device.java:2675)
02-26 20:51:53.217 19345 19427 W System.err: 	at com.ftdi.j2xx.BulkInWorker.run(FT_Device.java:2879)
02-26 20:51:53.217 19345 19427 W System.err: 	at java.lang.Thread.run(Thread.java:818)
02-26 20:51:53.217 19345 19428 D ProcessRequestThread::: Device has been closed.
02-26 20:51:53.217 19345 19428 W System.err: java.lang.InterruptedException
02-26 20:51:53.217 19345 19429 W RobotCore: could not write to Modern Robotics USB DC Motor Controller [AL00VM5S]: FTDI Null Pointer Exception
02-26 20:51:53.217 19345 19429 E RobotCore: java.lang.NullPointerException: Attempt to invoke interface method 'void java.util.concurrent.locks.Lock.unlock()' on a null object reference
02-26 20:51:53.217 19345 19428 W System.err: 	at java.util.concurrent.locks.AbstractQueuedSynchronizer.doAcquireSharedInterruptibly(AbstractQueuedSynchronizer.java:972)
02-26 20:51:53.217 19345 19403 W System.err: 	at com.ftdi.j2xx.ProcessInCtrl.acquireReadableBuffer(FT_Device.java:2294)
02-26 20:51:53.217 19345 19428 W System.err: 	at java.util.concurrent.locks.AbstractQueuedSynchronizer.acquireSharedInterruptibly(AbstractQueuedSynchronizer.java:1278)
02-26 20:51:53.217 19345 19428 W System.err: 	at java.util.concurrent.Semaphore.acquire(Semaphore.java:284)
02-26 20:51:53.217 19345 19403 W System.err: 	at com.ftdi.j2xx.ProcessRequestWorker.run(FT_Device.java:2764)
02-26 20:51:53.217 19345 19403 W System.err: 	at java.lang.Thread.run(Thread.java:818)
02-26 20:51:53.217 19345 19429 E RobotCore:     at com.ftdi.j2xx.ProcessInCtrl.readBulkInData(FT_Device.java:2520)
02-26 20:51:53.218 19345 19429 E RobotCore:     at com.ftdi.j2xx.FT_Device.read(FT_Device.java:666)
02-26 20:51:53.218 19345 19428 W System.err: com.ftdi.j2xx.ProcessInCtrl.acquireReadableBuffer(FT_Device.java:2294)
02-26 20:51:53.218 19345 19428 W System.err: 	at com.ftdi.j2xx.ProcessRequestWorker.run(FT_Device.java:2764)
02-26 20:51:53.218 19345 19428 W System.err: 	at java.lang.Thread.run(Thread.java:818)
02-26 20:51:53.218 19345 19429 E RobotCore:     at com.qualcomm.robotcore.hardware.usb.ftdi.RobotUsbDeviceFtdi.read(RobotUsbDeviceFtdi.java:211)
02-26 20:51:53.219 19345 19345 D UsbDeviceConnectionJNI: close
02-26 20:51:53.219 19345 19431 D ProcessRequestThread::: Device has been closed.
02-26 20:51:53.219 19345 19431 W System.err: java.lang.InterruptedException
02-26 20:51:53.219 19345 19430 D BulkIn::: Stop BulkIn thread
02-26 20:51:53.219 19345 19430 W System.err: 	at java.lang.NullPointerException: Attempt to invoke virtual method 'int com.ftdi.j2xx.D2xxManager$DriverParameters.getBufferNumber()' on a null object reference
02-26 20:51:53.219 19345 19430 W System.err: 	at com.ftdi.j2xx.ProcessInCtrl.releaseWritableBuffers(FT_Device.java:2672)
02-26 20:51:53.219 19345 19430 W System.err: 	at com.ftdi.j2xx.BulkInWorker.run(FT_Device.java:2879)
02-26 20:51:53.219 19345 19430 W System.err: 	at java.lang.Thread.run(Thread.java:818)
02-26 20:51:53.220 19345 19429 E RobotCore:     at com.qualcomm.hardware.modernrobotics.comm.ModernRoboticsReaderWriter.readIncomingBytes(ModernRoboticsReaderWriter.java:362)
02-26 20:51:53.220 19345 19429 E RobotCore:     at com.qualcomm.hardware.modernrobotics.comm.ModernRoboticsReaderWriter.readSingleByte(ModernRoboticsReaderWriter.java:383)
02-26 20:51:53.220 19345 19429 E RobotCore:     at com.qualcomm.hardware.modernrobotics.comm.ModernRoboticsReaderWriter.readResponse(ModernRoboticsReaderWriter.java:293)
02-26 20:51:53.220 19345 19429 E RobotCore:     at com.qualcomm.hardware.modernrobotics.comm.ModernRoboticsReaderWriter.read(ModernRoboticsReaderWriter.java:179)
02-26 20:51:53.220 19345 19429 E RobotCore:     at com.qualcomm.hardware.modernrobotics.comm.ReadWriteRunnableStandard$1.run(ReadWriteRunnableStandard.java:344)
02-26 20:51:53.220 19345 19429 E RobotCore:     at com.qualcomm.robotcore.util.ThreadPool.logThreadLifeCycle(ThreadPool.java:513)
02-26 20:51:53.220 19345 19429 E RobotCore:     at com.qualcomm.hardware.modernrobotics.comm.ReadWriteRunnableStandard.run(ReadWriteRunnableStandard.java:304)
02-26 20:51:53.220 19345 19429 E RobotCore:     at java.util.concurrent.ThreadPoolExecutor.runWorker(ThreadPoolExecutor.java:1113)
02-26 20:51:53.221 19345 19429 E RobotCore:     at java.util.concurrent.ThreadPoolExecutor$Worker.run(ThreadPoolExecutor.java:588)
02-26 20:51:53.221 19345 19429 E RobotCore:     at java.lang.Thread.run(Thread.java:818)
02-26 20:51:53.221 19345 19429 V RobotUsbDeviceFtdi: closing AL00VM5S
02-26 20:51:53.221 19345 19429 V RobotCore: thread: ...terminating 'r/w loop: Modern Robotics USB DC Motor Controller [AL00VM5S]'
02-26 20:51:53.221 19345 19431 W System.err: java.util.concurrent.locks.AbstractQueuedSynchronizer.doAcquireSharedInterruptibly(AbstractQueuedSynchronizer.java:972)
02-26 20:51:53.221 19345 19431 W System.err: 	at java.util.concurrent.locks.AbstractQueuedSynchronizer.acquireSharedInterruptibly(AbstractQueuedSynchronizer.java:1278)
02-26 20:51:53.221 19345 19431 W System.err: 	at java.util.concurrent.Semaphore.acquire(Semaphore.java:284)
02-26 20:51:53.221 19345 19431 W System.err: 	at com.ftdi.j2xx.ProcessInCtrl.acquireReadableBuffer(FT_Device.java:2294)
02-26 20:51:53.221 19345 19431 W System.err: 	at com.ftdi.j2xx.ProcessRequestWorker.run(FT_Device.java:2764)
02-26 20:51:53.221 19345 19431 W System.err: 	at java.lang.Thread.run(Thread.java:818)
02-26 20:51:53.252 19345 19426 E MRReaderWriter: AI049PCI: comm timeout read: sync0: unable to read 1 bytes in 124 ms: [55 aa 80 40 1e]
02-26 20:51:53.253 19345 19426 W RobotCore: could not read Modern Robotics USB DC Motor Controller [AI049PCI]: comm timeout read: sync0: unable to read 1 bytes in 124 ms
02-26 20:51:53.253 19345 19426 W RobotCore: error: closed: FT_Device.read()=-1
02-26 20:51:53.253 19345 19426 V RobotUsbDeviceFtdi: closing AI049PCI
02-26 20:51:53.253 19345 19426 V RobotCore: thread: ...terminating 'r/w loop: Modern Robotics USB DC Motor Controller [AI049PCI]'
02-26 20:51:53.287 19345 19416 E MRReaderWriter: AL00VDA6: comm timeout write: sync0: unable to read 1 bytes in 124 ms: [55 aa 00 8f 01]
02-26 20:51:53.287 19345 19416 W RobotCore: could not write to Modern Robotics USB Core Device Interface Module [AL00VDA6]: comm timeout write: sync0: unable to read 1 bytes in 124 ms
02-26 20:51:53.288 19345 19416 W RobotCore: error: closed: FT_Device.read()=-1
02-26 20:51:53.288 19345 19416 V RobotUsbDeviceFtdi: closing AL00VDA6
02-26 20:51:53.288 19345 19416 V RobotCore:i2cSynch(USB AL00VDA6; port 2): onPortIsReadyCallbacksEnd ...
02-26 20:51:53.288 19345 19416 V RobotCore:i2cSynch(USB AL00VDA6; port 2): unhooking ...
02-26 20:51:53.288 19345 19416 V RobotCore: executive service I2c Heartbeat is terminated
02-26 20:51:53.288 19345 19416 V RobotCore:i2cSynch(USB AL00VDA6; port 2): ...unhooking complete
02-26 20:51:53.288 19345 19416 V RobotCore:i2cSynch(USB AL00VDA6; port 2): ... onPortIsReadyCallbacksEnd complete
02-26 20:51:53.288 19345 19416 V RobotCore: thread: ...terminating 'r/w loop: Modern Robotics USB Core Device Interface Module [AL00VDA6]'
02-26 20:51:53.316 19345 19432 E MRReaderWriter: AL00YCFA: comm timeout write: sync0: unable to read 1 bytes in 124 ms: [55 aa 00 40 1e]
02-26 20:51:53.316 19345 19432 W RobotCore: could not write to Modern Robotics USB DC Motor Controller [AL00YCFA]: comm timeout write: sync0: unable to read 1 bytes in 124 ms
02-26 20:51:53.316 19345 19401 D RobotCore: system telemetry: key=$System$Warning$ msg="problem communicating with Modern Robotics USB DC Motor Controller [AL00VM5X]; problem communicating with Modern Robotics USB Servo Controller [AL026DRM]; problem communicating with Modern Robotics USB DC Motor Controller [AL00VM5S]; problem communicating with Modern Robotics USB DC Motor Controller [AI049PCI]; problem communicating with Modern Robotics USB Core Device Interface Module [AI041S6Y]; problem communicating with Modern Robotics USB Core Device Interface Module [AL00VDA6]"
02-26 20:51:53.317 19345 19432 W RobotCore: error: closed: FT_Device.read()=-1
02-26 20:51:53.317 19345 19432 V RobotUsbDeviceFtdi: closing AL00YCFA
02-26 20:51:53.318 19345 19432 V RobotCore: thread: ...terminating 'r/w loop: Modern Robotics USB DC Motor Controller [AL00YCFA]'
02-26 20:51:53.319 19345 19436 D RobotCore: system telemetry: key=$System$Warning$ msg="problem communicating with Modern Robotics USB DC Motor Controller [AL00YCFA]; problem communicating with Modern Robotics USB DC Motor Controller [AL00VM5X]; problem communicating with Modern Robotics USB Servo Controller [AL026DRM]; problem communicating with Modern Robotics USB DC Motor Controller [AL00VM5S]; problem communicating with Modern Robotics USB DC Motor Controller [AI049PCI]; problem communicating with Modern Robotics USB Core Device Interface Module [AI041S6Y]; problem communicating with Modern Robotics USB Core Device Interface Module [AL00VDA6]"
02-26 20:51:53.320 19345 19436 V RobotCore: event loop: device has shutdown abnormally
02-26 20:51:53.321 19345 19436 V RobotCore: event loop: detaching device owner
02-26 20:51:53.321 19345 19436 I FIRST   : ======= MODULE DETACH RECOVERY: disarm Modern Robotics USB Core Device Interface Module [AL00VDA6]=======
02-26 20:51:53.322 19345 19436 V RobotCore: waiting for service ReadWriteRunnable for Modern Robotics USB Device
02-26 20:51:53.326 19345 19436 V RobotCore: awaitTermination returned, isTerminated=true
02-26 20:51:53.326 19345 19436 V RobotCore: executive service ReadWriteRunnable for Modern Robotics USB Device is terminated
02-26 20:51:53.326 19345 19436 V RobotUsbDeviceFtdi: closing AL00VDA6
02-26 20:51:53.326 19345 19436 I FIRST   : ======= MODULE DETACH RECOVERY: pretend Modern Robotics USB Core Device Interface Module [AL00VDA6]=======
02-26 20:51:53.327 19345 19436 V RobotCore: Starting up pretend device AL00VDA6
02-26 20:51:53.333 19345 19500 V RobotCore: thread: 'r/w loop: Modern Robotics USB Core Device Interface Module [AL00VDA6]' starting...
02-26 20:51:53.333 19345 19500 V RobotCore:i2cSynch(USB AL00VDA6; port 2): doPortIsReadyCallbackBeginWork ...
02-26 20:51:53.333 19345 19500 V RobotCore:i2cSynch(USB AL00VDA6; port 2): ... doPortIsReadyCallbackBeginWork complete
02-26 20:51:53.335 19345 19436 V RobotCore:i2cSynch(USB AL00VDA6; port 2): onPretending ...
02-26 20:51:53.335 19345 19436 V RobotCore:i2cSynch(USB AL00VDA6; port 2): doModuleIsArmedWork ...
02-26 20:51:53.335 19345 19436 V RobotCore:i2cSynch(USB AL00VDA6; port 2): hooking ...
02-26 20:51:53.335 19345 19436 V RobotCore:i2cSynch(USB AL00VDA6; port 2): ... hooking complete
02-26 20:51:53.335 19345 19436 V RobotCore:i2cSynch(USB AL00VDA6; port 2): ... doModuleIsArmedWork complete
02-26 20:51:53.335 19345 19436 V RobotCore:i2cSynch(USB AL00VDA6; port 2): ... onPretending
02-26 20:51:53.335 19345 19436 I FIRST   : ======= MODULE DETACH RECOVERY: complete Modern Robotics USB Core Device Interface Module [AL00VDA6]=======
02-26 20:51:53.336 19345 19436 V RobotCore: event loop: device has shutdown abnormally
02-26 20:51:53.336 19345 19436 V RobotCore: event loop: detaching device owner
02-26 20:51:53.336 19345 19436 I FIRST   : ======= MODULE DETACH RECOVERY: disarm Modern Robotics USB DC Motor Controller [AL00VM5X]=======
02-26 20:51:53.336 19345 19436 D RobotCore: disarming modern motor controller Modern Robotics USB DC Motor Controller [AL00VM5X]...
02-26 20:51:53.336 19345 19436 V RobotCore: waiting for service ReadWriteRunnable for Modern Robotics USB Device
02-26 20:51:53.336 19345 19436 V RobotCore: awaitTermination returned, isTerminated=true
02-26 20:51:53.336 19345 19436 V RobotCore: executive service ReadWriteRunnable for Modern Robotics USB Device is terminated
02-26 20:51:53.336 19345 19436 V RobotUsbDeviceFtdi: closing AL00VM5X
02-26 20:51:53.336 19345 19436 D RobotCore: ...disarming modern motor controller Modern Robotics USB DC Motor Controller [AL00VM5X] complete
02-26 20:51:53.337 19345 19436 I FIRST   : ======= MODULE DETACH RECOVERY: pretend Modern Robotics USB DC Motor Controller [AL00VM5X]=======
02-26 20:51:53.337 19345 19436 D RobotCore: arming modern motor controller Modern Robotics USB DC Motor Controller [AL00VM5X] (pretend)...
02-26 20:51:53.337 19345 19436 V RobotCore: Starting up pretend device AL00VM5X
02-26 20:51:53.343 19345 19501 V RobotCore: thread: 'r/w loop: Modern Robotics USB DC Motor Controller [AL00VM5X]' starting...
02-26 20:51:53.344 19345 19436 D RobotCore: ...arming modern motor controller Modern Robotics USB DC Motor Controller [AL00VM5X] complete
02-26 20:51:53.344 19345 19436 I FIRST   : ======= MODULE DETACH RECOVERY: complete Modern Robotics USB DC Motor Controller [AL00VM5X]=======
02-26 20:51:53.344 19345 19436 V RobotCore: event loop: device has shutdown abnormally
02-26 20:51:53.344 19345 19436 V RobotCore: event loop: detaching device owner
02-26 20:51:53.344 19345 19436 I FIRST   : ======= MODULE DETACH RECOVERY: disarm Modern Robotics USB Servo Controller [AL026DRM]=======
02-26 20:51:53.344 19345 19436 D RobotCore: disarming modern servo controller "Modern Robotics USB Servo Controller [AL026DRM]"...
02-26 20:51:53.344 19345 19436 V RobotCore: waiting for service ReadWriteRunnable for Modern Robotics USB Device
02-26 20:51:53.344 19345 19436 V RobotCore: awaitTermination returned, isTerminated=true
02-26 20:51:53.344 19345 19436 V RobotCore: executive service ReadWriteRunnable for Modern Robotics USB Device is terminated
02-26 20:51:53.344 19345 19436 V RobotUsbDeviceFtdi: closing AL026DRM
02-26 20:51:53.344 19345 19436 D RobotCore: ...disarming modern servo controller Modern Robotics USB Servo Controller [AL026DRM] complete
02-26 20:51:53.345 19345 19436 I FIRST   : ======= MODULE DETACH RECOVERY: pretend Modern Robotics USB Servo Controller [AL026DRM]=======
02-26 20:51:53.345 19345 19436 D RobotCore: arming modern servo controller Modern Robotics USB Servo Controller [AL026DRM] (pretend)...
02-26 20:51:53.345 19345 19436 V RobotCore: Starting up pretend device AL026DRM
02-26 20:51:53.347 19345 19502 V RobotCore: thread: 'r/w loop: Modern Robotics USB Servo Controller [AL026DRM]' starting...
02-26 20:51:53.348 19345 19436 D RobotCore: ...arming modern servo controller Modern Robotics USB Servo Controller [AL026DRM] complete
02-26 20:51:53.348 19345 19436 I FIRST   : ======= MODULE DETACH RECOVERY: complete Modern Robotics USB Servo Controller [AL026DRM]=======
02-26 20:51:53.348 19345 19436 V RobotCore: event loop: device has shutdown abnormally
02-26 20:51:53.348 19345 19436 V RobotCore: event loop: detaching device owner
02-26 20:51:53.348 19345 19436 I FIRST   : ======= MODULE DETACH RECOVERY: disarm Modern Robotics USB DC Motor Controller [AI049PCI]=======
02-26 20:51:53.348 19345 19436 D RobotCore: disarming modern motor controller Modern Robotics USB DC Motor Controller [AI049PCI]...
02-26 20:51:53.348 19345 19436 V RobotCore: waiting for service ReadWriteRunnable for Modern Robotics USB Device
02-26 20:51:53.349 19345 19436 V RobotCore: awaitTermination returned, isTerminated=true
02-26 20:51:53.349 19345 19436 V RobotCore: executive service ReadWriteRunnable for Modern Robotics USB Device is terminated
02-26 20:51:53.349 19345 19436 V RobotUsbDeviceFtdi: closing AI049PCI
02-26 20:51:53.349 19345 19436 D RobotCore: ...disarming modern motor controller Modern Robotics USB DC Motor Controller [AI049PCI] complete
02-26 20:51:53.349 19345 19436 I FIRST   : ======= MODULE DETACH RECOVERY: pretend Modern Robotics USB DC Motor Controller [AI049PCI]=======
02-26 20:51:53.349 19345 19436 D RobotCore: arming modern motor controller Modern Robotics USB DC Motor Controller [AI049PCI] (pretend)...
02-26 20:51:53.349 19345 19436 V RobotCore: Starting up pretend device AI049PCI
02-26 20:51:53.353 19345 19503 V RobotCore: thread: 'r/w loop: Modern Robotics USB DC Motor Controller [AI049PCI]' starting...
02-26 20:51:53.354 19345 19436 D RobotCore: ...arming modern motor controller Modern Robotics USB DC Motor Controller [AI049PCI] complete
02-26 20:51:53.354 19345 19436 I FIRST   : ======= MODULE DETACH RECOVERY: complete Modern Robotics USB DC Motor Controller [AI049PCI]=======
02-26 20:51:53.354 19345 19436 V RobotCore: event loop: device has shutdown abnormally
02-26 20:51:53.354 19345 19436 V RobotCore: event loop: detaching device owner
02-26 20:51:53.354 19345 19436 I FIRST   : ======= MODULE DETACH RECOVERY: disarm Modern Robotics USB DC Motor Controller [AL00VM5S]=======
02-26 20:51:53.354 19345 19436 D RobotCore: disarming modern motor controller Modern Robotics USB DC Motor Controller [AL00VM5S]...
02-26 20:51:53.354 19345 19436 V RobotCore: waiting for service ReadWriteRunnable for Modern Robotics USB Device
02-26 20:51:53.355 19345 19436 V RobotCore: awaitTermination returned, isTerminated=true
02-26 20:51:53.356 19345 19436 V RobotCore: executive service ReadWriteRunnable for Modern Robotics USB Device is terminated
02-26 20:51:53.356 19345 19436 V RobotUsbDeviceFtdi: closing AL00VM5S
02-26 20:51:53.356 19345 19436 D RobotCore: ...disarming modern motor controller Modern Robotics USB DC Motor Controller [AL00VM5S] complete
02-26 20:51:53.356 19345 19436 I FIRST   : ======= MODULE DETACH RECOVERY: pretend Modern Robotics USB DC Motor Controller [AL00VM5S]=======
02-26 20:51:53.356 19345 19436 D RobotCore: arming modern motor controller Modern Robotics USB DC Motor Controller [AL00VM5S] (pretend)...
02-26 20:51:53.356 19345 19436 V RobotCore: Starting up pretend device AL00VM5S
02-26 20:51:53.358 19345 19504 V RobotCore: thread: 'r/w loop: Modern Robotics USB DC Motor Controller [AL00VM5S]' starting...
02-26 20:51:53.358 19345 19436 D RobotCore: ...arming modern motor controller Modern Robotics USB DC Motor Controller [AL00VM5S] complete
02-26 20:51:53.359 19345 19436 I FIRST   : ======= MODULE DETACH RECOVERY: complete Modern Robotics USB DC Motor Controller [AL00VM5S]=======
02-26 20:51:53.359 19345 19436 V RobotCore: event loop: device has shutdown abnormally
02-26 20:51:53.359 19345 19436 V RobotCore: event loop: detaching device owner
02-26 20:51:53.359 19345 19436 I FIRST   : ======= MODULE DETACH RECOVERY: disarm Modern Robotics USB DC Motor Controller [AL00YCFA]=======
02-26 20:51:53.359 19345 19436 D RobotCore: disarming modern motor controller Modern Robotics USB DC Motor Controller [AL00YCFA]...
02-26 20:51:53.359 19345 19436 V RobotCore: waiting for service ReadWriteRunnable for Modern Robotics USB Device
02-26 20:51:53.360 19345 19436 V RobotCore: awaitTermination returned, isTerminated=true
02-26 20:51:53.360 19345 19436 V RobotCore: executive service ReadWriteRunnable for Modern Robotics USB Device is terminated
02-26 20:51:53.360 19345 19436 V RobotUsbDeviceFtdi: closing AL00YCFA
02-26 20:51:53.360 19345 19436 D RobotCore: ...disarming modern motor controller Modern Robotics USB DC Motor Controller [AL00YCFA] complete
02-26 20:51:53.360 19345 19436 I FIRST   : ======= MODULE DETACH RECOVERY: pretend Modern Robotics USB DC Motor Controller [AL00YCFA]=======
02-26 20:51:53.360 19345 19436 D RobotCore: arming modern motor controller Modern Robotics USB DC Motor Controller [AL00YCFA] (pretend)...
02-26 20:51:53.360 19345 19436 V RobotCore: Starting up pretend device AL00YCFA
02-26 20:51:53.364 19345 19505 V RobotCore: thread: 'r/w loop: Modern Robotics USB DC Motor Controller [AL00YCFA]' starting...
02-26 20:51:53.364 19345 19436 D RobotCore: ...arming modern motor controller Modern Robotics USB DC Motor Controller [AL00YCFA] complete
02-26 20:51:53.364 19345 19436 I FIRST   : ======= MODULE DETACH RECOVERY: complete Modern Robotics USB DC Motor Controller [AL00YCFA]=======
02-26 20:54:21.401 19345 19345 V RCActivity: onPause()
02-26 20:54:21.411 19345 19345 V RCActivity: onStop()
02-26 20:54:21.411 19345 19345 V RobotCore: executive service robot setup is terminated
02-26 20:54:21.411 19345 19345 V Robocol : EventLoopManager.shutdown()
02-26 20:54:21.411 19345 19345 V RobotCore: waiting for service EventLoop
02-26 20:54:21.411 19345 19436 I FIRST   : ======= TEARDOWN =======
02-26 20:54:21.412 19345 19436 D RobotCore: disarming modern motor controller Modern Robotics USB DC Motor Controller [AL00YCFA]...
02-26 20:54:21.415 19345 19505 V RobotCore: thread: ...terminating 'r/w loop: Modern Robotics USB DC Motor Controller [AL00YCFA]'
02-26 20:54:21.417 19345 19436 V RobotCore: executive service ReadWriteRunnable for Modern Robotics USB Device is terminated
02-26 20:54:21.417 19345 19436 D RobotCore: ...disarming modern motor controller Modern Robotics USB DC Motor Controller [AL00YCFA] complete
02-26 20:54:21.417 19345 19436 D RobotCore: disarming modern motor controller Modern Robotics USB DC Motor Controller [AL00VM5X]...
02-26 20:54:21.420 19345 19501 V RobotCore: thread: ...terminating 'r/w loop: Modern Robotics USB DC Motor Controller [AL00VM5X]'
02-26 20:54:21.421 19345 19436 V RobotCore: executive service ReadWriteRunnable for Modern Robotics USB Device is terminated
02-26 20:54:21.421 19345 19436 D RobotCore: ...disarming modern motor controller Modern Robotics USB DC Motor Controller [AL00VM5X] complete
02-26 20:54:21.421 19345 19436 D RobotCore: disarming modern motor controller Modern Robotics USB DC Motor Controller [AL00VM5S]...
02-26 20:54:21.422 19345 19504 V RobotCore: thread: ...terminating 'r/w loop: Modern Robotics USB DC Motor Controller [AL00VM5S]'
02-26 20:54:21.422 19345 19436 V RobotCore: waiting for service ReadWriteRunnable for Modern Robotics USB Device
02-26 20:54:21.422 19345 19436 V RobotCore: awaitTermination returned, isTerminated=true
02-26 20:54:21.422 19345 19436 V RobotCore: executive service ReadWriteRunnable for Modern Robotics USB Device is terminated
02-26 20:54:21.422 19345 19436 D RobotCore: ...disarming modern motor controller Modern Robotics USB DC Motor Controller [AL00VM5S] complete
02-26 20:54:21.422 19345 19436 D RobotCore: disarming modern motor controller Modern Robotics USB DC Motor Controller [AI049PCI]...
02-26 20:54:21.426 19345 19436 V RobotCore: waiting for service ReadWriteRunnable for Modern Robotics USB Device
02-26 20:54:21.426 19345 19503 V RobotCore: thread: ...terminating 'r/w loop: Modern Robotics USB DC Motor Controller [AI049PCI]'
02-26 20:54:21.426 19345 19436 V RobotCore: awaitTerminationOrExitApplication ReadWriteRunnable for Modern Robotics USB Device; interrupt thrown
02-26 20:54:21.515 19345 19401 D RobotCore: system telemetry: key=$System$Warning$ msg="problem communicating with Modern Robotics USB Servo Controller [AL026DRM]; problem communicating with Modern Robotics USB DC Motor Controller [AI049PCI]; problem communicating with Modern Robotics USB Core Device Interface Module [AI041S6Y]; problem communicating with Modern Robotics USB Core Device Interface Module [AL00VDA6]"
02-26 20:54:21.527 19345 19436 D RobotCore: ...disarming modern motor controller Modern Robotics USB DC Motor Controller [AI049PCI] complete
02-26 20:54:21.527 19345 19436 D RobotCore: disarming modern servo controller "Modern Robotics USB Servo Controller [AL026DRM]"...
02-26 20:54:21.529 19345 19436 V RobotCore: waiting for service ReadWriteRunnable for Modern Robotics USB Device
02-26 20:54:21.529 19345 19502 V RobotCore: thread: ...terminating 'r/w loop: Modern Robotics USB Servo Controller [AL026DRM]'
02-26 20:54:21.530 19345 19436 V RobotCore: awaitTermination returned, isTerminated=true
02-26 20:54:21.530 19345 19436 V RobotCore: executive service ReadWriteRunnable for Modern Robotics USB Device is terminated
02-26 20:54:21.530 19345 19436 D RobotCore: ...disarming modern servo controller Modern Robotics USB Servo Controller [AL026DRM] complete
02-26 20:54:21.532 19345 19500 V RobotCore:i2cSynch(USB AL00VDA6; port 2): onPortIsReadyCallbacksEnd ...
02-26 20:54:21.532 19345 19500 V RobotCore:i2cSynch(USB AL00VDA6; port 2): unhooking ...
02-26 20:54:21.532 19345 19500 V RobotCore: executive service I2c Heartbeat is terminated
02-26 20:54:21.532 19345 19500 V RobotCore:i2cSynch(USB AL00VDA6; port 2): ...unhooking complete
02-26 20:54:21.532 19345 19500 V RobotCore:i2cSynch(USB AL00VDA6; port 2): ... onPortIsReadyCallbacksEnd complete
02-26 20:54:21.532 19345 19500 V RobotCore: thread: ...terminating 'r/w loop: Modern Robotics USB Core Device Interface Module [AL00VDA6]'
02-26 20:54:21.532 19345 19436 V RobotCore: waiting for service ReadWriteRunnable for Modern Robotics USB Device
02-26 20:54:21.532 19345 19436 V RobotCore: awaitTermination returned, isTerminated=true
02-26 20:54:21.532 19345 19436 V RobotCore: executive service ReadWriteRunnable for Modern Robotics USB Device is terminated
02-26 20:54:21.533 19345 19436 V RobotCore: waiting for service ReadWriteRunnable for Modern Robotics USB Device
02-26 20:54:21.533 19345 19498 V RobotCore: thread: ...terminating 'r/w loop: Modern Robotics USB Core Device Interface Module [AI041S6Y]'
02-26 20:54:21.533 19345 19436 V RobotCore: awaitTermination returned, isTerminated=true
02-26 20:54:21.534 19345 19436 V RobotCore: executive service ReadWriteRunnable for Modern Robotics USB Device is terminated
02-26 20:54:21.534 19345 19436 I FIRST   : ======= TEARDOWN COMPLETE =======
02-26 20:54:21.534 19345 19436 V RobotCore: thread: ...terminating 'opmode loop()'
02-26 20:54:21.537 19345 19345 V RobotCore: awaitTermination returned, isTerminated=true
02-26 20:54:21.537 19345 19345 V RobotCore: executive service EventLoop is terminated
02-26 20:54:21.537 19345 19345 V RobotCore: EventLoopManager state is STOPPED
02-26 20:54:21.537 19345 19345 V RobotCore: Robot Status: stopped
02-26 20:54:21.635 19345 19401 D RobotCore: system telemetry: key=$System$None$ msg=""
