03-24 21:46:57.582 16465 16465 W ps      : type=1400 audit(0.0:80948): avc: denied { search } for uid=10087 name="1" dev="proc" ino=647643 scontext=u:r:untrusted_app:s0:c512,c768 tcontext=u:r:init:s0 tclass=dir permissive=0
03-24 21:46:57.582 16465 16465 W ps      : type=1400 audit(0.0:80949): avc: denied { getattr } for uid=10087 path="/proc/2" dev="proc" ino=648584 scontext=u:r:untrusted_app:s0:c512,c768 tcontext=u:r:kernel:s0 tclass=dir permissive=0
03-24 21:46:57.582 16465 16465 W ps      : type=1400 audit(0.0:80950): avc: denied { search } for uid=10087 name="2" dev="proc" ino=648584 scontext=u:r:untrusted_app:s0:c512,c768 tcontext=u:r:kernel:s0 tclass=dir permissive=0
03-24 21:46:57.582 16465 16465 W ps      : type=1400 audit(0.0:80951): avc: denied { search } for uid=10087 name="2" dev="proc" ino=648584 scontext=u:r:untrusted_app:s0:c512,c768 tcontext=u:r:kernel:s0 tclass=dir permissive=0
03-24 21:46:57.582 16465 16465 W ps      : type=1400 audit(0.0:80952): avc: denied { getattr } for uid=10087 path="/proc/3" dev="proc" ino=648585 scontext=u:r:untrusted_app:s0:c512,c768 tcontext=u:r:kernel:s0 tclass=dir permissive=0
03-24 21:46:57.582 16465 16465 W ps      : type=1400 audit(0.0:80953): avc: denied { search } for uid=10087 name="3" dev="proc" ino=648585 scontext=u:r:untrusted_app:s0:c512,c768 tcontext=u:r:kernel:s0 tclass=dir permissive=0
03-24 21:46:57.582 16465 16465 W ps      : type=1400 audit(0.0:80954): avc: denied { search } for uid=10087 name="3" dev="proc" ino=648585 scontext=u:r:untrusted_app:s0:c512,c768 tcontext=u:r:kernel:s0 tclass=dir permissive=0
03-24 21:46:57.582 16465 16465 W ps      : type=1400 audit(0.0:80955): avc: denied { getattr } for uid=10087 path="/proc/5" dev="proc" ino=648586 scontext=u:r:untrusted_app:s0:c512,c768 tcontext=u:r:kernel:s0 tclass=dir permissive=0
03-24 21:46:57.582 16465 16465 W ps      : type=1400 audit(0.0:80956): avc: denied { search } for uid=10087 name="5" dev="proc" ino=648586 scontext=u:r:untrusted_app:s0:c512,c768 tcontext=u:r:kernel:s0 tclass=dir permissive=0
03-24 21:46:57.582 16465 16465 W ps      : type=1400 audit(0.0:80957): avc: denied { search } for uid=10087 name="5" dev="proc" ino=648586 scontext=u:r:untrusted_app:s0:c512,c768 tcontext=u:r:kernel:s0 tclass=dir permissive=0
03-24 21:46:57.582 16465 16465 W ps      : type=1400 audit(0.0:80958): avc: denied { getattr } for uid=10087 path="/proc/6" dev="proc" ino=648587 scontext=u:r:untrusted_app:s0:c512,c768 tcontext=u:r:kernel:s0 tclass=dir permissive=0
03-24 21:46:57.582 16465 16465 W ps      : type=1400 audit(0.0:80959): avc: denied { search } for uid=10087 name="6" dev="proc" ino=648587 scontext=u:r:untrusted_app:s0:c512,c768 tcontext=u:r:kernel:s0 tclass=dir permissive=0
03-24 21:46:57.582 16465 16465 W ps      : type=1400 audit(0.0:80960): avc: denied { search } for uid=10087 name="6" dev="proc" ino=648587 scontext=u:r:untrusted_app:s0:c512,c768 tcontext=u:r:kernel:s0 tclass=dir permissive=0
03-24 21:46:57.582 16465 16465 W ps      : type=1400 audit(0.0:80961): avc: denied { getattr } for uid=10087 path="/proc/7" dev="proc" ino=648588 scontext=u:r:untrusted_app:s0:c512,c768 tcontext=u:r:kernel:s0 tclass=dir permissive=0
03-24 21:46:57.582 16465 16465 W ps      : type=1400 audit(0.0:80962): avc: denied { search } for uid=10087 name="7" dev="proc" ino=648588 scontext=u:r:untrusted_app:s0:c512,c768 tcontext=u:r:kernel:s0 tclass=dir permissive=0
03-24 21:46:57.582 16465 16465 W ps      : type=1400 audit(0.0:80963): avc: denied { search } for uid=10087 name="7" dev="proc" ino=648588 scontext=u:r:untrusted_app:s0:c512,c768 tcontext=u:r:kernel:s0 tclass=dir permissive=0
03-24 21:46:57.582 16465 16465 W ps      : type=1400 audit(0.0:80964): avc: denied { getattr } for uid=10087 path="/proc/8" dev="proc" ino=648589 scontext=u:r:untrusted_app:s0:c512,c768 tcontext=u:r:kernel:s0 tclass=dir permissive=0
03-24 21:46:57.582 16465 16465 W ps      : type=1400 audit(0.0:80965): avc: denied { search } for uid=10087 name="8" dev="proc" ino=648589 scontext=u:r:untrusted_app:s0:c512,c768 tcontext=u:r:kernel:s0 tclass=dir permissive=0
03-24 21:46:57.609 16447 16447 W System  : ClassLoader referenced unknown path: /system/app/WebViewGoogle/lib/arm
03-24 21:46:57.633 16447 16447 I cr.library_loader: Time to load native libraries: 17 ms (timestamps 1943-1960)
03-24 21:46:57.633 16447 16447 I cr.library_loader: Expected native library version number "46.0.2490.76", actual native library version number "46.0.2490.76"
03-24 21:46:57.650 16447 16447 V WebViewChromiumFactoryProvider: Binding Chromium to main looper Looper (main, tid 1) {7a1d2c8}
03-24 21:46:57.650 16447 16447 I cr.library_loader: Expected native library version number "46.0.2490.76", actual native library version number "46.0.2490.76"
03-24 21:46:57.650 16447 16447 I chromium: [INFO:library_loader_hooks.cc(118)] Chromium logging enabled: level = 0, default verbosity = 0
03-24 21:46:57.661 16447 16447 I cr.BrowserStartup: Initializing chromium process, singleProcess=true
03-24 21:46:57.668 16447 16447 E SysUtils: ApplicationContext is null in ApplicationStatus
03-24 21:46:57.694 16447 16447 I Adreno-EGL: <qeglDrvAPI_eglInitialize:379>: EGL 1.4 QUALCOMM build:  (Ifd751822f5)
03-24 21:46:57.694 16447 16447 I Adreno-EGL: OpenGL ES Shader Compiler Version: XE031.06.00.05
03-24 21:46:57.694 16447 16447 I Adreno-EGL: Build Date: 01/26/16 Tue
03-24 21:46:57.694 16447 16447 I Adreno-EGL: Local Branch: AU12_SBA
03-24 21:46:57.694 16447 16447 I Adreno-EGL: Remote Branch: 
03-24 21:46:57.694 16447 16447 I Adreno-EGL: Local Patches: 
03-24 21:46:57.694 16447 16447 I Adreno-EGL: Reconstruct Branch: 
03-24 21:46:57.732 16447 16447 E chromium: [ERROR:browser_gpu_channel_host_factory.cc(258)] Failed to init browser shader disk cache.
03-24 21:46:57.758 16447 16447 E libEGL  : validate_display:255 error 3008 (EGL_BAD_DISPLAY)
03-24 21:46:57.800 16447 16447 W art     : Attempt to remove non-JNI local reference, dumping thread
03-24 21:46:57.811 16447 16447 W AwContents: onDetachedFromWindow called when already detached. Ignoring
03-24 21:46:58.884 16447 16447 V RobotCore: Network: inactive, disconnected
03-24 21:46:58.895 16447 16447 V RCActivity: onStart()
03-24 21:46:58.898 16447 16447 V RCActivity: onResume()
03-24 21:46:58.914 16447 16497 D OpenGLRenderer: Use EGL_SWAP_BEHAVIOR_PRESERVED: true
03-24 21:46:58.941 16447 16447 V RCActivity: onPause()
03-24 21:46:58.942 16447 16447 V RCActivity: onResume()
03-24 21:46:58.942 16447 16447 V RCActivity: onPause()
03-24 21:46:58.943 16447 16447 V RCActivity: onResume()
03-24 21:46:58.946 16447 16447 V RCActivity: onPause()
03-24 21:46:58.946 16447 16447 V RCActivity: onResume()
03-24 21:46:58.946 16447 16447 V RCActivity: onPause()
03-24 21:46:58.946 16447 16447 V RCActivity: onResume()
03-24 21:46:58.946 16447 16447 V RCActivity: onPause()
03-24 21:46:58.946 16447 16447 V RCActivity: onResume()
03-24 21:46:58.946 16447 16447 V RCActivity: onPause()
03-24 21:46:58.947 16447 16447 V RCActivity: onResume()
03-24 21:46:58.947 16447 16447 V FTCService: onCreate()
03-24 21:46:58.947 16447 16447 V FTCService: onBind()
03-24 21:46:58.947 16447 16447 V FTCService: Android device is motorola, MotoG3
03-24 21:46:58.948 16447 16447 V RobotCore: Getting network assistant of type: WIFIDIRECT
03-24 21:46:58.951 16447 16447 V WifiDirect: There are 1 Wifi Direct Assistant Clients (+)
03-24 21:46:58.951 16447 16447 V WifiDirect: Enabling Wifi Direct Assistant
03-24 21:46:58.989 16447 16497 I OpenGLRenderer: Initialized EGL, version 1.4
03-24 21:46:59.007 16447 16447 D WifiDirect: broadcast: state - enabled: true
03-24 21:46:59.010 16447 16447 D WifiDirect: broadcast: connection changed: connectStatus=NOT_CONNECTED networkInfo.state=CONNECTED
03-24 21:46:59.010 16447 16447 V WifiDirect: NetworkInfo: [type: WIFI_P2P[], state: CONNECTED/CONNECTED, reason: (unspecified), extra: (none), roaming: false, failover: false, isAvailable: true]
03-24 21:46:59.010 16447 16447 V WifiDirect: WifiP2pInfo: groupFormed: true isGroupOwner: true operatingChannel: 2412 groupOwnerAddress: /192.168.49.1 mccMode: false
03-24 21:46:59.010 16447 16447 V WifiDirect: WifiP2pGroup: network: DIRECT-BC-7351-E-RC, isGO: true, Operating Channel: 2412, GO: Device: , deviceAddress: 68:c4:4d:a7:7f:b2, primary type: null, secondary type: null, wps: 0, grpcapab: 0, devcapab: 0, status: 4, wfdInfo: WFD enabled: falseWFD DeviceInfo: 0, WFD CtrlPort: 0, WFD MaxThroughput: 0, level: 0, Client: Device: 7351-E-DS, deviceAddress: 68:c4:4d:a7:aa:21, primary type: 10-0050F204-5, secondary type: null, wps: 392, grpcapab: 0, devcapab: 37, status: 0, wfdInfo: null, level: 60, interface: p2p0, networkId: 1, mGoOperFreq: 2412
03-24 21:46:59.011 16447 16447 D WifiDirect: broadcast: this device changed
03-24 21:46:59.011 16447 16447 V WifiDirect: device information: 7351-E-RC 68:c4:4d:a7:7f:b2
03-24 21:46:59.011 16447 16447 V FTCService: RCActivity.controllerService=bound
03-24 21:46:59.011 16447 16447 V RobotCore: Network: unknown, disconnected
03-24 21:46:59.012 16447 16447 V RobotCore: Robot Status: stopped
03-24 21:46:59.020 16447 16447 D OpmodeRegistration: registered {DefaultOpMode} as {$Stop$Robot$}
03-24 21:46:59.020 16447 16447 V FTCService: Processing robot setup
03-24 21:46:59.021 16447 16447 V D2xx::  : Start constructor
03-24 21:46:59.023 16447 16502 V RobotCore: thread: 'RobotSetupRunnable.run()' starting...
03-24 21:46:59.023 16447 16502 V RobotCore: Robot Status: stopped, scanning for USB devices
03-24 21:46:59.024 16447 16447 V D2xx::  : End constructor
03-24 21:46:59.025 16447 16447 V D2xx::  : Vendor: 0403, Product: 6001
03-24 21:46:59.025 16447 16447 V D2xx::  : Vendor: 0403, Product: 6001
03-24 21:46:59.025 16447 16447 I FIRST   : ignoring: unable get serial number of attached UsbDevice vendor=0x0403, product=0x6001 device=0x03ec name=/dev/bus/usb/001/004
03-24 21:46:59.025 16447 16447 V D2xx::  : Vendor: 0403, Product: 6001
03-24 21:46:59.025 16447 16447 V D2xx::  : Vendor: 0403, Product: 6001
03-24 21:46:59.025 16447 16447 I FIRST   : ignoring: unable get serial number of attached UsbDevice vendor=0x0403, product=0x6001 device=0x03ed name=/dev/bus/usb/001/005
03-24 21:46:59.025 16447 16447 V D2xx::  : Vendor: 0403, Product: 6001
03-24 21:46:59.025 16447 16447 V D2xx::  : Vendor: 0403, Product: 6001
03-24 21:46:59.025 16447 16447 I FIRST   : ignoring: unable get serial number of attached UsbDevice vendor=0x0403, product=0x6001 device=0x03ee name=/dev/bus/usb/001/006
03-24 21:46:59.025 16447 16447 V D2xx::  : Vendor: 0403, Product: 6001
03-24 21:46:59.025 16447 16447 V D2xx::  : Vendor: 0403, Product: 6001
03-24 21:46:59.025 16447 16447 I FIRST   : ignoring: unable get serial number of attached UsbDevice vendor=0x0403, product=0x6001 device=0x03ef name=/dev/bus/usb/001/007
03-24 21:46:59.025 16447 16447 V D2xx::  : Vendor: 0403, Product: 6001
03-24 21:46:59.025 16447 16447 V D2xx::  : Vendor: 0403, Product: 6001
03-24 21:46:59.026 16447 16447 I FIRST   : ignoring: unable get serial number of attached UsbDevice vendor=0x0403, product=0x6001 device=0x03f0 name=/dev/bus/usb/001/008
03-24 21:46:59.026 16447 16447 V D2xx::  : Vendor: 0403, Product: 6001
03-24 21:46:59.026 16447 16447 V D2xx::  : Vendor: 0403, Product: 6001
03-24 21:46:59.026 16447 16447 I FIRST   : ignoring: unable get serial number of attached UsbDevice vendor=0x0403, product=0x6001 device=0x03f1 name=/dev/bus/usb/001/009
03-24 21:46:59.026 16447 16447 D WifiDirect: cannot create group, does group already exist?
03-24 21:46:59.122 16447 16447 D WifiDirect: group owners address: /192.168.49.1
03-24 21:46:59.122 16447 16447 D WifiDirect: group formed, this device is the group owner (GO)
03-24 21:46:59.123 16447 16447 I FTCService: Wifi Direct - connected as group owner
03-24 21:46:59.123 16447 16447 D WifiDirect: stop discovering peers
03-24 21:46:59.128 16447 16447 V RobotCore: Network: enabled, disconnected
03-24 21:46:59.155 16447 16447 V WifiDirect: connection information available
03-24 21:46:59.155 16447 16447 V WifiDirect: connection information - groupOwnerName = 7351-E-RC
03-24 21:46:59.155 16447 16447 V WifiDirect: connection information - groupOwnerMacAddress = 68:c4:4d:a7:7f:b2
03-24 21:46:59.156 16447 16447 V WifiDirect: connection information - groupInterface = p2p0
03-24 21:46:59.156 16447 16447 V WifiDirect: connection information - groupNetworkName = DIRECT-BC-7351-E-RC
03-24 21:46:59.156 16447 16447 I FTCService: Network Connection Passphrase: qrHgA3tW
03-24 21:46:59.156 16447 16447 V RobotCore: Network: active, disconnected
03-24 21:47:04.026 16447 16502 V RobotCore: EventLoopManager state is NOT_STARTED
03-24 21:47:04.027 16447 16502 V RobotCore: Robot Status: stopped, waiting on network
03-24 21:47:04.027 16447 16447 I RobotCore: Battery Checker, Level Remaining: 21.0
03-24 21:47:04.027 16447 16502 V RobotCore: Robot Status: stopped, starting robot
03-24 21:47:04.027 16447 16502 V Robocol : EventLoopManager.start()
03-24 21:47:04.027 16447 16502 V RobotCore: Getting network assistant of type: WIFIDIRECT
03-24 21:47:04.027 16447 16502 V Robocol : Spoofing a Network Connection event...
03-24 21:47:04.028 16447 16447 I RobotCore: Battery Checker, Level Remaining: 21.0
03-24 21:47:04.029 16447 16502 V RobotCore: executive service EventLoop is terminated
03-24 21:47:04.029 16447 16502 V RobotCore: EventLoopManager state is STOPPED
03-24 21:47:04.029 16447 16502 V Robocol : eventLoop=FtcEventLoop
03-24 21:47:04.030 16447 16502 V RobotCore: EventLoopManager state is INIT
03-24 21:47:04.030 16447 16502 V RobotCore: Robot Status: initializing, starting robot
03-24 21:47:04.030 16447 16502 I FIRST   : ======= INIT START =======
03-24 21:47:04.034 16447 16515 V RobotCore: thread: 'SetupRunnable.run()' starting...
03-24 21:47:04.054 16447 16502 D OpmodeRegistration: registered {BeaconBlue} as {BeaconBlue}
03-24 21:47:04.055 16447 16502 D OpmodeRegistration: registered {BeaconBlueCapBall} as {BeaconBlueCapBall}
03-24 21:47:04.056 16447 16502 D OpmodeRegistration: registered {BeaconBlueEncoder} as {BeaconBlueEnc}
03-24 21:47:04.056 16447 16502 D OpmodeRegistration: registered {BeaconBlueEncoderCapBall} as {BeaconBlueEncCapBall}
03-24 21:47:04.057 16447 16502 D OpmodeRegistration: registered {BeaconRed} as {BeaconRed}
03-24 21:47:04.058 16447 16502 D OpmodeRegistration: registered {BeaconRedCapBall} as {BeaconRedCapBall}
03-24 21:47:04.058 16447 16502 D OpmodeRegistration: registered {BeaconRedEncoder} as {BeaconRedEnc}
03-24 21:47:04.059 16447 16502 D OpmodeRegistration: registered {BeaconRedEncoderCapBall} as {BeaconRedEncCapBall}
03-24 21:47:04.059 16447 16502 D OpmodeRegistration: registered {CapBallCloseBlue} as {CapBallCloseBlue}
03-24 21:47:04.060 16447 16502 D OpmodeRegistration: registered {CapBallCloseRed} as {CapBallCloseRed}
03-24 21:47:04.061 16447 16502 D OpmodeRegistration: registered {CapBallFarBlue} as {CapBallFarBlue}
03-24 21:47:04.061 16447 16502 D OpmodeRegistration: registered {CapBallFarRed} as {CapBallFarRed}
03-24 21:47:04.062 16447 16502 D OpmodeRegistration: registered {ShootBackUpBlue} as {ShootBackUpBlue}
03-24 21:47:04.063 16447 16502 D OpmodeRegistration: registered {ShootBackUpRed} as {ShootBackUpRed}
03-24 21:47:04.064 16447 16502 D OpmodeRegistration: registered {ShootDefenseBlueMiddle} as {ShootDefenseBlueMiddle}
03-24 21:47:04.065 16447 16502 D OpmodeRegistration: registered {ShootDefenseBlueShootBlock} as {ShootDefenseBlueShootBlock}
03-24 21:47:04.065 16447 16502 D OpmodeRegistration: registered {ShootDefenseRedMiddle} as {ShootDefenseRedMiddle}
03-24 21:47:04.066 16447 16502 D OpmodeRegistration: registered {ShootDefenseRedShootBlock} as {ShootDefenseRedShootBlock}
03-24 21:47:04.066 16447 16502 D OpmodeRegistration: registered {ShootDefenseRedShootBlockAlt} as {ShootDefenseRedShootBlockAlt}
03-24 21:47:04.068 16447 16502 D OpmodeRegistration: registered {ShootOnlyBlueClose} as {ShootOnlyClose}
03-24 21:47:04.069 16447 16502 D OpmodeRegistration: registered {ShootOnlyRedClose} as {ShootOnlyRedClose}
03-24 21:47:04.070 16447 16502 D OpmodeRegistration: registered {ShootTwoBlue} as {ShootTwoBlue}
03-24 21:47:04.070 16447 16502 D OpmodeRegistration: registered {ShootTwoRed} as {ShootTwoRed}
03-24 21:47:04.071 16447 16502 D OpmodeRegistration: registered {Autonomous} as {Autonomous}
03-24 21:47:04.071 16447 16502 D OpmodeRegistration: registered {ConceptNavXRotateToAnglePIDLoopOp} as {Concept: navX Rotate to Angle PID}
03-24 21:47:04.072 16447 16502 D OpmodeRegistration: registered {BeaconScoreTest} as {BeaconScoreTest}
03-24 21:47:04.073 16447 16515 D Robocol : RobocolDatagramSocket listening addr=/192.168.49.1:20884 cbRec=65520 cbSend=163840 msRecTO=300
03-24 21:47:04.074 16447 16502 D OpmodeRegistration: registered {ColorSensorTest} as {ColorTest}
03-24 21:47:04.074 16447 16502 D OpmodeRegistration: registered {EncoderDriveTest} as {EncoderDriveTest}
03-24 21:47:04.074 16447 16515 V Robocol : RecvLoopRunnable created
03-24 21:47:04.075 16447 16502 D OpmodeRegistration: registered {EncoderGyroTurnTest} as {EncoderGyroTest}
03-24 21:47:04.075 16447 16515 V PeerDiscovery: Starting peer discovery
03-24 21:47:04.076 16447 16502 D OpmodeRegistration: registered {EncoderOneStraight} as {EncoderOneStraightTest}
03-24 21:47:04.076 16447 16515 V PeerDiscovery: No need for peer discovery, we are the peer discovery device
03-24 21:47:04.076 16447 16515 V RobotCore: Setup complete
03-24 21:47:04.076 16447 16515 V RobotCore: thread: ...terminating 'SetupRunnable.run()'
03-24 21:47:04.076 16447 16502 D OpmodeRegistration: registered {EncoderTurnTest} as {EncoderTurnTest}
03-24 21:47:04.077 16447 16517 V RobotCore: thread: 'RecvLoopRunnable.run()' starting...
03-24 21:47:04.077 16447 16502 D OpmodeRegistration: registered {ShootingTest} as {ShootingTest}
03-24 21:47:04.077 16447 16502 D OpmodeRegistration: registered {WhiteLineTest} as {WhiteLineTest}
03-24 21:47:04.077 16447 16502 D OpmodeRegistration: registered {TeleOp} as {TeleOp}
03-24 21:47:04.078 16447 16502 D OpmodeRegistration: registered {TeleOpPID} as {TeleOpPID}
03-24 21:47:04.078 16447 16502 D OpmodeRegistration: registered {TestBenchTeleOp} as {TeleOpTestBench}
03-24 21:47:04.078 16447 16502 D OpmodeRegistration: registered {DynamicAutonomousSelectorTest} as {SelectorTest}
03-24 21:47:04.081 16447 16502 V RobotCore: Creating Modern Robotics USB Core Device Interface Module [AL00VDA6]
03-24 21:47:04.083 16447 16502 V D2xx::  : Vendor: 0403, Product: 6001
03-24 21:47:04.094 16447 16502 D UsbDeviceConnectionJNI: close
03-24 21:47:04.094 16447 16502 V D2xx::  : Vendor: 0403, Product: 6001
03-24 21:47:04.103 16447 16502 D UsbDeviceConnectionJNI: close
03-24 21:47:04.103 16447 16502 V D2xx::  : Vendor: 0403, Product: 6001
03-24 21:47:04.112 16447 16502 D UsbDeviceConnectionJNI: close
03-24 21:47:04.112 16447 16502 V D2xx::  : Vendor: 0403, Product: 6001
03-24 21:47:04.121 16447 16502 D UsbDeviceConnectionJNI: close
03-24 21:47:04.121 16447 16502 V D2xx::  : Vendor: 0403, Product: 6001
03-24 21:47:04.130 16447 16502 D UsbDeviceConnectionJNI: close
03-24 21:47:04.130 16447 16502 V D2xx::  : Vendor: 0403, Product: 6001
03-24 21:47:04.139 16447 16502 D UsbDeviceConnectionJNI: close
03-24 21:47:04.139 16447 16502 V D2xx::  : Vendor: 0403, Product: 6001
03-24 21:47:04.150 16447 16502 D UsbDeviceConnectionJNI: close
03-24 21:47:04.151 16447 16502 D FTDI_Device::: open SUCCESS
03-24 21:47:04.151 16447 16502 I FTDI_Device::: EP: 0x81
03-24 21:47:04.151 16447 16502 I FTDI_Device::: EP: 0x02
03-24 21:47:04.151 16447 16502 D D2XX::  : **********************Device Opened**********************
03-24 21:47:04.373 16447 16517 E Robocol : no packet received: SocketTimeoutException
03-24 21:47:04.373 16447 16517 E RobotCore: java.net.SocketTimeoutException
03-24 21:47:04.373 16447 16517 E RobotCore:     at libcore.io.IoBridge.maybeThrowAfterRecvfrom(IoBridge.java:594)
03-24 21:47:04.373 16447 16517 E RobotCore:     at libcore.io.IoBridge.recvfrom(IoBridge.java:552)
03-24 21:47:04.373 16447 16517 E RobotCore:     at java.net.PlainDatagramSocketImpl.doRecv(PlainDatagramSocketImpl.java:163)
03-24 21:47:04.373 16447 16517 E RobotCore:     at java.net.PlainDatagramSocketImpl.receive(PlainDatagramSocketImpl.java:171)
03-24 21:47:04.373 16447 16517 E RobotCore:     at java.net.DatagramSocket.receive(DatagramSocket.java:274)
03-24 21:47:04.373 16447 16517 E RobotCore:     at com.qualcomm.robotcore.robocol.RobocolDatagramSocket.recv(RobocolDatagramSocket.java:131)
03-24 21:47:04.374 16447 16517 E RobotCore:     at org.firstinspires.ftc.robotcore.internal.network.RecvLoopRunnable$1.run(RecvLoopRunnable.java:83)
03-24 21:47:04.374 16447 16517 E RobotCore:     at com.qualcomm.robotcore.util.ThreadPool.logThreadLifeCycle(ThreadPool.java:513)
03-24 21:47:04.374 16447 16517 E RobotCore:     at org.firstinspires.ftc.robotcore.internal.network.RecvLoopRunnable.run(RecvLoopRunnable.java:75)
03-24 21:47:04.374 16447 16517 E RobotCore:     at java.util.concurrent.ThreadPoolExecutor.runWorker(ThreadPoolExecutor.java:1113)
03-24 21:47:04.374 16447 16517 E RobotCore:     at java.util.concurrent.ThreadPoolExecutor$Worker.run(ThreadPoolExecutor.java:588)
03-24 21:47:04.374 16447 16517 E RobotCore:     at java.lang.Thread.run(Thread.java:818)
03-24 21:47:04.582 16447 16502 V RobotCore: Starting up device AL00VDA6
03-24 21:47:04.585 16447 16520 V RobotCore: thread: 'r/w loop: Modern Robotics USB Core Device Interface Module [AL00VDA6]' starting...
03-24 21:47:04.587 16447 16502 V RobotCore: Creating user sensor MR Range Sensor - Port: 2
03-24 21:47:04.588 16447 16502 V RobotCore:i2cSynch(USB AL00VDA6; port 2): doPortIsReadyCallbackBeginWork ...
03-24 21:47:04.588 16447 16502 V RobotCore:i2cSynch(USB AL00VDA6; port 2): doModuleIsArmedWork ...
03-24 21:47:04.589 16447 16502 V RobotCore:i2cSynch(USB AL00VDA6; port 2): ... doModuleIsArmedWork complete
03-24 21:47:04.589 16447 16502 V RobotCore:i2cSynch(USB AL00VDA6; port 2): ... doPortIsReadyCallbackBeginWork complete
03-24 21:47:04.590 16447 16502 V RobotCore:i2cSynch(USB AL00VDA6; port 2): hooking ...
03-24 21:47:04.590 16447 16502 V RobotCore:i2cSynch(USB AL00VDA6; port 2): ... hooking complete
03-24 21:47:04.590 16447 16502 V RobotCore: Creating Modern Robotics I2C Color Sensor - Port: 3
03-24 21:47:04.591 16447 16502 V RobotCore: Creating Modern Robotics I2C Color Sensor - Port: 4
03-24 21:47:04.592 16447 16502 V RobotCore: Creating Modern Robotics USB DC Motor Controller [AL00VM5X]
03-24 21:47:04.593 16447 16502 D RobotCore: arming modern motor controller Modern Robotics USB DC Motor Controller [AL00VM5X]...
03-24 21:47:04.596 16447 16502 V D2xx::  : Vendor: 0403, Product: 6001
03-24 21:47:04.599 16447 16502 V D2xx::  : Vendor: 0403, Product: 6001
03-24 21:47:04.601 16447 16502 V D2xx::  : Vendor: 0403, Product: 6001
03-24 21:47:04.603 16447 16502 V D2xx::  : Vendor: 0403, Product: 6001
03-24 21:47:04.605 16447 16502 V D2xx::  : Vendor: 0403, Product: 6001
03-24 21:47:04.606 16447 16502 V D2xx::  : Vendor: 0403, Product: 6001
03-24 21:47:04.608 16447 16502 V D2xx::  : Vendor: 0403, Product: 6001
03-24 21:47:04.611 16447 16502 D FTDI_Device::: open SUCCESS
03-24 21:47:04.611 16447 16502 I FTDI_Device::: EP: 0x81
03-24 21:47:04.611 16447 16502 I FTDI_Device::: EP: 0x02
03-24 21:47:04.612 16447 16502 D D2XX::  : **********************Device Opened**********************
03-24 21:47:05.025 16447 16502 V RobotCore: Starting up device AL00VM5X
03-24 21:47:05.027 16447 16523 V RobotCore: thread: 'r/w loop: Modern Robotics USB DC Motor Controller [AL00VM5X]' starting...
03-24 21:47:05.027 16447 16502 D RobotCore: ...arming modern motor controller Modern Robotics USB DC Motor Controller [AL00VM5X] complete
03-24 21:47:05.058 16447 16502 V RobotCore: Creating Modern Robotics USB Servo Controller [AL026DRM]
03-24 21:47:05.058 16447 16502 D RobotCore: arming modern servo controller Modern Robotics USB Servo Controller [AL026DRM]...
03-24 21:47:05.061 16447 16502 V D2xx::  : Vendor: 0403, Product: 6001
03-24 21:47:05.064 16447 16517 D RobotCore: system telemetry: key=$System$None$ msg=""
03-24 21:47:05.064 16447 16502 V D2xx::  : Vendor: 0403, Product: 6001
03-24 21:47:05.066 16447 16517 V PeerDiscovery: new remote peer discovered: 192.168.49.99
03-24 21:47:05.066 16447 16517 D Robocol : RobocolDatagramSocket connected to /192.168.49.99:20884
03-24 21:47:05.067 16447 16502 V D2xx::  : Vendor: 0403, Product: 6001
03-24 21:47:05.068 16447 16517 V NetworkConnectionHandler: starting sending loop
03-24 21:47:05.069 16447 16517 V Robocol : SendOnceRunnable created
03-24 21:47:05.070 16447 16502 V D2xx::  : Vendor: 0403, Product: 6001
03-24 21:47:05.073 16447 16502 V D2xx::  : Vendor: 0403, Product: 6001
03-24 21:47:05.076 16447 16502 V D2xx::  : Vendor: 0403, Product: 6001
03-24 21:47:05.080 16447 16502 V D2xx::  : Vendor: 0403, Product: 6001
03-24 21:47:05.082 16447 16502 D FTDI_Device::: open SUCCESS
03-24 21:47:05.082 16447 16502 I FTDI_Device::: EP: 0x81
03-24 21:47:05.082 16447 16502 I FTDI_Device::: EP: 0x02
03-24 21:47:05.082 16447 16502 D D2XX::  : **********************Device Opened**********************
03-24 21:47:05.098 16447 16517 V RobotCore: Network: active, connected
03-24 21:47:05.133 16447 16530 D MediaPlayer: setSubtitleAnchor in MediaPlayer
03-24 21:47:05.133 16447 16447 D MediaPlayer: setSubtitleAnchor in MediaPlayer
03-24 21:47:05.149 16447 16524 V Robocol : sending CMD_REQUEST_USER_SENSOR_LIST_RESP(10), attempt: 0
03-24 21:47:05.194 16447 16528 D ExtendedUtils: extended extractor not needed, return default
03-24 21:47:05.195 16447 16528 I MediaCodec: (0xb87ea648) init name(audio/raw) isType(1) encoder(0)
03-24 21:47:05.197 16447 16534 I OMXClient: Using client-side OMX mux.
03-24 21:47:05.206 16447 16534 E OMXMaster: A component of name 'OMX.qcom.audio.decoder.aac' already exists, ignoring this one.
03-24 21:47:05.210 16447 16534 I MediaCodec: (0xb87ea648) Component Allocated (OMX.google.raw.decoder)
03-24 21:47:05.210 16447 16528 I MediaCodec: (0xb87ea648) configure surface(0x0) crypto(0x0) flags(0)
03-24 21:47:05.211 16447 16528 D MediaCodec: (0xb87ea648) configure format: AMessage(what = 0x00000000) = {
03-24 21:47:05.211 16447 16528 D MediaCodec:    string mime = "audio/raw"
03-24 21:47:05.211 16447 16528 D MediaCodec:    int64_t durationUs = 485011
03-24 21:47:05.211 16447 16528 D MediaCodec:    int32_t channel-count = 2
03-24 21:47:05.211 16447 16528 D MediaCodec:    int32_t sample-rate = 44100
03-24 21:47:05.211 16447 16528 D MediaCodec:    int32_t channel-mask = 0
03-24 21:47:05.211 16447 16528 D MediaCodec:  }
03-24 21:47:05.212 16447 16528 I MediaCodec: (0xb87ea648) start
03-24 21:47:05.213 16447 16534 I MediaCodec: (0xb87ea648) input buffers allocated
03-24 21:47:05.213 16447 16534 I MediaCodec: (0xb87ea648) numBuffers (4)
03-24 21:47:05.213 16447 16534 I MediaCodec: (0xb87ea648) output buffers allocated
03-24 21:47:05.213 16447 16534 I MediaCodec: (0xb87ea648) numBuffers (4)
03-24 21:47:05.215 16447 16534 I MediaCodec: (0xb87ea648) codec output format changed
03-24 21:47:05.215 16447 16534 D MediaCodec: (0xb87ea648) output format: AMessage(what = 'codc', target = 2) = {
03-24 21:47:05.215 16447 16534 D MediaCodec:    string mime = "audio/raw"
03-24 21:47:05.215 16447 16534 D MediaCodec:    int32_t channel-count = 2
03-24 21:47:05.215 16447 16534 D MediaCodec:    int32_t sample-rate = 44100
03-24 21:47:05.215 16447 16534 D MediaCodec:    int32_t channel-mask = 0
03-24 21:47:05.215 16447 16534 D MediaCodec:    int32_t what = 1869968451
03-24 21:47:05.215 16447 16534 D MediaCodec:  }
03-24 21:47:05.222 16447 16528 I MediaCodec: (0xb87ea648) stop
03-24 21:47:05.225 16447 16528 I MediaCodec: (0xb87ea648) release
03-24 21:47:05.233 16447 16530 W AudioTrack: AUDIO_OUTPUT_FLAG_FAST denied by client; transfer 4, track 44100 Hz, output 48000 Hz
03-24 21:47:05.234 16447 16517 V Robocol : received command: CMD_REQUEST_OP_MODE_LIST(10001) 
03-24 21:47:05.235 16447 16517 V Robocol : received command: CMD_REQUEST_ACTIVE_CONFIGURATION(10002) 
03-24 21:47:05.253 16447 16517 V Robocol : received command: CMD_REQUEST_USER_SENSOR_LIST_RESP(10) [{"description":"a MR compass sensor","flavor":"I2C","name":"MR Compass Sensor","xmlTag":"ModernRoboticsI2cCompassSensor"},{"description":"an Adafruit IMU","flavor":"I2C","name":"Adafruit IMU","xmlTag":"AdafruitBNO055IMU"},{"description":"a MR range sensor","flavor":"I2C","name":"MR Range Sensor","xmlTag":"ModernRoboticsI2cRangeSensor"}]
03-24 21:47:05.269 16447 16524 V Robocol : sending CMD_REQUEST_OP_MODE_LIST_RESP(15), attempt: 0
03-24 21:47:05.270 16447 16524 V Robocol : sending CMD_REQUEST_USER_SENSOR_LIST_RESP(16), attempt: 0
03-24 21:47:05.270 16447 16524 V Robocol : sending CMD_REQUEST_ACTIVE_CONFIGURATION_RESP(19), attempt: 0
03-24 21:47:05.355 16447 16517 V Robocol : received command: CMD_REQUEST_OP_MODE_LIST_RESP(15) [{"flavor":"AUTONOMOUS","group":"Encoder Autonomous","name":"BeaconBlue"},{"flavor":"AUTONOMOUS","group":"Encoder Autonomous","name":"BeaconBlueCapBall"},{"flavor":"AUTONOMOUS","group":"Encoder Autonomous","name":"BeaconBlueEnc"},{"flavor":"AUTONOMOUS","group":"Encoder Autonomous","name":"BeaconBlueEncCapBall"},{"flavor":"AUTONOMOUS","group":"Encoder Autonomous","name":"BeaconRed"},{"flavor":"AUTONOMOUS","group":"Encoder Autonomous","name":"BeaconRedCapBall"},{"flavor":"AUTONOMOUS","group":"Encoder Autonomous","name":"BeaconRedEnc"},{"flavor":"AUTONOMOUS","group":"Encoder Autonomous","name":"BeaconRedEncCapBall"},{"flavor":"AUTONOMOUS","group":"Encoder Autonomous","name":"CapBallCloseBlue"},{"flavor":"AUTONOMOUS","group":"Encoder Autonomous","name":"CapBallCloseRed"},{"flavor":"AUTONOMOUS","group":"Encoder Autonomous","name":"CapBallFarBlue"},{"flavor":"AUTONOMOUS","group":"Encoder Autonomous","name":"CapBallFarRed"},{"flavor":"AUTONOMOUS","group":"Encoder Autonomous","name":"ShootBackUpBlue"},{"flavor":"AUTONOMOUS","group":"Encoder Autonomous","name":"ShootBackUpRed"},{"flavor":"AUTONOMOUS","group":"Encoder Autonomous","name":"ShootDefenseBlueMiddle"},{"flavor":"AUTONOMOUS","group":"Encoder Autonomous","name":"ShootDefenseBlueShootBlock"},{"flavor":"AUTONOMOUS","group":"Encoder Autonomous","name":"ShootDefenseRedMiddle"},{"flavor":"AUTONOMOUS","group":"Encoder Autonomous","name":"ShootDefenseRedShootBlock"},{"flavor":"AUTONOMOUS","group":"Encoder Autonomous","name":"ShootDefenseRedShootBlockAlt"},{"flavor":"AUTONOMOUS","group":"Encoder Autonomous","name":"ShootOnlyClose"},{"flavor":"AUTONOMOUS","group":"Encoder Autonomous","name":"ShootOnlyRedClose"},{"flavor":"AUTONOMOUS","group":"Encoder Autonomous","name":"ShootTwoBlue"},{"flavor":"AUTONOMOUS","group":"Encoder Autonomous","name":"ShootTwoRed"},{"flavor":"AUTONOMOUS","group":"Autonomous","name":"Autonomous"},{"flavor":"AUTONOMOUS","group":"Concept","name":"Concept: navX Rotate to Angle PID"},{"flavor":"AUTONOMOUS","group":"Testing","name":"BeaconScoreTest"},{"flavor":"AUTONOMOUS","group":"Testing","name":"ColorTest"},{"flavor":"AUTONOMOUS","group":"Testing","name":"EncoderDriveTest"},{"flavor":"AUTONOMOUS","group":"Testing","name":"EncoderGyroTest"},{"flavor":"AUTONOMOUS","group":"Testing","name":"EncoderOneStraightTest"},{"flavor":"AUTONOMOUS","group":"Testing","name":"EncoderTurnTest"},{"flavor":"AUTONOMOUS","group":"Testing","name":"ShootingTest"},{"flavor":"AUTONOMOUS","group":"Testing","name":"WhiteLineTest"},{"flavor":"TELEOP","group":"$$$$$$$","name":"TeleOp"},{"flavor":"TELEOP","group":"$$$$$$$","name":"TeleOpPID"},{"flavor":"TELEOP","group":"$$$$$$$","name":"TeleOpTestBench"},{"flavor":"AUTONOMOUS","group":"concept","name":"SelectorTest"}]
03-24 21:47:05.355 16447 16517 V Robocol : received command: CMD_INIT_OP_MODE(10010) $Stop$Robot$
03-24 21:47:05.356 16447 16517 V Robocol : received command: CMD_REQUEST_USER_SENSOR_LIST_RESP(16) [{"description":"a MR compass sensor","flavor":"I2C","name":"MR Compass Sensor","xmlTag":"ModernRoboticsI2cCompassSensor"},{"description":"an Adafruit IMU","flavor":"I2C","name":"Adafruit IMU","xmlTag":"AdafruitBNO055IMU"},{"description":"a MR range sensor","flavor":"I2C","name":"MR Range Sensor","xmlTag":"ModernRoboticsI2cRangeSensor"}]
03-24 21:47:05.358 16447 16517 V Robocol : received command: CMD_REQUEST_ACTIVE_CONFIGURATION_RESP(19) {"isDirty":false,"location":"LOCAL_STORAGE","name":"TBDName-fix","resourceId":0}
03-24 21:47:05.497 16447 16502 V RobotCore: Starting up device AL026DRM
03-24 21:47:05.499 16447 16538 V RobotCore: thread: 'r/w loop: Modern Robotics USB Servo Controller [AL026DRM]' starting...
03-24 21:47:05.501 16447 16502 D RobotCore: ...arming modern servo controller Modern Robotics USB Servo Controller [AL026DRM] complete
03-24 21:47:05.502 16447 16502 V RobotCore: Creating Modern Robotics USB DC Motor Controller [AI049PCI]
03-24 21:47:05.502 16447 16502 D RobotCore: arming modern motor controller Modern Robotics USB DC Motor Controller [AI049PCI]...
03-24 21:47:05.505 16447 16502 V D2xx::  : Vendor: 0403, Product: 6001
03-24 21:47:05.509 16447 16502 V D2xx::  : Vendor: 0403, Product: 6001
03-24 21:47:05.511 16447 16502 V D2xx::  : Vendor: 0403, Product: 6001
03-24 21:47:05.514 16447 16502 V D2xx::  : Vendor: 0403, Product: 6001
03-24 21:47:05.517 16447 16502 V D2xx::  : Vendor: 0403, Product: 6001
03-24 21:47:05.518 16447 16502 V D2xx::  : Vendor: 0403, Product: 6001
03-24 21:47:05.520 16447 16502 V D2xx::  : Vendor: 0403, Product: 6001
03-24 21:47:05.523 16447 16502 D FTDI_Device::: open SUCCESS
03-24 21:47:05.523 16447 16502 I FTDI_Device::: EP: 0x81
03-24 21:47:05.523 16447 16502 I FTDI_Device::: EP: 0x02
03-24 21:47:05.523 16447 16502 D D2XX::  : **********************Device Opened**********************
03-24 21:47:05.579 16447 16520 E MRReaderWriter: AL00VDA6: comm timeout read: payload: unable to read 32 bytes in 380 ms: [55 aa 80 90 20]
03-24 21:47:05.579 16447 16520 W RobotCore: could not read Modern Robotics USB Core Device Interface Module [AL00VDA6]: comm timeout read: payload: unable to read 32 bytes in 380 ms
03-24 21:47:05.935 16447 16502 V RobotCore: Starting up device AI049PCI
03-24 21:47:05.937 16447 16541 V RobotCore: thread: 'r/w loop: Modern Robotics USB DC Motor Controller [AI049PCI]' starting...
03-24 21:47:05.937 16447 16502 D RobotCore: ...arming modern motor controller Modern Robotics USB DC Motor Controller [AI049PCI] complete
03-24 21:47:05.954 16447 16517 V Robocol : received command: CMD_INIT_OP_MODE(10019) $Stop$Robot$
03-24 21:47:05.971 16447 16502 V RobotCore: Creating Modern Robotics USB DC Motor Controller [AL00VM5S]
03-24 21:47:05.972 16447 16502 D RobotCore: arming modern motor controller Modern Robotics USB DC Motor Controller [AL00VM5S]...
03-24 21:47:05.974 16447 16502 V D2xx::  : Vendor: 0403, Product: 6001
03-24 21:47:05.975 16447 16502 V D2xx::  : Vendor: 0403, Product: 6001
03-24 21:47:05.977 16447 16502 V D2xx::  : Vendor: 0403, Product: 6001
03-24 21:47:05.978 16447 16502 V D2xx::  : Vendor: 0403, Product: 6001
03-24 21:47:05.979 16447 16502 V D2xx::  : Vendor: 0403, Product: 6001
03-24 21:47:05.981 16447 16502 V D2xx::  : Vendor: 0403, Product: 6001
03-24 21:47:05.982 16447 16502 V D2xx::  : Vendor: 0403, Product: 6001
03-24 21:47:05.987 16447 16502 D FTDI_Device::: open SUCCESS
03-24 21:47:05.987 16447 16502 I FTDI_Device::: EP: 0x81
03-24 21:47:05.987 16447 16502 I FTDI_Device::: EP: 0x02
03-24 21:47:05.987 16447 16502 D D2XX::  : **********************Device Opened**********************
03-24 21:47:06.007 16447 16523 E MRReaderWriter: AL00VM5X: comm timeout read: payload: unable to read 30 bytes in 360 ms: [55 aa 80 40 1e]
03-24 21:47:06.007 16447 16523 W RobotCore: could not read Modern Robotics USB DC Motor Controller [AL00VM5X]: comm timeout read: payload: unable to read 30 bytes in 360 ms
03-24 21:47:06.405 16447 16502 V RobotCore: Starting up device AL00VM5S
03-24 21:47:06.408 16447 16544 V RobotCore: thread: 'r/w loop: Modern Robotics USB DC Motor Controller [AL00VM5S]' starting...
03-24 21:47:06.408 16447 16502 D RobotCore: ...arming modern motor controller Modern Robotics USB DC Motor Controller [AL00VM5S] complete
03-24 21:47:06.444 16447 16502 V RobotCore: Creating Modern Robotics USB DC Motor Controller [AL00YCFA]
03-24 21:47:06.444 16447 16502 D RobotCore: arming modern motor controller Modern Robotics USB DC Motor Controller [AL00YCFA]...
03-24 21:47:06.445 16447 16502 V D2xx::  : Vendor: 0403, Product: 6001
03-24 21:47:06.446 16447 16502 V D2xx::  : Vendor: 0403, Product: 6001
03-24 21:47:06.447 16447 16502 V D2xx::  : Vendor: 0403, Product: 6001
03-24 21:47:06.449 16447 16502 V D2xx::  : Vendor: 0403, Product: 6001
03-24 21:47:06.450 16447 16502 V D2xx::  : Vendor: 0403, Product: 6001
03-24 21:47:06.453 16447 16502 V D2xx::  : Vendor: 0403, Product: 6001
03-24 21:47:06.454 16447 16502 V D2xx::  : Vendor: 0403, Product: 6001
03-24 21:47:06.456 16447 16502 D FTDI_Device::: open SUCCESS
03-24 21:47:06.456 16447 16502 I FTDI_Device::: EP: 0x81
03-24 21:47:06.456 16447 16502 I FTDI_Device::: EP: 0x02
03-24 21:47:06.456 16447 16502 D D2XX::  : **********************Device Opened**********************
03-24 21:47:06.877 16447 16502 V RobotCore: Starting up device AL00YCFA
03-24 21:47:06.879 16447 16547 V RobotCore: thread: 'r/w loop: Modern Robotics USB DC Motor Controller [AL00YCFA]' starting...
03-24 21:47:06.880 16447 16502 D RobotCore: ...arming modern motor controller Modern Robotics USB DC Motor Controller [AL00YCFA] complete
03-24 21:47:06.929 16447 16502 V RobotCore: Creating Modern Robotics USB Core Device Interface Module [AI041S6Y]
03-24 21:47:06.931 16447 16502 V D2xx::  : Vendor: 0403, Product: 6001
03-24 21:47:06.932 16447 16502 V D2xx::  : Vendor: 0403, Product: 6001
03-24 21:47:06.933 16447 16502 V D2xx::  : Vendor: 0403, Product: 6001
03-24 21:47:06.935 16447 16502 V D2xx::  : Vendor: 0403, Product: 6001
03-24 21:47:06.937 16447 16502 V D2xx::  : Vendor: 0403, Product: 6001
03-24 21:47:06.938 16447 16502 V D2xx::  : Vendor: 0403, Product: 6001
03-24 21:47:06.939 16447 16502 V D2xx::  : Vendor: 0403, Product: 6001
03-24 21:47:06.942 16447 16502 D FTDI_Device::: open SUCCESS
03-24 21:47:06.942 16447 16502 I FTDI_Device::: EP: 0x81
03-24 21:47:06.942 16447 16502 I FTDI_Device::: EP: 0x02
03-24 21:47:06.942 16447 16502 D D2XX::  : **********************Device Opened**********************
03-24 21:47:07.360 16447 16502 V RobotCore: Starting up device AI041S6Y
03-24 21:47:07.362 16447 16550 V RobotCore: thread: 'r/w loop: Modern Robotics USB Core Device Interface Module [AI041S6Y]' starting...
03-24 21:47:07.363 16447 16502 V RobotCore: Creating I2C Device - Port: 0
03-24 21:47:07.390 16447 16502 I RobotCore: Analytics has completed initialization.
03-24 21:47:07.390 16447 16502 I RobotCore: ========= Device Information ===================================================
03-24 21:47:07.390 16447 16502 I RobotCore: Type                                               Name                           Connection
03-24 21:47:07.391 16447 16502 I RobotCore: DC Motor                                           LiftMotor                      USB AI049PCI; port 2
03-24 21:47:07.391 16447 16502 I RobotCore: DC Motor                                           FlyWheelMotor                  USB AL00VM5X; port 1
03-24 21:47:07.391 16447 16502 I RobotCore: I2cDevice                                          navx                           USB AI041S6Y; port 0
03-24 21:47:07.391 16447 16502 I RobotCore: DC Motor                                           LiftMotor2                     USB AL00VM5X; port 2
03-24 21:47:07.391 16447 16502 I RobotCore: Modern Robotics USB DC Motor Controller v2.0       Right Drive Train              USB AL00VM5S
03-24 21:47:07.391 16447 16502 I RobotCore: DC Motor                                           RightBackMotor                 USB AL00VM5S; port 2
03-24 21:47:07.391 16447 16502 I RobotCore: DC Motor                                           LeftBackMotor                  USB AL00YCFA; port 2
03-24 21:47:07.391 16447 16502 I RobotCore: Modern Robotics USB DC Motor Controller v2.0       Launch & Lift Motor Controller USB AL00VM5X
03-24 21:47:07.391 16447 16502 I RobotCore: Modern Robotics I2C Color Sensor                   beaconColorSensor              USB AL00VDA6; I2C port: 4
03-24 21:47:07.391 16447 16502 I RobotCore: DC Motor                                           IntakeA                        USB AI049PCI; port 1
03-24 21:47:07.392 16447 16502 I RobotCore: Modern Robotics Range Sensor v1.2                  beaconRange                    USB AL00VDA6; port 2
03-24 21:47:07.393 16447 16502 I RobotCore: Modern Robotics USB DC Motor Controller v2.0       Left Drive Train               USB AL00YCFA
03-24 21:47:07.393 16447 16502 I RobotCore: Modern Robotics I2C Color Sensor                   lineColorSensor                USB AL00VDA6; I2C port: 3
03-24 21:47:07.393 16447 16502 I RobotCore: Continuous Rotation Servo                          IntakeB2                       USB AL026DRM; port 5
03-24 21:47:07.393 16447 16502 I RobotCore: Continuous Rotation Servo                          IntakeB1                       USB AL026DRM; port 4
03-24 21:47:07.393 16447 16502 I RobotCore: DC Motor                                           LeftFrontMotor                 USB AL00YCFA; port 1
03-24 21:47:07.393 16447 16502 I RobotCore: Servo                                              BeaconServo                    USB AL026DRM; port 3
03-24 21:47:07.394 16447 16502 I RobotCore: Modern Robotics USB DC Motor Controller v2.0       Intake Motor Controller        USB AI049PCI
03-24 21:47:07.394 16447 16502 I RobotCore: DC Motor                                           RightFrontMotor                USB AL00VM5S; port 1
03-24 21:47:07.394 16447 16502 I RobotCore: Modern Robotics USB Core Device Interface Module v2.0 navX mxp Device Interface Module USB AI041S6Y
03-24 21:47:07.394 16447 16502 I RobotCore: Modern Robotics USB Servo Controller v2.0          Servo Controller               USB AL026DRM
03-24 21:47:07.394 16447 16502 I RobotCore: Servo                                              CapBallServoRight              USB AL026DRM; port 1
03-24 21:47:07.394 16447 16502 I RobotCore: Modern Robotics USB Core Device Interface Module v2.0 Device Interface Module        USB AL00VDA6
03-24 21:47:07.394 16447 16502 I RobotCore: Servo                                              CapBallServoLeft               USB AL026DRM; port 2
03-24 21:47:07.394 16447 16502 I FIRST   : ======= INIT FINISH =======
03-24 21:47:07.394 16447 16502 V RobotCore: EventLoopManager state is RUNNING
03-24 21:47:07.395 16447 16502 V RobotCore: Robot Status: running, starting robot
03-24 21:47:07.395 16447 16502 V RobotCore: Robot Status: running
03-24 21:47:07.395 16447 16502 V RobotCore: thread: ...terminating 'RobotSetupRunnable.run()'
03-24 21:47:07.398 16447 16551 V RobotCore: thread: 'opmode loop()' starting...
03-24 21:47:07.414 16447 16530 D MediaPlayer: setSubtitleAnchor in MediaPlayer
03-24 21:47:07.415 16447 16447 D MediaPlayer: setSubtitleAnchor in MediaPlayer
03-24 21:47:07.433 16447 16528 D ExtendedUtils: extended extractor not needed, return default
03-24 21:47:07.434 16447 16528 I MediaCodec: (0xb894b6e0) init name(audio/raw) isType(1) encoder(0)
03-24 21:47:07.437 16447 16555 I OMXClient: Using client-side OMX mux.
03-24 21:47:07.464 16447 16555 E OMXMaster: A component of name 'OMX.qcom.audio.decoder.aac' already exists, ignoring this one.
03-24 21:47:07.488 16447 16555 I MediaCodec: (0xb894b6e0) Component Allocated (OMX.google.raw.decoder)
03-24 21:47:07.489 16447 16528 I MediaCodec: (0xb894b6e0) configure surface(0x0) crypto(0x0) flags(0)
03-24 21:47:07.489 16447 16528 D MediaCodec: (0xb894b6e0) configure format: AMessage(what = 0x00000000) = {
03-24 21:47:07.489 16447 16528 D MediaCodec:    string mime = "audio/raw"
03-24 21:47:07.489 16447 16528 D MediaCodec:    int64_t durationUs = 1019125
03-24 21:47:07.489 16447 16528 D MediaCodec:    int32_t channel-count = 1
03-24 21:47:07.489 16447 16528 D MediaCodec:    int32_t sample-rate = 8000
03-24 21:47:07.489 16447 16528 D MediaCodec:    int32_t channel-mask = 0
03-24 21:47:07.489 16447 16528 D MediaCodec:  }
03-24 21:47:07.492 16447 16528 I MediaCodec: (0xb894b6e0) start
03-24 21:47:07.493 16447 16555 I MediaCodec: (0xb894b6e0) input buffers allocated
03-24 21:47:07.493 16447 16555 I MediaCodec: (0xb894b6e0) numBuffers (4)
03-24 21:47:07.493 16447 16555 I MediaCodec: (0xb894b6e0) output buffers allocated
03-24 21:47:07.493 16447 16555 I MediaCodec: (0xb894b6e0) numBuffers (4)
03-24 21:47:07.498 16447 16555 I MediaCodec: (0xb894b6e0) codec output format changed
03-24 21:47:07.499 16447 16555 D MediaCodec: (0xb894b6e0) output format: AMessage(what = 'codc', target = 6) = {
03-24 21:47:07.499 16447 16555 D MediaCodec:    string mime = "audio/raw"
03-24 21:47:07.499 16447 16555 D MediaCodec:    int32_t channel-count = 1
03-24 21:47:07.499 16447 16555 D MediaCodec:    int32_t sample-rate = 8000
03-24 21:47:07.499 16447 16555 D MediaCodec:    int32_t channel-mask = 0
03-24 21:47:07.499 16447 16555 D MediaCodec:    int32_t what = 1869968451
03-24 21:47:07.499 16447 16555 D MediaCodec:  }
03-24 21:47:07.503 16447 16528 I MediaCodec: (0xb894b6e0) stop
03-24 21:47:07.504 16447 16528 I MediaCodec: (0xb894b6e0) release
03-24 21:47:07.558 16447 16530 W AudioTrack: AUDIO_OUTPUT_FLAG_FAST denied by client; transfer 4, track 8000 Hz, output 48000 Hz
03-24 21:47:07.906 16447 16551 I RobotCore: Attempting to switch to op mode $Stop$Robot$
03-24 21:47:07.949 16447 16524 V Robocol : sending CMD_INIT_OP_MODE_RESP(75), attempt: 0
03-24 21:47:08.157 16447 16551 I RobotCore: robot battery read duration: n=4, mean=0.015ms sd=0.023ms
03-24 21:47:08.189 16447 16524 V Robocol : sending CMD_INIT_OP_MODE_RESP(75), attempt: 1
03-24 21:47:08.261 16447 16517 V Robocol : received command: CMD_INIT_OP_MODE_RESP(75) $Stop$Robot$
03-24 21:47:08.261 16447 16517 V Robocol : received command: CMD_INIT_OP_MODE_RESP(75) $Stop$Robot$
03-24 21:47:11.141 16447 16517 V Robocol : received command: CMD_INIT_OP_MODE(10102) BeaconRedEncCapBall
03-24 21:47:11.146 16447 16551 I RobotCore: Attempting to switch to op mode BeaconRedEncCapBall
03-24 21:47:11.242 16447 16551 I RobotCore: Modern Robotics I2C Color Sensor, just changed I2C address. Original address: 60, new address: 92
03-24 21:47:11.242 16447 16551 I RobotCore: Modern Robotics I2C Color Sensor, just changed I2C address. Original address: 60, new address: 76
03-24 21:47:11.389 16447 16524 V Robocol : sending CMD_INIT_OP_MODE_RESP(130), attempt: 0
03-24 21:47:11.421 16447 16517 V Robocol : received command: CMD_INIT_OP_MODE_RESP(130) BeaconRedEncCapBall
03-24 21:47:11.820 16447 16517 V Robocol : received command: CMD_RUN_OP_MODE(10114) BeaconRedEncCapBall
03-24 21:47:11.829 16447 16524 V Robocol : sending CMD_RUN_OP_MODE_RESP(140), attempt: 0
03-24 21:47:11.862 16447 16517 V Robocol : received command: CMD_RUN_OP_MODE_RESP(140) BeaconRedEncCapBall
03-24 21:47:16.262 16447 16551 D MRMotorController: mode resend: motor=[AL00YCFA,1] mode=STOP_AND_RESET_ENCODER
03-24 21:47:16.399 16447 16551 D MRMotorController: mode resend: motor=[AL00VM5S,1] mode=STOP_AND_RESET_ENCODER
03-24 21:47:20.996 16447 16551 D MRMotorController: mode resend: motor=[AL00YCFA,1] mode=STOP_AND_RESET_ENCODER
03-24 21:47:21.127 16447 16551 D MRMotorController: mode resend: motor=[AL00VM5S,1] mode=STOP_AND_RESET_ENCODER
03-24 21:47:21.833 16447 16551 D MRMotorController: mode resend: motor=[AL00YCFA,1] mode=STOP_AND_RESET_ENCODER
03-24 21:47:21.989 16447 16551 D MRMotorController: mode resend: motor=[AL00VM5S,1] mode=STOP_AND_RESET_ENCODER
03-24 21:47:24.620 16447 16517 V Robocol : received command: CMD_INIT_OP_MODE(10271) $Stop$Robot$
03-24 21:47:24.628 16447 16551 I RobotCore: Attempting to switch to op mode $Stop$Robot$
03-24 21:47:24.749 16447 16524 V Robocol : sending CMD_INIT_OP_MODE_RESP(309), attempt: 0
03-24 21:47:24.780 16447 16517 V Robocol : received command: CMD_INIT_OP_MODE_RESP(309) $Stop$Robot$
03-24 21:47:24.782 16447 16517 V Robocol : received command: CMD_RUN_OP_MODE(10277) $Stop$Robot$
03-24 21:47:24.829 16447 16524 V Robocol : sending CMD_RUN_OP_MODE_RESP(314), attempt: 0
03-24 21:47:24.861 16447 16517 V Robocol : received command: CMD_RUN_OP_MODE_RESP(314) $Stop$Robot$
03-24 21:47:25.942 16447 16517 V Robocol : received command: CMD_INIT_OP_MODE(10297) $Stop$Robot$
03-24 21:47:25.946 16447 16551 I RobotCore: Attempting to switch to op mode $Stop$Robot$
03-24 21:47:25.949 16447 16524 V Robocol : sending CMD_INIT_OP_MODE_RESP(337), attempt: 0
03-24 21:47:25.980 16447 16517 V Robocol : received command: CMD_INIT_OP_MODE_RESP(337) $Stop$Robot$
03-24 21:47:25.980 16447 16517 V Robocol : received command: CMD_RUN_OP_MODE(10302) $Stop$Robot$
03-24 21:47:25.989 16447 16524 V Robocol : sending CMD_RUN_OP_MODE_RESP(343), attempt: 0
03-24 21:47:26.020 16447 16517 V Robocol : received command: CMD_RUN_OP_MODE_RESP(343) $Stop$Robot$
03-24 21:47:26.982 16447 16517 V Robocol : received command: CMD_INIT_OP_MODE(10318) TeleOp
03-24 21:47:26.988 16447 16551 I RobotCore: Attempting to switch to op mode TeleOp
03-24 21:47:27.277 16447 16551 I RobotCore: Modern Robotics I2C Color Sensor, just changed I2C address. Original address: 92, new address: 92
03-24 21:47:27.277 16447 16551 I RobotCore: Modern Robotics I2C Color Sensor, just changed I2C address. Original address: 76, new address: 76
03-24 21:47:27.309 16447 16524 V Robocol : sending CMD_INIT_OP_MODE_RESP(367), attempt: 0
03-24 21:47:27.341 16447 16517 V Robocol : received command: CMD_INIT_OP_MODE_RESP(367) TeleOp
03-24 21:47:27.701 16447 16517 V Robocol : received command: CMD_RUN_OP_MODE(10331) TeleOp
03-24 21:47:27.709 16447 16524 V Robocol : sending CMD_RUN_OP_MODE_RESP(378), attempt: 0
03-24 21:47:27.740 16447 16517 V Robocol : received command: CMD_RUN_OP_MODE_RESP(378) TeleOp
