--------- beginning of main
03-25 13:34:39.147  8223  8223 V RCActivity: onPause()
03-25 13:34:39.182  8223  8223 V RCActivity: onStop()
03-25 13:34:39.182  8223  8223 V RobotCore: executive service robot setup is terminated
03-25 13:34:39.182  8223  8223 V Robocol : EventLoopManager.shutdown()
03-25 13:34:39.182  8223  8223 V RobotCore: waiting for service EventLoop
03-25 13:34:39.182  8223  9394 V RobotCore: EventLoopRunnable interrupted
03-25 13:34:39.182  8223  9394 V RobotCore: EventLoopManager state is STOPPED
03-25 13:34:39.182  8223  9394 V RobotCore: Robot Status: stopped
03-25 13:34:39.182  8223  9394 I FIRST   : ======= TEARDOWN =======
03-25 13:34:39.183  8223  9394 D RobotCore: disarming modern motor controller Modern Robotics USB DC Motor Controller [AL00VM5S]...
03-25 13:34:39.185  8223  9513 V RobotCore: thread: ...terminating 'r/w loop: Modern Robotics USB DC Motor Controller [AL00VM5S]'
03-25 13:34:39.185  8223  9394 V RobotCore: executive service ReadWriteRunnable for Modern Robotics USB Device is terminated
03-25 13:34:39.186  8223  9394 D RobotCore: ...disarming modern motor controller Modern Robotics USB DC Motor Controller [AL00VM5S] complete
03-25 13:34:39.186  8223  9394 D RobotCore: disarming modern motor controller Modern Robotics USB DC Motor Controller [AI049PCI]...
03-25 13:34:39.189  8223  9394 V RobotCore: waiting for service ReadWriteRunnable for Modern Robotics USB Device
03-25 13:34:39.189  8223  9515 V RobotCore: thread: ...terminating 'r/w loop: Modern Robotics USB DC Motor Controller [AI049PCI]'
03-25 13:34:39.189  8223  9394 V RobotCore: awaitTermination returned, isTerminated=true
03-25 13:34:39.189  8223  9394 V RobotCore: executive service ReadWriteRunnable for Modern Robotics USB Device is terminated
03-25 13:34:39.189  8223  9394 D RobotCore: ...disarming modern motor controller Modern Robotics USB DC Motor Controller [AI049PCI] complete
03-25 13:34:39.190  8223  9394 D RobotCore: disarming modern motor controller Modern Robotics USB DC Motor Controller [AL00VM5X]...
03-25 13:34:39.193  8223  9510 V RobotCore: thread: ...terminating 'r/w loop: Modern Robotics USB DC Motor Controller [AL00VM5X]'
03-25 13:34:39.193  8223  9394 V RobotCore: executive service ReadWriteRunnable for Modern Robotics USB Device is terminated
03-25 13:34:39.194  8223  8308 D RobotCore: system telemetry: key=$System$Warning$ msg="problem communicating with Modern Robotics USB DC Motor Controller [AL00VM5X]; problem communicating with Modern Robotics USB DC Motor Controller [AL00YCFA]; problem communicating with Modern Robotics USB Core Device Interface Module [AI041S6Y]; problem communicating with Modern Robotics USB Core Device Interface Module [AL00VDA6]; problem communicating with Modern Robotics USB Servo Controller [AL026DRM]"
03-25 13:34:39.194  8223  9394 D RobotCore: ...disarming modern motor controller Modern Robotics USB DC Motor Controller [AL00VM5X] complete
03-25 13:34:39.194  8223  9394 D RobotCore: disarming modern motor controller Modern Robotics USB DC Motor Controller [AL00YCFA]...
03-25 13:34:39.197  8223  9394 V RobotCore: waiting for service ReadWriteRunnable for Modern Robotics USB Device
03-25 13:34:39.197  8223  9512 V RobotCore: thread: ...terminating 'r/w loop: Modern Robotics USB DC Motor Controller [AL00YCFA]'
03-25 13:34:39.197  8223  9394 V RobotCore: awaitTermination returned, isTerminated=true
03-25 13:34:39.197  8223  9394 V RobotCore: executive service ReadWriteRunnable for Modern Robotics USB Device is terminated
03-25 13:34:39.197  8223  9394 D RobotCore: ...disarming modern motor controller Modern Robotics USB DC Motor Controller [AL00YCFA] complete
03-25 13:34:39.198  8223  9394 D RobotCore: disarming modern servo controller "Modern Robotics USB Servo Controller [AL026DRM]"...
03-25 13:34:39.198  8223  9394 V RobotCore: waiting for service ReadWriteRunnable for Modern Robotics USB Device
03-25 13:34:39.198  8223  9514 V RobotCore: thread: ...terminating 'r/w loop: Modern Robotics USB Servo Controller [AL026DRM]'
03-25 13:34:39.198  8223  9394 V RobotCore: awaitTermination returned, isTerminated=true
03-25 13:34:39.198  8223  9394 V RobotCore: executive service ReadWriteRunnable for Modern Robotics USB Device is terminated
03-25 13:34:39.198  8223  9394 D RobotCore: ...disarming modern servo controller Modern Robotics USB Servo Controller [AL026DRM] complete
03-25 13:34:39.201  8223  9394 V RobotCore: waiting for service ReadWriteRunnable for Modern Robotics USB Device
03-25 13:34:39.201  8223  9511 V RobotCore: thread: ...terminating 'r/w loop: Modern Robotics USB Core Device Interface Module [AI041S6Y]'
03-25 13:34:39.201  8223  9394 V RobotCore: awaitTermination returned, isTerminated=true
03-25 13:34:39.201  8223  9394 V RobotCore: executive service ReadWriteRunnable for Modern Robotics USB Device is terminated
03-25 13:34:39.208  8223  9509 V RobotCore:i2cSynch(USB AL00VDA6; port 2): onPortIsReadyCallbacksEnd ...
03-25 13:34:39.208  8223  9509 V RobotCore:i2cSynch(USB AL00VDA6; port 2): unhooking ...
03-25 13:34:39.208  8223  9509 V RobotCore: executive service I2c Heartbeat is terminated
03-25 13:34:39.208  8223  9509 V RobotCore:i2cSynch(USB AL00VDA6; port 2): ...unhooking complete
03-25 13:34:39.208  8223  9509 V RobotCore:i2cSynch(USB AL00VDA6; port 2): ... onPortIsReadyCallbacksEnd complete
03-25 13:34:39.209  8223  9509 V RobotCore: thread: ...terminating 'r/w loop: Modern Robotics USB Core Device Interface Module [AL00VDA6]'
03-25 13:34:39.209  8223  9394 V RobotCore: waiting for service ReadWriteRunnable for Modern Robotics USB Device
03-25 13:34:39.209  8223  9394 V RobotCore: awaitTermination returned, isTerminated=true
03-25 13:34:39.209  8223  9394 V RobotCore: executive service ReadWriteRunnable for Modern Robotics USB Device is terminated
03-25 13:34:39.209  8223  9394 I FIRST   : ======= TEARDOWN COMPLETE =======
03-25 13:34:39.209  8223  9394 V RobotCore: thread: ...terminating 'opmode loop()'
03-25 13:34:39.209  8223  8223 V RobotCore: awaitTermination returned, isTerminated=true
03-25 13:34:39.209  8223  8223 V RobotCore: executive service EventLoop is terminated
03-25 13:34:39.209  8223  8223 V RobotCore: EventLoopManager state is STOPPED
03-25 13:34:39.310  8223  8308 D RobotCore: system telemetry: key=$System$None$ msg=""
03-25 13:35:18.047  8223  8223 I RobotCore: Battery Checker, Level Remaining: 100.0
03-25 13:35:18.050  8223  8223 I RobotCore: Battery Checker, Level Remaining: 100.0
03-25 13:36:22.003  8223  8223 I RobotCore: Battery Checker, Level Remaining: 100.0
03-25 13:36:22.005  8223  8223 I RobotCore: Battery Checker, Level Remaining: 100.0
03-25 13:36:47.243  8223  8223 I RobotCore: Battery Checker, Level Remaining: 100.0
03-25 13:36:47.244  8223  8223 I RobotCore: Battery Checker, Level Remaining: 100.0
03-25 13:37:01.003  8223  8223 I RobotCore: Battery Checker, Level Remaining: 100.0
03-25 13:37:01.006  8223  8223 I RobotCore: Battery Checker, Level Remaining: 100.0
03-25 13:37:06.358  8223  8223 I RobotCore: Battery Checker, Level Remaining: 100.0
03-25 13:37:06.359  8223  8223 I RobotCore: Battery Checker, Level Remaining: 100.0
03-25 13:38:22.481  8223  8223 I RobotCore: Battery Checker, Level Remaining: 100.0
03-25 13:38:22.483  8223  8223 I RobotCore: Battery Checker, Level Remaining: 100.0
03-25 13:39:26.439  8223  8223 I RobotCore: Battery Checker, Level Remaining: 100.0
03-25 13:39:26.440  8223  8223 I RobotCore: Battery Checker, Level Remaining: 100.0
03-25 13:39:51.732  8223  8223 I RobotCore: Battery Checker, Level Remaining: 100.0
03-25 13:39:51.734  8223  8223 I RobotCore: Battery Checker, Level Remaining: 100.0
03-25 13:40:05.797  8223  8223 I RobotCore: Battery Checker, Level Remaining: 100.0
03-25 13:40:05.799  8223  8223 I RobotCore: Battery Checker, Level Remaining: 100.0
03-25 13:40:11.067  8223  8223 I RobotCore: Battery Checker, Level Remaining: 100.0
03-25 13:40:11.068  8223  8223 I RobotCore: Battery Checker, Level Remaining: 100.0
03-25 13:41:27.553  8223  8223 I RobotCore: Battery Checker, Level Remaining: 100.0
03-25 13:41:27.555  8223  8223 I RobotCore: Battery Checker, Level Remaining: 100.0
03-25 13:42:31.722  8223  8223 I RobotCore: Battery Checker, Level Remaining: 100.0
03-25 13:42:31.724  8223  8223 I RobotCore: Battery Checker, Level Remaining: 100.0
03-25 13:42:57.520  8223  8223 I RobotCore: Battery Checker, Level Remaining: 100.0
03-25 13:42:57.522  8223  8223 I RobotCore: Battery Checker, Level Remaining: 100.0
03-25 13:43:11.243  8223  8223 I RobotCore: Battery Checker, Level Remaining: 100.0
03-25 13:43:11.245  8223  8223 I RobotCore: Battery Checker, Level Remaining: 100.0
03-25 13:43:16.518  8223  8223 I RobotCore: Battery Checker, Level Remaining: 100.0
03-25 13:43:16.520  8223  8223 I RobotCore: Battery Checker, Level Remaining: 100.0
03-25 13:43:52.881  8223  8223 V RCActivity: onStart()
03-25 13:43:52.890  8223  8223 D OpmodeRegistration: registered {DefaultOpMode} as {$Stop$Robot$}
03-25 13:43:52.890  8223  8223 V FTCService: Processing robot setup
03-25 13:43:52.892  8223 11797 V RobotCore: thread: 'RobotSetupRunnable.run()' starting...
03-25 13:43:52.892  8223 11797 V RobotCore: Robot Status: stopped, scanning for USB devices
03-25 13:43:52.898  8223  8223 V RCActivity: onResume()
03-25 13:43:54.442  8223  8223 V RCActivity: onPause()
03-25 13:43:54.459  8223  8223 V RCActivity: onStop()
03-25 13:43:54.459  8223  8223 V RobotCore: waiting for service robot setup
03-25 13:43:54.459  8223 11797 V RobotCore: Robot Status: stopped, internal error
03-25 13:43:54.460  8223 11797 V RobotCore: thread: ...terminating 'RobotSetupRunnable.run()'
03-25 13:43:54.460  8223  8223 V RobotCore: awaitTermination returned, isTerminated=true
03-25 13:43:54.460  8223  8223 V RobotCore: executive service robot setup is terminated
03-25 13:43:54.460  8223  8223 V RobotCore: Robot Status: stopped
03-25 13:43:57.926  8223  8223 I RobotCore: Battery Checker, Level Remaining: 100.0
03-25 13:43:57.927  8223  8223 I RobotCore: Battery Checker, Level Remaining: 100.0
03-25 13:44:21.840  8223  8223 V RCActivity: onStart()
03-25 13:44:21.848  8223  8223 D OpmodeRegistration: registered {DefaultOpMode} as {$Stop$Robot$}
03-25 13:44:21.848  8223  8223 V FTCService: Processing robot setup
03-25 13:44:21.849  8223 11890 V RobotCore: thread: 'RobotSetupRunnable.run()' starting...
03-25 13:44:21.851  8223 11890 V RobotCore: Robot Status: stopped, scanning for USB devices
03-25 13:44:21.852  8223  8223 V RCActivity: onResume()
03-25 13:44:25.120  8223  8223 V RCActivity: onPause()
03-25 13:44:25.142  8223  8223 V RCActivity: onStop()
03-25 13:44:25.143  8223  8223 V RobotCore: waiting for service robot setup
03-25 13:44:25.143  8223 11890 V RobotCore: Robot Status: stopped, internal error
03-25 13:44:25.143  8223 11890 V RobotCore: thread: ...terminating 'RobotSetupRunnable.run()'
03-25 13:44:25.143  8223  8223 V RobotCore: awaitTermination returned, isTerminated=true
03-25 13:44:25.143  8223  8223 V RobotCore: executive service robot setup is terminated
03-25 13:44:25.144  8223  8223 V RobotCore: Robot Status: stopped
03-25 13:44:26.850  8223  8223 I RobotCore: Battery Checker, Level Remaining: 100.0
03-25 13:44:26.851  8223  8223 I RobotCore: Battery Checker, Level Remaining: 100.0
03-25 13:44:32.324  8223  8223 I RobotCore: Battery Checker, Level Remaining: 100.0
03-25 13:44:32.326  8223  8223 I RobotCore: Battery Checker, Level Remaining: 100.0
03-25 13:45:36.295  8223  8223 I RobotCore: Battery Checker, Level Remaining: 100.0
03-25 13:45:36.296  8223  8223 I RobotCore: Battery Checker, Level Remaining: 100.0
03-25 13:46:01.483  8223  8223 I RobotCore: Battery Checker, Level Remaining: 100.0
03-25 13:46:01.486  8223  8223 I RobotCore: Battery Checker, Level Remaining: 100.0
03-25 13:46:15.187  8223  8223 I RobotCore: Battery Checker, Level Remaining: 100.0
03-25 13:46:15.188  8223  8223 I RobotCore: Battery Checker, Level Remaining: 100.0
03-25 13:46:20.564  8223  8223 I RobotCore: Battery Checker, Level Remaining: 100.0
03-25 13:46:20.566  8223  8223 I RobotCore: Battery Checker, Level Remaining: 100.0
03-25 13:47:02.342  8223  8223 I RobotCore: Battery Checker, Level Remaining: 100.0
03-25 13:47:02.344  8223  8223 I RobotCore: Battery Checker, Level Remaining: 100.0
03-25 13:47:31.525  8223  8223 I RobotCore: Battery Checker, Level Remaining: 100.0
03-25 13:47:31.526  8223  8223 I RobotCore: Battery Checker, Level Remaining: 100.0
03-25 13:47:37.121  8223  8223 I RobotCore: Battery Checker, Level Remaining: 100.0
03-25 13:47:37.123  8223  8223 I RobotCore: Battery Checker, Level Remaining: 100.0
03-25 13:48:41.333  8223  8223 I RobotCore: Battery Checker, Level Remaining: 100.0
03-25 13:48:41.336  8223  8223 I RobotCore: Battery Checker, Level Remaining: 100.0
03-25 13:49:06.754  8223  8223 I RobotCore: Battery Checker, Level Remaining: 100.0
03-25 13:49:06.756  8223  8223 I RobotCore: Battery Checker, Level Remaining: 100.0
03-25 13:49:20.793  8223  8223 I RobotCore: Battery Checker, Level Remaining: 100.0
03-25 13:49:20.795  8223  8223 I RobotCore: Battery Checker, Level Remaining: 100.0
03-25 13:49:26.152  8223  8223 I RobotCore: Battery Checker, Level Remaining: 100.0
03-25 13:49:26.153  8223  8223 I RobotCore: Battery Checker, Level Remaining: 100.0
03-25 13:50:08.181  8223  8223 I RobotCore: Battery Checker, Level Remaining: 99.0
03-25 13:50:08.183  8223  8223 I RobotCore: Battery Checker, Level Remaining: 99.0
03-25 13:50:37.603  8223  8223 I RobotCore: Battery Checker, Level Remaining: 99.0
03-25 13:50:37.605  8223  8223 I RobotCore: Battery Checker, Level Remaining: 99.0
03-25 13:50:43.602  8223  8223 I RobotCore: Battery Checker, Level Remaining: 99.0
03-25 13:50:43.605  8223  8223 I RobotCore: Battery Checker, Level Remaining: 99.0
03-25 13:51:48.281  8223  8223 I RobotCore: Battery Checker, Level Remaining: 99.0
03-25 13:51:48.286  8223  8223 I RobotCore: Battery Checker, Level Remaining: 99.0
03-25 13:52:14.354  8223  8223 I RobotCore: Battery Checker, Level Remaining: 99.0
03-25 13:52:14.356  8223  8223 I RobotCore: Battery Checker, Level Remaining: 99.0
03-25 13:52:28.118  8223  8223 I RobotCore: Battery Checker, Level Remaining: 99.0
03-25 13:52:28.120  8223  8223 I RobotCore: Battery Checker, Level Remaining: 99.0
03-25 13:52:31.443  8223  8223 V RCActivity: onStart()
03-25 13:52:31.457  8223  8223 D OpmodeRegistration: registered {DefaultOpMode} as {$Stop$Robot$}
03-25 13:52:31.458  8223  8223 V FTCService: Processing robot setup
03-25 13:52:31.461  8223 13404 V RobotCore: thread: 'RobotSetupRunnable.run()' starting...
03-25 13:52:31.461  8223 13404 V RobotCore: Robot Status: stopped, scanning for USB devices
03-25 13:52:31.467  8223  8223 V RCActivity: onResume()
03-25 13:52:32.807  8223  8223 V RCActivity: onPause()
03-25 13:52:33.149  8223  8223 D D2xx::  : permission denied for device UsbDevice[mName=/dev/bus/usb/001/008,mVendorId=1027,mProductId=24577,mClass=0,mSubclass=0,mProtocol=0,mManufacturerName=FTDI,mProductName=FT232R USB UART,mVersion=2.0,mSerialNumber=AL00VM5S,mConfigurations=[
03-25 13:52:33.149  8223  8223 D D2xx::  : UsbConfiguration[mId=1,mName=null,mAttributes=160,mMaxPower=45,mInterfaces=[
03-25 13:52:33.149  8223  8223 D D2xx::  : UsbInterface[mId=0,mAlternateSetting=0,mName=FT232R USB UART,mClass=255,mSubclass=255,mProtocol=255,mEndpoints=[
03-25 13:52:33.149  8223  8223 D D2xx::  : UsbEndpoint[mAddress=129,mAttributes=2,mMaxPacketSize=64,mInterval=0]
03-25 13:52:33.149  8223  8223 D D2xx::  : UsbEndpoint[mAddress=2,mAttributes=2,mMaxPacketSize=64,mInterval=0]]]]
03-25 13:52:33.339  8223  8223 I RobotCore: Battery Checker, Level Remaining: 99.0
03-25 13:52:33.340  8223  8223 I RobotCore: Battery Checker, Level Remaining: 99.0
03-25 13:52:33.461  8223  8223 V RCActivity: onStop()
03-25 13:52:33.461  8223  8223 V RobotCore: waiting for service robot setup
03-25 13:52:33.466  8223 13404 V RobotCore: Robot Status: stopped, internal error
03-25 13:52:33.467  8223 13404 V RobotCore: thread: ...terminating 'RobotSetupRunnable.run()'
03-25 13:52:33.468  8223  8223 V RobotCore: awaitTermination returned, isTerminated=true
03-25 13:52:33.468  8223  8223 V RobotCore: executive service robot setup is terminated
03-25 13:52:33.468  8223  8223 V RobotCore: Robot Status: stopped
03-25 13:52:33.471  8223  8223 V RCActivity: onDestroy()
03-25 13:52:33.983  8223  8223 V RobotCore: closing logcat file /storage/emulated/0/com.qualcomm.ftcrobotcontroller.logcat
03-25 13:52:34.036 13434 13434 W ps      : type=1400 audit(0.0:2132): avc: denied { getattr } for uid=10087 path="/proc/1" dev="proc" ino=97121 scontext=u:r:untrusted_app:s0:c512,c768 tcontext=u:r:init:s0 tclass=dir permissive=0
03-25 13:52:34.036 13434 13434 W ps      : type=1400 audit(0.0:2133): avc: denied { search } for uid=10087 name="1" dev="proc" ino=97121 scontext=u:r:untrusted_app:s0:c512,c768 tcontext=u:r:init:s0 tclass=dir permissive=0
03-25 13:52:34.036 13434 13434 W ps      : type=1400 audit(0.0:2134): avc: denied { search } for uid=10087 name="1" dev="proc" ino=97121 scontext=u:r:untrusted_app:s0:c512,c768 tcontext=u:r:init:s0 tclass=dir permissive=0
03-25 13:52:34.036 13434 13434 W ps      : type=1400 audit(0.0:2135): avc: denied { getattr } for uid=10087 path="/proc/2" dev="proc" ino=97122 scontext=u:r:untrusted_app:s0:c512,c768 tcontext=u:r:kernel:s0 tclass=dir permissive=0
03-25 13:52:34.036 13434 13434 W ps      : type=1400 audit(0.0:2136): avc: denied { search } for uid=10087 name="2" dev="proc" ino=97122 scontext=u:r:untrusted_app:s0:c512,c768 tcontext=u:r:kernel:s0 tclass=dir permissive=0
03-25 13:52:34.036 13434 13434 W ps      : type=1400 audit(0.0:2137): avc: denied { search } for uid=10087 name="2" dev="proc" ino=97122 scontext=u:r:untrusted_app:s0:c512,c768 tcontext=u:r:kernel:s0 tclass=dir permissive=0
03-25 13:52:34.036 13434 13434 W ps      : type=1400 audit(0.0:2138): avc: denied { getattr } for uid=10087 path="/proc/3" dev="proc" ino=97123 scontext=u:r:untrusted_app:s0:c512,c768 tcontext=u:r:kernel:s0 tclass=dir permissive=0
03-25 13:52:34.036 13434 13434 W ps      : type=1400 audit(0.0:2139): avc: denied { search } for uid=10087 name="3" dev="proc" ino=97123 scontext=u:r:untrusted_app:s0:c512,c768 tcontext=u:r:kernel:s0 tclass=dir permissive=0
03-25 13:52:34.036 13434 13434 W ps      : type=1400 audit(0.0:2140): avc: denied { search } for uid=10087 name="3" dev="proc" ino=97123 scontext=u:r:untrusted_app:s0:c512,c768 tcontext=u:r:kernel:s0 tclass=dir permissive=0
03-25 13:52:34.036 13434 13434 W ps      : type=1400 audit(0.0:2141): avc: denied { getattr } for uid=10087 path="/proc/4" dev="proc" ino=97124 scontext=u:r:untrusted_app:s0:c512,c768 tcontext=u:r:kernel:s0 tclass=dir permissive=0
03-25 13:52:34.036 13434 13434 W ps      : type=1400 audit(0.0:2142): avc: denied { search } for uid=10087 name="4" dev="proc" ino=97124 scontext=u:r:untrusted_app:s0:c512,c768 tcontext=u:r:kernel:s0 tclass=dir permissive=0
03-25 13:52:34.036 13434 13434 W ps      : type=1400 audit(0.0:2143): avc: denied { search } for uid=10087 name="4" dev="proc" ino=97124 scontext=u:r:untrusted_app:s0:c512,c768 tcontext=u:r:kernel:s0 tclass=dir permissive=0
03-25 13:52:34.036 13434 13434 W ps      : type=1400 audit(0.0:2144): avc: denied { getattr } for uid=10087 path="/proc/5" dev="proc" ino=97125 scontext=u:r:untrusted_app:s0:c512,c768 tcontext=u:r:kernel:s0 tclass=dir permissive=0
03-25 13:52:34.036 13434 13434 W ps      : type=1400 audit(0.0:2145): avc: denied { search } for uid=10087 name="5" dev="proc" ino=97125 scontext=u:r:untrusted_app:s0:c512,c768 tcontext=u:r:kernel:s0 tclass=dir permissive=0
03-25 13:52:34.036 13434 13434 W ps      : type=1400 audit(0.0:2146): avc: denied { search } for uid=10087 name="5" dev="proc" ino=97125 scontext=u:r:untrusted_app:s0:c512,c768 tcontext=u:r:kernel:s0 tclass=dir permissive=0
03-25 13:52:34.036 13434 13434 W ps      : type=1400 audit(0.0:2147): avc: denied { getattr } for uid=10087 path="/proc/6" dev="proc" ino=97126 scontext=u:r:untrusted_app:s0:c512,c768 tcontext=u:r:kernel:s0 tclass=dir permissive=0
03-25 13:52:34.036 13434 13434 W ps      : type=1400 audit(0.0:2148): avc: denied { search } for uid=10087 name="6" dev="proc" ino=97126 scontext=u:r:untrusted_app:s0:c512,c768 tcontext=u:r:kernel:s0 tclass=dir permissive=0
03-25 13:52:34.036 13434 13434 W ps      : type=1400 audit(0.0:2149): avc: denied { search } for uid=10087 name="6" dev="proc" ino=97126 scontext=u:r:untrusted_app:s0:c512,c768 tcontext=u:r:kernel:s0 tclass=dir permissive=0
03-25 13:52:34.036 13434 13434 W ps      : type=1400 audit(0.0:2150): avc: denied { getattr } for uid=10087 path="/proc/7" dev="proc" ino=97127 scontext=u:r:untrusted_app:s0:c512,c768 tcontext=u:r:kernel:s0 tclass=dir permissive=0
03-25 13:52:34.036 13434 13434 W ps      : type=1400 audit(0.0:2151): avc: denied { search } for uid=10087 name="7" dev="proc" ino=97127 scontext=u:r:untrusted_app:s0:c512,c768 tcontext=u:r:kernel:s0 tclass=dir permissive=0
03-25 13:52:34.105  8223  8223 V RobotCore: Killing PID 8246
03-25 13:52:34.238  8223  8223 V FTCService: onUnbind()
03-25 13:52:34.238  8223  8223 V WifiDirect: There are 0 Wifi Direct Assistant Clients (-)
03-25 13:52:34.239  8223  8223 V WifiDirect: Disabling Wifi Direct Assistant
03-25 13:52:34.242  8223  8223 V Robocol : EventLoopManager.close()
03-25 13:52:34.243  8223  8223 V RobotCore: waiting for service ReceiveLoopService
03-25 13:52:34.274  8223  8308 V RobotCore: thread: ...terminating 'RecvLoopRunnable.run()'
03-25 13:52:34.275  8223  8223 V RobotCore: awaitTermination returned, isTerminated=true
03-25 13:52:34.275  8223  8223 V RobotCore: executive service ReceiveLoopService is terminated
03-25 13:52:34.275  8223  8223 V PeerDiscovery: Stopping peer discovery
03-25 13:52:34.275  8223  8223 D Robocol : RobocolDatagramSocket is closed
03-25 13:52:34.276  8223  8223 V FTCService: onDestroy()
03-25 13:52:34.277  8223  8223 I Choreographer: Skipped 47 frames!  The application may be doing too much work on its main thread.
--------- beginning of system
03-25 13:52:34.289  8223  8223 E ActivityThread: Activity org.firstinspires.ftc.robotcontroller.internal.FtcRobotControllerActivity has leaked IntentReceiver com.qualcomm.analytics.Analytics@4a01658 that was originally registered here. Are you missing a call to unregisterReceiver()?
03-25 13:52:34.289  8223  8223 E ActivityThread: android.app.IntentReceiverLeaked: Activity org.firstinspires.ftc.robotcontroller.internal.FtcRobotControllerActivity has leaked IntentReceiver com.qualcomm.analytics.Analytics@4a01658 that was originally registered here. Are you missing a call to unregisterReceiver()?
03-25 13:52:34.289  8223  8223 E ActivityThread: 	at android.app.LoadedApk$ReceiverDispatcher.<init>(LoadedApk.java:918)
03-25 13:52:34.289  8223  8223 E ActivityThread: 	at android.app.LoadedApk.getReceiverDispatcher(LoadedApk.java:719)
03-25 13:52:34.289  8223  8223 E ActivityThread: 	at android.app.ContextImpl.registerReceiverInternal(ContextImpl.java:1172)
03-25 13:52:34.289  8223  8223 E ActivityThread: 	at android.app.ContextImpl.registerReceiver(ContextImpl.java:1152)
03-25 13:52:34.289  8223  8223 E ActivityThread: 	at android.app.ContextImpl.registerReceiver(ContextImpl.java:1146)
03-25 13:52:34.289  8223  8223 E ActivityThread: 	at android.content.ContextWrapper.registerReceiver(ContextWrapper.java:554)
03-25 13:52:34.289  8223  8223 E ActivityThread: 	at com.qualcomm.analytics.Analytics.register(SourceFile:209)
03-25 13:52:34.289  8223  8223 E ActivityThread: 	at com.qualcomm.analytics.Analytics.<init>(SourceFile:235)
03-25 13:52:34.289  8223  8223 E ActivityThread: 	at com.qualcomm.hardware.modernrobotics.comm.ModernRoboticsUsbUtil.init(ModernRoboticsUsbUtil.java:119)
03-25 13:52:34.289  8223  8223 E ActivityThread: 	at com.qualcomm.ftccommon.FtcEventLoop.init(FtcEventLoop.java:189)
03-25 13:52:34.289  8223  8223 E ActivityThread: 	at com.qualcomm.robotcore.eventloop.EventLoopManager.startEventLoop(EventLoopManager.java:571)
03-25 13:52:34.289  8223  8223 E ActivityThread: 	at com.qualcomm.robotcore.eventloop.EventLoopManager.setEventLoop(EventLoopManager.java:545)
03-25 13:52:34.289  8223  8223 E ActivityThread: 	at com.qualcomm.robotcore.eventloop.EventLoopManager.start(EventLoopManager.java:489)
03-25 13:52:34.289  8223  8223 E ActivityThread: 	at com.qualcomm.robotcore.robot.Robot.start(Robot.java:59)
03-25 13:52:34.289  8223  8223 E ActivityThread: 	at com.qualcomm.ftccommon.FtcRobotControllerService$RobotSetupRunnable$1.run(FtcRobotControllerService.java:186)
03-25 13:52:34.289  8223  8223 E ActivityThread: 	at com.qualcomm.robotcore.util.ThreadPool.logThreadLifeCycle(ThreadPool.java:513)
03-25 13:52:34.289  8223  8223 E ActivityThread: 	at com.qualcomm.ftccommon.FtcRobotControllerService$RobotSetupRunnable.run(FtcRobotControllerService.java:128)
03-25 13:52:34.289  8223  8223 E ActivityThread: 	at java.util.concurrent.ThreadPoolExecutor.runWorker(ThreadPoolExecutor.java:1113)
03-25 13:52:34.289  8223  8223 E ActivityThread: 	at java.util.concurrent.ThreadPoolExecutor$Worker.run(ThreadPoolExecutor.java:588)
03-25 13:52:34.289  8223  8223 E ActivityThread: 	at java.lang.Thread.run(Thread.java:818)
03-25 13:52:34.613  8223  8223 D D2xx::  : permission denied for device UsbDevice[mName=/dev/bus/usb/001/008,mVendorId=1027,mProductId=24577,mClass=0,mSubclass=0,mProtocol=0,mManufacturerName=FTDI,mProductName=FT232R USB UART,mVersion=2.0,mSerialNumber=AL00VM5S,mConfigurations=[
03-25 13:52:34.613  8223  8223 D D2xx::  : UsbConfiguration[mId=1,mName=null,mAttributes=160,mMaxPower=45,mInterfaces=[
03-25 13:52:34.613  8223  8223 D D2xx::  : UsbInterface[mId=0,mAlternateSetting=0,mName=FT232R USB UART,mClass=255,mSubclass=255,mProtocol=255,mEndpoints=[
03-25 13:52:34.613  8223  8223 D D2xx::  : UsbEndpoint[mAddress=129,mAttributes=2,mMaxPacketSize=64,mInterval=0]
03-25 13:52:34.613  8223  8223 D D2xx::  : UsbEndpoint[mAddress=2,mAttributes=2,mMaxPacketSize=64,mInterval=0]]]]
03-25 13:52:36.075  8223  8223 V D2xx::  : Vendor: 0403, Product: 6001
03-25 13:52:36.100  8223  8223 D UsbDeviceConnectionJNI: close
03-25 13:52:36.156  8223  8223 V RCActivity: onCreate()
03-25 13:52:36.171  8223 13546 V RobotCore: saving logcat to /storage/emulated/0/com.qualcomm.ftcrobotcontroller.logcat
03-25 13:52:36.171  8223 13546 V RobotCore: logging command line: logcat -f /storage/emulated/0/com.qualcomm.ftcrobotcontroller.logcat -r4096 -n4 -v threadtime UsbRequestJNI:S UsbRequest:S *:V
03-25 13:52:36.211  8223  8223 W art     : Attempt to remove non-JNI local reference, dumping thread
03-25 13:52:36.214  8223  8223 W AwContents: onDetachedFromWindow called when already detached. Ignoring
03-25 13:52:36.216 13548 13548 W ps      : type=1400 audit(0.0:3512): avc: denied { getattr } for uid=10087 path="/proc/1" dev="proc" ino=97121 scontext=u:r:untrusted_app:s0:c512,c768 tcontext=u:r:init:s0 tclass=dir permissive=0
03-25 13:52:36.216 13548 13548 W ps      : type=1400 audit(0.0:3513): avc: denied { search } for uid=10087 name="1" dev="proc" ino=97121 scontext=u:r:untrusted_app:s0:c512,c768 tcontext=u:r:init:s0 tclass=dir permissive=0
03-25 13:52:36.216 13548 13548 W ps      : type=1400 audit(0.0:3514): avc: denied { search } for uid=10087 name="1" dev="proc" ino=97121 scontext=u:r:untrusted_app:s0:c512,c768 tcontext=u:r:init:s0 tclass=dir permissive=0
03-25 13:52:36.216 13548 13548 W ps      : type=1400 audit(0.0:3515): avc: denied { getattr } for uid=10087 path="/proc/2" dev="proc" ino=97122 scontext=u:r:untrusted_app:s0:c512,c768 tcontext=u:r:kernel:s0 tclass=dir permissive=0
03-25 13:52:36.216 13548 13548 W ps      : type=1400 audit(0.0:3516): avc: denied { search } for uid=10087 name="2" dev="proc" ino=97122 scontext=u:r:untrusted_app:s0:c512,c768 tcontext=u:r:kernel:s0 tclass=dir permissive=0
03-25 13:52:36.216 13548 13548 W ps      : type=1400 audit(0.0:3517): avc: denied { search } for uid=10087 name="2" dev="proc" ino=97122 scontext=u:r:untrusted_app:s0:c512,c768 tcontext=u:r:kernel:s0 tclass=dir permissive=0
03-25 13:52:36.216 13548 13548 W ps      : type=1400 audit(0.0:3518): avc: denied { getattr } for uid=10087 path="/proc/3" dev="proc" ino=97123 scontext=u:r:untrusted_app:s0:c512,c768 tcontext=u:r:kernel:s0 tclass=dir permissive=0
03-25 13:52:36.216 13548 13548 W ps      : type=1400 audit(0.0:3519): avc: denied { search } for uid=10087 name="3" dev="proc" ino=97123 scontext=u:r:untrusted_app:s0:c512,c768 tcontext=u:r:kernel:s0 tclass=dir permissive=0
03-25 13:52:36.216 13548 13548 W ps      : type=1400 audit(0.0:3520): avc: denied { search } for uid=10087 name="3" dev="proc" ino=97123 scontext=u:r:untrusted_app:s0:c512,c768 tcontext=u:r:kernel:s0 tclass=dir permissive=0
03-25 13:52:36.216 13548 13548 W ps      : type=1400 audit(0.0:3521): avc: denied { getattr } for uid=10087 path="/proc/4" dev="proc" ino=97124 scontext=u:r:untrusted_app:s0:c512,c768 tcontext=u:r:kernel:s0 tclass=dir permissive=0
03-25 13:52:36.216 13548 13548 W ps      : type=1400 audit(0.0:3522): avc: denied { search } for uid=10087 name="4" dev="proc" ino=97124 scontext=u:r:untrusted_app:s0:c512,c768 tcontext=u:r:kernel:s0 tclass=dir permissive=0
03-25 13:52:36.216 13548 13548 W ps      : type=1400 audit(0.0:3523): avc: denied { search } for uid=10087 name="4" dev="proc" ino=97124 scontext=u:r:untrusted_app:s0:c512,c768 tcontext=u:r:kernel:s0 tclass=dir permissive=0
03-25 13:52:36.216 13548 13548 W ps      : type=1400 audit(0.0:3524): avc: denied { getattr } for uid=10087 path="/proc/5" dev="proc" ino=97125 scontext=u:r:untrusted_app:s0:c512,c768 tcontext=u:r:kernel:s0 tclass=dir permissive=0
03-25 13:52:36.216 13548 13548 W ps      : type=1400 audit(0.0:3525): avc: denied { search } for uid=10087 name="5" dev="proc" ino=97125 scontext=u:r:untrusted_app:s0:c512,c768 tcontext=u:r:kernel:s0 tclass=dir permissive=0
03-25 13:52:36.216 13548 13548 W ps      : type=1400 audit(0.0:3526): avc: denied { search } for uid=10087 name="5" dev="proc" ino=97125 scontext=u:r:untrusted_app:s0:c512,c768 tcontext=u:r:kernel:s0 tclass=dir permissive=0
03-25 13:52:36.216 13548 13548 W ps      : type=1400 audit(0.0:3527): avc: denied { getattr } for uid=10087 path="/proc/6" dev="proc" ino=97126 scontext=u:r:untrusted_app:s0:c512,c768 tcontext=u:r:kernel:s0 tclass=dir permissive=0
03-25 13:52:36.216 13548 13548 W ps      : type=1400 audit(0.0:3528): avc: denied { search } for uid=10087 name="6" dev="proc" ino=97126 scontext=u:r:untrusted_app:s0:c512,c768 tcontext=u:r:kernel:s0 tclass=dir permissive=0
03-25 13:52:36.216 13548 13548 W ps      : type=1400 audit(0.0:3529): avc: denied { search } for uid=10087 name="6" dev="proc" ino=97126 scontext=u:r:untrusted_app:s0:c512,c768 tcontext=u:r:kernel:s0 tclass=dir permissive=0
03-25 13:52:36.216 13548 13548 W ps      : type=1400 audit(0.0:3530): avc: denied { getattr } for uid=10087 path="/proc/7" dev="proc" ino=97127 scontext=u:r:untrusted_app:s0:c512,c768 tcontext=u:r:kernel:s0 tclass=dir permissive=0
03-25 13:52:36.216 13548 13548 W ps      : type=1400 audit(0.0:3531): avc: denied { search } for uid=10087 name="7" dev="proc" ino=97127 scontext=u:r:untrusted_app:s0:c512,c768 tcontext=u:r:kernel:s0 tclass=dir permissive=0
03-25 13:52:36.620  8223  8223 W UserSensorTypeManager: configuration error: the sensor "Adafruit IMU" is already defined
03-25 13:52:36.661  8223  8223 W UserSensorTypeManager: configuration error: the sensor "MR Compass Sensor" is already defined
03-25 13:52:36.668  8223  8223 W UserSensorTypeManager: configuration error: the sensor "MR Range Sensor" is already defined
03-25 13:52:37.162  8223  8223 V RobotCore: Network: inactive, disconnected
03-25 13:52:37.180  8223  8223 V RCActivity: onStart()
03-25 13:52:37.182  8223  8223 V RCActivity: onResume()
03-25 13:52:37.186  8223  8223 V D2xx::  : Vendor: 0403, Product: 6001
03-25 13:52:37.195  8223  8223 D UsbDeviceConnectionJNI: close
03-25 13:52:37.195  8223  8223 V RCActivity: onPause()
03-25 13:52:37.195  8223  8223 V RCActivity: onResume()
03-25 13:52:37.196  8223  8223 I RobotCore: Battery Checker, Level Remaining: 99.0
03-25 13:52:37.197  8223  8223 I RobotCore: Battery Checker, Level Remaining: 99.0
03-25 13:52:37.197  8223  8223 V RCActivity: onPause()
03-25 13:52:37.197  8223  8223 V RCActivity: onResume()
03-25 13:52:37.197  8223  8223 V D2xx::  : Vendor: 0403, Product: 6001
03-25 13:52:37.206  8223  8223 D UsbDeviceConnectionJNI: close
03-25 13:52:37.206  8223  8223 V RCActivity: onPause()
03-25 13:52:37.206  8223  8223 V RCActivity: onResume()
03-25 13:52:37.206  8223  8223 V D2xx::  : Vendor: 0403, Product: 6001
03-25 13:52:37.215  8223  8223 D UsbDeviceConnectionJNI: close
03-25 13:52:37.215  8223  8223 V D2xx::  : Vendor: 0403, Product: 6001
03-25 13:52:37.222  8223  8223 D UsbDeviceConnectionJNI: close
03-25 13:52:37.222  8223  8223 V RCActivity: onPause()
03-25 13:52:37.222  8223  8223 V RCActivity: onResume()
03-25 13:52:37.222  8223  8223 V D2xx::  : Vendor: 0403, Product: 6001
03-25 13:52:37.231  8223  8223 D UsbDeviceConnectionJNI: close
03-25 13:52:37.231  8223  8223 V RCActivity: onPause()
03-25 13:52:37.231  8223  8223 V RCActivity: onResume()
03-25 13:52:37.231  8223  8223 V FTCService: onCreate()
03-25 13:52:37.232  8223  8223 V FTCService: onBind()
03-25 13:52:37.232  8223  8223 V FTCService: Android device is motorola, MotoG3
03-25 13:52:37.232  8223  8223 V RobotCore: Getting network assistant of type: WIFIDIRECT
03-25 13:52:37.232  8223  8223 V WifiDirect: There are 1 Wifi Direct Assistant Clients (+)
03-25 13:52:37.232  8223  8223 V WifiDirect: Enabling Wifi Direct Assistant
03-25 13:52:37.276  8223  8223 D WifiDirect: broadcast: state - enabled: true
03-25 13:52:37.276  8223  8223 D WifiDirect: broadcast: connection changed: connectStatus=NOT_CONNECTED networkInfo.state=CONNECTED
03-25 13:52:37.276  8223  8223 V WifiDirect: NetworkInfo: [type: WIFI_P2P[], state: CONNECTED/CONNECTED, reason: (unspecified), extra: (none), roaming: false, failover: false, isAvailable: true]
03-25 13:52:37.277  8223  8223 V WifiDirect: WifiP2pInfo: groupFormed: true isGroupOwner: true operatingChannel: 2427 groupOwnerAddress: /192.168.49.1 mccMode: false
03-25 13:52:37.277  8223  8223 V WifiDirect: WifiP2pGroup: network: DIRECT-BC-7351-E-RC, isGO: true, Operating Channel: 2427, GO: Device: , deviceAddress: 68:c4:4d:a7:7f:b2, primary type: null, secondary type: null, wps: 0, grpcapab: 0, devcapab: 0, status: 4, wfdInfo: WFD enabled: falseWFD DeviceInfo: 0, WFD CtrlPort: 0, WFD MaxThroughput: 0, level: 0, Client: Device: 7351-E-DS, deviceAddress: 68:c4:4d:a7:aa:21, primary type: 10-0050F204-5, secondary type: null, wps: 392, grpcapab: 0, devcapab: 37, status: 0, wfdInfo: null, level: 60, interface: p2p0, networkId: 0, mGoOperFreq: 2427
03-25 13:52:37.277  8223  8223 D WifiDirect: broadcast: this device changed
03-25 13:52:37.277  8223  8223 V WifiDirect: device information: 7351-E-RC 68:c4:4d:a7:7f:b2
03-25 13:52:37.277  8223  8223 V FTCService: RCActivity.controllerService=bound
03-25 13:52:37.277  8223  8223 V RobotCore: Network: unknown, disconnected
03-25 13:52:37.278  8223  8223 V RobotCore: Robot Status: stopped
03-25 13:52:37.288  8223  8223 D OpmodeRegistration: registered {DefaultOpMode} as {$Stop$Robot$}
03-25 13:52:37.288  8223  8223 V FTCService: Processing robot setup
03-25 13:52:37.290  8223  8223 V D2xx::  : Vendor: 0403, Product: 6001
03-25 13:52:37.290  8223 13559 V RobotCore: thread: 'RobotSetupRunnable.run()' starting...
03-25 13:52:37.290  8223 13559 V RobotCore: Robot Status: stopped, scanning for USB devices
03-25 13:52:37.291  8223  8223 D FTDI_Device::: open SUCCESS
03-25 13:52:37.291  8223  8223 I FTDI_Device::: EP: 0x81
03-25 13:52:37.291  8223  8223 I FTDI_Device::: EP: 0x02
03-25 13:52:37.291  8223  8223 D D2XX::  : **********************Device Opened**********************
03-25 13:52:37.293  8223  8223 D UsbDeviceConnectionJNI: close
03-25 13:52:37.293  8223  8223 V D2xx::  : Vendor: 0403, Product: 6001
03-25 13:52:37.294  8223  8223 D FTDI_Device::: open SUCCESS
03-25 13:52:37.295  8223  8223 I FTDI_Device::: EP: 0x81
03-25 13:52:37.295  8223 13561 E ProcessRequestThread::: Fatal error!
03-25 13:52:37.295  8223  8223 I FTDI_Device::: EP: 0x02
03-25 13:52:37.295  8223 13561 W System.err: java.lang.NullPointerException: Attempt to read from null array
03-25 13:52:37.295  8223  8223 D D2XX::  : **********************Device Opened**********************
03-25 13:52:37.295  8223 13561 W System.err: 	at com.ftdi.j2xx.ProcessInCtrl.acquireReadableBuffer(FT_Device.java:2294)
03-25 13:52:37.295  8223 13561 W System.err: 	at com.ftdi.j2xx.ProcessRequestWorker.run(FT_Device.java:2764)
03-25 13:52:37.295  8223 13561 W System.err: 	at java.lang.Thread.run(Thread.java:818)
03-25 13:52:37.297  8223 13560 W System.err: java.lang.NullPointerException: Attempt to read from null array
03-25 13:52:37.297  8223 13560 W System.err: 	at com.ftdi.j2xx.ProcessInCtrl.acquireWritableBuffer(FT_Device.java:2281)
03-25 13:52:37.297  8223 13560 W System.err: 	at com.ftdi.j2xx.BulkInWorker.run(FT_Device.java:2853)
03-25 13:52:37.297  8223 13560 W System.err: 	at java.lang.Thread.run(Thread.java:818)
03-25 13:52:37.297  8223 13560 E BulkIn::: Fatal error in BulkIn thread
03-25 13:52:37.300  8223  8223 D UsbDeviceConnectionJNI: close
03-25 13:52:37.300  8223  8223 V D2xx::  : Vendor: 0403, Product: 6001
03-25 13:52:37.301  8223  8223 D FTDI_Device::: open SUCCESS
03-25 13:52:37.301  8223  8223 I FTDI_Device::: EP: 0x81
03-25 13:52:37.301  8223  8223 I FTDI_Device::: EP: 0x02
03-25 13:52:37.301  8223  8223 D D2XX::  : **********************Device Opened**********************
03-25 13:52:37.301  8223 13562 W System.err: java.lang.NullPointerException: Attempt to read from null array
03-25 13:52:37.301  8223 13562 W System.err: 	at com.ftdi.j2xx.ProcessInCtrl.acquireWritableBuffer(FT_Device.java:2281)
03-25 13:52:37.301  8223  8319 D MediaPlayer: setSubtitleAnchor in MediaPlayer
03-25 13:52:37.302  8223 13562 W System.err: 	at com.ftdi.j2xx.BulkInWorker.run(FT_Device.java:2853)
03-25 13:52:37.302  8223 13562 W System.err: 	at java.lang.Thread.run(Thread.java:818)
03-25 13:52:37.302  8223 13562 E BulkIn::: Fatal error in BulkIn thread
03-25 13:52:37.303  8223 13563 E ProcessRequestThread::: Fatal error!
03-25 13:52:37.303  8223 13563 W System.err: java.lang.NullPointerException: Attempt to read from null array
03-25 13:52:37.304  8223 13563 W System.err: 	at com.ftdi.j2xx.ProcessInCtrl.acquireReadableBuffer(FT_Device.java:2294)
03-25 13:52:37.304  8223 13563 W System.err: 	at com.ftdi.j2xx.ProcessRequestWorker.run(FT_Device.java:2764)
03-25 13:52:37.304  8223 13563 W System.err: 	at java.lang.Thread.run(Thread.java:818)
03-25 13:52:37.304  8223  8223 D UsbDeviceConnectionJNI: close
03-25 13:52:37.304  8223  8223 V D2xx::  : Vendor: 0403, Product: 6001
03-25 13:52:37.305  8223 13565 E ProcessRequestThread::: Fatal error!
03-25 13:52:37.305  8223  8223 D FTDI_Device::: open SUCCESS
03-25 13:52:37.305  8223 13565 W System.err: java.lang.NullPointerException: Attempt to read from null array
03-25 13:52:37.305  8223  8223 I FTDI_Device::: EP: 0x81
03-25 13:52:37.305  8223  8223 I FTDI_Device::: EP: 0x02
03-25 13:52:37.305  8223 13565 W System.err: 	at com.ftdi.j2xx.ProcessInCtrl.acquireReadableBuffer(FT_Device.java:2294)
03-25 13:52:37.305  8223 13565 W System.err: 	at com.ftdi.j2xx.ProcessRequestWorker.run(FT_Device.java:2764)
03-25 13:52:37.305  8223  8223 D D2XX::  : **********************Device Opened**********************
03-25 13:52:37.305  8223 13565 W System.err: 	at java.lang.Thread.run(Thread.java:818)
03-25 13:52:37.306  8223 13564 W System.err: java.lang.NullPointerException: Attempt to read from null array
03-25 13:52:37.306  8223 13564 W System.err: 	at com.ftdi.j2xx.ProcessInCtrl.acquireWritableBuffer(FT_Device.java:2281)
03-25 13:52:37.306  8223 13564 W System.err: 	at com.ftdi.j2xx.BulkInWorker.run(FT_Device.java:2853)
03-25 13:52:37.306  8223 13564 W System.err: 	at java.lang.Thread.run(Thread.java:818)
03-25 13:52:37.306  8223 13564 E BulkIn::: Fatal error in BulkIn thread
03-25 13:52:37.307  8223  8223 D UsbDeviceConnectionJNI: close
03-25 13:52:37.308  8223  8223 V D2xx::  : Vendor: 0403, Product: 6001
03-25 13:52:37.308  8223  8223 D FTDI_Device::: open SUCCESS
03-25 13:52:37.308  8223  8223 I FTDI_Device::: EP: 0x81
03-25 13:52:37.309  8223  8223 I FTDI_Device::: EP: 0x02
03-25 13:52:37.309  8223  8223 D D2XX::  : **********************Device Opened**********************
03-25 13:52:37.309  8223 13568 E ProcessRequestThread::: Fatal error!
03-25 13:52:37.309  8223 13568 W System.err: java.lang.NullPointerException: Attempt to read from null array
03-25 13:52:37.309  8223 13568 W System.err: 	at com.ftdi.j2xx.ProcessInCtrl.acquireReadableBuffer(FT_Device.java:2294)
03-25 13:52:37.309  8223 13568 W System.err: 	at com.ftdi.j2xx.ProcessRequestWorker.run(FT_Device.java:2764)
03-25 13:52:37.309  8223 13568 W System.err: 	at java.lang.Thread.run(Thread.java:818)
03-25 13:52:37.314  8223 13567 W System.err: java.lang.NullPointerException: Attempt to read from null array
03-25 13:52:37.314  8223 13567 W System.err: 	at com.ftdi.j2xx.ProcessInCtrl.acquireWritableBuffer(FT_Device.java:2281)
03-25 13:52:37.314  8223 13567 W System.err: 	at com.ftdi.j2xx.BulkInWorker.run(FT_Device.java:2853)
03-25 13:52:37.315  8223 13567 W System.err: 	at java.lang.Thread.run(Thread.java:818)
03-25 13:52:37.315  8223 13567 E BulkIn::: Fatal error in BulkIn thread
03-25 13:52:37.315  8223  8223 D UsbDeviceConnectionJNI: close
03-25 13:52:37.315  8223  8223 D WifiDirect: cannot create group, does group already exist?
03-25 13:52:37.316  8223 13570 E ProcessRequestThread::: Fatal error!
03-25 13:52:37.316  8223 13570 W System.err: java.lang.NullPointerException: Attempt to read from null array
03-25 13:52:37.317  8223 13570 W System.err: 	at com.ftdi.j2xx.ProcessInCtrl.acquireReadableBuffer(FT_Device.java:2294)
03-25 13:52:37.317  8223 13570 W System.err: 	at com.ftdi.j2xx.ProcessRequestWorker.run(FT_Device.java:2764)
03-25 13:52:37.317  8223 13570 W System.err: 	at java.lang.Thread.run(Thread.java:818)
03-25 13:52:37.321  8223 13569 W System.err: java.lang.NullPointerException: Attempt to read from null array
03-25 13:52:37.321  8223 13569 W System.err: 	at com.ftdi.j2xx.ProcessInCtrl.acquireWritableBuffer(FT_Device.java:2281)
03-25 13:52:37.321  8223 13569 W System.err: 	at com.ftdi.j2xx.BulkInWorker.run(FT_Device.java:2853)
03-25 13:52:37.321  8223 13569 W System.err: 	at java.lang.Thread.run(Thread.java:818)
03-25 13:52:37.321  8223 13569 E BulkIn::: Fatal error in BulkIn thread
03-25 13:52:37.329  8223  8317 D ExtendedUtils: extended extractor not needed, return default
03-25 13:52:37.331  8223  8317 I MediaCodec: (0xb8415f78) init name(audio/raw) isType(1) encoder(0)
03-25 13:52:37.335  8223  8223 D WifiDirect: group owners address: /192.168.49.1
03-25 13:52:37.335  8223  8223 D WifiDirect: group formed, this device is the group owner (GO)
03-25 13:52:37.335  8223  8223 I FTCService: Wifi Direct - connected as group owner
03-25 13:52:37.335  8223  8223 D WifiDirect: stop discovering peers
03-25 13:52:37.337  8223 13571 I OMXClient: Using client-side OMX mux.
03-25 13:52:37.340  8223  8223 V RobotCore: Network: enabled, disconnected
03-25 13:52:37.341  8223  8223 W MediaPlayer: mediaplayer went away with unhandled events
03-25 13:52:37.345  8223 13571 E OMXMaster: A component of name 'OMX.qcom.audio.decoder.aac' already exists, ignoring this one.
03-25 13:52:37.350  8223 13571 I MediaCodec: (0xb8415f78) Component Allocated (OMX.google.raw.decoder)
03-25 13:52:37.350  8223  8317 I MediaCodec: (0xb8415f78) configure surface(0x0) crypto(0x0) flags(0)
03-25 13:52:37.350  8223  8317 D MediaCodec: (0xb8415f78) configure format: AMessage(what = 0x00000000) = {
03-25 13:52:37.350  8223  8317 D MediaCodec:    string mime = "audio/raw"
03-25 13:52:37.350  8223  8317 D MediaCodec:    int64_t durationUs = 929183
03-25 13:52:37.350  8223  8317 D MediaCodec:    int32_t channel-count = 2
03-25 13:52:37.350  8223  8317 D MediaCodec:    int32_t sample-rate = 44100
03-25 13:52:37.350  8223  8317 D MediaCodec:    int32_t channel-mask = 0
03-25 13:52:37.350  8223  8317 D MediaCodec:  }
03-25 13:52:37.352  8223  8317 I MediaCodec: (0xb8415f78) start
03-25 13:52:37.354  8223 13571 I MediaCodec: (0xb8415f78) input buffers allocated
03-25 13:52:37.354  8223 13571 I MediaCodec: (0xb8415f78) numBuffers (4)
03-25 13:52:37.354  8223 13571 I MediaCodec: (0xb8415f78) output buffers allocated
03-25 13:52:37.354  8223 13571 I MediaCodec: (0xb8415f78) numBuffers (4)
03-25 13:52:37.360  8223 13571 I MediaCodec: (0xb8415f78) codec output format changed
03-25 13:52:37.360  8223 13571 D MediaCodec: (0xb8415f78) output format: AMessage(what = 'codc', target = 18) = {
03-25 13:52:37.360  8223 13571 D MediaCodec:    string mime = "audio/raw"
03-25 13:52:37.360  8223 13571 D MediaCodec:    int32_t channel-count = 2
03-25 13:52:37.360  8223 13571 D MediaCodec:    int32_t sample-rate = 44100
03-25 13:52:37.360  8223 13571 D MediaCodec:    int32_t channel-mask = 0
03-25 13:52:37.360  8223 13571 D MediaCodec:    int32_t what = 1869968451
03-25 13:52:37.360  8223 13571 D MediaCodec:  }
03-25 13:52:37.371  8223  8223 V WifiDirect: connection information available
03-25 13:52:37.372  8223  8223 V WifiDirect: connection information - groupOwnerName = 7351-E-RC
03-25 13:52:37.372  8223  8223 V WifiDirect: connection information - groupOwnerMacAddress = 68:c4:4d:a7:7f:b2
03-25 13:52:37.372  8223  8223 V WifiDirect: connection information - groupInterface = p2p0
03-25 13:52:37.372  8223  8223 V WifiDirect: connection information - groupNetworkName = DIRECT-BC-7351-E-RC
03-25 13:52:37.372  8223  8223 I FTCService: Network Connection Passphrase: qrHgA3tW
03-25 13:52:37.372  8223  8223 V RobotCore: Network: active, disconnected
03-25 13:52:37.372  8223  8223 V RCActivity: onPause()
03-25 13:52:37.373  8223  8223 V D2xx::  : Vendor: 0403, Product: 6001
03-25 13:52:37.373  8223  8223 V D2xx::  : Vendor: 0403, Product: 6001
03-25 13:52:37.373  8223  8223 I FIRST   : ignoring: unable get serial number of attached UsbDevice vendor=0x0403, product=0x6001 device=0x03f1 name=/dev/bus/usb/001/009
03-25 13:52:37.373  8223  8223 V RCActivity: onResume()
03-25 13:52:37.373  8223  8223 V D2xx::  : Vendor: 0403, Product: 6001
03-25 13:52:37.375  8223  8317 I MediaCodec: (0xb8415f78) stop
03-25 13:52:37.377  8223  8317 I MediaCodec: (0xb8415f78) release
03-25 13:52:37.383  8223  8319 W AudioTrack: AUDIO_OUTPUT_FLAG_FAST denied by client; transfer 4, track 44100 Hz, output 48000 Hz
03-25 13:52:37.383  8223  8223 D UsbDeviceConnectionJNI: close
03-25 13:52:42.291  8223 13559 V RobotCore: EventLoopManager state is NOT_STARTED
03-25 13:52:42.291  8223 13559 V RobotCore: Robot Status: stopped, waiting on network
03-25 13:52:42.291  8223 13559 V RobotCore: Robot Status: stopped, starting robot
03-25 13:52:42.292  8223 13559 V Robocol : EventLoopManager.start()
03-25 13:52:42.292  8223 13559 V Robocol : Spoofing a Network Connection event...
03-25 13:52:42.293  8223 13559 V RobotCore: executive service EventLoop is terminated
03-25 13:52:42.293  8223 13559 V RobotCore: EventLoopManager state is STOPPED
03-25 13:52:42.293  8223  8223 I RobotCore: Battery Checker, Level Remaining: 99.0
03-25 13:52:42.293  8223 13559 V Robocol : eventLoop=FtcEventLoop
03-25 13:52:42.293  8223 13559 V RobotCore: EventLoopManager state is INIT
03-25 13:52:42.293  8223 13559 V RobotCore: Robot Status: initializing, starting robot
03-25 13:52:42.293  8223 13559 I FIRST   : ======= INIT START =======
03-25 13:52:42.294  8223  8223 I RobotCore: Battery Checker, Level Remaining: 99.0
03-25 13:52:42.299  8223 13577 V RobotCore: thread: 'SetupRunnable.run()' starting...
03-25 13:52:42.340  8223 13559 D OpmodeRegistration: registered {CapBallCloseBlue} as {CapBallCloseBlue}
03-25 13:52:42.341  8223 13559 D OpmodeRegistration: registered {CapBallCloseRed} as {CapBallCloseRed}
03-25 13:52:42.341  8223 13559 D OpmodeRegistration: registered {ShootBackUpBlue} as {ShootBackUpBlue}
03-25 13:52:42.342  8223 13559 D OpmodeRegistration: registered {ShootBackUpRed} as {ShootBackUpRed}
03-25 13:52:42.343  8223 13559 D OpmodeRegistration: registered {ShootDefenseBlueMiddle} as {ShootDefenseBlueMiddle}
03-25 13:52:42.343  8223 13559 D OpmodeRegistration: registered {ShootDefenseBlueShootBlock} as {ShootDefenseBlueShootBlock}
03-25 13:52:42.344  8223 13577 D Robocol : RobocolDatagramSocket listening addr=/192.168.49.1:20884 cbRec=65520 cbSend=163840 msRecTO=300
03-25 13:52:42.344  8223 13577 V Robocol : RecvLoopRunnable created
03-25 13:52:42.344  8223 13559 D OpmodeRegistration: registered {ShootDefenseRedMiddle} as {ShootDefenseRedMiddle}
03-25 13:52:42.345  8223 13577 V PeerDiscovery: Starting peer discovery
03-25 13:52:42.345  8223 13577 V PeerDiscovery: No need for peer discovery, we are the peer discovery device
03-25 13:52:42.345  8223 13577 V RobotCore: Setup complete
03-25 13:52:42.345  8223 13577 V RobotCore: thread: ...terminating 'SetupRunnable.run()'
03-25 13:52:42.345  8223 13559 D OpmodeRegistration: registered {ShootDefenseRedShootBlock} as {ShootDefenseRedShootBlock}
03-25 13:52:42.346  8223 13579 V RobotCore: thread: 'RecvLoopRunnable.run()' starting...
03-25 13:52:42.346  8223 13559 D OpmodeRegistration: registered {ShootDefenseRedShootBlockAlt} as {ShootDefenseRedShootBlockAlt}
03-25 13:52:42.347  8223 13559 D OpmodeRegistration: registered {ShootOnlyBlueClose} as {ShootOnlyClose}
03-25 13:52:42.347  8223 13559 D OpmodeRegistration: registered {ShootOnlyRedClose} as {ShootOnlyRedClose}
03-25 13:52:42.348  8223 13559 D OpmodeRegistration: registered {ShootTwoBlue} as {ShootTwoBlue}
03-25 13:52:42.349  8223 13559 D OpmodeRegistration: registered {ShootTwoRed} as {ShootTwoRed}
