03-24 21:48:04.706 16447 16547 E RobotCore:     at com.qualcomm.hardware.modernrobotics.comm.ModernRoboticsReaderWriter.readIncomingBytes(ModernRoboticsReaderWriter.java:362)
03-24 21:48:04.706 16447 16547 E RobotCore:     at com.qualcomm.hardware.modernrobotics.comm.ModernRoboticsReaderWriter.readResponse(ModernRoboticsReaderWriter.java:313)
03-24 21:48:04.706 16447 16547 E RobotCore:     at com.qualcomm.hardware.modernrobotics.comm.ModernRoboticsReaderWriter.read(ModernRoboticsReaderWriter.java:179)
03-24 21:48:04.706 16447 16547 E RobotCore:     at com.qualcomm.hardware.modernrobotics.comm.ReadWriteRunnableStandard$1.run(ReadWriteRunnableStandard.java:344)
03-24 21:48:04.706 16447 16547 E RobotCore:     at com.qualcomm.robotcore.util.ThreadPool.logThreadLifeCycle(ThreadPool.java:513)
03-24 21:48:04.706 16447 16547 E RobotCore:     at com.qualcomm.hardware.modernrobotics.comm.ReadWriteRunnableStandard.run(ReadWriteRunnableStandard.java:304)
03-24 21:48:04.707 16447 16547 E RobotCore:     at java.util.concurrent.ThreadPoolExecutor.runWorker(ThreadPoolExecutor.java:1113)
03-24 21:48:04.707 16447 16547 E RobotCore:     at java.util.concurrent.ThreadPoolExecutor$Worker.run(ThreadPoolExecutor.java:588)
03-24 21:48:04.707 16447 16547 E RobotCore:     at java.lang.Thread.run(Thread.java:818)
03-24 21:48:04.707 16447 16547 V RobotUsbDeviceFtdi: closing AL00YCFA
03-24 21:48:04.707 16447 16547 V RobotCore: thread: ...terminating 'r/w loop: Modern Robotics USB DC Motor Controller [AL00YCFA]'
03-24 21:48:04.709 16447 16580 V RobotCore: thread: 'r/w loop: Modern Robotics USB Servo Controller [AL026DRM]' starting...
03-24 21:48:04.709 16447 16551 D RobotCore: ...arming modern servo controller Modern Robotics USB Servo Controller [AL026DRM] complete
03-24 21:48:04.709 16447 16551 I FIRST   : ======= MODULE DETACH RECOVERY: complete Modern Robotics USB Servo Controller [AL026DRM]=======
03-24 21:48:04.709 16447 16551 V RobotCore: event loop: device has shutdown abnormally
03-24 21:48:04.709 16447 16551 V RobotCore: event loop: detaching device owner
03-24 21:48:04.709 16447 16551 I FIRST   : ======= MODULE DETACH RECOVERY: disarm Modern Robotics USB DC Motor Controller [AI049PCI]=======
03-24 21:48:04.709 16447 16551 D RobotCore: disarming modern motor controller Modern Robotics USB DC Motor Controller [AI049PCI]...
03-24 21:48:04.710 16447 16551 V RobotCore: waiting for service ReadWriteRunnable for Modern Robotics USB Device
03-24 21:48:04.711 16447 16551 V RobotCore: awaitTermination returned, isTerminated=true
03-24 21:48:04.711 16447 16551 V RobotCore: executive service ReadWriteRunnable for Modern Robotics USB Device is terminated
03-24 21:48:04.711 16447 16551 V RobotUsbDeviceFtdi: closing AI049PCI
03-24 21:48:04.711 16447 16530 D MediaPlayer: setSubtitleAnchor in MediaPlayer
03-24 21:48:04.711 16447 16551 D RobotCore: ...disarming modern motor controller Modern Robotics USB DC Motor Controller [AI049PCI] complete
03-24 21:48:04.711 16447 16551 I FIRST   : ======= MODULE DETACH RECOVERY: pretend Modern Robotics USB DC Motor Controller [AI049PCI]=======
03-24 21:48:04.711 16447 16551 D RobotCore: arming modern motor controller Modern Robotics USB DC Motor Controller [AI049PCI] (pretend)...
03-24 21:48:04.711 16447 16551 V RobotCore: Starting up pretend device AI049PCI
03-24 21:48:04.713 16447 16447 D MediaPlayer: setSubtitleAnchor in MediaPlayer
03-24 21:48:04.714 16447 16582 V RobotCore: thread: 'r/w loop: Modern Robotics USB DC Motor Controller [AI049PCI]' starting...
03-24 21:48:04.714 16447 16551 D RobotCore: ...arming modern motor controller Modern Robotics USB DC Motor Controller [AI049PCI] complete
03-24 21:48:04.714 16447 16551 I FIRST   : ======= MODULE DETACH RECOVERY: complete Modern Robotics USB DC Motor Controller [AI049PCI]=======
03-24 21:48:04.714 16447 16551 V RobotCore: event loop: device has shutdown abnormally
03-24 21:48:04.714 16447 16551 V RobotCore: event loop: detaching device owner
03-24 21:48:04.714 16447 16551 I FIRST   : ======= MODULE DETACH RECOVERY: disarm Modern Robotics USB DC Motor Controller [AL00VM5S]=======
03-24 21:48:04.714 16447 16551 D RobotCore: disarming modern motor controller Modern Robotics USB DC Motor Controller [AL00VM5S]...
03-24 21:48:04.715 16447 16551 V RobotCore: waiting for service ReadWriteRunnable for Modern Robotics USB Device
03-24 21:48:04.715 16447 16551 V RobotCore: awaitTermination returned, isTerminated=true
03-24 21:48:04.715 16447 16551 V RobotCore: executive service ReadWriteRunnable for Modern Robotics USB Device is terminated
03-24 21:48:04.715 16447 16551 V RobotUsbDeviceFtdi: closing AL00VM5S
03-24 21:48:04.715 16447 16551 D RobotCore: ...disarming modern motor controller Modern Robotics USB DC Motor Controller [AL00VM5S] complete
03-24 21:48:04.715 16447 16551 I FIRST   : ======= MODULE DETACH RECOVERY: pretend Modern Robotics USB DC Motor Controller [AL00VM5S]=======
03-24 21:48:04.715 16447 16551 D RobotCore: arming modern motor controller Modern Robotics USB DC Motor Controller [AL00VM5S] (pretend)...
03-24 21:48:04.715 16447 16551 V RobotCore: Starting up pretend device AL00VM5S
03-24 21:48:04.717 16447 16583 V RobotCore: thread: 'r/w loop: Modern Robotics USB DC Motor Controller [AL00VM5S]' starting...
03-24 21:48:04.717 16447 16551 D RobotCore: ...arming modern motor controller Modern Robotics USB DC Motor Controller [AL00VM5S] complete
03-24 21:48:04.717 16447 16551 I FIRST   : ======= MODULE DETACH RECOVERY: complete Modern Robotics USB DC Motor Controller [AL00VM5S]=======
03-24 21:48:04.717 16447 16551 V RobotCore: event loop: device has shutdown abnormally
03-24 21:48:04.717 16447 16551 V RobotCore: event loop: detaching device owner
03-24 21:48:04.717 16447 16551 I FIRST   : ======= MODULE DETACH RECOVERY: disarm Modern Robotics USB DC Motor Controller [AL00YCFA]=======
03-24 21:48:04.717 16447 16551 D RobotCore: disarming modern motor controller Modern Robotics USB DC Motor Controller [AL00YCFA]...
03-24 21:48:04.717 16447 16551 V RobotCore: waiting for service ReadWriteRunnable for Modern Robotics USB Device
03-24 21:48:04.718 16447 16551 V RobotCore: awaitTermination returned, isTerminated=true
03-24 21:48:04.718 16447 16551 V RobotCore: executive service ReadWriteRunnable for Modern Robotics USB Device is terminated
03-24 21:48:04.718 16447 16551 V RobotUsbDeviceFtdi: closing AL00YCFA
03-24 21:48:04.718 16447 16551 D RobotCore: ...disarming modern motor controller Modern Robotics USB DC Motor Controller [AL00YCFA] complete
03-24 21:48:04.718 16447 16551 I FIRST   : ======= MODULE DETACH RECOVERY: pretend Modern Robotics USB DC Motor Controller [AL00YCFA]=======
03-24 21:48:04.718 16447 16551 D RobotCore: arming modern motor controller Modern Robotics USB DC Motor Controller [AL00YCFA] (pretend)...
03-24 21:48:04.718 16447 16551 V RobotCore: Starting up pretend device AL00YCFA
03-24 21:48:04.723 16447 16584 V RobotCore: thread: 'r/w loop: Modern Robotics USB DC Motor Controller [AL00YCFA]' starting...
03-24 21:48:04.723 16447 16551 D RobotCore: ...arming modern motor controller Modern Robotics USB DC Motor Controller [AL00YCFA] complete
03-24 21:48:04.723 16447 16551 I FIRST   : ======= MODULE DETACH RECOVERY: complete Modern Robotics USB DC Motor Controller [AL00YCFA]=======
03-24 21:48:04.723 16447 16551 D RobotCore: system telemetry: key=$System$Warning$ msg="problem communicating with Modern Robotics USB Core Device Interface Module [AI041S6Y]; problem communicating with Modern Robotics USB Core Device Interface Module [AL00VDA6]; problem communicating with Modern Robotics USB Servo Controller [AL026DRM]; problem communicating with Modern Robotics USB DC Motor Controller [AL00YCFA]; problem communicating with Modern Robotics USB DC Motor Controller [AL00VM5S]; problem communicating with Modern Robotics USB DC Motor Controller [AI049PCI]; problem communicating with Modern Robotics USB DC Motor Controller [AL00VM5X]"
03-24 21:48:04.724 16447 16551 V RobotCore: event loop: device has shutdown abnormally
03-24 21:48:04.724 16447 16551 V RobotCore: event loop: detaching device owner
03-24 21:48:04.724 16447 16551 I FIRST   : ======= MODULE DETACH RECOVERY: disarm Modern Robotics USB Core Device Interface Module [AL00VDA6]=======
03-24 21:48:04.724 16447 16551 V RobotCore: waiting for service ReadWriteRunnable for Modern Robotics USB Device
03-24 21:48:04.725 16447 16551 V RobotCore: awaitTermination returned, isTerminated=true
03-24 21:48:04.725 16447 16551 V RobotCore: executive service ReadWriteRunnable for Modern Robotics USB Device is terminated
03-24 21:48:04.725 16447 16551 V RobotUsbDeviceFtdi: closing AL00VDA6
03-24 21:48:04.725 16447 16551 I FIRST   : ======= MODULE DETACH RECOVERY: pretend Modern Robotics USB Core Device Interface Module [AL00VDA6]=======
03-24 21:48:04.725 16447 16551 V RobotCore: Starting up pretend device AL00VDA6
03-24 21:48:04.728 16447 16585 V RobotCore: thread: 'r/w loop: Modern Robotics USB Core Device Interface Module [AL00VDA6]' starting...
03-24 21:48:04.728 16447 16585 V RobotCore:i2cSynch(USB AL00VDA6; port 2): doPortIsReadyCallbackBeginWork ...
03-24 21:48:04.728 16447 16585 V RobotCore:i2cSynch(USB AL00VDA6; port 2): ... doPortIsReadyCallbackBeginWork complete
03-24 21:48:04.728 16447 16551 V RobotCore:i2cSynch(USB AL00VDA6; port 2): onPretending ...
03-24 21:48:04.728 16447 16551 V RobotCore:i2cSynch(USB AL00VDA6; port 2): doModuleIsArmedWork ...
03-24 21:48:04.728 16447 16551 V RobotCore:i2cSynch(USB AL00VDA6; port 2): hooking ...
03-24 21:48:04.728 16447 16551 V RobotCore:i2cSynch(USB AL00VDA6; port 2): ... hooking complete
03-24 21:48:04.728 16447 16551 V RobotCore:i2cSynch(USB AL00VDA6; port 2): ... doModuleIsArmedWork complete
03-24 21:48:04.728 16447 16551 V RobotCore:i2cSynch(USB AL00VDA6; port 2): ... onPretending
03-24 21:48:04.728 16447 16551 I FIRST   : ======= MODULE DETACH RECOVERY: complete Modern Robotics USB Core Device Interface Module [AL00VDA6]=======
03-24 21:48:04.728 16447 16551 V RobotCore: event loop: device has shutdown abnormally
03-24 21:48:04.728 16447 16551 V RobotCore: event loop: detaching device owner
03-24 21:48:04.728 16447 16551 I FIRST   : ======= MODULE DETACH RECOVERY: disarm Modern Robotics USB DC Motor Controller [AL00VM5X]=======
03-24 21:48:04.728 16447 16551 D RobotCore: disarming modern motor controller Modern Robotics USB DC Motor Controller [AL00VM5X]...
03-24 21:48:04.729 16447 16551 V RobotCore: waiting for service ReadWriteRunnable for Modern Robotics USB Device
03-24 21:48:04.729 16447 16551 V RobotCore: awaitTermination returned, isTerminated=true
03-24 21:48:04.729 16447 16551 V RobotCore: executive service ReadWriteRunnable for Modern Robotics USB Device is terminated
03-24 21:48:04.729 16447 16551 V RobotUsbDeviceFtdi: closing AL00VM5X
03-24 21:48:04.729 16447 16551 D RobotCore: ...disarming modern motor controller Modern Robotics USB DC Motor Controller [AL00VM5X] complete
03-24 21:48:04.729 16447 16551 I FIRST   : ======= MODULE DETACH RECOVERY: pretend Modern Robotics USB DC Motor Controller [AL00VM5X]=======
03-24 21:48:04.729 16447 16551 D RobotCore: arming modern motor controller Modern Robotics USB DC Motor Controller [AL00VM5X] (pretend)...
03-24 21:48:04.729 16447 16551 V RobotCore: Starting up pretend device AL00VM5X
03-24 21:48:04.730 16447 16586 V RobotCore: thread: 'r/w loop: Modern Robotics USB DC Motor Controller [AL00VM5X]' starting...
03-24 21:48:04.730 16447 16551 D RobotCore: ...arming modern motor controller Modern Robotics USB DC Motor Controller [AL00VM5X] complete
03-24 21:48:04.731 16447 16551 I FIRST   : ======= MODULE DETACH RECOVERY: complete Modern Robotics USB DC Motor Controller [AL00VM5X]=======
03-24 21:48:04.734 16447 16528 D ExtendedUtils: extended extractor not needed, return default
03-24 21:48:04.735 16447 16528 I MediaCodec: (0xb892d260) init name(audio/raw) isType(1) encoder(0)
03-24 21:48:04.736 16447 16587 I OMXClient: Using client-side OMX mux.
03-24 21:48:04.740 16447 16587 E OMXMaster: A component of name 'OMX.qcom.audio.decoder.aac' already exists, ignoring this one.
03-24 21:48:04.743 16447 16587 I MediaCodec: (0xb892d260) Component Allocated (OMX.google.raw.decoder)
03-24 21:48:04.743 16447 16528 I MediaCodec: (0xb892d260) configure surface(0x0) crypto(0x0) flags(0)
03-24 21:48:04.744 16447 16528 D MediaCodec: (0xb892d260) configure format: AMessage(what = 0x00000000) = {
03-24 21:48:04.744 16447 16528 D MediaCodec:    string mime = "audio/raw"
03-24 21:48:04.744 16447 16528 D MediaCodec:    int64_t durationUs = 1043650
03-24 21:48:04.744 16447 16528 D MediaCodec:    int32_t channel-count = 2
03-24 21:48:04.744 16447 16528 D MediaCodec:    int32_t sample-rate = 44100
03-24 21:48:04.744 16447 16528 D MediaCodec:    int32_t channel-mask = 0
03-24 21:48:04.744 16447 16528 D MediaCodec:  }
03-24 21:48:04.744 16447 16528 I MediaCodec: (0xb892d260) start
03-24 21:48:04.745 16447 16587 I MediaCodec: (0xb892d260) input buffers allocated
03-24 21:48:04.745 16447 16587 I MediaCodec: (0xb892d260) numBuffers (4)
03-24 21:48:04.745 16447 16587 I MediaCodec: (0xb892d260) output buffers allocated
03-24 21:48:04.745 16447 16587 I MediaCodec: (0xb892d260) numBuffers (4)
03-24 21:48:04.750 16447 16587 I MediaCodec: (0xb892d260) codec output format changed
03-24 21:48:04.751 16447 16587 D MediaCodec: (0xb892d260) output format: AMessage(what = 'codc', target = 10) = {
03-24 21:48:04.751 16447 16587 D MediaCodec:    string mime = "audio/raw"
03-24 21:48:04.751 16447 16587 D MediaCodec:    int32_t channel-count = 2
03-24 21:48:04.751 16447 16587 D MediaCodec:    int32_t sample-rate = 44100
03-24 21:48:04.751 16447 16587 D MediaCodec:    int32_t channel-mask = 0
03-24 21:48:04.751 16447 16587 D MediaCodec:    int32_t what = 1869968451
03-24 21:48:04.751 16447 16587 D MediaCodec:  }
03-24 21:48:04.760 16447 16528 I MediaCodec: (0xb892d260) stop
03-24 21:48:04.761 16447 16528 I MediaCodec: (0xb892d260) release
03-24 21:48:04.765 16447 16530 W AudioTrack: AUDIO_OUTPUT_FLAG_FAST denied by client; transfer 4, track 44100 Hz, output 48000 Hz
03-24 21:48:05.812 16447 16530 W AudioTrack: AUDIO_OUTPUT_FLAG_FAST denied by client; transfer 4, track 44100 Hz, output 48000 Hz
03-24 21:49:23.851 17254 17254 I art     : Late-enabling -Xcheck:jni
03-24 21:49:24.107 17254 17254 V RCActivity: onCreate()
03-24 21:49:24.114 17254 17273 V RobotCore: saving logcat to /storage/emulated/0/com.qualcomm.ftcrobotcontroller.logcat
03-24 21:49:24.114 17254 17273 V RobotCore: logging command line: logcat -f /storage/emulated/0/com.qualcomm.ftcrobotcontroller.logcat -r4096 -n4 -v threadtime UsbRequestJNI:S UsbRequest:S *:V
03-24 21:49:24.156 17254 17254 I WebViewFactory: Loading com.google.android.webview version 46.0.2490.76 (code 249007600)
03-24 21:49:24.182 17276 17276 W ps      : type=1400 audit(0.0:81624): avc: denied { getattr } for uid=10087 path="/proc/1" dev="proc" ino=650022 scontext=u:r:untrusted_app:s0:c512,c768 tcontext=u:r:init:s0 tclass=dir permissive=0
03-24 21:49:24.182 17276 17276 W ps      : type=1400 audit(0.0:81625): avc: denied { search } for uid=10087 name="1" dev="proc" ino=650022 scontext=u:r:untrusted_app:s0:c512,c768 tcontext=u:r:init:s0 tclass=dir permissive=0
03-24 21:49:24.182 17276 17276 W ps      : type=1400 audit(0.0:81626): avc: denied { search } for uid=10087 name="1" dev="proc" ino=650022 scontext=u:r:untrusted_app:s0:c512,c768 tcontext=u:r:init:s0 tclass=dir permissive=0
03-24 21:49:24.182 17276 17276 W ps      : type=1400 audit(0.0:81627): avc: denied { getattr } for uid=10087 path="/proc/2" dev="proc" ino=650885 scontext=u:r:untrusted_app:s0:c512,c768 tcontext=u:r:kernel:s0 tclass=dir permissive=0
03-24 21:49:24.182 17276 17276 W ps      : type=1400 audit(0.0:81628): avc: denied { search } for uid=10087 name="2" dev="proc" ino=650885 scontext=u:r:untrusted_app:s0:c512,c768 tcontext=u:r:kernel:s0 tclass=dir permissive=0
03-24 21:49:24.182 17276 17276 W ps      : type=1400 audit(0.0:81629): avc: denied { search } for uid=10087 name="2" dev="proc" ino=650885 scontext=u:r:untrusted_app:s0:c512,c768 tcontext=u:r:kernel:s0 tclass=dir permissive=0
03-24 21:49:24.182 17276 17276 W ps      : type=1400 audit(0.0:81630): avc: denied { getattr } for uid=10087 path="/proc/3" dev="proc" ino=650886 scontext=u:r:untrusted_app:s0:c512,c768 tcontext=u:r:kernel:s0 tclass=dir permissive=0
03-24 21:49:24.182 17276 17276 W ps      : type=1400 audit(0.0:81631): avc: denied { search } for uid=10087 name="3" dev="proc" ino=650886 scontext=u:r:untrusted_app:s0:c512,c768 tcontext=u:r:kernel:s0 tclass=dir permissive=0
03-24 21:49:24.182 17276 17276 W ps      : type=1400 audit(0.0:81632): avc: denied { search } for uid=10087 name="3" dev="proc" ino=650886 scontext=u:r:untrusted_app:s0:c512,c768 tcontext=u:r:kernel:s0 tclass=dir permissive=0
03-24 21:49:24.182 17276 17276 W ps      : type=1400 audit(0.0:81633): avc: denied { getattr } for uid=10087 path="/proc/5" dev="proc" ino=650887 scontext=u:r:untrusted_app:s0:c512,c768 tcontext=u:r:kernel:s0 tclass=dir permissive=0
03-24 21:49:24.182 17276 17276 W ps      : type=1400 audit(0.0:81634): avc: denied { search } for uid=10087 name="5" dev="proc" ino=650887 scontext=u:r:untrusted_app:s0:c512,c768 tcontext=u:r:kernel:s0 tclass=dir permissive=0
03-24 21:49:24.182 17276 17276 W ps      : type=1400 audit(0.0:81635): avc: denied { search } for uid=10087 name="5" dev="proc" ino=650887 scontext=u:r:untrusted_app:s0:c512,c768 tcontext=u:r:kernel:s0 tclass=dir permissive=0
03-24 21:49:24.182 17276 17276 W ps      : type=1400 audit(0.0:81636): avc: denied { getattr } for uid=10087 path="/proc/6" dev="proc" ino=650888 scontext=u:r:untrusted_app:s0:c512,c768 tcontext=u:r:kernel:s0 tclass=dir permissive=0
03-24 21:49:24.182 17276 17276 W ps      : type=1400 audit(0.0:81637): avc: denied { search } for uid=10087 name="6" dev="proc" ino=650888 scontext=u:r:untrusted_app:s0:c512,c768 tcontext=u:r:kernel:s0 tclass=dir permissive=0
03-24 21:49:24.182 17276 17276 W ps      : type=1400 audit(0.0:81638): avc: denied { search } for uid=10087 name="6" dev="proc" ino=650888 scontext=u:r:untrusted_app:s0:c512,c768 tcontext=u:r:kernel:s0 tclass=dir permissive=0
03-24 21:49:24.182 17276 17276 W ps      : type=1400 audit(0.0:81639): avc: denied { getattr } for uid=10087 path="/proc/7" dev="proc" ino=650889 scontext=u:r:untrusted_app:s0:c512,c768 tcontext=u:r:kernel:s0 tclass=dir permissive=0
03-24 21:49:24.182 17276 17276 W ps      : type=1400 audit(0.0:81640): avc: denied { search } for uid=10087 name="7" dev="proc" ino=650889 scontext=u:r:untrusted_app:s0:c512,c768 tcontext=u:r:kernel:s0 tclass=dir permissive=0
03-24 21:49:24.182 17276 17276 W ps      : type=1400 audit(0.0:81641): avc: denied { search } for uid=10087 name="7" dev="proc" ino=650889 scontext=u:r:untrusted_app:s0:c512,c768 tcontext=u:r:kernel:s0 tclass=dir permissive=0
03-24 21:49:24.182 17276 17276 W ps      : type=1400 audit(0.0:81642): avc: denied { getattr } for uid=10087 path="/proc/8" dev="proc" ino=650890 scontext=u:r:untrusted_app:s0:c512,c768 tcontext=u:r:kernel:s0 tclass=dir permissive=0
03-24 21:49:24.182 17276 17276 W ps      : type=1400 audit(0.0:81643): avc: denied { search } for uid=10087 name="8" dev="proc" ino=650890 scontext=u:r:untrusted_app:s0:c512,c768 tcontext=u:r:kernel:s0 tclass=dir permissive=0
03-24 21:49:24.201 17254 17254 W System  : ClassLoader referenced unknown path: /system/app/WebViewGoogle/lib/arm
03-24 21:49:24.221 17254 17254 I cr.library_loader: Time to load native libraries: 4 ms (timestamps 8544-8548)
03-24 21:49:24.222 17254 17254 I cr.library_loader: Expected native library version number "46.0.2490.76", actual native library version number "46.0.2490.76"
03-24 21:49:24.278 17254 17254 V WebViewChromiumFactoryProvider: Binding Chromium to main looper Looper (main, tid 1) {e55676b}
03-24 21:49:24.278 17254 17254 I cr.library_loader: Expected native library version number "46.0.2490.76", actual native library version number "46.0.2490.76"
03-24 21:49:24.280 17254 17254 I chromium: [INFO:library_loader_hooks.cc(118)] Chromium logging enabled: level = 0, default verbosity = 0
03-24 21:49:24.290 17254 17254 I cr.BrowserStartup: Initializing chromium process, singleProcess=true
03-24 21:49:24.298 17254 17254 E SysUtils: ApplicationContext is null in ApplicationStatus
03-24 21:49:24.327 17254 17254 I Adreno-EGL: <qeglDrvAPI_eglInitialize:379>: EGL 1.4 QUALCOMM build:  (Ifd751822f5)
03-24 21:49:24.327 17254 17254 I Adreno-EGL: OpenGL ES Shader Compiler Version: XE031.06.00.05
03-24 21:49:24.327 17254 17254 I Adreno-EGL: Build Date: 01/26/16 Tue
03-24 21:49:24.327 17254 17254 I Adreno-EGL: Local Branch: AU12_SBA
03-24 21:49:24.327 17254 17254 I Adreno-EGL: Remote Branch: 
03-24 21:49:24.327 17254 17254 I Adreno-EGL: Local Patches: 
03-24 21:49:24.327 17254 17254 I Adreno-EGL: Reconstruct Branch: 
03-24 21:49:24.359 17254 17254 E chromium: [ERROR:browser_gpu_channel_host_factory.cc(258)] Failed to init browser shader disk cache.
03-24 21:49:24.387 17254 17254 E libEGL  : validate_display:255 error 3008 (EGL_BAD_DISPLAY)
03-24 21:49:24.432 17254 17254 W art     : Attempt to remove non-JNI local reference, dumping thread
03-24 21:49:24.442 17254 17254 W AwContents: onDetachedFromWindow called when already detached. Ignoring
03-24 21:49:25.498 17254 17254 V RobotCore: Network: inactive, disconnected
03-24 21:49:25.507 17254 17254 V RCActivity: onStart()
03-24 21:49:25.510 17254 17254 V RCActivity: onResume()
03-24 21:49:25.514 17254 17352 D OpenGLRenderer: Use EGL_SWAP_BEHAVIOR_PRESERVED: true
03-24 21:49:25.540 17254 17254 V RCActivity: onPause()
03-24 21:49:25.543 17254 17254 V RCActivity: onResume()
03-24 21:49:25.544 17254 17254 V RCActivity: onPause()
03-24 21:49:25.544 17254 17254 V RCActivity: onResume()
03-24 21:49:25.547 17254 17254 V RCActivity: onPause()
03-24 21:49:25.547 17254 17254 V RCActivity: onResume()
03-24 21:49:25.547 17254 17254 V RCActivity: onPause()
03-24 21:49:25.547 17254 17254 V RCActivity: onResume()
03-24 21:49:25.547 17254 17254 V RCActivity: onPause()
03-24 21:49:25.547 17254 17254 V RCActivity: onResume()
03-24 21:49:25.547 17254 17254 V RCActivity: onPause()
03-24 21:49:25.548 17254 17254 V RCActivity: onResume()
03-24 21:49:25.548 17254 17254 V FTCService: onCreate()
03-24 21:49:25.548 17254 17254 V FTCService: onBind()
03-24 21:49:25.548 17254 17254 V FTCService: Android device is motorola, MotoG3
03-24 21:49:25.549 17254 17254 V RobotCore: Getting network assistant of type: WIFIDIRECT
03-24 21:49:25.551 17254 17254 V WifiDirect: There are 1 Wifi Direct Assistant Clients (+)
03-24 21:49:25.551 17254 17254 V WifiDirect: Enabling Wifi Direct Assistant
03-24 21:49:25.584 17254 17352 I OpenGLRenderer: Initialized EGL, version 1.4
03-24 21:49:25.598 17254 17254 D WifiDirect: broadcast: state - enabled: true
03-24 21:49:25.600 17254 17254 D WifiDirect: broadcast: connection changed: connectStatus=NOT_CONNECTED networkInfo.state=CONNECTED
03-24 21:49:25.601 17254 17254 V WifiDirect: NetworkInfo: [type: WIFI_P2P[], state: CONNECTED/CONNECTED, reason: (unspecified), extra: (none), roaming: false, failover: false, isAvailable: true]
03-24 21:49:25.601 17254 17254 V WifiDirect: WifiP2pInfo: groupFormed: true isGroupOwner: true operatingChannel: 2412 groupOwnerAddress: /192.168.49.1 mccMode: false
03-24 21:49:25.601 17254 17254 V WifiDirect: WifiP2pGroup: network: DIRECT-BC-7351-E-RC, isGO: true, Operating Channel: 2412, GO: Device: , deviceAddress: 68:c4:4d:a7:7f:b2, primary type: null, secondary type: null, wps: 0, grpcapab: 0, devcapab: 0, status: 4, wfdInfo: WFD enabled: falseWFD DeviceInfo: 0, WFD CtrlPort: 0, WFD MaxThroughput: 0, level: 0, Client: Device: 7351-E-DS, deviceAddress: 68:c4:4d:a7:aa:21, primary type: 10-0050F204-5, secondary type: null, wps: 392, grpcapab: 0, devcapab: 37, status: 0, wfdInfo: null, level: 60, interface: p2p0, networkId: 1, mGoOperFreq: 2412
03-24 21:49:25.601 17254 17254 D WifiDirect: broadcast: this device changed
03-24 21:49:25.602 17254 17254 V WifiDirect: device information: 7351-E-RC 68:c4:4d:a7:7f:b2
03-24 21:49:25.602 17254 17254 V FTCService: RCActivity.controllerService=bound
03-24 21:49:25.602 17254 17254 V RobotCore: Network: unknown, disconnected
03-24 21:49:25.603 17254 17254 V RobotCore: Robot Status: stopped
03-24 21:49:25.610 17254 17254 D OpmodeRegistration: registered {DefaultOpMode} as {$Stop$Robot$}
03-24 21:49:25.610 17254 17254 V FTCService: Processing robot setup
03-24 21:49:25.611 17254 17254 V D2xx::  : Start constructor
03-24 21:49:25.611 17254 17356 V RobotCore: thread: 'RobotSetupRunnable.run()' starting...
03-24 21:49:25.612 17254 17356 V RobotCore: Robot Status: stopped, scanning for USB devices
03-24 21:49:25.615 17254 17254 V D2xx::  : End constructor
03-24 21:49:25.615 17254 17254 V D2xx::  : Vendor: 0403, Product: 6001
03-24 21:49:25.615 17254 17254 V D2xx::  : Vendor: 0403, Product: 6001
03-24 21:49:25.616 17254 17254 I FIRST   : ignoring: unable get serial number of attached UsbDevice vendor=0x0403, product=0x6001 device=0x03ec name=/dev/bus/usb/001/004
03-24 21:49:25.616 17254 17254 V D2xx::  : Vendor: 0403, Product: 6001
03-24 21:49:25.616 17254 17254 V D2xx::  : Vendor: 0403, Product: 6001
03-24 21:49:25.616 17254 17254 I FIRST   : ignoring: unable get serial number of attached UsbDevice vendor=0x0403, product=0x6001 device=0x03ed name=/dev/bus/usb/001/005
03-24 21:49:25.616 17254 17254 V D2xx::  : Vendor: 0403, Product: 6001
03-24 21:49:25.616 17254 17254 V D2xx::  : Vendor: 0403, Product: 6001
03-24 21:49:25.616 17254 17254 I FIRST   : ignoring: unable get serial number of attached UsbDevice vendor=0x0403, product=0x6001 device=0x03ee name=/dev/bus/usb/001/006
03-24 21:49:25.616 17254 17254 V D2xx::  : Vendor: 0403, Product: 6001
03-24 21:49:25.616 17254 17254 V D2xx::  : Vendor: 0403, Product: 6001
03-24 21:49:25.616 17254 17254 I FIRST   : ignoring: unable get serial number of attached UsbDevice vendor=0x0403, product=0x6001 device=0x03ef name=/dev/bus/usb/001/007
03-24 21:49:25.616 17254 17254 V D2xx::  : Vendor: 0403, Product: 6001
03-24 21:49:25.616 17254 17254 V D2xx::  : Vendor: 0403, Product: 6001
03-24 21:49:25.616 17254 17254 I FIRST   : ignoring: unable get serial number of attached UsbDevice vendor=0x0403, product=0x6001 device=0x03f0 name=/dev/bus/usb/001/008
03-24 21:49:25.616 17254 17254 V D2xx::  : Vendor: 0403, Product: 6001
03-24 21:49:25.616 17254 17254 V D2xx::  : Vendor: 0403, Product: 6001
03-24 21:49:25.617 17254 17254 I FIRST   : ignoring: unable get serial number of attached UsbDevice vendor=0x0403, product=0x6001 device=0x03f1 name=/dev/bus/usb/001/009
03-24 21:49:25.617 17254 17254 D WifiDirect: cannot create group, does group already exist?
03-24 21:49:25.714 17254 17254 D WifiDirect: group owners address: /192.168.49.1
03-24 21:49:25.714 17254 17254 D WifiDirect: group formed, this device is the group owner (GO)
03-24 21:49:25.715 17254 17254 I FTCService: Wifi Direct - connected as group owner
03-24 21:49:25.715 17254 17254 D WifiDirect: stop discovering peers
03-24 21:49:25.720 17254 17254 V RobotCore: Network: enabled, disconnected
03-24 21:49:25.749 17254 17254 V WifiDirect: connection information available
03-24 21:49:25.749 17254 17254 V WifiDirect: connection information - groupOwnerName = 7351-E-RC
03-24 21:49:25.749 17254 17254 V WifiDirect: connection information - groupOwnerMacAddress = 68:c4:4d:a7:7f:b2
03-24 21:49:25.749 17254 17254 V WifiDirect: connection information - groupInterface = p2p0
03-24 21:49:25.749 17254 17254 V WifiDirect: connection information - groupNetworkName = DIRECT-BC-7351-E-RC
03-24 21:49:25.749 17254 17254 I FTCService: Network Connection Passphrase: qrHgA3tW
03-24 21:49:25.750 17254 17254 V RobotCore: Network: active, disconnected
03-24 21:49:30.614 17254 17356 V RobotCore: EventLoopManager state is NOT_STARTED
03-24 21:49:30.615 17254 17356 V RobotCore: Robot Status: stopped, waiting on network
03-24 21:49:30.615 17254 17356 V RobotCore: Robot Status: stopped, starting robot
03-24 21:49:30.615 17254 17356 V Robocol : EventLoopManager.start()
03-24 21:49:30.615 17254 17356 V RobotCore: Getting network assistant of type: WIFIDIRECT
03-24 21:49:30.615 17254 17356 V Robocol : Spoofing a Network Connection event...
03-24 21:49:30.615 17254 17254 I RobotCore: Battery Checker, Level Remaining: 21.0
03-24 21:49:30.617 17254 17254 I RobotCore: Battery Checker, Level Remaining: 21.0
03-24 21:49:30.617 17254 17356 V RobotCore: executive service EventLoop is terminated
03-24 21:49:30.617 17254 17356 V RobotCore: EventLoopManager state is STOPPED
03-24 21:49:30.617 17254 17356 V Robocol : eventLoop=FtcEventLoop
03-24 21:49:30.617 17254 17356 V RobotCore: EventLoopManager state is INIT
03-24 21:49:30.618 17254 17356 V RobotCore: Robot Status: initializing, starting robot
03-24 21:49:30.618 17254 17356 I FIRST   : ======= INIT START =======
03-24 21:49:30.620 17254 17360 V RobotCore: thread: 'SetupRunnable.run()' starting...
03-24 21:49:30.643 17254 17356 D OpmodeRegistration: registered {BeaconBlue} as {BeaconBlue}
03-24 21:49:30.644 17254 17356 D OpmodeRegistration: registered {BeaconBlueCapBall} as {BeaconBlueCapBall}
03-24 21:49:30.645 17254 17356 D OpmodeRegistration: registered {BeaconBlueEncoder} as {BeaconBlueEnc}
03-24 21:49:30.645 17254 17356 D OpmodeRegistration: registered {BeaconBlueEncoderCapBall} as {BeaconBlueEncCapBall}
03-24 21:49:30.646 17254 17356 D OpmodeRegistration: registered {BeaconRed} as {BeaconRed}
03-24 21:49:30.647 17254 17356 D OpmodeRegistration: registered {BeaconRedCapBall} as {BeaconRedCapBall}
03-24 21:49:30.648 17254 17356 D OpmodeRegistration: registered {BeaconRedEncoder} as {BeaconRedEnc}
03-24 21:49:30.649 17254 17356 D OpmodeRegistration: registered {BeaconRedEncoderCapBall} as {BeaconRedEncCapBall}
03-24 21:49:30.649 17254 17356 D OpmodeRegistration: registered {CapBallCloseBlue} as {CapBallCloseBlue}
03-24 21:49:30.651 17254 17356 D OpmodeRegistration: registered {CapBallCloseRed} as {CapBallCloseRed}
03-24 21:49:30.651 17254 17356 D OpmodeRegistration: registered {CapBallFarBlue} as {CapBallFarBlue}
03-24 21:49:30.652 17254 17356 D OpmodeRegistration: registered {CapBallFarRed} as {CapBallFarRed}
03-24 21:49:30.653 17254 17356 D OpmodeRegistration: registered {ShootBackUpBlue} as {ShootBackUpBlue}
03-24 21:49:30.654 17254 17356 D OpmodeRegistration: registered {ShootBackUpRed} as {ShootBackUpRed}
03-24 21:49:30.654 17254 17356 D OpmodeRegistration: registered {ShootDefenseBlueMiddle} as {ShootDefenseBlueMiddle}
03-24 21:49:30.655 17254 17356 D OpmodeRegistration: registered {ShootDefenseBlueShootBlock} as {ShootDefenseBlueShootBlock}
03-24 21:49:30.655 17254 17356 D OpmodeRegistration: registered {ShootDefenseRedMiddle} as {ShootDefenseRedMiddle}
03-24 21:49:30.656 17254 17356 D OpmodeRegistration: registered {ShootDefenseRedShootBlock} as {ShootDefenseRedShootBlock}
03-24 21:49:30.656 17254 17356 D OpmodeRegistration: registered {ShootDefenseRedShootBlockAlt} as {ShootDefenseRedShootBlockAlt}
03-24 21:49:30.657 17254 17356 D OpmodeRegistration: registered {ShootOnlyBlueClose} as {ShootOnlyClose}
03-24 21:49:30.657 17254 17360 D Robocol : RobocolDatagramSocket listening addr=/192.168.49.1:20884 cbRec=65520 cbSend=163840 msRecTO=300
03-24 21:49:30.657 17254 17356 D OpmodeRegistration: registered {ShootOnlyRedClose} as {ShootOnlyRedClose}
03-24 21:49:30.658 17254 17356 D OpmodeRegistration: registered {ShootTwoBlue} as {ShootTwoBlue}
03-24 21:49:30.658 17254 17360 V Robocol : RecvLoopRunnable created
03-24 21:49:30.658 17254 17356 D OpmodeRegistration: registered {ShootTwoRed} as {ShootTwoRed}
03-24 21:49:30.659 17254 17356 D OpmodeRegistration: registered {Autonomous} as {Autonomous}
03-24 21:49:30.659 17254 17360 V PeerDiscovery: Starting peer discovery
03-24 21:49:30.659 17254 17362 V RobotCore: thread: 'RecvLoopRunnable.run()' starting...
03-24 21:49:30.659 17254 17360 V PeerDiscovery: No need for peer discovery, we are the peer discovery device
03-24 21:49:30.659 17254 17360 V RobotCore: Setup complete
03-24 21:49:30.659 17254 17360 V RobotCore: thread: ...terminating 'SetupRunnable.run()'
03-24 21:49:30.660 17254 17356 D OpmodeRegistration: registered {ConceptNavXRotateToAnglePIDLoopOp} as {Concept: navX Rotate to Angle PID}
03-24 21:49:30.660 17254 17356 D OpmodeRegistration: registered {BeaconScoreTest} as {BeaconScoreTest}
03-24 21:49:30.660 17254 17356 D OpmodeRegistration: registered {ColorSensorTest} as {ColorTest}
03-24 21:49:30.661 17254 17356 D OpmodeRegistration: registered {EncoderDriveTest} as {EncoderDriveTest}
03-24 21:49:30.661 17254 17356 D OpmodeRegistration: registered {EncoderGyroTurnTest} as {EncoderGyroTest}
03-24 21:49:30.662 17254 17356 D OpmodeRegistration: registered {EncoderOneStraight} as {EncoderOneStraightTest}
03-24 21:49:30.662 17254 17356 D OpmodeRegistration: registered {EncoderTurnTest} as {EncoderTurnTest}
03-24 21:49:30.663 17254 17356 D OpmodeRegistration: registered {ShootingTest} as {ShootingTest}
03-24 21:49:30.664 17254 17356 D OpmodeRegistration: registered {WhiteLineTest} as {WhiteLineTest}
03-24 21:49:30.664 17254 17356 D OpmodeRegistration: registered {TeleOp} as {TeleOp}
03-24 21:49:30.665 17254 17356 D OpmodeRegistration: registered {TeleOpPID} as {TeleOpPID}
03-24 21:49:30.665 17254 17356 D OpmodeRegistration: registered {TestBenchTeleOp} as {TeleOpTestBench}
03-24 21:49:30.665 17254 17356 D OpmodeRegistration: registered {DynamicAutonomousSelectorTest} as {SelectorTest}
03-24 21:49:30.668 17254 17356 V RobotCore: Creating Modern Robotics USB Core Device Interface Module [AL00VDA6]
03-24 21:49:30.670 17254 17356 V D2xx::  : Vendor: 0403, Product: 6001
03-24 21:49:30.681 17254 17356 D UsbDeviceConnectionJNI: close
03-24 21:49:30.681 17254 17356 V D2xx::  : Vendor: 0403, Product: 6001
03-24 21:49:30.690 17254 17356 D UsbDeviceConnectionJNI: close
03-24 21:49:30.690 17254 17356 V D2xx::  : Vendor: 0403, Product: 6001
03-24 21:49:30.699 17254 17356 D UsbDeviceConnectionJNI: close
03-24 21:49:30.699 17254 17356 V D2xx::  : Vendor: 0403, Product: 6001
03-24 21:49:30.708 17254 17356 D UsbDeviceConnectionJNI: close
03-24 21:49:30.708 17254 17356 V D2xx::  : Vendor: 0403, Product: 6001
03-24 21:49:30.716 17254 17356 D UsbDeviceConnectionJNI: close
03-24 21:49:30.716 17254 17356 V D2xx::  : Vendor: 0403, Product: 6001
03-24 21:49:30.725 17254 17356 D UsbDeviceConnectionJNI: close
03-24 21:49:30.725 17254 17356 V D2xx::  : Vendor: 0403, Product: 6001
03-24 21:49:30.734 17254 17356 D UsbDeviceConnectionJNI: close
03-24 21:49:30.735 17254 17356 D FTDI_Device::: open SUCCESS
03-24 21:49:30.735 17254 17356 I FTDI_Device::: EP: 0x81
03-24 21:49:30.735 17254 17356 I FTDI_Device::: EP: 0x02
03-24 21:49:30.735 17254 17356 D D2XX::  : **********************Device Opened**********************
03-24 21:49:30.953 17254 17362 E Robocol : no packet received: SocketTimeoutException
03-24 21:49:30.953 17254 17362 E RobotCore: java.net.SocketTimeoutException
03-24 21:49:30.954 17254 17362 E RobotCore:     at libcore.io.IoBridge.maybeThrowAfterRecvfrom(IoBridge.java:594)
03-24 21:49:30.954 17254 17362 E RobotCore:     at libcore.io.IoBridge.recvfrom(IoBridge.java:552)
03-24 21:49:30.954 17254 17362 E RobotCore:     at java.net.PlainDatagramSocketImpl.doRecv(PlainDatagramSocketImpl.java:163)
03-24 21:49:30.954 17254 17362 E RobotCore:     at java.net.PlainDatagramSocketImpl.receive(PlainDatagramSocketImpl.java:171)
03-24 21:49:30.954 17254 17362 E RobotCore:     at java.net.DatagramSocket.receive(DatagramSocket.java:274)
03-24 21:49:30.954 17254 17362 E RobotCore:     at com.qualcomm.robotcore.robocol.RobocolDatagramSocket.recv(RobocolDatagramSocket.java:131)
03-24 21:49:30.954 17254 17362 E RobotCore:     at org.firstinspires.ftc.robotcore.internal.network.RecvLoopRunnable$1.run(RecvLoopRunnable.java:83)
03-24 21:49:30.954 17254 17362 E RobotCore:     at com.qualcomm.robotcore.util.ThreadPool.logThreadLifeCycle(ThreadPool.java:513)
03-24 21:49:30.955 17254 17362 E RobotCore:     at org.firstinspires.ftc.robotcore.internal.network.RecvLoopRunnable.run(RecvLoopRunnable.java:75)
03-24 21:49:30.955 17254 17362 E RobotCore:     at java.util.concurrent.ThreadPoolExecutor.runWorker(ThreadPoolExecutor.java:1113)
03-24 21:49:30.955 17254 17362 E RobotCore:     at java.util.concurrent.ThreadPoolExecutor$Worker.run(ThreadPoolExecutor.java:588)
03-24 21:49:30.955 17254 17362 E RobotCore:     at java.lang.Thread.run(Thread.java:818)
03-24 21:49:31.064 17254 17362 D RobotCore: system telemetry: key=$System$None$ msg=""
03-24 21:49:31.066 17254 17362 V PeerDiscovery: new remote peer discovered: 192.168.49.99
03-24 21:49:31.067 17254 17362 D Robocol : RobocolDatagramSocket connected to /192.168.49.99:20884
03-24 21:49:31.068 17254 17362 V NetworkConnectionHandler: starting sending loop
03-24 21:49:31.068 17254 17362 V Robocol : SendOnceRunnable created
03-24 21:49:31.094 17254 17362 V RobotCore: Network: active, connected
03-24 21:49:31.125 17254 17369 D MediaPlayer: setSubtitleAnchor in MediaPlayer
03-24 21:49:31.126 17254 17254 D MediaPlayer: setSubtitleAnchor in MediaPlayer
03-24 21:49:31.149 17254 17365 V Robocol : sending CMD_REQUEST_USER_SENSOR_LIST_RESP(10), attempt: 0
03-24 21:49:31.154 17254 17356 V RobotCore: Starting up device AL00VDA6
03-24 21:49:31.155 17254 17373 V RobotCore: thread: 'r/w loop: Modern Robotics USB Core Device Interface Module [AL00VDA6]' starting...
03-24 21:49:31.156 17254 17356 V RobotCore: Creating user sensor MR Range Sensor - Port: 2
03-24 21:49:31.157 17254 17356 V RobotCore:i2cSynch(USB AL00VDA6; port 2): doPortIsReadyCallbackBeginWork ...
03-24 21:49:31.157 17254 17356 V RobotCore:i2cSynch(USB AL00VDA6; port 2): doModuleIsArmedWork ...
03-24 21:49:31.158 17254 17356 V RobotCore:i2cSynch(USB AL00VDA6; port 2): ... doModuleIsArmedWork complete
03-24 21:49:31.158 17254 17356 V RobotCore:i2cSynch(USB AL00VDA6; port 2): ... doPortIsReadyCallbackBeginWork complete
03-24 21:49:31.158 17254 17356 V RobotCore:i2cSynch(USB AL00VDA6; port 2): hooking ...
03-24 21:49:31.159 17254 17356 V RobotCore:i2cSynch(USB AL00VDA6; port 2): ... hooking complete
03-24 21:49:31.159 17254 17356 V RobotCore: Creating Modern Robotics I2C Color Sensor - Port: 3
03-24 21:49:31.159 17254 17356 V RobotCore: Creating Modern Robotics I2C Color Sensor - Port: 4
03-24 21:49:31.159 17254 17356 V RobotCore: Creating Modern Robotics USB DC Motor Controller [AL00VM5X]
03-24 21:49:31.160 17254 17356 D RobotCore: arming modern motor controller Modern Robotics USB DC Motor Controller [AL00VM5X]...
03-24 21:49:31.162 17254 17356 V D2xx::  : Vendor: 0403, Product: 6001
03-24 21:49:31.163 17254 17356 V D2xx::  : Vendor: 0403, Product: 6001
03-24 21:49:31.164 17254 17356 V D2xx::  : Vendor: 0403, Product: 6001
03-24 21:49:31.165 17254 17356 V D2xx::  : Vendor: 0403, Product: 6001
03-24 21:49:31.166 17254 17356 V D2xx::  : Vendor: 0403, Product: 6001
03-24 21:49:31.167 17254 17356 V D2xx::  : Vendor: 0403, Product: 6001
03-24 21:49:31.168 17254 17356 V D2xx::  : Vendor: 0403, Product: 6001
03-24 21:49:31.170 17254 17356 D FTDI_Device::: open SUCCESS
03-24 21:49:31.170 17254 17356 I FTDI_Device::: EP: 0x81
03-24 21:49:31.170 17254 17356 I FTDI_Device::: EP: 0x02
03-24 21:49:31.170 17254 17356 D D2XX::  : **********************Device Opened**********************
03-24 21:49:31.177 17254 17367 D ExtendedUtils: extended extractor not needed, return default
03-24 21:49:31.178 17254 17367 I MediaCodec: (0xb89311d0) init name(audio/raw) isType(1) encoder(0)
03-24 21:49:31.181 17254 17376 I OMXClient: Using client-side OMX mux.
03-24 21:49:31.184 17254 17376 E OMXMaster: A component of name 'OMX.qcom.audio.decoder.aac' already exists, ignoring this one.
03-24 21:49:31.185 17254 17376 I MediaCodec: (0xb89311d0) Component Allocated (OMX.google.raw.decoder)
03-24 21:49:31.186 17254 17367 I MediaCodec: (0xb89311d0) configure surface(0x0) crypto(0x0) flags(0)
03-24 21:49:31.186 17254 17367 D MediaCodec: (0xb89311d0) configure format: AMessage(what = 0x00000000) = {
03-24 21:49:31.186 17254 17367 D MediaCodec:    string mime = "audio/raw"
03-24 21:49:31.186 17254 17367 D MediaCodec:    int64_t durationUs = 485011
03-24 21:49:31.186 17254 17367 D MediaCodec:    int32_t channel-count = 2
03-24 21:49:31.186 17254 17367 D MediaCodec:    int32_t sample-rate = 44100
03-24 21:49:31.186 17254 17367 D MediaCodec:    int32_t channel-mask = 0
03-24 21:49:31.186 17254 17367 D MediaCodec:  }
03-24 21:49:31.188 17254 17367 I MediaCodec: (0xb89311d0) start
03-24 21:49:31.188 17254 17376 I MediaCodec: (0xb89311d0) input buffers allocated
03-24 21:49:31.188 17254 17376 I MediaCodec: (0xb89311d0) numBuffers (4)
03-24 21:49:31.188 17254 17376 I MediaCodec: (0xb89311d0) output buffers allocated
03-24 21:49:31.188 17254 17376 I MediaCodec: (0xb89311d0) numBuffers (4)
03-24 21:49:31.191 17254 17376 I MediaCodec: (0xb89311d0) codec output format changed
03-24 21:49:31.191 17254 17376 D MediaCodec: (0xb89311d0) output format: AMessage(what = 'codc', target = 2) = {
03-24 21:49:31.191 17254 17376 D MediaCodec:    string mime = "audio/raw"
03-24 21:49:31.191 17254 17376 D MediaCodec:    int32_t channel-count = 2
03-24 21:49:31.191 17254 17376 D MediaCodec:    int32_t sample-rate = 44100
03-24 21:49:31.191 17254 17376 D MediaCodec:    int32_t channel-mask = 0
03-24 21:49:31.191 17254 17376 D MediaCodec:    int32_t what = 1869968451
03-24 21:49:31.191 17254 17376 D MediaCodec:  }
03-24 21:49:31.196 17254 17367 I MediaCodec: (0xb89311d0) stop
03-24 21:49:31.198 17254 17367 I MediaCodec: (0xb89311d0) release
03-24 21:49:31.204 17254 17369 W AudioTrack: AUDIO_OUTPUT_FLAG_FAST denied by client; transfer 4, track 44100 Hz, output 48000 Hz
03-24 21:49:31.233 17254 17362 V Robocol : received command: CMD_REQUEST_OP_MODE_LIST(10001) 
03-24 21:49:31.247 17254 17362 V Robocol : received command: CMD_REQUEST_ACTIVE_CONFIGURATION(10002) 
03-24 21:49:31.248 17254 17362 V Robocol : received command: CMD_REQUEST_USER_SENSOR_LIST_RESP(10) [{"description":"a MR compass sensor","flavor":"I2C","name":"MR Compass Sensor","xmlTag":"ModernRoboticsI2cCompassSensor"},{"description":"an Adafruit IMU","flavor":"I2C","name":"Adafruit IMU","xmlTag":"AdafruitBNO055IMU"},{"description":"a MR range sensor","flavor":"I2C","name":"MR Range Sensor","xmlTag":"ModernRoboticsI2cRangeSensor"}]
03-24 21:49:31.269 17254 17365 V Robocol : sending CMD_REQUEST_OP_MODE_LIST_RESP(14), attempt: 0
03-24 21:49:31.269 17254 17365 V Robocol : sending CMD_REQUEST_USER_SENSOR_LIST_RESP(15), attempt: 0
03-24 21:49:31.270 17254 17365 V Robocol : sending CMD_REQUEST_ACTIVE_CONFIGURATION_RESP(19), attempt: 0
03-24 21:49:31.354 17254 17362 V Robocol : received command: CMD_REQUEST_OP_MODE_LIST_RESP(14) [{"flavor":"AUTONOMOUS","group":"Encoder Autonomous","name":"BeaconBlue"},{"flavor":"AUTONOMOUS","group":"Encoder Autonomous","name":"BeaconBlueCapBall"},{"flavor":"AUTONOMOUS","group":"Encoder Autonomous","name":"BeaconBlueEnc"},{"flavor":"AUTONOMOUS","group":"Encoder Autonomous","name":"BeaconBlueEncCapBall"},{"flavor":"AUTONOMOUS","group":"Encoder Autonomous","name":"BeaconRed"},{"flavor":"AUTONOMOUS","group":"Encoder Autonomous","name":"BeaconRedCapBall"},{"flavor":"AUTONOMOUS","group":"Encoder Autonomous","name":"BeaconRedEnc"},{"flavor":"AUTONOMOUS","group":"Encoder Autonomous","name":"BeaconRedEncCapBall"},{"flavor":"AUTONOMOUS","group":"Encoder Autonomous","name":"CapBallCloseBlue"},{"flavor":"AUTONOMOUS","group":"Encoder Autonomous","name":"CapBallCloseRed"},{"flavor":"AUTONOMOUS","group":"Encoder Autonomous","name":"CapBallFarBlue"},{"flavor":"AUTONOMOUS","group":"Encoder Autonomous","name":"CapBallFarRed"},{"flavor":"AUTONOMOUS","group":"Encoder Autonomous","name":"ShootBackUpBlue"},{"flavor":"AUTONOMOUS","group":"Encoder Autonomous","name":"ShootBackUpRed"},{"flavor":"AUTONOMOUS","group":"Encoder Autonomous","name":"ShootDefenseBlueMiddle"},{"flavor":"AUTONOMOUS","group":"Encoder Autonomous","name":"ShootDefenseBlueShootBlock"},{"flavor":"AUTONOMOUS","group":"Encoder Autonomous","name":"ShootDefenseRedMiddle"},{"flavor":"AUTONOMOUS","group":"Encoder Autonomous","name":"ShootDefenseRedShootBlock"},{"flavor":"AUTONOMOUS","group":"Encoder Autonomous","name":"ShootDefenseRedShootBlockAlt"},{"flavor":"AUTONOMOUS","group":"Encoder Autonomous","name":"ShootOnlyClose"},{"flavor":"AUTONOMOUS","group":"Encoder Autonomous","name":"ShootOnlyRedClose"},{"flavor":"AUTONOMOUS","group":"Encoder Autonomous","name":"ShootTwoBlue"},{"flavor":"AUTONOMOUS","group":"Encoder Autonomous","name":"ShootTwoRed"},{"flavor":"AUTONOMOUS","group":"Autonomous","name":"Autonomous"},{"flavor":"AUTONOMOUS","group":"Concept","name":"Concept: navX Rotate to Angle PID"},{"flavor":"AUTONOMOUS","group":"Testing","name":"BeaconScoreTest"},{"flavor":"AUTONOMOUS","group":"Testing","name":"ColorTest"},{"flavor":"AUTONOMOUS","group":"Testing","name":"EncoderDriveTest"},{"flavor":"AUTONOMOUS","group":"Testing","name":"EncoderGyroTest"},{"flavor":"AUTONOMOUS","group":"Testing","name":"EncoderOneStraightTest"},{"flavor":"AUTONOMOUS","group":"Testing","name":"EncoderTurnTest"},{"flavor":"AUTONOMOUS","group":"Testing","name":"ShootingTest"},{"flavor":"AUTONOMOUS","group":"Testing","name":"WhiteLineTest"},{"flavor":"TELEOP","group":"$$$$$$$","name":"TeleOp"},{"flavor":"TELEOP","group":"$$$$$$$","name":"TeleOpPID"},{"flavor":"TELEOP","group":"$$$$$$$","name":"TeleOpTestBench"},{"flavor":"AUTONOMOUS","group":"concept","name":"SelectorTest"}]
03-24 21:49:31.354 17254 17362 V Robocol : received command: CMD_REQUEST_USER_SENSOR_LIST_RESP(15) [{"description":"a MR compass sensor","flavor":"I2C","name":"MR Compass Sensor","xmlTag":"ModernRoboticsI2cCompassSensor"},{"description":"an Adafruit IMU","flavor":"I2C","name":"Adafruit IMU","xmlTag":"AdafruitBNO055IMU"},{"description":"a MR range sensor","flavor":"I2C","name":"MR Range Sensor","xmlTag":"ModernRoboticsI2cRangeSensor"}]
03-24 21:49:31.355 17254 17362 V Robocol : received command: CMD_REQUEST_ACTIVE_CONFIGURATION_RESP(19) {"isDirty":false,"location":"LOCAL_STORAGE","name":"TBDName-fix","resourceId":0}
03-24 21:49:31.355 17254 17362 V Robocol : received command: CMD_INIT_OP_MODE(10012) $Stop$Robot$
03-24 21:49:31.583 17254 17356 V RobotCore: Starting up device AL00VM5X
03-24 21:49:31.585 17254 17380 V RobotCore: thread: 'r/w loop: Modern Robotics USB DC Motor Controller [AL00VM5X]' starting...
03-24 21:49:31.586 17254 17356 D RobotCore: ...arming modern motor controller Modern Robotics USB DC Motor Controller [AL00VM5X] complete
03-24 21:49:31.619 17254 17356 V RobotCore: Creating Modern Robotics USB Servo Controller [AL026DRM]
03-24 21:49:31.620 17254 17356 D RobotCore: arming modern servo controller Modern Robotics USB Servo Controller [AL026DRM]...
03-24 21:49:31.622 17254 17356 V D2xx::  : Vendor: 0403, Product: 6001
03-24 21:49:31.626 17254 17356 V D2xx::  : Vendor: 0403, Product: 6001
03-24 21:49:31.630 17254 17356 V D2xx::  : Vendor: 0403, Product: 6001
03-24 21:49:31.632 17254 17356 V D2xx::  : Vendor: 0403, Product: 6001
03-24 21:49:31.635 17254 17356 V D2xx::  : Vendor: 0403, Product: 6001
03-24 21:49:31.637 17254 17356 V D2xx::  : Vendor: 0403, Product: 6001
03-24 21:49:31.638 17254 17356 V D2xx::  : Vendor: 0403, Product: 6001
03-24 21:49:31.640 17254 17356 D FTDI_Device::: open SUCCESS
03-24 21:49:31.640 17254 17356 I FTDI_Device::: EP: 0x81
03-24 21:49:31.641 17254 17356 I FTDI_Device::: EP: 0x02
03-24 21:49:31.641 17254 17356 D D2XX::  : **********************Device Opened**********************
03-24 21:49:32.052 17254 17356 V RobotCore: Starting up device AL026DRM
03-24 21:49:32.054 17254 17383 V RobotCore: thread: 'r/w loop: Modern Robotics USB Servo Controller [AL026DRM]' starting...
03-24 21:49:32.054 17254 17356 D RobotCore: ...arming modern servo controller Modern Robotics USB Servo Controller [AL026DRM] complete
03-24 21:49:32.055 17254 17356 V RobotCore: Creating Modern Robotics USB DC Motor Controller [AI049PCI]
03-24 21:49:32.055 17254 17356 D RobotCore: arming modern motor controller Modern Robotics USB DC Motor Controller [AI049PCI]...
03-24 21:49:32.057 17254 17356 V D2xx::  : Vendor: 0403, Product: 6001
03-24 21:49:32.059 17254 17356 V D2xx::  : Vendor: 0403, Product: 6001
03-24 21:49:32.062 17254 17356 V D2xx::  : Vendor: 0403, Product: 6001
03-24 21:49:32.064 17254 17356 V D2xx::  : Vendor: 0403, Product: 6001
03-24 21:49:32.067 17254 17356 V D2xx::  : Vendor: 0403, Product: 6001
03-24 21:49:32.069 17254 17356 V D2xx::  : Vendor: 0403, Product: 6001
03-24 21:49:32.070 17254 17356 V D2xx::  : Vendor: 0403, Product: 6001
03-24 21:49:32.073 17254 17356 D FTDI_Device::: open SUCCESS
03-24 21:49:32.073 17254 17356 I FTDI_Device::: EP: 0x81
03-24 21:49:32.073 17254 17356 I FTDI_Device::: EP: 0x02
03-24 21:49:32.073 17254 17356 D D2XX::  : **********************Device Opened**********************
03-24 21:49:32.482 17254 17356 V RobotCore: Starting up device AI049PCI
03-24 21:49:32.485 17254 17386 V RobotCore: thread: 'r/w loop: Modern Robotics USB DC Motor Controller [AI049PCI]' starting...
03-24 21:49:32.485 17254 17356 D RobotCore: ...arming modern motor controller Modern Robotics USB DC Motor Controller [AI049PCI] complete
03-24 21:49:32.518 17254 17356 V RobotCore: Creating Modern Robotics USB DC Motor Controller [AL00VM5S]
03-24 21:49:32.518 17254 17356 D RobotCore: arming modern motor controller Modern Robotics USB DC Motor Controller [AL00VM5S]...
03-24 21:49:32.520 17254 17356 V D2xx::  : Vendor: 0403, Product: 6001
03-24 21:49:32.522 17254 17356 V D2xx::  : Vendor: 0403, Product: 6001
03-24 21:49:32.523 17254 17356 V D2xx::  : Vendor: 0403, Product: 6001
03-24 21:49:32.524 17254 17356 V D2xx::  : Vendor: 0403, Product: 6001
03-24 21:49:32.526 17254 17356 V D2xx::  : Vendor: 0403, Product: 6001
03-24 21:49:32.526 17254 17356 V D2xx::  : Vendor: 0403, Product: 6001
