02-26 20:45:53.207 18885 18993 E RobotCore:     at java.util.concurrent.locks.AbstractQueuedSynchronizer.parkAndCheckInterrupt(AbstractQueuedSynchronizer.java:810)
02-26 20:45:53.207 18885 18993 E RobotCore:     at java.util.concurrent.locks.AbstractQueuedSynchronizer.doAcquireSharedInterruptibly(AbstractQueuedSynchronizer.java:971)
02-26 20:45:53.207 18885 18993 E RobotCore:     at java.util.concurrent.locks.AbstractQueuedSynchronizer.acquireSharedInterruptibly(AbstractQueuedSynchronizer.java:1278)
02-26 20:45:53.207 18885 18993 E RobotCore:     at java.util.concurrent.Semaphore.acquire(Semaphore.java:284)
02-26 20:45:53.207 18885 18993 E RobotCore:     at com.ftdi.j2xx.ProcessInCtrl.acquireReadableBuffer(FT_Device.java:2294)
02-26 20:45:53.207 18885 18993 E RobotCore:     at com.ftdi.j2xx.ProcessRequestWorker.run(FT_Device.java:2764)
02-26 20:45:53.207 18885 18993 E RobotCore:     at java.lang.Thread.run(Thread.java:818)
02-26 20:45:53.207 18885 18993 E RobotCore: thread id=1120 name="processRequestThread"
02-26 20:45:53.207 18885 18993 E RobotCore:     at java.lang.Object.wait(Native Method)
02-26 20:45:53.207 18885 18993 E RobotCore:     at java.lang.Thread.parkFor$(Thread.java:1220)
02-26 20:45:53.207 18885 18993 E RobotCore:     at sun.misc.Unsafe.park(Unsafe.java:299)
02-26 20:45:53.207 18885 18993 E RobotCore:     at java.util.concurrent.locks.LockSupport.park(LockSupport.java:158)
02-26 20:45:53.207 18885 18993 E RobotCore:     at java.util.concurrent.locks.AbstractQueuedSynchronizer.parkAndCheckInterrupt(AbstractQueuedSynchronizer.java:810)
02-26 20:45:53.207 18885 18993 E RobotCore:     at java.util.concurrent.locks.AbstractQueuedSynchronizer.doAcquireSharedInterruptibly(AbstractQueuedSynchronizer.java:971)
02-26 20:45:53.207 18885 18993 E RobotCore:     at java.util.concurrent.locks.AbstractQueuedSynchronizer.acquireSharedInterruptibly(AbstractQueuedSynchronizer.java:1278)
02-26 20:45:53.207 18885 18993 E RobotCore:     at java.util.concurrent.Semaphore.acquire(Semaphore.java:284)
02-26 20:45:53.207 18885 18993 E RobotCore:     at com.ftdi.j2xx.ProcessInCtrl.acquireReadableBuffer(FT_Device.java:2294)
02-26 20:45:53.207 18885 18993 E RobotCore:     at com.ftdi.j2xx.ProcessRequestWorker.run(FT_Device.java:2764)
02-26 20:45:53.208 18885 18993 E RobotCore:     at java.lang.Thread.run(Thread.java:818)
02-26 20:45:53.208 18885 18993 E RobotCore: thread id=1067 name="Signal Catcher"
02-26 20:45:53.208 18885 18993 E RobotCore: thread id=1082 name="Chrome_FileUserBlockingThread"
02-26 20:45:53.208 18885 18993 E RobotCore: thread id=1086 name="Thread-1086"
02-26 20:45:53.208 18885 18993 E RobotCore: thread id=1110 name="bulkInThread"
02-26 20:45:53.208 18885 18993 E RobotCore:     at android.hardware.usb.UsbDeviceConnection.native_bulk_request(Native Method)
02-26 20:45:53.208 18885 18993 E RobotCore:     at android.hardware.usb.UsbDeviceConnection.bulkTransfer(UsbDeviceConnection.java:214)
02-26 20:45:53.208 18885 18993 E RobotCore:     at android.hardware.usb.UsbDeviceConnection.bulkTransfer(UsbDeviceConnection.java:196)
02-26 20:45:53.208 18885 18993 E RobotCore:     at com.ftdi.j2xx.BulkInWorker.run(FT_Device.java:2860)
02-26 20:45:53.208 18885 18993 E RobotCore:     at java.lang.Thread.run(Thread.java:818)
02-26 20:45:53.208 18885 18993 E RobotCore: thread id=1079 name="Chrome_DBThread"
02-26 20:45:53.208 18885 18993 E RobotCore: thread id=1105 name="processRequestThread"
02-26 20:45:53.208 18885 18993 E RobotCore:     at java.lang.Object.wait(Native Method)
02-26 20:45:53.208 18885 18993 E RobotCore:     at java.lang.Thread.parkFor$(Thread.java:1220)
02-26 20:45:53.208 18885 18993 E RobotCore:     at sun.misc.Unsafe.park(Unsafe.java:299)
02-26 20:45:53.208 18885 18993 E RobotCore:     at java.util.concurrent.locks.LockSupport.park(LockSupport.java:158)
02-26 20:45:53.208 18885 18993 E RobotCore:     at java.util.concurrent.locks.AbstractQueuedSynchronizer.parkAndCheckInterrupt(AbstractQueuedSynchronizer.java:810)
02-26 20:45:53.208 18885 18993 E RobotCore:     at java.util.concurrent.locks.AbstractQueuedSynchronizer.doAcquireSharedInterruptibly(AbstractQueuedSynchronizer.java:971)
02-26 20:45:53.208 18885 18993 E RobotCore:     at java.util.concurrent.locks.AbstractQueuedSynchronizer.acquireSharedInterruptibly(AbstractQueuedSynchronizer.java:1278)
02-26 20:45:53.208 18885 18993 E RobotCore:     at java.util.concurrent.Semaphore.acquire(Semaphore.java:284)
02-26 20:45:53.208 18885 18993 E RobotCore:     at com.ftdi.j2xx.ProcessInCtrl.acquireReadableBuffer(FT_Device.java:2294)
02-26 20:45:53.209 18885 18993 E RobotCore:     at com.ftdi.j2xx.ProcessRequestWorker.run(FT_Device.java:2764)
02-26 20:45:53.209 18885 18993 E RobotCore:     at java.lang.Thread.run(Thread.java:818)
02-26 20:45:53.209 18885 18993 E RobotCore: thread id=1115 name="r/w loop: Modern Robotics USB DC Motor Controller [AL00VM5S]"
02-26 20:45:53.209 18885 18993 E RobotCore:     at com.qualcomm.robotcore.hardware.usb.ftdi.RobotUsbDeviceFtdi.write(RobotUsbDeviceFtdi.java:173)
02-26 20:45:53.209 18885 18993 E RobotCore:     at com.qualcomm.hardware.modernrobotics.comm.ModernRoboticsReaderWriter.read(ModernRoboticsReaderWriter.java:175)
02-26 20:45:53.209 18885 18993 E RobotCore:     at com.qualcomm.hardware.modernrobotics.comm.ReadWriteRunnableStandard$1.run(ReadWriteRunnableStandard.java:344)
02-26 20:45:53.209 18885 18993 E RobotCore:     at com.qualcomm.robotcore.util.ThreadPool.logThreadLifeCycle(ThreadPool.java:513)
02-26 20:45:53.209 18885 18993 E RobotCore:     at com.qualcomm.hardware.modernrobotics.comm.ReadWriteRunnableStandard.run(ReadWriteRunnableStandard.java:304)
02-26 20:45:53.209 18885 18993 E RobotCore:     at java.util.concurrent.ThreadPoolExecutor.runWorker(ThreadPoolExecutor.java:1113)
02-26 20:45:53.209 18885 18993 E RobotCore:     at java.util.concurrent.ThreadPoolExecutor$Worker.run(ThreadPoolExecutor.java:588)
02-26 20:45:53.209 18885 18993 E RobotCore:     at java.lang.Thread.run(Thread.java:818)
02-26 20:45:53.209 18885 18993 E RobotCore: thread id=1101 name="bulkInThread"
02-26 20:45:53.209 18885 18993 E RobotCore:     at android.hardware.usb.UsbDeviceConnection.native_bulk_request(Native Method)
02-26 20:45:53.209 18885 18993 E RobotCore:     at android.hardware.usb.UsbDeviceConnection.bulkTransfer(UsbDeviceConnection.java:214)
02-26 20:45:53.209 18885 18993 E RobotCore:     at android.hardware.usb.UsbDeviceConnection.bulkTransfer(UsbDeviceConnection.java:196)
02-26 20:45:53.209 18885 18993 E RobotCore:     at com.ftdi.j2xx.BulkInWorker.run(FT_Device.java:2860)
02-26 20:45:53.209 18885 18993 E RobotCore:     at java.lang.Thread.run(Thread.java:818)
02-26 20:45:53.209 18885 18993 E RobotCore: thread id=1071 name="FinalizerWatchdogDaemon"
02-26 20:45:53.209 18885 18993 E RobotCore:     at java.lang.Thread.sleep(Native Method)
02-26 20:45:53.209 18885 18993 E RobotCore:     at java.lang.Thread.sleep(Thread.java:1031)
02-26 20:45:53.210 18885 18993 E RobotCore:     at java.lang.Thread.sleep(Thread.java:985)
02-26 20:45:53.210 18885 18993 E RobotCore:     at java.lang.Daemons$FinalizerWatchdogDaemon.sleepFor(Daemons.java:273)
02-26 20:45:53.210 18885 18993 E RobotCore:     at java.lang.Daemons$FinalizerWatchdogDaemon.waitForFinalization(Daemons.java:284)
02-26 20:45:53.210 18885 18993 E RobotCore:     at java.lang.Daemons$FinalizerWatchdogDaemon.run(Daemons.java:232)
02-26 20:45:53.210 18885 18993 E RobotCore:     at java.lang.Thread.run(Thread.java:818)
02-26 20:45:53.210 18885 18993 E RobotCore: thread id=1121 name="r/w loop: Modern Robotics USB Core Device Interface Module [AI041S6Y]"
02-26 20:45:53.210 18885 18993 E RobotCore:     at com.qualcomm.robotcore.hardware.usb.ftdi.RobotUsbDeviceFtdi.write(RobotUsbDeviceFtdi.java:173)
02-26 20:45:53.210 18885 18993 E RobotCore:     at com.qualcomm.hardware.modernrobotics.comm.ModernRoboticsReaderWriter.read(ModernRoboticsReaderWriter.java:175)
02-26 20:45:53.210 18885 18993 E RobotCore:     at com.qualcomm.hardware.modernrobotics.comm.ReadWriteRunnableStandard$1.run(ReadWriteRunnableStandard.java:344)
02-26 20:45:53.210 18885 18993 E RobotCore:     at com.qualcomm.robotcore.util.ThreadPool.logThreadLifeCycle(ThreadPool.java:513)
02-26 20:45:53.210 18885 18993 E RobotCore:     at com.qualcomm.hardware.modernrobotics.comm.ReadWriteRunnableStandard.run(ReadWriteRunnableStandard.java:304)
02-26 20:45:53.210 18885 18993 E RobotCore:     at java.util.concurrent.ThreadPoolExecutor.runWorker(ThreadPoolExecutor.java:1113)
02-26 20:45:53.210 18885 18993 E RobotCore:     at java.util.concurrent.ThreadPoolExecutor$Worker.run(ThreadPoolExecutor.java:588)
02-26 20:45:53.210 18885 18993 E RobotCore:     at java.lang.Thread.run(Thread.java:818)
02-26 20:45:53.210 18885 18993 E RobotCore: thread id=1122 name="SoundPool"
02-26 20:45:53.210 18885 18993 E RobotCore: thread id=1118 name="r/w loop: Modern Robotics USB DC Motor Controller [AL00YCFA]"
02-26 20:45:53.210 18885 18993 E RobotCore:     at com.qualcomm.robotcore.hardware.usb.ftdi.RobotUsbDeviceFtdi.write(RobotUsbDeviceFtdi.java:173)
02-26 20:45:53.210 18885 18993 E RobotCore:     at com.qualcomm.hardware.modernrobotics.comm.ModernRoboticsReaderWriter.write(ModernRoboticsReaderWriter.java:230)
02-26 20:45:53.210 18885 18993 E RobotCore:     at com.qualcomm.hardware.modernrobotics.comm.ReadWriteRunnableStandard$1.run(ReadWriteRunnableStandard.java:396)
02-26 20:45:53.210 18885 18993 E RobotCore:     at com.qualcomm.robotcore.util.ThreadPool.logThreadLifeCycle(ThreadPool.java:513)
02-26 20:45:53.210 18885 18993 E RobotCore:     at com.qualcomm.hardware.modernrobotics.comm.ReadWriteRunnableStandard.run(ReadWriteRunnableStandard.java:304)
02-26 20:45:53.210 18885 18993 E RobotCore:     at java.util.concurrent.ThreadPoolExecutor.runWorker(ThreadPoolExecutor.java:1113)
02-26 20:45:53.211 18885 18993 E RobotCore:     at java.util.concurrent.ThreadPoolExecutor$Worker.run(ThreadPoolExecutor.java:588)
02-26 20:45:53.211 18885 18993 E RobotCore:     at java.lang.Thread.run(Thread.java:818)
02-26 20:45:53.211 18885 18993 E RobotCore: thread id=1089 name="cr.CleanupReference"
02-26 20:45:53.211 18885 18993 E RobotCore:     at java.lang.Object.wait(Native Method)
02-26 20:45:53.211 18885 18993 E RobotCore:     at java.lang.Object.wait(Object.java:423)
02-26 20:45:53.211 18885 18993 E RobotCore:     at java.lang.ref.ReferenceQueue.remove(ReferenceQueue.java:101)
02-26 20:45:53.211 18885 18993 E RobotCore:     at java.lang.ref.ReferenceQueue.remove(ReferenceQueue.java:72)
02-26 20:45:53.211 18885 18993 E RobotCore:     at org.chromium.content.common.CleanupReference$1.run(CleanupReference.java:51)
02-26 20:45:53.211 18885 18993 E RobotCore: thread id=1 name="main"
02-26 20:45:53.211 18885 18993 E RobotCore:     at android.os.MessageQueue.nativePollOnce(Native Method)
02-26 20:45:53.211 18885 18993 E RobotCore:     at android.os.MessageQueue.next(MessageQueue.java:323)
02-26 20:45:53.211 18885 18993 E RobotCore:     at android.os.Looper.loop(Looper.java:135)
02-26 20:45:53.211 18885 18993 E RobotCore:     at android.app.ActivityThread.main(ActivityThread.java:5443)
02-26 20:45:53.211 18885 18993 E RobotCore:     at java.lang.reflect.Method.invoke(Native Method)
02-26 20:45:53.211 18885 18993 E RobotCore:     at com.android.internal.os.ZygoteInit$MethodAndArgsCaller.run(ZygoteInit.java:728)
02-26 20:45:53.211 18885 18993 E RobotCore:     at com.android.internal.os.ZygoteInit.main(ZygoteInit.java:618)
02-26 20:45:53.211 18885 18993 E RobotCore: thread id=1126 name="opmode loop()"
02-26 20:45:53.211 18885 18993 E RobotCore:     at java.lang.Object.wait(Native Method)
02-26 20:45:53.212 18885 18993 E RobotCore:     at com.qualcomm.hardware.modernrobotics.ModernRoboticsUsbController.waitForCallback(ModernRoboticsUsbController.java:227)
02-26 20:45:53.212 18885 18993 E RobotCore:     at com.qualcomm.hardware.modernrobotics.ModernRoboticsUsbController.write(ModernRoboticsUsbController.java:97)
02-26 20:45:53.212 18885 18993 E RobotCore:     at com.qualcomm.hardware.modernrobotics.ModernRoboticsUsbDevice.write8(ModernRoboticsUsbDevice.java:222)
02-26 20:45:53.212 18885 18993 E RobotCore:     at com.qualcomm.hardware.modernrobotics.ModernRoboticsUsbDcMotorController.internalSetMotorPower(ModernRoboticsUsbDcMotorController.java:643)
02-26 20:45:53.212 18885 18993 E RobotCore:     at com.qualcomm.hardware.modernrobotics.ModernRoboticsUsbDcMotorController.internalSetMotorPower(ModernRoboticsUsbDcMotorController.java:636)
02-26 20:45:53.212 18885 18993 E RobotCore:     at com.qualcomm.hardware.modernrobotics.ModernRoboticsUsbDcMotorController.setMotorPower(ModernRoboticsUsbDcMotorController.java:617)
02-26 20:45:53.212 18885 18993 E RobotCore:     at com.qualcomm.robotcore.hardware.DcMotorImpl.internalSetPower(DcMotorImpl.java:163)
02-26 20:45:53.212 18885 18993 E RobotCore:     at com.qualcomm.robotcore.hardware.DcMotorImpl.setPower(DcMotorImpl.java:159)
02-26 20:45:53.212 18885 18993 E RobotCore:     at org.firstinspires.ftc.teamcode.robotlibrary.BigAl.DriveTrain.powerLeft(DriveTrain.java:70)
02-26 20:45:53.212 18885 18993 E RobotCore:     at org.firstinspires.ftc.teamcode.robotlibrary.BigAl.DriveTrain.stopRobot(DriveTrain.java:82)
02-26 20:45:53.212 18885 18993 E RobotCore:     at org.firstinspires.ftc.teamcode.robotlibrary.BigAl.EncoderDrive.completed(EncoderDrive.java:74)
02-26 20:45:53.212 18885 18993 E RobotCore:     at org.firstinspires.ftc.teamcode.CornerFarRed.loop(CornerFarRed.java:155)
02-26 20:45:53.212 18885 18993 E RobotCore:     at com.qualcomm.robotcore.eventloop.opmode.OpModeManagerImpl$5.run(OpModeManagerImpl.java:615)
02-26 20:45:53.212 18885 18993 E RobotCore:     at com.qualcomm.robotcore.eventloop.opmode.OpModeManagerImpl.detectStuck(OpModeManagerImpl.java:481)
02-26 20:45:53.212 18885 18993 E RobotCore:     at com.qualcomm.robotcore.eventloop.opmode.OpModeManagerImpl.detectStuck(OpModeManagerImpl.java:475)
02-26 20:45:53.212 18885 18993 E RobotCore:     at com.qualcomm.robotcore.eventloop.opmode.OpModeManagerImpl.callActiveOpModeLoop(OpModeManagerImpl.java:613)
02-26 20:45:53.212 18885 18993 E RobotCore:     at com.qualcomm.robotcore.eventloop.opmode.OpModeManagerImpl.runActiveOpMode(OpModeManagerImpl.java:378)
02-26 20:45:53.212 18885 18993 E RobotCore:     at com.qualcomm.ftccommon.FtcEventLoop.loop(FtcEventLoop.java:216)
02-26 20:45:53.212 18885 18993 E RobotCore:     at com.qualcomm.robotcore.eventloop.EventLoopManager$EventLoopRunnable$1.run(EventLoopManager.java:292)
02-26 20:45:53.213 18885 18993 E RobotCore:     at com.qualcomm.robotcore.util.ThreadPool.logThreadLifeCycle(ThreadPool.java:513)
02-26 20:45:53.213 18885 18993 E RobotCore:     at com.qualcomm.robotcore.eventloop.EventLoopManager$EventLoopRunnable.run(EventLoopManager.java:246)
02-26 20:45:53.213 18885 18993 E RobotCore:     at java.util.concurrent.ThreadPoolExecutor.runWorker(ThreadPoolExecutor.java:1113)
02-26 20:45:53.213 18885 18993 E RobotCore:     at java.util.concurrent.ThreadPoolExecutor$Worker.run(ThreadPoolExecutor.java:588)
02-26 20:45:53.213 18885 18993 E RobotCore:     at java.lang.Thread.run(Thread.java:818)
02-26 20:45:53.213 18885 18993 E RobotCore: thread id=1080 name="Chrome_IOThread"
02-26 20:45:53.213 18885 18993 E RobotCore: thread id=1111 name="processRequestThread"
02-26 20:45:53.214 18885 18993 E RobotCore:     at java.lang.Object.wait(Native Method)
02-26 20:45:53.214 18885 18993 E RobotCore:     at java.lang.Thread.parkFor$(Thread.java:1220)
02-26 20:45:53.214 18885 18993 E RobotCore:     at sun.misc.Unsafe.park(Unsafe.java:299)
02-26 20:45:53.214 18885 18993 E RobotCore:     at java.util.concurrent.locks.LockSupport.park(LockSupport.java:158)
02-26 20:45:53.214 18885 18993 E RobotCore:     at java.util.concurrent.locks.AbstractQueuedSynchronizer.parkAndCheckInterrupt(AbstractQueuedSynchronizer.java:810)
02-26 20:45:53.214 18885 18993 E RobotCore:     at java.util.concurrent.locks.AbstractQueuedSynchronizer.doAcquireSharedInterruptibly(AbstractQueuedSynchronizer.java:971)
02-26 20:45:53.214 18885 18993 E RobotCore:     at java.util.concurrent.locks.AbstractQueuedSynchronizer.acquireSharedInterruptibly(AbstractQueuedSynchronizer.java:1278)
02-26 20:45:53.214 18885 18993 E RobotCore:     at java.util.concurrent.Semaphore.acquire(Semaphore.java:284)
02-26 20:45:53.214 18885 18993 E RobotCore:     at com.ftdi.j2xx.ProcessInCtrl.acquireReadableBuffer(FT_Device.java:2294)
02-26 20:45:53.215 18885 18993 E RobotCore:     at com.ftdi.j2xx.ProcessRequestWorker.run(FT_Device.java:2764)
02-26 20:45:53.215 18885 18993 E RobotCore:     at java.lang.Thread.run(Thread.java:818)
02-26 20:45:53.215 18885 18993 E RobotCore: thread id=1108 name="processRequestThread"
02-26 20:45:53.215 18885 18993 E RobotCore:     at java.lang.Object.wait(Native Method)
02-26 20:45:53.215 18885 18993 E RobotCore:     at java.lang.Thread.parkFor$(Thread.java:1220)
02-26 20:45:53.215 18885 18993 E RobotCore:     at sun.misc.Unsafe.park(Unsafe.java:299)
02-26 20:45:53.215 18885 18993 E RobotCore:     at java.util.concurrent.locks.LockSupport.park(LockSupport.java:158)
02-26 20:45:53.215 18885 18993 E RobotCore:     at java.util.concurrent.locks.AbstractQueuedSynchronizer.parkAndCheckInterrupt(AbstractQueuedSynchronizer.java:810)
02-26 20:45:53.215 18885 18993 E RobotCore:     at java.util.concurrent.locks.AbstractQueuedSynchronizer.doAcquireSharedInterruptibly(AbstractQueuedSynchronizer.java:971)
02-26 20:45:53.215 18885 18993 E RobotCore:     at java.util.concurrent.locks.AbstractQueuedSynchronizer.acquireSharedInterruptibly(AbstractQueuedSynchronizer.java:1278)
02-26 20:45:53.215 18885 18993 E RobotCore:     at java.util.concurrent.Semaphore.acquire(Semaphore.java:284)
02-26 20:45:53.215 18885 18993 E RobotCore:     at com.ftdi.j2xx.ProcessInCtrl.acquireReadableBuffer(FT_Device.java:2294)
02-26 20:45:53.215 18885 18993 E RobotCore:     at com.ftdi.j2xx.ProcessRequestWorker.run(FT_Device.java:2764)
02-26 20:45:53.215 18885 18993 E RobotCore:     at java.lang.Thread.run(Thread.java:818)
02-26 20:45:53.215 18885 18993 E RobotCore: thread id=1109 name="r/w loop: Modern Robotics USB Servo Controller [AL026DRM]"
02-26 20:45:53.215 18885 18993 E RobotCore:     at android.hardware.usb.UsbDeviceConnection.native_request_wait(Native Method)
02-26 20:45:53.215 18885 18993 E RobotCore:     at android.hardware.usb.UsbDeviceConnection.requestWait(UsbDeviceConnection.java:228)
02-26 20:45:53.215 18885 18993 E RobotCore:     at com.ftdi.j2xx.FT_Device.write(FT_Device.java:751)
02-26 20:45:53.215 18885 18993 E RobotCore:     at com.ftdi.j2xx.FT_Device.write(FT_Device.java:775)
02-26 20:45:53.215 18885 18993 E RobotCore:     at com.qualcomm.robotcore.hardware.usb.ftdi.RobotUsbDeviceFtdi.write(RobotUsbDeviceFtdi.java:174)
02-26 20:45:53.215 18885 18993 E RobotCore:     at com.qualcomm.hardware.modernrobotics.comm.ModernRoboticsReaderWriter.read(ModernRoboticsReaderWriter.java:175)
02-26 20:45:53.215 18885 18993 E RobotCore:     at com.qualcomm.hardware.modernrobotics.comm.ReadWriteRunnableStandard$1.run(ReadWriteRunnableStandard.java:344)
02-26 20:45:53.215 18885 18993 E RobotCore:     at com.qualcomm.robotcore.util.ThreadPool.logThreadLifeCycle(ThreadPool.java:513)
02-26 20:45:53.215 18885 18993 E RobotCore:     at com.qualcomm.hardware.modernrobotics.comm.ReadWriteRunnableStandard.run(ReadWriteRunnableStandard.java:304)
02-26 20:45:53.215 18885 18993 E RobotCore:     at java.util.concurrent.ThreadPoolExecutor.runWorker(ThreadPoolExecutor.java:1113)
02-26 20:45:53.215 18885 18993 E RobotCore:     at java.util.concurrent.ThreadPoolExecutor$Worker.run(ThreadPoolExecutor.java:588)
02-26 20:45:53.215 18885 18993 E RobotCore:     at java.lang.Thread.run(Thread.java:818)
02-26 20:45:53.216 18885 18993 E RobotCore: thread id=1130 name="pool-5-thread-1"
02-26 20:45:53.216 18885 18993 E RobotCore:     at dalvik.system.VMStack.getThreadStackTrace(Native Method)
02-26 20:45:53.216 18885 18993 E RobotCore:     at java.lang.Thread.getStackTrace(Thread.java:580)
02-26 20:45:53.216 18885 18993 E RobotCore:     at java.lang.Thread.getAllStackTraces(Thread.java:522)
02-26 20:45:53.216 18885 18993 E RobotCore:     at com.qualcomm.robotcore.eventloop.opmode.OpModeManagerImpl$OpModeStuckCodeMonitor$Runner.run(OpModeManagerImpl.java:546)
02-26 20:45:53.216 18885 18993 E RobotCore:     at java.util.concurrent.ThreadPoolExecutor.runWorker(ThreadPoolExecutor.java:1113)
02-26 20:45:53.216 18885 18993 E RobotCore:     at java.util.concurrent.ThreadPoolExecutor$Worker.run(ThreadPoolExecutor.java:588)
02-26 20:45:53.216 18885 18993 E RobotCore:     at java.lang.Thread.run(Thread.java:818)
02-26 20:45:53.216 18885 18993 E RobotCore: thread id=1083 name="Chrome_CacheThread"
02-26 20:45:53.216 18885 18993 E RobotCore: thread id=1102 name="processRequestThread"
02-26 20:45:53.216 18885 18993 E RobotCore:     at java.lang.Object.wait(Native Method)
02-26 20:45:53.216 18885 18993 E RobotCore:     at java.lang.Thread.parkFor$(Thread.java:1220)
02-26 20:45:53.216 18885 18993 E RobotCore:     at sun.misc.Unsafe.park(Unsafe.java:299)
02-26 20:45:53.216 18885 18993 E RobotCore:     at java.util.concurrent.locks.LockSupport.park(LockSupport.java:158)
02-26 20:45:53.216 18885 18993 E RobotCore:     at java.util.concurrent.locks.AbstractQueuedSynchronizer.parkAndCheckInterrupt(AbstractQueuedSynchronizer.java:810)
02-26 20:45:53.216 18885 18993 E RobotCore:     at java.util.concurrent.locks.AbstractQueuedSynchronizer.doAcquireSharedInterruptibly(AbstractQueuedSynchronizer.java:971)
02-26 20:45:53.216 18885 18993 E RobotCore:     at java.util.concurrent.locks.AbstractQueuedSynchronizer.acquireSharedInterruptibly(AbstractQueuedSynchronizer.java:1278)
02-26 20:45:53.216 18885 18993 E RobotCore:     at java.util.concurrent.Semaphore.acquire(Semaphore.java:284)
02-26 20:45:53.216 18885 18993 E RobotCore:     at com.ftdi.j2xx.ProcessInCtrl.acquireReadableBuffer(FT_Device.java:2294)
02-26 20:45:53.216 18885 18993 E RobotCore:     at com.ftdi.j2xx.ProcessRequestWorker.run(FT_Device.java:2764)
02-26 20:45:53.216 18885 18993 E RobotCore:     at java.lang.Thread.run(Thread.java:818)
02-26 20:45:53.216 18885 18993 E RobotCore: thread id=1087 name="AsyncTask #2"
02-26 20:45:53.216 18885 18993 E RobotCore:     at java.lang.Object.wait(Native Method)
02-26 20:45:53.216 18885 18993 E RobotCore:     at java.lang.Thread.parkFor$(Thread.java:1220)
02-26 20:45:53.216 18885 18993 E RobotCore:     at sun.misc.Unsafe.park(Unsafe.java:299)
02-26 20:45:53.216 18885 18993 E RobotCore:     at java.util.concurrent.locks.LockSupport.park(LockSupport.java:158)
02-26 20:45:53.216 18885 18993 E RobotCore:     at java.util.concurrent.locks.AbstractQueuedSynchronizer$ConditionObject.await(AbstractQueuedSynchronizer.java:2013)
02-26 20:45:53.216 18885 18993 E RobotCore:     at java.util.concurrent.LinkedBlockingQueue.take(LinkedBlockingQueue.java:410)
02-26 20:45:53.217 18885 18993 E RobotCore:     at java.util.concurrent.ThreadPoolExecutor.getTask(ThreadPoolExecutor.java:1038)
02-26 20:45:53.217 18885 18993 E RobotCore:     at java.util.concurrent.ThreadPoolExecutor.runWorker(ThreadPoolExecutor.java:1098)
02-26 20:45:53.217 18885 18993 E RobotCore:     at java.util.concurrent.ThreadPoolExecutor$Worker.run(ThreadPoolExecutor.java:588)
02-26 20:45:53.217 18885 18993 E RobotCore:     at java.lang.Thread.run(Thread.java:818)
02-26 20:45:53.217 18885 18993 E RobotCore: thread id=1074 name="Binder_2"
02-26 20:45:53.217 18885 18993 E RobotCore: thread id=1112 name="r/w loop: Modern Robotics USB DC Motor Controller [AI049PCI]"
02-26 20:45:53.217 18885 18993 E RobotCore:     at com.qualcomm.robotcore.hardware.usb.ftdi.RobotUsbDeviceFtdi.write(RobotUsbDeviceFtdi.java:173)
02-26 20:45:53.217 18885 18993 E RobotCore:     at com.qualcomm.hardware.modernrobotics.comm.ModernRoboticsReaderWriter.read(ModernRoboticsReaderWriter.java:175)
02-26 20:45:53.217 18885 18993 E RobotCore:     at com.qualcomm.hardware.modernrobotics.comm.ReadWriteRunnableStandard$1.run(ReadWriteRunnableStandard.java:344)
02-26 20:45:53.217 18885 18993 E RobotCore:     at com.qualcomm.robotcore.util.ThreadPool.logThreadLifeCycle(ThreadPool.java:513)
02-26 20:45:53.217 18885 18993 E RobotCore:     at com.qualcomm.hardware.modernrobotics.comm.ReadWriteRunnableStandard.run(ReadWriteRunnableStandard.java:304)
02-26 20:45:53.217 18885 18993 E RobotCore:     at java.util.concurrent.ThreadPoolExecutor.runWorker(ThreadPoolExecutor.java:1113)
02-26 20:45:53.217 18885 18993 E RobotCore:     at java.util.concurrent.ThreadPoolExecutor$Worker.run(ThreadPoolExecutor.java:588)
02-26 20:45:53.217 18885 18993 E RobotCore:     at java.lang.Thread.run(Thread.java:818)
02-26 20:45:53.217 18885 18993 E RobotCore: thread id=1084 name="Chrome_ProcessLauncherThread"
02-26 20:45:53.217 18885 18993 E RobotCore: thread id=1116 name="bulkInThread"
02-26 20:45:53.217 18885 18993 E RobotCore:     at android.hardware.usb.UsbDeviceConnection.native_bulk_request(Native Method)
02-26 20:45:53.217 18885 18993 E RobotCore:     at android.hardware.usb.UsbDeviceConnection.bulkTransfer(UsbDeviceConnection.java:214)
02-26 20:45:53.217 18885 18993 E RobotCore:     at android.hardware.usb.UsbDeviceConnection.bulkTransfer(UsbDeviceConnection.java:196)
02-26 20:45:53.217 18885 18993 E RobotCore:     at com.ftdi.j2xx.BulkInWorker.run(FT_Device.java:2860)
02-26 20:45:53.217 18885 18993 E RobotCore:     at java.lang.Thread.run(Thread.java:818)
02-26 20:45:53.237 18885 18995 V Robocol : sending CMD_SHOW_TOAST(2749), attempt: 0
02-26 20:45:53.278 18885 18958 D RobotCore: system telemetry: key=$System$Error$ msg="OpMode 'CornerFarRed' stuck in loop(). Restarting robot controller app."
02-26 20:45:53.280 18885 18958 V Robocol : received command: CMD_SHOW_TOAST(2749) {"duration":0,"message":"OpMode stuck in loop(). Restarting robot controller app."}
02-26 20:45:53.294 18885 18949 V RenderScript: 0xb74adc88 Launching thread(s), CPUs 4
02-26 20:45:53.321 18885 18984 D MediaPlayer: setSubtitleAnchor in MediaPlayer
02-26 20:45:53.322 18885 18885 D MediaPlayer: setSubtitleAnchor in MediaPlayer
02-26 20:45:53.327 18885 18885 E MediaPlayer: invoke failed: wrong state 8
02-26 20:45:53.327 18885 18885 W MediaPlayer: mediaplayer went away with unhandled events
02-26 20:45:53.343 18885 18982 D ExtendedUtils: extended extractor not needed, return default
02-26 20:45:53.344 18885 18982 I MediaCodec: (0xb749d7b0) init name(audio/raw) isType(1) encoder(0)
02-26 20:45:53.346 18885 19055 I OMXClient: Using client-side OMX mux.
02-26 20:45:53.348 18885 19055 E OMXMaster: A component of name 'OMX.qcom.audio.decoder.aac' already exists, ignoring this one.
02-26 20:45:53.349 18885 19055 I MediaCodec: (0xb749d7b0) Component Allocated (OMX.google.raw.decoder)
02-26 20:45:53.350 18885 18982 I MediaCodec: (0xb749d7b0) configure surface(0x0) crypto(0x0) flags(0)
02-26 20:45:53.350 18885 18982 D MediaCodec: (0xb749d7b0) configure format: AMessage(what = 0x00000000) = {
02-26 20:45:53.350 18885 18982 D MediaCodec:    string mime = "audio/raw"
02-26 20:45:53.350 18885 18982 D MediaCodec:    int64_t durationUs = 929183
02-26 20:45:53.350 18885 18982 D MediaCodec:    int32_t channel-count = 2
02-26 20:45:53.350 18885 18982 D MediaCodec:    int32_t sample-rate = 44100
02-26 20:45:53.350 18885 18982 D MediaCodec:    int32_t channel-mask = 0
02-26 20:45:53.350 18885 18982 D MediaCodec:  }
02-26 20:45:53.351 18885 18982 I MediaCodec: (0xb749d7b0) start
02-26 20:45:53.351 18885 19055 I MediaCodec: (0xb749d7b0) input buffers allocated
02-26 20:45:53.351 18885 19055 I MediaCodec: (0xb749d7b0) numBuffers (4)
02-26 20:45:53.351 18885 19055 I MediaCodec: (0xb749d7b0) output buffers allocated
02-26 20:45:53.351 18885 19055 I MediaCodec: (0xb749d7b0) numBuffers (4)
02-26 20:45:53.353 18885 19055 I MediaCodec: (0xb749d7b0) codec output format changed
02-26 20:45:53.353 18885 19055 D MediaCodec: (0xb749d7b0) output format: AMessage(what = 'codc', target = 10) = {
02-26 20:45:53.353 18885 19055 D MediaCodec:    string mime = "audio/raw"
02-26 20:45:53.353 18885 19055 D MediaCodec:    int32_t channel-count = 2
02-26 20:45:53.353 18885 19055 D MediaCodec:    int32_t sample-rate = 44100
02-26 20:45:53.353 18885 19055 D MediaCodec:    int32_t channel-mask = 0
02-26 20:45:53.353 18885 19055 D MediaCodec:    int32_t what = 1869968451
02-26 20:45:53.353 18885 19055 D MediaCodec:  }
02-26 20:45:53.365 18885 18982 I MediaCodec: (0xb749d7b0) stop
02-26 20:45:53.366 18885 18982 I MediaCodec: (0xb749d7b0) release
02-26 20:45:53.370 18885 18984 W AudioTrack: AUDIO_OUTPUT_FLAG_FAST denied by client; transfer 4, track 44100 Hz, output 48000 Hz
02-26 20:45:54.225 18885 18993 V RobotCore: restarting app
02-26 20:45:54.230 18885 18993 I art     : System.exit called, status: -1
02-26 20:45:54.230 18885 18993 I AndroidRuntime: VM exiting with result code -1, cleanup skipped.
02-26 20:45:59.305 19073 19073 I art     : Late-enabling -Xcheck:jni
02-26 20:45:59.409 19073 19073 V RCActivity: onCreate()
02-26 20:45:59.414 19073 19086 V RobotCore: saving logcat to /storage/emulated/0/com.qualcomm.ftcrobotcontroller.logcat
02-26 20:45:59.414 19073 19086 V RobotCore: logging command line: logcat -f /storage/emulated/0/com.qualcomm.ftcrobotcontroller.logcat -r4096 -n4 -v threadtime UsbRequestJNI:S UsbRequest:S *:V
02-26 20:45:59.454 19073 19073 I WebViewFactory: Loading com.google.android.webview version 46.0.2490.76 (code 249007600)
02-26 20:45:59.455 19089 19089 W ps      : type=1400 audit(0.0:6349): avc: denied { getattr } for uid=10088 path="/proc/1" dev="proc" ino=137344 scontext=u:r:untrusted_app:s0:c512,c768 tcontext=u:r:init:s0 tclass=dir permissive=0
02-26 20:45:59.455 19089 19089 W ps      : type=1400 audit(0.0:6350): avc: denied { search } for uid=10088 name="1" dev="proc" ino=137344 scontext=u:r:untrusted_app:s0:c512,c768 tcontext=u:r:init:s0 tclass=dir permissive=0
02-26 20:45:59.455 19089 19089 W ps      : type=1400 audit(0.0:6351): avc: denied { search } for uid=10088 name="1" dev="proc" ino=137344 scontext=u:r:untrusted_app:s0:c512,c768 tcontext=u:r:init:s0 tclass=dir permissive=0
02-26 20:45:59.455 19089 19089 W ps      : type=1400 audit(0.0:6352): avc: denied { getattr } for uid=10088 path="/proc/2" dev="proc" ino=135962 scontext=u:r:untrusted_app:s0:c512,c768 tcontext=u:r:kernel:s0 tclass=dir permissive=0
02-26 20:45:59.455 19089 19089 W ps      : type=1400 audit(0.0:6353): avc: denied { search } for uid=10088 name="2" dev="proc" ino=135962 scontext=u:r:untrusted_app:s0:c512,c768 tcontext=u:r:kernel:s0 tclass=dir permissive=0
02-26 20:45:59.455 19089 19089 W ps      : type=1400 audit(0.0:6354): avc: denied { search } for uid=10088 name="2" dev="proc" ino=135962 scontext=u:r:untrusted_app:s0:c512,c768 tcontext=u:r:kernel:s0 tclass=dir permissive=0
02-26 20:45:59.455 19089 19089 W ps      : type=1400 audit(0.0:6355): avc: denied { getattr } for uid=10088 path="/proc/3" dev="proc" ino=135963 scontext=u:r:untrusted_app:s0:c512,c768 tcontext=u:r:kernel:s0 tclass=dir permissive=0
02-26 20:45:59.455 19089 19089 W ps      : type=1400 audit(0.0:6356): avc: denied { search } for uid=10088 name="3" dev="proc" ino=135963 scontext=u:r:untrusted_app:s0:c512,c768 tcontext=u:r:kernel:s0 tclass=dir permissive=0
02-26 20:45:59.455 19089 19089 W ps      : type=1400 audit(0.0:6357): avc: denied { search } for uid=10088 name="3" dev="proc" ino=135963 scontext=u:r:untrusted_app:s0:c512,c768 tcontext=u:r:kernel:s0 tclass=dir permissive=0
02-26 20:45:59.455 19089 19089 W ps      : type=1400 audit(0.0:6358): avc: denied { getattr } for uid=10088 path="/proc/5" dev="proc" ino=135964 scontext=u:r:untrusted_app:s0:c512,c768 tcontext=u:r:kernel:s0 tclass=dir permissive=0
02-26 20:45:59.455 19089 19089 W ps      : type=1400 audit(0.0:6359): avc: denied { search } for uid=10088 name="5" dev="proc" ino=135964 scontext=u:r:untrusted_app:s0:c512,c768 tcontext=u:r:kernel:s0 tclass=dir permissive=0
02-26 20:45:59.455 19089 19089 W ps      : type=1400 audit(0.0:6360): avc: denied { search } for uid=10088 name="5" dev="proc" ino=135964 scontext=u:r:untrusted_app:s0:c512,c768 tcontext=u:r:kernel:s0 tclass=dir permissive=0
02-26 20:45:59.455 19089 19089 W ps      : type=1400 audit(0.0:6361): avc: denied { getattr } for uid=10088 path="/proc/6" dev="proc" ino=135965 scontext=u:r:untrusted_app:s0:c512,c768 tcontext=u:r:kernel:s0 tclass=dir permissive=0
02-26 20:45:59.455 19089 19089 W ps      : type=1400 audit(0.0:6362): avc: denied { search } for uid=10088 name="6" dev="proc" ino=135965 scontext=u:r:untrusted_app:s0:c512,c768 tcontext=u:r:kernel:s0 tclass=dir permissive=0
02-26 20:45:59.455 19089 19089 W ps      : type=1400 audit(0.0:6363): avc: denied { search } for uid=10088 name="6" dev="proc" ino=135965 scontext=u:r:untrusted_app:s0:c512,c768 tcontext=u:r:kernel:s0 tclass=dir permissive=0
02-26 20:45:59.455 19089 19089 W ps      : type=1400 audit(0.0:6364): avc: denied { getattr } for uid=10088 path="/proc/7" dev="proc" ino=135966 scontext=u:r:untrusted_app:s0:c512,c768 tcontext=u:r:kernel:s0 tclass=dir permissive=0
02-26 20:45:59.455 19089 19089 W ps      : type=1400 audit(0.0:6365): avc: denied { search } for uid=10088 name="7" dev="proc" ino=135966 scontext=u:r:untrusted_app:s0:c512,c768 tcontext=u:r:kernel:s0 tclass=dir permissive=0
02-26 20:45:59.455 19089 19089 W ps      : type=1400 audit(0.0:6366): avc: denied { search } for uid=10088 name="7" dev="proc" ino=135966 scontext=u:r:untrusted_app:s0:c512,c768 tcontext=u:r:kernel:s0 tclass=dir permissive=0
02-26 20:45:59.455 19089 19089 W ps      : type=1400 audit(0.0:6367): avc: denied { getattr } for uid=10088 path="/proc/8" dev="proc" ino=135967 scontext=u:r:untrusted_app:s0:c512,c768 tcontext=u:r:kernel:s0 tclass=dir permissive=0
02-26 20:45:59.455 19089 19089 W ps      : type=1400 audit(0.0:6368): avc: denied { search } for uid=10088 name="8" dev="proc" ino=135967 scontext=u:r:untrusted_app:s0:c512,c768 tcontext=u:r:kernel:s0 tclass=dir permissive=0
02-26 20:45:59.486 19073 19073 W System  : ClassLoader referenced unknown path: /system/app/WebViewGoogle/lib/arm
02-26 20:45:59.505 19073 19073 I cr.library_loader: Time to load native libraries: 14 ms (timestamps 4868-4882)
02-26 20:45:59.505 19073 19073 I cr.library_loader: Expected native library version number "46.0.2490.76", actual native library version number "46.0.2490.76"
02-26 20:45:59.521 19073 19073 V WebViewChromiumFactoryProvider: Binding Chromium to main looper Looper (main, tid 1) {867cba8}
02-26 20:45:59.521 19073 19073 I cr.library_loader: Expected native library version number "46.0.2490.76", actual native library version number "46.0.2490.76"
02-26 20:45:59.521 19073 19073 I chromium: [INFO:library_loader_hooks.cc(118)] Chromium logging enabled: level = 0, default verbosity = 0
02-26 20:45:59.530 19073 19073 I cr.BrowserStartup: Initializing chromium process, singleProcess=true
02-26 20:45:59.537 19073 19073 E SysUtils: ApplicationContext is null in ApplicationStatus
02-26 20:45:59.551 19073 19097 W chromium: [WARNING:dns_config_service_posix.cc(298)] Failed to read DnsConfig.
02-26 20:45:59.562 19073 19073 I Adreno-EGL: <qeglDrvAPI_eglInitialize:379>: EGL 1.4 QUALCOMM build:  (Ifd751822f5)
02-26 20:45:59.562 19073 19073 I Adreno-EGL: OpenGL ES Shader Compiler Version: XE031.06.00.05
02-26 20:45:59.562 19073 19073 I Adreno-EGL: Build Date: 01/26/16 Tue
02-26 20:45:59.562 19073 19073 I Adreno-EGL: Local Branch: AU12_SBA
02-26 20:45:59.562 19073 19073 I Adreno-EGL: Remote Branch: 
02-26 20:45:59.562 19073 19073 I Adreno-EGL: Local Patches: 
02-26 20:45:59.562 19073 19073 I Adreno-EGL: Reconstruct Branch: 
02-26 20:45:59.593 19073 19073 E chromium: [ERROR:browser_gpu_channel_host_factory.cc(258)] Failed to init browser shader disk cache.
02-26 20:45:59.608 19073 19073 E libEGL  : validate_display:255 error 3008 (EGL_BAD_DISPLAY)
02-26 20:45:59.647 19073 19073 W art     : Attempt to remove non-JNI local reference, dumping thread
02-26 20:45:59.656 19073 19073 W AwContents: onDetachedFromWindow called when already detached. Ignoring
02-26 20:46:00.694 19073 19073 V RobotCore: Network: inactive, disconnected
02-26 20:46:00.702 19073 19073 V RCActivity: onStart()
02-26 20:46:00.705 19073 19073 V RCActivity: onResume()
02-26 20:46:00.709 19073 19119 D OpenGLRenderer: Use EGL_SWAP_BEHAVIOR_PRESERVED: true
02-26 20:46:00.736 19073 19073 V FTCService: onCreate()
02-26 20:46:00.736 19073 19073 V FTCService: onBind()
02-26 20:46:00.736 19073 19073 V FTCService: Android device is motorola, MotoG3
02-26 20:46:00.737 19073 19073 V RobotCore: Getting network assistant of type: WIFIDIRECT
02-26 20:46:00.739 19073 19073 V WifiDirect: There are 1 Wifi Direct Assistant Clients (+)
02-26 20:46:00.739 19073 19073 V WifiDirect: Enabling Wifi Direct Assistant
02-26 20:46:00.778 19073 19119 I OpenGLRenderer: Initialized EGL, version 1.4
02-26 20:46:00.794 19073 19073 D WifiDirect: broadcast: state - enabled: true
02-26 20:46:00.797 19073 19073 D WifiDirect: broadcast: connection changed: connectStatus=NOT_CONNECTED networkInfo.state=CONNECTED
02-26 20:46:00.797 19073 19073 V WifiDirect: NetworkInfo: [type: WIFI_P2P[], state: CONNECTED/CONNECTED, reason: (unspecified), extra: (none), roaming: false, failover: false, isAvailable: true]
02-26 20:46:00.797 19073 19073 V WifiDirect: WifiP2pInfo: groupFormed: true isGroupOwner: true operatingChannel: 2427 groupOwnerAddress: /192.168.49.1 mccMode: false
02-26 20:46:00.797 19073 19073 V WifiDirect: WifiP2pGroup: network: DIRECT-Ey-7351-RC-B, isGO: true, Operating Channel: 2427, GO: Device: , deviceAddress: 40:88:05:ca:f7:0c, primary type: null, secondary type: null, wps: 0, grpcapab: 0, devcapab: 0, status: 4, wfdInfo: WFD enabled: falseWFD DeviceInfo: 0, WFD CtrlPort: 0, WFD MaxThroughput: 0, level: 0, Client: Device: 7351-DS-B, deviceAddress: 40:88:05:ca:44:ca, primary type: 10-0050F204-5, secondary type: null, wps: 392, grpcapab: 0, devcapab: 37, status: 0, wfdInfo: null, level: 60, interface: p2p0, networkId: 2, mGoOperFreq: 2427
02-26 20:46:00.797 19073 19073 D WifiDirect: broadcast: this device changed
02-26 20:46:00.798 19073 19073 V WifiDirect: device information: 7351-RC-B 40:88:05:ca:f7:0c
02-26 20:46:00.798 19073 19073 V FTCService: RCActivity.controllerService=bound
02-26 20:46:00.798 19073 19073 V RobotCore: Network: unknown, disconnected
02-26 20:46:00.799 19073 19073 V RobotCore: Robot Status: stopped
02-26 20:46:00.805 19073 19073 D OpmodeRegistration: registered {DefaultOpMode} as {$Stop$Robot$}
02-26 20:46:00.806 19073 19073 V FTCService: Processing robot setup
02-26 20:46:00.807 19073 19073 D WifiDirect: cannot create group, does group already exist?
02-26 20:46:00.808 19073 19124 V RobotCore: thread: 'RobotSetupRunnable.run()' starting...
02-26 20:46:00.809 19073 19124 V RobotCore: Robot Status: stopped, scanning for USB devices
02-26 20:46:00.846 19073 19073 D WifiDirect: group owners address: /192.168.49.1
02-26 20:46:00.847 19073 19073 D WifiDirect: group formed, this device is the group owner (GO)
02-26 20:46:00.847 19073 19073 I FTCService: Wifi Direct - connected as group owner
02-26 20:46:00.847 19073 19073 D WifiDirect: stop discovering peers
02-26 20:46:00.852 19073 19073 V RobotCore: Network: enabled, disconnected
02-26 20:46:00.877 19073 19073 V WifiDirect: connection information available
02-26 20:46:00.877 19073 19073 V WifiDirect: connection information - groupOwnerName = 7351-RC-B
02-26 20:46:00.877 19073 19073 V WifiDirect: connection information - groupOwnerMacAddress = 40:88:05:ca:f7:0c
02-26 20:46:00.878 19073 19073 V WifiDirect: connection information - groupInterface = p2p0
02-26 20:46:00.878 19073 19073 V WifiDirect: connection information - groupNetworkName = DIRECT-Ey-7351-RC-B
02-26 20:46:00.878 19073 19073 I FTCService: Network Connection Passphrase: Bcz4hYN9
02-26 20:46:00.878 19073 19073 V RobotCore: Network: active, disconnected
02-26 20:46:05.812 19073 19124 V RobotCore: EventLoopManager state is NOT_STARTED
02-26 20:46:05.812 19073 19124 V RobotCore: Robot Status: stopped, waiting on network
02-26 20:46:05.814 19073 19124 V RobotCore: Robot Status: stopped, starting robot
02-26 20:46:05.814 19073 19124 V Robocol : EventLoopManager.start()
02-26 20:46:05.814 19073 19124 V RobotCore: Getting network assistant of type: WIFIDIRECT
02-26 20:46:05.814 19073 19124 V Robocol : Spoofing a Network Connection event...
02-26 20:46:05.815 19073 19073 I RobotCore: Battery Checker, Level Remaining: 92.0
02-26 20:46:05.815 19073 19124 V RobotCore: executive service EventLoop is terminated
02-26 20:46:05.815 19073 19124 V RobotCore: EventLoopManager state is STOPPED
02-26 20:46:05.816 19073 19124 V Robocol : eventLoop=FtcEventLoop
02-26 20:46:05.816 19073 19124 V RobotCore: EventLoopManager state is INIT
02-26 20:46:05.816 19073 19124 V RobotCore: Robot Status: initializing, starting robot
02-26 20:46:05.816 19073 19124 I FIRST   : ======= INIT START =======
02-26 20:46:05.817 19073 19073 I RobotCore: Battery Checker, Level Remaining: 92.0
02-26 20:46:05.821 19073 19127 V RobotCore: thread: 'SetupRunnable.run()' starting...
02-26 20:46:05.842 19073 19124 D OpmodeRegistration: registered {CapBallCloseBlue} as {CapBallCloseBlue}
02-26 20:46:05.843 19073 19124 D OpmodeRegistration: registered {CapBallCloseRed} as {CapBallCloseRed}
02-26 20:46:05.844 19073 19124 D OpmodeRegistration: registered {ShootBackUpBlue} as {ShootBackUpBlue}
02-26 20:46:05.844 19073 19124 D OpmodeRegistration: registered {ShootBackUpRed} as {ShootBackUpRed}
02-26 20:46:05.845 19073 19124 D OpmodeRegistration: registered {ShootDefenseBlueMiddle} as {ShootDefenseBlueMiddle}
02-26 20:46:05.846 19073 19124 D OpmodeRegistration: registered {ShootDefenseBlueShootBlock} as {ShootDefenseBlueShootBlock}
02-26 20:46:05.846 19073 19124 D OpmodeRegistration: registered {ShootDefenseRedMiddle} as {ShootDefenseRedMiddle}
02-26 20:46:05.847 19073 19124 D OpmodeRegistration: registered {ShootDefenseRedShootBlock} as {ShootDefenseRedShootBlock}
02-26 20:46:05.848 19073 19124 D OpmodeRegistration: registered {ShootDefenseRedShootBlockAlt} as {ShootDefenseRedShootBlockAlt}
02-26 20:46:05.848 19073 19124 D OpmodeRegistration: registered {ShootOnlyBlueClose} as {ShootOnlyClose}
02-26 20:46:05.849 19073 19124 D OpmodeRegistration: registered {ShootOnlyRedClose} as {ShootOnlyRedClose}
02-26 20:46:05.849 19073 19124 D OpmodeRegistration: registered {ShootTwoBlue} as {ShootTwoBlue}
02-26 20:46:05.850 19073 19124 D OpmodeRegistration: registered {ShootTwoRed} as {ShootTwoRed}
02-26 20:46:05.851 19073 19124 D OpmodeRegistration: registered {BeaconScoreTest} as {BeaconScoreTest}
02-26 20:46:05.851 19073 19124 D OpmodeRegistration: registered {ColorSensorTest} as {ColorTest}
02-26 20:46:05.852 19073 19124 D OpmodeRegistration: registered {EncoderDriveTest} as {EncoderDriveTest}
02-26 20:46:05.852 19073 19124 D OpmodeRegistration: registered {EncoderGyroTurnTest} as {EncoderGyroTest}
02-26 20:46:05.854 19073 19124 D OpmodeRegistration: registered {EncoderOneStraight} as {EncoderOneStraightTest}
02-26 20:46:05.854 19073 19124 D OpmodeRegistration: registered {EncoderTurnTest} as {EncoderTurnTest}
02-26 20:46:05.855 19073 19124 D OpmodeRegistration: registered {ShootingTest} as {ShootingTest}
02-26 20:46:05.855 19073 19124 D OpmodeRegistration: registered {WhiteLineTest} as {WhiteLineTest}
02-26 20:46:05.856 19073 19124 D OpmodeRegistration: registered {TeleOp} as {TeleOp}
02-26 20:46:05.856 19073 19124 D OpmodeRegistration: registered {TeleOpPID} as {TeleOpPID}
02-26 20:46:05.856 19073 19124 D OpmodeRegistration: registered {TestBenchTeleOp} as {TeleOpTestBench}
02-26 20:46:05.857 19073 19124 D OpmodeRegistration: registered {BeaconBlueEncoder} as {BeaconBlueEnc}
02-26 20:46:05.857 19073 19124 D OpmodeRegistration: registered {BeaconBlueEncoderCapBall} as {BeaconBlueEncCapBall}
02-26 20:46:05.858 19073 19124 D OpmodeRegistration: registered {BeaconRed} as {BeaconRed}
02-26 20:46:05.858 19073 19124 D OpmodeRegistration: registered {BeaconRedCapBall} as {BeaconRedCapBall}
02-26 20:46:05.859 19073 19124 D OpmodeRegistration: registered {CapBallFarBlue} as {CapBallFarBlue}
02-26 20:46:05.859 19073 19124 D OpmodeRegistration: registered {CapBallFarRed} as {CapBallFarRed}
02-26 20:46:05.860 19073 19124 D OpmodeRegistration: registered {CornerFarBlue} as {CornerFarBlue}
02-26 20:46:05.860 19073 19124 D OpmodeRegistration: registered {CornerFarRed} as {CornerFarRed}
02-26 20:46:05.861 19073 19127 D Robocol : RobocolDatagramSocket listening addr=/192.168.49.1:20884 cbRec=65520 cbSend=163840 msRecTO=300
02-26 20:46:05.861 19073 19124 D OpmodeRegistration: registered {DynamicAutonomousSelectorTest} as {SelectorTest}
02-26 20:46:05.861 19073 19127 V Robocol : RecvLoopRunnable created
02-26 20:46:05.861 19073 19124 D OpmodeRegistration: registered {BeaconBlue} as {BeaconBlue}
02-26 20:46:05.862 19073 19124 D OpmodeRegistration: registered {BeaconBlueCapBall} as {BeaconBlueCapBall}
02-26 20:46:05.862 19073 19127 V PeerDiscovery: Starting peer discovery
02-26 20:46:05.863 19073 19127 V PeerDiscovery: No need for peer discovery, we are the peer discovery device
02-26 20:46:05.863 19073 19127 V RobotCore: Setup complete
02-26 20:46:05.863 19073 19127 V RobotCore: thread: ...terminating 'SetupRunnable.run()'
02-26 20:46:05.863 19073 19124 D OpmodeRegistration: registered {BeaconRedEncoder} as {BeaconRedEnc}
02-26 20:46:05.863 19073 19124 D OpmodeRegistration: registered {BeaconRedEncoderCapBall} as {BeaconRedEncCapBall}
02-26 20:46:05.864 19073 19129 V RobotCore: thread: 'RecvLoopRunnable.run()' starting...
02-26 20:46:05.864 19073 19124 V D2xx::  : Start constructor
02-26 20:46:05.868 19073 19124 V D2xx::  : End constructor
02-26 20:46:05.871 19073 19124 V RobotCore: Creating Modern Robotics USB Core Device Interface Module [AL00VDA6]
02-26 20:46:05.874 19073 19124 V D2xx::  : Vendor: 0403, Product: 6001
02-26 20:46:06.165 19073 19129 E Robocol : no packet received: SocketTimeoutException
02-26 20:46:06.165 19073 19129 E RobotCore: java.net.SocketTimeoutException
02-26 20:46:06.166 19073 19129 E RobotCore:     at libcore.io.IoBridge.maybeThrowAfterRecvfrom(IoBridge.java:594)
02-26 20:46:06.166 19073 19129 E RobotCore:     at libcore.io.IoBridge.recvfrom(IoBridge.java:552)
02-26 20:46:06.166 19073 19129 E RobotCore:     at java.net.PlainDatagramSocketImpl.doRecv(PlainDatagramSocketImpl.java:163)
02-26 20:46:06.166 19073 19129 E RobotCore:     at java.net.PlainDatagramSocketImpl.receive(PlainDatagramSocketImpl.java:171)
02-26 20:46:06.166 19073 19129 E RobotCore:     at java.net.DatagramSocket.receive(DatagramSocket.java:274)
02-26 20:46:06.166 19073 19129 E RobotCore:     at com.qualcomm.robotcore.robocol.RobocolDatagramSocket.recv(RobocolDatagramSocket.java:131)
02-26 20:46:06.166 19073 19129 E RobotCore:     at org.firstinspires.ftc.robotcore.internal.network.RecvLoopRunnable$1.run(RecvLoopRunnable.java:83)
02-26 20:46:06.166 19073 19129 E RobotCore:     at com.qualcomm.robotcore.util.ThreadPool.logThreadLifeCycle(ThreadPool.java:513)
02-26 20:46:06.166 19073 19129 E RobotCore:     at org.firstinspires.ftc.robotcore.internal.network.RecvLoopRunnable.run(RecvLoopRunnable.java:75)
02-26 20:46:06.166 19073 19129 E RobotCore:     at java.util.concurrent.ThreadPoolExecutor.runWorker(ThreadPoolExecutor.java:1113)
02-26 20:46:06.166 19073 19129 E RobotCore:     at java.util.concurrent.ThreadPoolExecutor$Worker.run(ThreadPoolExecutor.java:588)
02-26 20:46:06.166 19073 19129 E RobotCore:     at java.lang.Thread.run(Thread.java:818)
02-26 20:46:06.544 19073 19129 D RobotCore: system telemetry: key=$System$None$ msg=""
02-26 20:46:06.547 19073 19129 V PeerDiscovery: new remote peer discovered: 192.168.49.201
02-26 20:46:06.547 19073 19129 D Robocol : RobocolDatagramSocket connected to /192.168.49.201:20884
02-26 20:46:06.548 19073 19129 V NetworkConnectionHandler: starting sending loop
02-26 20:46:06.548 19073 19129 V Robocol : SendOnceRunnable created
02-26 20:46:06.567 19073 19129 V RobotCore: Network: active, connected
02-26 20:46:06.589 19073 19130 V Robocol : sending CMD_REQUEST_USER_SENSOR_LIST_RESP(10), attempt: 0
02-26 20:46:06.596 19073 19134 D MediaPlayer: setSubtitleAnchor in MediaPlayer
02-26 20:46:06.597 19073 19073 D MediaPlayer: setSubtitleAnchor in MediaPlayer
02-26 20:46:06.599 19073 19129 V Robocol : received command: CMD_REQUEST_OP_MODE_LIST(10002) 
02-26 20:46:06.622 19073 19129 V Robocol : received command: CMD_REQUEST_ACTIVE_CONFIGURATION(10003) 
02-26 20:46:06.628 19073 19129 V Robocol : received command: CMD_REQUEST_USER_SENSOR_LIST_RESP(10) [{"description":"a MR compass sensor","flavor":"I2C","name":"MR Compass Sensor","xmlTag":"ModernRoboticsI2cCompassSensor"},{"description":"an Adafruit IMU","flavor":"I2C","name":"Adafruit IMU","xmlTag":"AdafruitBNO055IMU"},{"description":"a MR range sensor","flavor":"I2C","name":"MR Range Sensor","xmlTag":"ModernRoboticsI2cRangeSensor"}]
02-26 20:46:06.629 19073 19130 V Robocol : sending CMD_REQUEST_OP_MODE_LIST_RESP(14), attempt: 0
02-26 20:46:06.629 19073 19130 V Robocol : sending CMD_REQUEST_USER_SENSOR_LIST_RESP(15), attempt: 0
02-26 20:46:06.630 19073 19130 V Robocol : sending CMD_REQUEST_ACTIVE_CONFIGURATION_RESP(18), attempt: 0
