03-25 13:58:04.577 13725 13784 E RobotCore:     at java.util.concurrent.ThreadPoolExecutor$Worker.run(ThreadPoolExecutor.java:588)
03-25 13:58:04.577 13725 13784 E RobotCore:     at java.lang.Thread.run(Thread.java:818)
03-25 13:58:05.354 13725 13784 V Robocol : received command: CMD_INIT_OP_MODE(10035) $Stop$Robot$
03-25 13:58:05.446 13725 13793 V RobotCore: UpdateUI restarting robot..
03-25 13:58:05.446 13725 13793 V RobotCore: thread: ...terminating 'restart robot UI thunker'
03-25 13:58:05.447 13725 13725 V RobotCore: waiting for service robot setup
03-25 13:58:07.948 13725 13725 E RobotCore: awaiting shutdown: thread pool="robot setup" attempt=1
03-25 13:58:07.949 13725 13725 E RobotCore: thread id=561 name="RobotSetupRunnable.run()" 
03-25 13:58:07.949 13725 13725 E RobotCore:     at android.hardware.usb.UsbDeviceConnection.native_get_serial(Native Method)
03-25 13:58:07.949 13725 13725 E RobotCore:     at android.hardware.usb.UsbDeviceConnection.getSerial(UsbDeviceConnection.java:242)
03-25 13:58:07.949 13725 13725 E RobotCore:     at com.ftdi.j2xx.FT_Device.<init>(FT_Device.java:188)
03-25 13:58:07.949 13725 13725 E RobotCore:     at com.ftdi.j2xx.D2xxManager.createDeviceInfoList(D2xxManager.java:985)
03-25 13:58:07.949 13725 13725 E RobotCore:     at com.qualcomm.robotcore.hardware.usb.ftdi.RobotUsbManagerFtdi.scanForDevices(RobotUsbManagerFtdi.java:73)
03-25 13:58:07.950 13725 13725 E RobotCore:     at com.qualcomm.hardware.modernrobotics.comm.ModernRoboticsUsbUtil.openUsbDevice(ModernRoboticsUsbUtil.java:133)
03-25 13:58:07.950 13725 13725 E RobotCore:     at com.qualcomm.hardware.HardwareDeviceManager$4.open(HardwareDeviceManager.java:374)
03-25 13:58:07.950 13725 13725 E RobotCore:     at com.qualcomm.hardware.ArmableUsbDevice.armDevice(ArmableUsbDevice.java:167)
03-25 13:58:07.950 13725 13725 E RobotCore:     at com.qualcomm.hardware.ArmableUsbDevice.doArm(ArmableUsbDevice.java:298)
03-25 13:58:07.950 13725 13725 E RobotCore:     at com.qualcomm.hardware.modernrobotics.ModernRoboticsUsbDeviceInterfaceModule.doArm(ModernRoboticsUsbDeviceInterfaceModule.java:300)
03-25 13:58:07.950 13725 13725 E RobotCore:     at com.qualcomm.hardware.ArmableUsbDevice.arm(ArmableUsbDevice.java:264)
03-25 13:58:07.950 13725 13725 E RobotCore:     at com.qualcomm.hardware.ArmableUsbDevice.armOrPretend(ArmableUsbDevice.java:343)
03-25 13:58:07.950 13725 13725 E RobotCore:     at com.qualcomm.hardware.HardwareDeviceManager.createDeviceInterfaceModule(HardwareDeviceManager.java:393)
03-25 13:58:07.950 13725 13725 E RobotCore:     at com.qualcomm.hardware.HardwareFactory.mapCoreInterfaceDeviceModule(HardwareFactory.java:213)
03-25 13:58:07.950 13725 13725 E RobotCore:     at com.qualcomm.hardware.HardwareFactory.createHardwareMap(HardwareFactory.java:152)
03-25 13:58:07.950 13725 13725 E RobotCore:     at com.qualcomm.ftccommon.FtcEventLoopHandler.getHardwareMap(FtcEventLoopHandler.java:114)
03-25 13:58:07.950 13725 13725 E RobotCore:     at com.qualcomm.ftccommon.FtcEventLoop.init(FtcEventLoop.java:187)
03-25 13:58:07.950 13725 13725 E RobotCore:     at com.qualcomm.robotcore.eventloop.EventLoopManager.startEventLoop(EventLoopManager.java:571)
03-25 13:58:07.950 13725 13725 E RobotCore:     at com.qualcomm.robotcore.eventloop.EventLoopManager.setEventLoop(EventLoopManager.java:545)
03-25 13:58:07.950 13725 13725 E RobotCore:     at com.qualcomm.robotcore.eventloop.EventLoopManager.start(EventLoopManager.java:489)
03-25 13:58:07.950 13725 13725 E RobotCore:     at com.qualcomm.robotcore.robot.Robot.start(Robot.java:59)
03-25 13:58:07.950 13725 13725 E RobotCore:     at com.qualcomm.ftccommon.FtcRobotControllerService$RobotSetupRunnable$1.run(FtcRobotControllerService.java:186)
03-25 13:58:07.950 13725 13725 E RobotCore:     at com.qualcomm.robotcore.util.ThreadPool.logThreadLifeCycle(ThreadPool.java:513)
03-25 13:58:07.950 13725 13725 E RobotCore:     at com.qualcomm.ftccommon.FtcRobotControllerService$RobotSetupRunnable.run(FtcRobotControllerService.java:128)
03-25 13:58:07.950 13725 13725 E RobotCore:     at java.util.concurrent.ThreadPoolExecutor.runWorker(ThreadPoolExecutor.java:1113)
03-25 13:58:07.950 13725 13725 E RobotCore:     at java.util.concurrent.ThreadPoolExecutor$Worker.run(ThreadPoolExecutor.java:588)
03-25 13:58:07.950 13725 13725 E RobotCore:     at java.lang.Thread.run(Thread.java:818)
03-25 13:58:07.951 13725 13725 V RobotCore: waiting for service robot setup
03-25 13:58:10.453 13725 13725 E RobotCore: awaiting shutdown: thread pool="robot setup" attempt=2
03-25 13:58:10.453 13725 13725 E RobotCore: thread id=561 name="RobotSetupRunnable.run()" 
03-25 13:58:10.454 13725 13725 E RobotCore:     at android.hardware.usb.UsbDeviceConnection.native_get_serial(Native Method)
03-25 13:58:10.454 13725 13725 E RobotCore:     at android.hardware.usb.UsbDeviceConnection.getSerial(UsbDeviceConnection.java:242)
03-25 13:58:10.454 13725 13725 E RobotCore:     at com.ftdi.j2xx.FT_Device.<init>(FT_Device.java:188)
03-25 13:58:10.454 13725 13725 E RobotCore:     at com.ftdi.j2xx.D2xxManager.createDeviceInfoList(D2xxManager.java:985)
03-25 13:58:10.454 13725 13725 E RobotCore:     at com.qualcomm.robotcore.hardware.usb.ftdi.RobotUsbManagerFtdi.scanForDevices(RobotUsbManagerFtdi.java:73)
03-25 13:58:10.454 13725 13725 E RobotCore:     at com.qualcomm.hardware.modernrobotics.comm.ModernRoboticsUsbUtil.openUsbDevice(ModernRoboticsUsbUtil.java:133)
03-25 13:58:10.454 13725 13725 E RobotCore:     at com.qualcomm.hardware.HardwareDeviceManager$4.open(HardwareDeviceManager.java:374)
03-25 13:58:10.454 13725 13725 E RobotCore:     at com.qualcomm.hardware.ArmableUsbDevice.armDevice(ArmableUsbDevice.java:167)
03-25 13:58:10.454 13725 13725 E RobotCore:     at com.qualcomm.hardware.ArmableUsbDevice.doArm(ArmableUsbDevice.java:298)
03-25 13:58:10.454 13725 13725 E RobotCore:     at com.qualcomm.hardware.modernrobotics.ModernRoboticsUsbDeviceInterfaceModule.doArm(ModernRoboticsUsbDeviceInterfaceModule.java:300)
03-25 13:58:10.454 13725 13725 E RobotCore:     at com.qualcomm.hardware.ArmableUsbDevice.arm(ArmableUsbDevice.java:264)
03-25 13:58:10.454 13725 13725 E RobotCore:     at com.qualcomm.hardware.ArmableUsbDevice.armOrPretend(ArmableUsbDevice.java:343)
03-25 13:58:10.454 13725 13725 E RobotCore:     at com.qualcomm.hardware.HardwareDeviceManager.createDeviceInterfaceModule(HardwareDeviceManager.java:393)
03-25 13:58:10.454 13725 13725 E RobotCore:     at com.qualcomm.hardware.HardwareFactory.mapCoreInterfaceDeviceModule(HardwareFactory.java:213)
03-25 13:58:10.455 13725 13725 E RobotCore:     at com.qualcomm.hardware.HardwareFactory.createHardwareMap(HardwareFactory.java:152)
03-25 13:58:10.455 13725 13725 E RobotCore:     at com.qualcomm.ftccommon.FtcEventLoopHandler.getHardwareMap(FtcEventLoopHandler.java:114)
03-25 13:58:10.455 13725 13725 E RobotCore:     at com.qualcomm.ftccommon.FtcEventLoop.init(FtcEventLoop.java:187)
03-25 13:58:10.455 13725 13725 E RobotCore:     at com.qualcomm.robotcore.eventloop.EventLoopManager.startEventLoop(EventLoopManager.java:571)
03-25 13:58:10.455 13725 13725 E RobotCore:     at com.qualcomm.robotcore.eventloop.EventLoopManager.setEventLoop(EventLoopManager.java:545)
03-25 13:58:10.455 13725 13725 E RobotCore:     at com.qualcomm.robotcore.eventloop.EventLoopManager.start(EventLoopManager.java:489)
03-25 13:58:10.455 13725 13725 E RobotCore:     at com.qualcomm.robotcore.robot.Robot.start(Robot.java:59)
03-25 13:58:10.455 13725 13725 E RobotCore:     at com.qualcomm.ftccommon.FtcRobotControllerService$RobotSetupRunnable$1.run(FtcRobotControllerService.java:186)
03-25 13:58:10.455 13725 13725 E RobotCore:     at com.qualcomm.robotcore.util.ThreadPool.logThreadLifeCycle(ThreadPool.java:513)
03-25 13:58:10.455 13725 13725 E RobotCore:     at com.qualcomm.ftccommon.FtcRobotControllerService$RobotSetupRunnable.run(FtcRobotControllerService.java:128)
03-25 13:58:10.455 13725 13725 E RobotCore:     at java.util.concurrent.ThreadPoolExecutor.runWorker(ThreadPoolExecutor.java:1113)
03-25 13:58:10.455 13725 13725 E RobotCore:     at java.util.concurrent.ThreadPoolExecutor$Worker.run(ThreadPoolExecutor.java:588)
03-25 13:58:10.455 13725 13725 E RobotCore:     at java.lang.Thread.run(Thread.java:818)
03-25 13:58:10.455 13725 13725 V RobotCore: waiting for service robot setup
03-25 13:58:12.956 13725 13725 E RobotCore: awaiting shutdown: thread pool="robot setup" attempt=3
03-25 13:58:12.956 13725 13725 E RobotCore: thread id=561 name="RobotSetupRunnable.run()" 
03-25 13:58:12.956 13725 13725 E RobotCore:     at android.hardware.usb.UsbDeviceConnection.native_get_serial(Native Method)
03-25 13:58:12.957 13725 13725 E RobotCore:     at android.hardware.usb.UsbDeviceConnection.getSerial(UsbDeviceConnection.java:242)
03-25 13:58:12.957 13725 13725 E RobotCore:     at com.ftdi.j2xx.FT_Device.<init>(FT_Device.java:188)
03-25 13:58:12.957 13725 13725 E RobotCore:     at com.ftdi.j2xx.D2xxManager.createDeviceInfoList(D2xxManager.java:985)
03-25 13:58:12.957 13725 13725 E RobotCore:     at com.qualcomm.robotcore.hardware.usb.ftdi.RobotUsbManagerFtdi.scanForDevices(RobotUsbManagerFtdi.java:73)
03-25 13:58:12.957 13725 13725 E RobotCore:     at com.qualcomm.hardware.modernrobotics.comm.ModernRoboticsUsbUtil.openUsbDevice(ModernRoboticsUsbUtil.java:133)
03-25 13:58:12.957 13725 13725 E RobotCore:     at com.qualcomm.hardware.HardwareDeviceManager$4.open(HardwareDeviceManager.java:374)
03-25 13:58:12.957 13725 13725 E RobotCore:     at com.qualcomm.hardware.ArmableUsbDevice.armDevice(ArmableUsbDevice.java:167)
03-25 13:58:12.957 13725 13725 E RobotCore:     at com.qualcomm.hardware.ArmableUsbDevice.doArm(ArmableUsbDevice.java:298)
03-25 13:58:12.957 13725 13725 E RobotCore:     at com.qualcomm.hardware.modernrobotics.ModernRoboticsUsbDeviceInterfaceModule.doArm(ModernRoboticsUsbDeviceInterfaceModule.java:300)
03-25 13:58:12.957 13725 13725 E RobotCore:     at com.qualcomm.hardware.ArmableUsbDevice.arm(ArmableUsbDevice.java:264)
03-25 13:58:12.957 13725 13725 E RobotCore:     at com.qualcomm.hardware.ArmableUsbDevice.armOrPretend(ArmableUsbDevice.java:343)
03-25 13:58:12.957 13725 13725 E RobotCore:     at com.qualcomm.hardware.HardwareDeviceManager.createDeviceInterfaceModule(HardwareDeviceManager.java:393)
03-25 13:58:12.957 13725 13725 E RobotCore:     at com.qualcomm.hardware.HardwareFactory.mapCoreInterfaceDeviceModule(HardwareFactory.java:213)
03-25 13:58:12.957 13725 13725 E RobotCore:     at com.qualcomm.hardware.HardwareFactory.createHardwareMap(HardwareFactory.java:152)
03-25 13:58:12.957 13725 13725 E RobotCore:     at com.qualcomm.ftccommon.FtcEventLoopHandler.getHardwareMap(FtcEventLoopHandler.java:114)
03-25 13:58:12.957 13725 13725 E RobotCore:     at com.qualcomm.ftccommon.FtcEventLoop.init(FtcEventLoop.java:187)
03-25 13:58:12.957 13725 13725 E RobotCore:     at com.qualcomm.robotcore.eventloop.EventLoopManager.startEventLoop(EventLoopManager.java:571)
03-25 13:58:12.957 13725 13725 E RobotCore:     at com.qualcomm.robotcore.eventloop.EventLoopManager.setEventLoop(EventLoopManager.java:545)
03-25 13:58:12.957 13725 13725 E RobotCore:     at com.qualcomm.robotcore.eventloop.EventLoopManager.start(EventLoopManager.java:489)
03-25 13:58:12.957 13725 13725 E RobotCore:     at com.qualcomm.robotcore.robot.Robot.start(Robot.java:59)
03-25 13:58:12.958 13725 13725 E RobotCore:     at com.qualcomm.ftccommon.FtcRobotControllerService$RobotSetupRunnable$1.run(FtcRobotControllerService.java:186)
03-25 13:58:12.958 13725 13725 E RobotCore:     at com.qualcomm.robotcore.util.ThreadPool.logThreadLifeCycle(ThreadPool.java:513)
03-25 13:58:12.958 13725 13725 E RobotCore:     at com.qualcomm.ftccommon.FtcRobotControllerService$RobotSetupRunnable.run(FtcRobotControllerService.java:128)
03-25 13:58:12.958 13725 13725 E RobotCore:     at java.util.concurrent.ThreadPoolExecutor.runWorker(ThreadPoolExecutor.java:1113)
03-25 13:58:12.958 13725 13725 E RobotCore:     at java.util.concurrent.ThreadPoolExecutor$Worker.run(ThreadPoolExecutor.java:588)
03-25 13:58:12.958 13725 13725 E RobotCore:     at java.lang.Thread.run(Thread.java:818)
03-25 13:58:12.958 13725 13725 V RobotCore: waiting for service robot setup
03-25 13:58:15.460 13725 13725 E RobotCore: awaiting shutdown: thread pool="robot setup" attempt=4
03-25 13:58:15.460 13725 13725 E RobotCore: thread id=561 name="RobotSetupRunnable.run()" 
03-25 13:58:15.461 13725 13725 E RobotCore:     at android.hardware.usb.UsbDeviceConnection.native_get_serial(Native Method)
03-25 13:58:15.461 13725 13725 E RobotCore:     at android.hardware.usb.UsbDeviceConnection.getSerial(UsbDeviceConnection.java:242)
03-25 13:58:15.461 13725 13725 E RobotCore:     at com.ftdi.j2xx.FT_Device.<init>(FT_Device.java:188)
03-25 13:58:15.461 13725 13725 E RobotCore:     at com.ftdi.j2xx.D2xxManager.createDeviceInfoList(D2xxManager.java:985)
03-25 13:58:15.461 13725 13725 E RobotCore:     at com.qualcomm.robotcore.hardware.usb.ftdi.RobotUsbManagerFtdi.scanForDevices(RobotUsbManagerFtdi.java:73)
03-25 13:58:15.461 13725 13725 E RobotCore:     at com.qualcomm.hardware.modernrobotics.comm.ModernRoboticsUsbUtil.openUsbDevice(ModernRoboticsUsbUtil.java:133)
03-25 13:58:15.461 13725 13725 E RobotCore:     at com.qualcomm.hardware.HardwareDeviceManager$4.open(HardwareDeviceManager.java:374)
03-25 13:58:15.461 13725 13725 E RobotCore:     at com.qualcomm.hardware.ArmableUsbDevice.armDevice(ArmableUsbDevice.java:167)
03-25 13:58:15.461 13725 13725 E RobotCore:     at com.qualcomm.hardware.ArmableUsbDevice.doArm(ArmableUsbDevice.java:298)
03-25 13:58:15.462 13725 13725 E RobotCore:     at com.qualcomm.hardware.modernrobotics.ModernRoboticsUsbDeviceInterfaceModule.doArm(ModernRoboticsUsbDeviceInterfaceModule.java:300)
03-25 13:58:15.462 13725 13725 E RobotCore:     at com.qualcomm.hardware.ArmableUsbDevice.arm(ArmableUsbDevice.java:264)
03-25 13:58:15.462 13725 13725 E RobotCore:     at com.qualcomm.hardware.ArmableUsbDevice.armOrPretend(ArmableUsbDevice.java:343)
03-25 13:58:15.462 13725 13725 E RobotCore:     at com.qualcomm.hardware.HardwareDeviceManager.createDeviceInterfaceModule(HardwareDeviceManager.java:393)
03-25 13:58:15.462 13725 13725 E RobotCore:     at com.qualcomm.hardware.HardwareFactory.mapCoreInterfaceDeviceModule(HardwareFactory.java:213)
03-25 13:58:15.462 13725 13725 E RobotCore:     at com.qualcomm.hardware.HardwareFactory.createHardwareMap(HardwareFactory.java:152)
03-25 13:58:15.462 13725 13725 E RobotCore:     at com.qualcomm.ftccommon.FtcEventLoopHandler.getHardwareMap(FtcEventLoopHandler.java:114)
03-25 13:58:15.462 13725 13725 E RobotCore:     at com.qualcomm.ftccommon.FtcEventLoop.init(FtcEventLoop.java:187)
03-25 13:58:15.462 13725 13725 E RobotCore:     at com.qualcomm.robotcore.eventloop.EventLoopManager.startEventLoop(EventLoopManager.java:571)
03-25 13:58:15.462 13725 13725 E RobotCore:     at com.qualcomm.robotcore.eventloop.EventLoopManager.setEventLoop(EventLoopManager.java:545)
03-25 13:58:15.462 13725 13725 E RobotCore:     at com.qualcomm.robotcore.eventloop.EventLoopManager.start(EventLoopManager.java:489)
03-25 13:58:15.462 13725 13725 E RobotCore:     at com.qualcomm.robotcore.robot.Robot.start(Robot.java:59)
03-25 13:58:15.462 13725 13725 E RobotCore:     at com.qualcomm.ftccommon.FtcRobotControllerService$RobotSetupRunnable$1.run(FtcRobotControllerService.java:186)
03-25 13:58:15.462 13725 13725 E RobotCore:     at com.qualcomm.robotcore.util.ThreadPool.logThreadLifeCycle(ThreadPool.java:513)
03-25 13:58:15.462 13725 13725 E RobotCore:     at com.qualcomm.ftccommon.FtcRobotControllerService$RobotSetupRunnable.run(FtcRobotControllerService.java:128)
03-25 13:58:15.462 13725 13725 E RobotCore:     at java.util.concurrent.ThreadPoolExecutor.runWorker(ThreadPoolExecutor.java:1113)
03-25 13:58:15.462 13725 13725 E RobotCore:     at java.util.concurrent.ThreadPoolExecutor$Worker.run(ThreadPoolExecutor.java:588)
03-25 13:58:15.462 13725 13725 E RobotCore:     at java.lang.Thread.run(Thread.java:818)
03-25 13:58:15.462 13725 13725 V RobotCore: waiting for service robot setup
03-25 13:58:17.635 13725 13784 V Robocol : received command: CMD_INIT_OP_MODE(10142) $Stop$Robot$
03-25 13:58:17.964 13725 13725 E RobotCore: awaiting shutdown: thread pool="robot setup" attempt=5
03-25 13:58:17.964 13725 13725 E RobotCore: thread id=561 name="RobotSetupRunnable.run()" 
03-25 13:58:17.965 13725 13725 E RobotCore:     at android.hardware.usb.UsbDeviceConnection.native_get_serial(Native Method)
03-25 13:58:17.965 13725 13725 E RobotCore:     at android.hardware.usb.UsbDeviceConnection.getSerial(UsbDeviceConnection.java:242)
03-25 13:58:17.965 13725 13725 E RobotCore:     at com.ftdi.j2xx.FT_Device.<init>(FT_Device.java:188)
03-25 13:58:17.965 13725 13725 E RobotCore:     at com.ftdi.j2xx.D2xxManager.createDeviceInfoList(D2xxManager.java:985)
03-25 13:58:17.965 13725 13725 E RobotCore:     at com.qualcomm.robotcore.hardware.usb.ftdi.RobotUsbManagerFtdi.scanForDevices(RobotUsbManagerFtdi.java:73)
03-25 13:58:17.965 13725 13725 E RobotCore:     at com.qualcomm.hardware.modernrobotics.comm.ModernRoboticsUsbUtil.openUsbDevice(ModernRoboticsUsbUtil.java:133)
03-25 13:58:17.965 13725 13725 E RobotCore:     at com.qualcomm.hardware.HardwareDeviceManager$4.open(HardwareDeviceManager.java:374)
03-25 13:58:17.965 13725 13725 E RobotCore:     at com.qualcomm.hardware.ArmableUsbDevice.armDevice(ArmableUsbDevice.java:167)
03-25 13:58:17.965 13725 13725 E RobotCore:     at com.qualcomm.hardware.ArmableUsbDevice.doArm(ArmableUsbDevice.java:298)
03-25 13:58:17.965 13725 13725 E RobotCore:     at com.qualcomm.hardware.modernrobotics.ModernRoboticsUsbDeviceInterfaceModule.doArm(ModernRoboticsUsbDeviceInterfaceModule.java:300)
03-25 13:58:17.965 13725 13725 E RobotCore:     at com.qualcomm.hardware.ArmableUsbDevice.arm(ArmableUsbDevice.java:264)
03-25 13:58:17.966 13725 13725 E RobotCore:     at com.qualcomm.hardware.ArmableUsbDevice.armOrPretend(ArmableUsbDevice.java:343)
03-25 13:58:17.966 13725 13725 E RobotCore:     at com.qualcomm.hardware.HardwareDeviceManager.createDeviceInterfaceModule(HardwareDeviceManager.java:393)
03-25 13:58:17.966 13725 13725 E RobotCore:     at com.qualcomm.hardware.HardwareFactory.mapCoreInterfaceDeviceModule(HardwareFactory.java:213)
03-25 13:58:17.966 13725 13725 E RobotCore:     at com.qualcomm.hardware.HardwareFactory.createHardwareMap(HardwareFactory.java:152)
03-25 13:58:17.966 13725 13725 E RobotCore:     at com.qualcomm.ftccommon.FtcEventLoopHandler.getHardwareMap(FtcEventLoopHandler.java:114)
03-25 13:58:17.966 13725 13725 E RobotCore:     at com.qualcomm.ftccommon.FtcEventLoop.init(FtcEventLoop.java:187)
03-25 13:58:17.966 13725 13725 E RobotCore:     at com.qualcomm.robotcore.eventloop.EventLoopManager.startEventLoop(EventLoopManager.java:571)
03-25 13:58:17.966 13725 13725 E RobotCore:     at com.qualcomm.robotcore.eventloop.EventLoopManager.setEventLoop(EventLoopManager.java:545)
03-25 13:58:17.966 13725 13725 E RobotCore:     at com.qualcomm.robotcore.eventloop.EventLoopManager.start(EventLoopManager.java:489)
03-25 13:58:17.966 13725 13725 E RobotCore:     at com.qualcomm.robotcore.robot.Robot.start(Robot.java:59)
03-25 13:58:17.966 13725 13725 E RobotCore:     at com.qualcomm.ftccommon.FtcRobotControllerService$RobotSetupRunnable$1.run(FtcRobotControllerService.java:186)
03-25 13:58:17.966 13725 13725 E RobotCore:     at com.qualcomm.robotcore.util.ThreadPool.logThreadLifeCycle(ThreadPool.java:513)
03-25 13:58:17.966 13725 13725 E RobotCore:     at com.qualcomm.ftccommon.FtcRobotControllerService$RobotSetupRunnable.run(FtcRobotControllerService.java:128)
03-25 13:58:17.966 13725 13725 E RobotCore:     at java.util.concurrent.ThreadPoolExecutor.runWorker(ThreadPoolExecutor.java:1113)
03-25 13:58:17.966 13725 13725 E RobotCore:     at java.util.concurrent.ThreadPoolExecutor$Worker.run(ThreadPoolExecutor.java:588)
03-25 13:58:17.966 13725 13725 E RobotCore:     at java.lang.Thread.run(Thread.java:818)
03-25 13:58:17.966 13725 13725 V RobotCore: waiting for service robot setup
03-25 13:58:20.469 13725 13725 E RobotCore: awaiting shutdown: thread pool="robot setup" attempt=6
03-25 13:58:20.469 13725 13725 E RobotCore: thread id=561 name="RobotSetupRunnable.run()" 
03-25 13:58:20.469 13725 13725 E RobotCore:     at android.hardware.usb.UsbDeviceConnection.native_get_serial(Native Method)
03-25 13:58:20.470 13725 13725 E RobotCore:     at android.hardware.usb.UsbDeviceConnection.getSerial(UsbDeviceConnection.java:242)
03-25 13:58:20.470 13725 13725 E RobotCore:     at com.ftdi.j2xx.FT_Device.<init>(FT_Device.java:188)
03-25 13:58:20.470 13725 13725 E RobotCore:     at com.ftdi.j2xx.D2xxManager.createDeviceInfoList(D2xxManager.java:985)
03-25 13:58:20.470 13725 13725 E RobotCore:     at com.qualcomm.robotcore.hardware.usb.ftdi.RobotUsbManagerFtdi.scanForDevices(RobotUsbManagerFtdi.java:73)
03-25 13:58:20.470 13725 13725 E RobotCore:     at com.qualcomm.hardware.modernrobotics.comm.ModernRoboticsUsbUtil.openUsbDevice(ModernRoboticsUsbUtil.java:133)
03-25 13:58:20.470 13725 13725 E RobotCore:     at com.qualcomm.hardware.HardwareDeviceManager$4.open(HardwareDeviceManager.java:374)
03-25 13:58:20.470 13725 13725 E RobotCore:     at com.qualcomm.hardware.ArmableUsbDevice.armDevice(ArmableUsbDevice.java:167)
03-25 13:58:20.470 13725 13725 E RobotCore:     at com.qualcomm.hardware.ArmableUsbDevice.doArm(ArmableUsbDevice.java:298)
03-25 13:58:20.470 13725 13725 E RobotCore:     at com.qualcomm.hardware.modernrobotics.ModernRoboticsUsbDeviceInterfaceModule.doArm(ModernRoboticsUsbDeviceInterfaceModule.java:300)
03-25 13:58:20.470 13725 13725 E RobotCore:     at com.qualcomm.hardware.ArmableUsbDevice.arm(ArmableUsbDevice.java:264)
03-25 13:58:20.470 13725 13725 E RobotCore:     at com.qualcomm.hardware.ArmableUsbDevice.armOrPretend(ArmableUsbDevice.java:343)
03-25 13:58:20.470 13725 13725 E RobotCore:     at com.qualcomm.hardware.HardwareDeviceManager.createDeviceInterfaceModule(HardwareDeviceManager.java:393)
03-25 13:58:20.470 13725 13725 E RobotCore:     at com.qualcomm.hardware.HardwareFactory.mapCoreInterfaceDeviceModule(HardwareFactory.java:213)
03-25 13:58:20.470 13725 13725 E RobotCore:     at com.qualcomm.hardware.HardwareFactory.createHardwareMap(HardwareFactory.java:152)
03-25 13:58:20.470 13725 13725 E RobotCore:     at com.qualcomm.ftccommon.FtcEventLoopHandler.getHardwareMap(FtcEventLoopHandler.java:114)
03-25 13:58:20.470 13725 13725 E RobotCore:     at com.qualcomm.ftccommon.FtcEventLoop.init(FtcEventLoop.java:187)
03-25 13:58:20.470 13725 13725 E RobotCore:     at com.qualcomm.robotcore.eventloop.EventLoopManager.startEventLoop(EventLoopManager.java:571)
03-25 13:58:20.470 13725 13725 E RobotCore:     at com.qualcomm.robotcore.eventloop.EventLoopManager.setEventLoop(EventLoopManager.java:545)
03-25 13:58:20.470 13725 13725 E RobotCore:     at com.qualcomm.robotcore.eventloop.EventLoopManager.start(EventLoopManager.java:489)
03-25 13:58:20.470 13725 13725 E RobotCore:     at com.qualcomm.robotcore.robot.Robot.start(Robot.java:59)
03-25 13:58:20.470 13725 13725 E RobotCore:     at com.qualcomm.ftccommon.FtcRobotControllerService$RobotSetupRunnable$1.run(FtcRobotControllerService.java:186)
03-25 13:58:20.471 13725 13725 E RobotCore:     at com.qualcomm.robotcore.util.ThreadPool.logThreadLifeCycle(ThreadPool.java:513)
03-25 13:58:20.471 13725 13725 E RobotCore:     at com.qualcomm.ftccommon.FtcRobotControllerService$RobotSetupRunnable.run(FtcRobotControllerService.java:128)
03-25 13:58:20.471 13725 13725 E RobotCore:     at java.util.concurrent.ThreadPoolExecutor.runWorker(ThreadPoolExecutor.java:1113)
03-25 13:58:20.471 13725 13725 E RobotCore:     at java.util.concurrent.ThreadPoolExecutor$Worker.run(ThreadPoolExecutor.java:588)
03-25 13:58:20.471 13725 13725 E RobotCore:     at java.lang.Thread.run(Thread.java:818)
03-25 13:58:20.471 13725 13725 V RobotCore: waiting for service robot setup
03-25 13:58:21.839 13725 13785 V Robocol : issuing peerDisconnected(): lastRecvPacket=2.019 s
03-25 13:58:21.842 13725 13785 V RobotCore: Network: active, disconnected
03-25 13:58:21.842 13725 13785 I RobotCore: Lost connection while running op mode: $Stop$Robot$
03-25 13:58:21.863 13725 13789 D MediaPlayer: setSubtitleAnchor in MediaPlayer
03-25 13:58:21.883 13725 13787 D ExtendedUtils: extended extractor not needed, return default
03-25 13:58:21.884 13725 13787 I MediaCodec: (0xb822fca0) init name(audio/raw) isType(1) encoder(0)
03-25 13:58:21.886 13725 13811 I OMXClient: Using client-side OMX mux.
03-25 13:58:21.889 13725 13811 E OMXMaster: A component of name 'OMX.qcom.audio.decoder.aac' already exists, ignoring this one.
03-25 13:58:21.890 13725 13811 I MediaCodec: (0xb822fca0) Component Allocated (OMX.google.raw.decoder)
03-25 13:58:21.890 13725 13787 I MediaCodec: (0xb822fca0) configure surface(0x0) crypto(0x0) flags(0)
03-25 13:58:21.890 13725 13787 D MediaCodec: (0xb822fca0) configure format: AMessage(what = 0x00000000) = {
03-25 13:58:21.890 13725 13787 D MediaCodec:    string mime = "audio/raw"
03-25 13:58:21.890 13725 13787 D MediaCodec:    int64_t durationUs = 516598
03-25 13:58:21.890 13725 13787 D MediaCodec:    int32_t channel-count = 2
03-25 13:58:21.890 13725 13787 D MediaCodec:    int32_t sample-rate = 44100
03-25 13:58:21.890 13725 13787 D MediaCodec:    int32_t channel-mask = 0
03-25 13:58:21.890 13725 13787 D MediaCodec:  }
03-25 13:58:21.891 13725 13787 I MediaCodec: (0xb822fca0) start
03-25 13:58:21.892 13725 13811 I MediaCodec: (0xb822fca0) input buffers allocated
03-25 13:58:21.892 13725 13811 I MediaCodec: (0xb822fca0) numBuffers (4)
03-25 13:58:21.892 13725 13811 I MediaCodec: (0xb822fca0) output buffers allocated
03-25 13:58:21.892 13725 13811 I MediaCodec: (0xb822fca0) numBuffers (4)
03-25 13:58:21.894 13725 13811 I MediaCodec: (0xb822fca0) codec output format changed
03-25 13:58:21.894 13725 13811 D MediaCodec: (0xb822fca0) output format: AMessage(what = 'codc', target = 6) = {
03-25 13:58:21.894 13725 13811 D MediaCodec:    string mime = "audio/raw"
03-25 13:58:21.894 13725 13811 D MediaCodec:    int32_t channel-count = 2
03-25 13:58:21.894 13725 13811 D MediaCodec:    int32_t sample-rate = 44100
03-25 13:58:21.894 13725 13811 D MediaCodec:    int32_t channel-mask = 0
03-25 13:58:21.894 13725 13811 D MediaCodec:    int32_t what = 1869968451
03-25 13:58:21.894 13725 13811 D MediaCodec:  }
03-25 13:58:21.897 13725 13787 I MediaCodec: (0xb822fca0) stop
03-25 13:58:21.898 13725 13787 I MediaCodec: (0xb822fca0) release
03-25 13:58:21.902 13725 13789 W AudioTrack: AUDIO_OUTPUT_FLAG_FAST denied by client; transfer 4, track 44100 Hz, output 48000 Hz
03-25 13:58:22.821 13725 13784 V Robocol : resetting peerDisconnected()
03-25 13:58:22.822 13725 13784 V RobotCore: Network: active, connected
03-25 13:58:22.825 13725 13789 W AudioTrack: AUDIO_OUTPUT_FLAG_FAST denied by client; transfer 4, track 44100 Hz, output 48000 Hz
03-25 13:58:22.922 13725 13784 V Robocol : received command: CMD_REQUEST_OP_MODE_LIST(10002) 
03-25 13:58:22.922 13725 13784 V Robocol : received command: CMD_REQUEST_ACTIVE_CONFIGURATION(10003) 
03-25 13:58:22.957 13725 13785 V Robocol : sending CMD_REQUEST_OP_MODE_LIST_RESP(191), attempt: 0
03-25 13:58:22.958 13725 13785 V Robocol : sending CMD_REQUEST_USER_SENSOR_LIST_RESP(192), attempt: 0
03-25 13:58:22.958 13725 13785 V Robocol : sending CMD_REQUEST_ACTIVE_CONFIGURATION_RESP(194), attempt: 0
03-25 13:58:22.971 13725 13725 E RobotCore: awaiting shutdown: thread pool="robot setup" attempt=7
03-25 13:58:22.971 13725 13725 E RobotCore: thread id=561 name="RobotSetupRunnable.run()" 
03-25 13:58:22.972 13725 13725 E RobotCore:     at android.hardware.usb.UsbDeviceConnection.native_get_serial(Native Method)
03-25 13:58:22.972 13725 13725 E RobotCore:     at android.hardware.usb.UsbDeviceConnection.getSerial(UsbDeviceConnection.java:242)
03-25 13:58:22.972 13725 13725 E RobotCore:     at com.ftdi.j2xx.FT_Device.<init>(FT_Device.java:188)
03-25 13:58:22.972 13725 13725 E RobotCore:     at com.ftdi.j2xx.D2xxManager.createDeviceInfoList(D2xxManager.java:985)
03-25 13:58:22.972 13725 13725 E RobotCore:     at com.qualcomm.robotcore.hardware.usb.ftdi.RobotUsbManagerFtdi.scanForDevices(RobotUsbManagerFtdi.java:73)
03-25 13:58:22.972 13725 13725 E RobotCore:     at com.qualcomm.hardware.modernrobotics.comm.ModernRoboticsUsbUtil.openUsbDevice(ModernRoboticsUsbUtil.java:133)
03-25 13:58:22.972 13725 13725 E RobotCore:     at com.qualcomm.hardware.HardwareDeviceManager$4.open(HardwareDeviceManager.java:374)
03-25 13:58:22.972 13725 13725 E RobotCore:     at com.qualcomm.hardware.ArmableUsbDevice.armDevice(ArmableUsbDevice.java:167)
03-25 13:58:22.972 13725 13725 E RobotCore:     at com.qualcomm.hardware.ArmableUsbDevice.doArm(ArmableUsbDevice.java:298)
03-25 13:58:22.972 13725 13725 E RobotCore:     at com.qualcomm.hardware.modernrobotics.ModernRoboticsUsbDeviceInterfaceModule.doArm(ModernRoboticsUsbDeviceInterfaceModule.java:300)
03-25 13:58:22.972 13725 13725 E RobotCore:     at com.qualcomm.hardware.ArmableUsbDevice.arm(ArmableUsbDevice.java:264)
03-25 13:58:22.972 13725 13725 E RobotCore:     at com.qualcomm.hardware.ArmableUsbDevice.armOrPretend(ArmableUsbDevice.java:343)
03-25 13:58:22.972 13725 13725 E RobotCore:     at com.qualcomm.hardware.HardwareDeviceManager.createDeviceInterfaceModule(HardwareDeviceManager.java:393)
03-25 13:58:22.972 13725 13725 E RobotCore:     at com.qualcomm.hardware.HardwareFactory.mapCoreInterfaceDeviceModule(HardwareFactory.java:213)
03-25 13:58:22.972 13725 13725 E RobotCore:     at com.qualcomm.hardware.HardwareFactory.createHardwareMap(HardwareFactory.java:152)
03-25 13:58:22.972 13725 13725 E RobotCore:     at com.qualcomm.ftccommon.FtcEventLoopHandler.getHardwareMap(FtcEventLoopHandler.java:114)
03-25 13:58:22.972 13725 13725 E RobotCore:     at com.qualcomm.ftccommon.FtcEventLoop.init(FtcEventLoop.java:187)
03-25 13:58:22.972 13725 13725 E RobotCore:     at com.qualcomm.robotcore.eventloop.EventLoopManager.startEventLoop(EventLoopManager.java:571)
03-25 13:58:22.972 13725 13725 E RobotCore:     at com.qualcomm.robotcore.eventloop.EventLoopManager.setEventLoop(EventLoopManager.java:545)
03-25 13:58:22.972 13725 13725 E RobotCore:     at com.qualcomm.robotcore.eventloop.EventLoopManager.start(EventLoopManager.java:489)
03-25 13:58:22.972 13725 13725 E RobotCore:     at com.qualcomm.robotcore.robot.Robot.start(Robot.java:59)
03-25 13:58:22.972 13725 13725 E RobotCore:     at com.qualcomm.ftccommon.FtcRobotControllerService$RobotSetupRunnable$1.run(FtcRobotControllerService.java:186)
03-25 13:58:22.973 13725 13725 E RobotCore:     at com.qualcomm.robotcore.util.ThreadPool.logThreadLifeCycle(ThreadPool.java:513)
03-25 13:58:22.973 13725 13725 E RobotCore:     at com.qualcomm.ftccommon.FtcRobotControllerService$RobotSetupRunnable.run(FtcRobotControllerService.java:128)
03-25 13:58:22.973 13725 13725 E RobotCore:     at java.util.concurrent.ThreadPoolExecutor.runWorker(ThreadPoolExecutor.java:1113)
03-25 13:58:22.973 13725 13725 E RobotCore:     at java.util.concurrent.ThreadPoolExecutor$Worker.run(ThreadPoolExecutor.java:588)
03-25 13:58:22.973 13725 13725 E RobotCore:     at java.lang.Thread.run(Thread.java:818)
03-25 13:58:22.973 13725 13725 V RobotCore: waiting for service robot setup
03-25 13:58:22.998 13725 13784 V Robocol : received command: CMD_REQUEST_OP_MODE_LIST_RESP(191) [{"flavor":"AUTONOMOUS","group":"Encoder Autonomous","name":"CapBallCloseBlue"},{"flavor":"AUTONOMOUS","group":"Encoder Autonomous","name":"CapBallCloseRed"},{"flavor":"AUTONOMOUS","group":"Encoder Autonomous","name":"ShootBackUpBlue"},{"flavor":"AUTONOMOUS","group":"Encoder Autonomous","name":"ShootBackUpRed"},{"flavor":"AUTONOMOUS","group":"Encoder Autonomous","name":"ShootDefenseBlueMiddle"},{"flavor":"AUTONOMOUS","group":"Encoder Autonomous","name":"ShootDefenseBlueShootBlock"},{"flavor":"AUTONOMOUS","group":"Encoder Autonomous","name":"ShootDefenseRedMiddle"},{"flavor":"AUTONOMOUS","group":"Encoder Autonomous","name":"ShootDefenseRedShootBlock"},{"flavor":"AUTONOMOUS","group":"Encoder Autonomous","name":"ShootDefenseRedShootBlockAlt"},{"flavor":"AUTONOMOUS","group":"Encoder Autonomous","name":"ShootOnlyClose"},{"flavor":"AUTONOMOUS","group":"Encoder Autonomous","name":"ShootOnlyRedClose"},{"flavor":"AUTONOMOUS","group":"Encoder Autonomous","name":"ShootTwoBlue"},{"flavor":"AUTONOMOUS","group":"Encoder Autonomous","name":"ShootTwoRed"},{"flavor":"AUTONOMOUS","group":"Testing","name":"BeaconScoreTest"},{"flavor":"AUTONOMOUS","group":"Testing","name":"ColorTest"},{"flavor":"AUTONOMOUS","group":"Testing","name":"EncoderDriveTest"},{"flavor":"AUTONOMOUS","group":"Testing","name":"EncoderGyroTest"},{"flavor":"AUTONOMOUS","group":"Testing","name":"EncoderOneStraightTest"},{"flavor":"AUTONOMOUS","group":"Testing","name":"EncoderTurnTest"},{"flavor":"AUTONOMOUS","group":"Testing","name":"ShootingTest"},{"flavor":"AUTONOMOUS","group":"Testing","name":"WhiteLineTest"},{"flavor":"TELEOP","group":"$$$$$$$","name":"TeleOp"},{"flavor":"TELEOP","group":"$$$$$$$","name":"TeleOpPID"},{"flavor":"TELEOP","group":"$$$$$$$","name":"TeleOpTestBench"},{"flavor":"AUTONOMOUS","group":"AWorking","name":"BeaconBlueEnc"},{"flavor":"AUTONOMOUS","group":"AWorking","name":"BeaconBlueEncCapBall"},{"flavor":"AUTONOMOUS","group":"AWorking","name":"BeaconRed"},{"flavor":"AUTONOMOUS","group":"AWorking","name":"BeaconRedCapBall"},{"flavor":"AUTONOMOUS","group":"AWorking","name":"CapBallFarBlue"},{"flavor":"AUTONOMOUS","group":"AWorking","name":"CapBallFarRed"},{"flavor":"AUTONOMOUS","group":"AWorking","name":"CornerFarBlue"},{"flavor":"AUTONOMOUS","group":"AWorking","name":"CornerFarRed"},{"flavor":"AUTONOMOUS","group":"concept","name":"SelectorTest"},{"flavor":"AUTONOMOUS","group":"BNotWorking","name":"BeaconBlue"},{"flavor":"AUTONOMOUS","group":"BNotWorking","name":"BeaconBlueCapBall"},{"flavor":"AUTONOMOUS","group":"BNotWorking","name":"BeaconRedEnc"},{"flavor":"AUTONOMOUS","group":"BNotWorking","name":"BeaconRedEncCapBall"}]
03-25 13:58:22.998 13725 13784 V Robocol : received command: CMD_INIT_OP_MODE(10009) $Stop$Robot$
03-25 13:58:22.999 13725 13784 V Robocol : received command: CMD_REQUEST_USER_SENSOR_LIST_RESP(192) [{"description":"a MR compass sensor","flavor":"I2C","name":"MR Compass Sensor","xmlTag":"ModernRoboticsI2cCompassSensor"},{"description":"an Adafruit IMU","flavor":"I2C","name":"Adafruit IMU","xmlTag":"AdafruitBNO055IMU"},{"description":"a MR range sensor","flavor":"I2C","name":"MR Range Sensor","xmlTag":"ModernRoboticsI2cRangeSensor"}]
03-25 13:58:22.999 13725 13784 V Robocol : received command: CMD_REQUEST_ACTIVE_CONFIGURATION_RESP(194) {"isDirty":false,"location":"LOCAL_STORAGE","name":"TBDName-fix","resourceId":0}
03-25 13:58:25.473 13725 13725 E RobotCore: awaiting shutdown: thread pool="robot setup" attempt=8
03-25 13:58:25.474 13725 13725 E RobotCore: thread id=561 name="RobotSetupRunnable.run()" 
03-25 13:58:25.474 13725 13725 E RobotCore:     at android.hardware.usb.UsbDeviceConnection.native_get_serial(Native Method)
03-25 13:58:25.475 13725 13725 E RobotCore:     at android.hardware.usb.UsbDeviceConnection.getSerial(UsbDeviceConnection.java:242)
03-25 13:58:25.475 13725 13725 E RobotCore:     at com.ftdi.j2xx.FT_Device.<init>(FT_Device.java:188)
03-25 13:58:25.475 13725 13725 E RobotCore:     at com.ftdi.j2xx.D2xxManager.createDeviceInfoList(D2xxManager.java:985)
03-25 13:58:25.475 13725 13725 E RobotCore:     at com.qualcomm.robotcore.hardware.usb.ftdi.RobotUsbManagerFtdi.scanForDevices(RobotUsbManagerFtdi.java:73)
03-25 13:58:25.475 13725 13725 E RobotCore:     at com.qualcomm.hardware.modernrobotics.comm.ModernRoboticsUsbUtil.openUsbDevice(ModernRoboticsUsbUtil.java:133)
03-25 13:58:25.475 13725 13725 E RobotCore:     at com.qualcomm.hardware.HardwareDeviceManager$4.open(HardwareDeviceManager.java:374)
03-25 13:58:25.475 13725 13725 E RobotCore:     at com.qualcomm.hardware.ArmableUsbDevice.armDevice(ArmableUsbDevice.java:167)
03-25 13:58:25.475 13725 13725 E RobotCore:     at com.qualcomm.hardware.ArmableUsbDevice.doArm(ArmableUsbDevice.java:298)
03-25 13:58:25.475 13725 13725 E RobotCore:     at com.qualcomm.hardware.modernrobotics.ModernRoboticsUsbDeviceInterfaceModule.doArm(ModernRoboticsUsbDeviceInterfaceModule.java:300)
03-25 13:58:25.475 13725 13725 E RobotCore:     at com.qualcomm.hardware.ArmableUsbDevice.arm(ArmableUsbDevice.java:264)
03-25 13:58:25.475 13725 13725 E RobotCore:     at com.qualcomm.hardware.ArmableUsbDevice.armOrPretend(ArmableUsbDevice.java:343)
03-25 13:58:25.475 13725 13725 E RobotCore:     at com.qualcomm.hardware.HardwareDeviceManager.createDeviceInterfaceModule(HardwareDeviceManager.java:393)
03-25 13:58:25.476 13725 13725 E RobotCore:     at com.qualcomm.hardware.HardwareFactory.mapCoreInterfaceDeviceModule(HardwareFactory.java:213)
03-25 13:58:25.476 13725 13725 E RobotCore:     at com.qualcomm.hardware.HardwareFactory.createHardwareMap(HardwareFactory.java:152)
03-25 13:58:25.476 13725 13725 E RobotCore:     at com.qualcomm.ftccommon.FtcEventLoopHandler.getHardwareMap(FtcEventLoopHandler.java:114)
03-25 13:58:25.476 13725 13725 E RobotCore:     at com.qualcomm.ftccommon.FtcEventLoop.init(FtcEventLoop.java:187)
03-25 13:58:25.476 13725 13725 E RobotCore:     at com.qualcomm.robotcore.eventloop.EventLoopManager.startEventLoop(EventLoopManager.java:571)
03-25 13:58:25.476 13725 13725 E RobotCore:     at com.qualcomm.robotcore.eventloop.EventLoopManager.setEventLoop(EventLoopManager.java:545)
03-25 13:58:25.476 13725 13725 E RobotCore:     at com.qualcomm.robotcore.eventloop.EventLoopManager.start(EventLoopManager.java:489)
03-25 13:58:25.476 13725 13725 E RobotCore:     at com.qualcomm.robotcore.robot.Robot.start(Robot.java:59)
03-25 13:58:25.476 13725 13725 E RobotCore:     at com.qualcomm.ftccommon.FtcRobotControllerService$RobotSetupRunnable$1.run(FtcRobotControllerService.java:186)
03-25 13:58:25.476 13725 13725 E RobotCore:     at com.qualcomm.robotcore.util.ThreadPool.logThreadLifeCycle(ThreadPool.java:513)
03-25 13:58:25.476 13725 13725 E RobotCore:     at com.qualcomm.ftccommon.FtcRobotControllerService$RobotSetupRunnable.run(FtcRobotControllerService.java:128)
03-25 13:58:25.476 13725 13725 E RobotCore:     at java.util.concurrent.ThreadPoolExecutor.runWorker(ThreadPoolExecutor.java:1113)
03-25 13:58:25.476 13725 13725 E RobotCore:     at java.util.concurrent.ThreadPoolExecutor$Worker.run(ThreadPoolExecutor.java:588)
03-25 13:58:25.476 13725 13725 E RobotCore:     at java.lang.Thread.run(Thread.java:818)
03-25 13:58:25.476 13725 13725 V RobotCore: waiting for service robot setup
03-25 13:58:26.077 13725 13785 V Robocol : issuing peerDisconnected(): lastRecvPacket=2.039 s
03-25 13:58:26.078 13725 13785 V RobotCore: Network: active, disconnected
03-25 13:58:26.078 13725 13785 I RobotCore: Lost connection while running op mode: $Stop$Robot$
03-25 13:58:26.080 13725 13789 W AudioTrack: AUDIO_OUTPUT_FLAG_FAST denied by client; transfer 4, track 44100 Hz, output 48000 Hz
03-25 13:58:26.833 13725 13784 V Robocol : resetting peerDisconnected()
03-25 13:58:26.833 13725 13784 V RobotCore: Network: active, connected
03-25 13:58:26.836 13725 13789 W AudioTrack: AUDIO_OUTPUT_FLAG_FAST denied by client; transfer 4, track 44100 Hz, output 48000 Hz
03-25 13:58:26.874 13725 13784 V Robocol : received command: CMD_REQUEST_OP_MODE_LIST(10001) 
03-25 13:58:26.875 13725 13784 V Robocol : received command: CMD_REQUEST_ACTIVE_CONFIGURATION(10002) 
03-25 13:58:26.917 13725 13785 V Robocol : sending CMD_REQUEST_OP_MODE_LIST_RESP(214), attempt: 0
03-25 13:58:26.917 13725 13785 V Robocol : sending CMD_REQUEST_USER_SENSOR_LIST_RESP(215), attempt: 0
03-25 13:58:26.918 13725 13785 V Robocol : sending CMD_REQUEST_ACTIVE_CONFIGURATION_RESP(217), attempt: 0
03-25 13:58:26.956 13725 13784 V Robocol : received command: CMD_REQUEST_OP_MODE_LIST_RESP(214) [{"flavor":"AUTONOMOUS","group":"Encoder Autonomous","name":"CapBallCloseBlue"},{"flavor":"AUTONOMOUS","group":"Encoder Autonomous","name":"CapBallCloseRed"},{"flavor":"AUTONOMOUS","group":"Encoder Autonomous","name":"ShootBackUpBlue"},{"flavor":"AUTONOMOUS","group":"Encoder Autonomous","name":"ShootBackUpRed"},{"flavor":"AUTONOMOUS","group":"Encoder Autonomous","name":"ShootDefenseBlueMiddle"},{"flavor":"AUTONOMOUS","group":"Encoder Autonomous","name":"ShootDefenseBlueShootBlock"},{"flavor":"AUTONOMOUS","group":"Encoder Autonomous","name":"ShootDefenseRedMiddle"},{"flavor":"AUTONOMOUS","group":"Encoder Autonomous","name":"ShootDefenseRedShootBlock"},{"flavor":"AUTONOMOUS","group":"Encoder Autonomous","name":"ShootDefenseRedShootBlockAlt"},{"flavor":"AUTONOMOUS","group":"Encoder Autonomous","name":"ShootOnlyClose"},{"flavor":"AUTONOMOUS","group":"Encoder Autonomous","name":"ShootOnlyRedClose"},{"flavor":"AUTONOMOUS","group":"Encoder Autonomous","name":"ShootTwoBlue"},{"flavor":"AUTONOMOUS","group":"Encoder Autonomous","name":"ShootTwoRed"},{"flavor":"AUTONOMOUS","group":"Testing","name":"BeaconScoreTest"},{"flavor":"AUTONOMOUS","group":"Testing","name":"ColorTest"},{"flavor":"AUTONOMOUS","group":"Testing","name":"EncoderDriveTest"},{"flavor":"AUTONOMOUS","group":"Testing","name":"EncoderGyroTest"},{"flavor":"AUTONOMOUS","group":"Testing","name":"EncoderOneStraightTest"},{"flavor":"AUTONOMOUS","group":"Testing","name":"EncoderTurnTest"},{"flavor":"AUTONOMOUS","group":"Testing","name":"ShootingTest"},{"flavor":"AUTONOMOUS","group":"Testing","name":"WhiteLineTest"},{"flavor":"TELEOP","group":"$$$$$$$","name":"TeleOp"},{"flavor":"TELEOP","group":"$$$$$$$","name":"TeleOpPID"},{"flavor":"TELEOP","group":"$$$$$$$","name":"TeleOpTestBench"},{"flavor":"AUTONOMOUS","group":"AWorking","name":"BeaconBlueEnc"},{"flavor":"AUTONOMOUS","group":"AWorking","name":"BeaconBlueEncCapBall"},{"flavor":"AUTONOMOUS","group":"AWorking","name":"BeaconRed"},{"flavor":"AUTONOMOUS","group":"AWorking","name":"BeaconRedCapBall"},{"flavor":"AUTONOMOUS","group":"AWorking","name":"CapBallFarBlue"},{"flavor":"AUTONOMOUS","group":"AWorking","name":"CapBallFarRed"},{"flavor":"AUTONOMOUS","group":"AWorking","name":"CornerFarBlue"},{"flavor":"AUTONOMOUS","group":"AWorking","name":"CornerFarRed"},{"flavor":"AUTONOMOUS","group":"concept","name":"SelectorTest"},{"flavor":"AUTONOMOUS","group":"BNotWorking","name":"BeaconBlue"},{"flavor":"AUTONOMOUS","group":"BNotWorking","name":"BeaconBlueCapBall"},{"flavor":"AUTONOMOUS","group":"BNotWorking","name":"BeaconRedEnc"},{"flavor":"AUTONOMOUS","group":"BNotWorking","name":"BeaconRedEncCapBall"}]
03-25 13:58:26.957 13725 13784 V Robocol : received command: CMD_INIT_OP_MODE(10008) $Stop$Robot$
03-25 13:58:26.957 13725 13784 V Robocol : received command: CMD_REQUEST_USER_SENSOR_LIST_RESP(215) [{"description":"a MR compass sensor","flavor":"I2C","name":"MR Compass Sensor","xmlTag":"ModernRoboticsI2cCompassSensor"},{"description":"an Adafruit IMU","flavor":"I2C","name":"Adafruit IMU","xmlTag":"AdafruitBNO055IMU"},{"description":"a MR range sensor","flavor":"I2C","name":"MR Range Sensor","xmlTag":"ModernRoboticsI2cRangeSensor"}]
03-25 13:58:26.959 13725 13784 V Robocol : received command: CMD_REQUEST_ACTIVE_CONFIGURATION_RESP(217) {"isDirty":false,"location":"LOCAL_STORAGE","name":"TBDName-fix","resourceId":0}
03-25 13:58:27.977 13725 13725 E RobotCore: awaiting shutdown: thread pool="robot setup" attempt=9
03-25 13:58:27.977 13725 13725 E RobotCore: thread id=561 name="RobotSetupRunnable.run()" 
03-25 13:58:27.978 13725 13725 E RobotCore:     at android.hardware.usb.UsbDeviceConnection.native_get_serial(Native Method)
03-25 13:58:27.978 13725 13725 E RobotCore:     at android.hardware.usb.UsbDeviceConnection.getSerial(UsbDeviceConnection.java:242)
03-25 13:58:27.978 13725 13725 E RobotCore:     at com.ftdi.j2xx.FT_Device.<init>(FT_Device.java:188)
03-25 13:58:27.978 13725 13725 E RobotCore:     at com.ftdi.j2xx.D2xxManager.createDeviceInfoList(D2xxManager.java:985)
03-25 13:58:27.978 13725 13725 E RobotCore:     at com.qualcomm.robotcore.hardware.usb.ftdi.RobotUsbManagerFtdi.scanForDevices(RobotUsbManagerFtdi.java:73)
03-25 13:58:27.978 13725 13725 E RobotCore:     at com.qualcomm.hardware.modernrobotics.comm.ModernRoboticsUsbUtil.openUsbDevice(ModernRoboticsUsbUtil.java:133)
03-25 13:58:27.978 13725 13725 E RobotCore:     at com.qualcomm.hardware.HardwareDeviceManager$4.open(HardwareDeviceManager.java:374)
03-25 13:58:27.978 13725 13725 E RobotCore:     at com.qualcomm.hardware.ArmableUsbDevice.armDevice(ArmableUsbDevice.java:167)
03-25 13:58:27.978 13725 13725 E RobotCore:     at com.qualcomm.hardware.ArmableUsbDevice.doArm(ArmableUsbDevice.java:298)
03-25 13:58:27.978 13725 13725 E RobotCore:     at com.qualcomm.hardware.modernrobotics.ModernRoboticsUsbDeviceInterfaceModule.doArm(ModernRoboticsUsbDeviceInterfaceModule.java:300)
03-25 13:58:27.978 13725 13725 E RobotCore:     at com.qualcomm.hardware.ArmableUsbDevice.arm(ArmableUsbDevice.java:264)
03-25 13:58:27.978 13725 13725 E RobotCore:     at com.qualcomm.hardware.ArmableUsbDevice.armOrPretend(ArmableUsbDevice.java:343)
03-25 13:58:27.978 13725 13725 E RobotCore:     at com.qualcomm.hardware.HardwareDeviceManager.createDeviceInterfaceModule(HardwareDeviceManager.java:393)
03-25 13:58:27.979 13725 13725 E RobotCore:     at com.qualcomm.hardware.HardwareFactory.mapCoreInterfaceDeviceModule(HardwareFactory.java:213)
03-25 13:58:27.979 13725 13725 E RobotCore:     at com.qualcomm.hardware.HardwareFactory.createHardwareMap(HardwareFactory.java:152)
03-25 13:58:27.979 13725 13725 E RobotCore:     at com.qualcomm.ftccommon.FtcEventLoopHandler.getHardwareMap(FtcEventLoopHandler.java:114)
03-25 13:58:27.979 13725 13725 E RobotCore:     at com.qualcomm.ftccommon.FtcEventLoop.init(FtcEventLoop.java:187)
03-25 13:58:27.979 13725 13725 E RobotCore:     at com.qualcomm.robotcore.eventloop.EventLoopManager.startEventLoop(EventLoopManager.java:571)
03-25 13:58:27.979 13725 13725 E RobotCore:     at com.qualcomm.robotcore.eventloop.EventLoopManager.setEventLoop(EventLoopManager.java:545)
03-25 13:58:27.979 13725 13725 E RobotCore:     at com.qualcomm.robotcore.eventloop.EventLoopManager.start(EventLoopManager.java:489)
03-25 13:58:27.979 13725 13725 E RobotCore:     at com.qualcomm.robotcore.robot.Robot.start(Robot.java:59)
03-25 13:58:27.979 13725 13725 E RobotCore:     at com.qualcomm.ftccommon.FtcRobotControllerService$RobotSetupRunnable$1.run(FtcRobotControllerService.java:186)
03-25 13:58:27.979 13725 13725 E RobotCore:     at com.qualcomm.robotcore.util.ThreadPool.logThreadLifeCycle(ThreadPool.java:513)
03-25 13:58:27.979 13725 13725 E RobotCore:     at com.qualcomm.ftccommon.FtcRobotControllerService$RobotSetupRunnable.run(FtcRobotControllerService.java:128)
03-25 13:58:27.979 13725 13725 E RobotCore:     at java.util.concurrent.ThreadPoolExecutor.runWorker(ThreadPoolExecutor.java:1113)
03-25 13:58:27.979 13725 13725 E RobotCore:     at java.util.concurrent.ThreadPoolExecutor$Worker.run(ThreadPoolExecutor.java:588)
03-25 13:58:27.979 13725 13725 E RobotCore:     at java.lang.Thread.run(Thread.java:818)
03-25 13:58:27.979 13725 13725 V RobotCore: waiting for service robot setup
03-25 13:58:30.480 13725 13725 E RobotCore: awaiting shutdown: thread pool="robot setup" attempt=10
03-25 13:58:30.480 13725 13725 E RobotCore: thread id=561 name="RobotSetupRunnable.run()" 
03-25 13:58:30.481 13725 13725 E RobotCore:     at android.hardware.usb.UsbDeviceConnection.native_get_serial(Native Method)
03-25 13:58:30.481 13725 13725 E RobotCore:     at android.hardware.usb.UsbDeviceConnection.getSerial(UsbDeviceConnection.java:242)
03-25 13:58:30.481 13725 13725 E RobotCore:     at com.ftdi.j2xx.FT_Device.<init>(FT_Device.java:188)
03-25 13:58:30.481 13725 13725 E RobotCore:     at com.ftdi.j2xx.D2xxManager.createDeviceInfoList(D2xxManager.java:985)
03-25 13:58:30.481 13725 13725 E RobotCore:     at com.qualcomm.robotcore.hardware.usb.ftdi.RobotUsbManagerFtdi.scanForDevices(RobotUsbManagerFtdi.java:73)
03-25 13:58:30.481 13725 13725 E RobotCore:     at com.qualcomm.hardware.modernrobotics.comm.ModernRoboticsUsbUtil.openUsbDevice(ModernRoboticsUsbUtil.java:133)
03-25 13:58:30.481 13725 13725 E RobotCore:     at com.qualcomm.hardware.HardwareDeviceManager$4.open(HardwareDeviceManager.java:374)
03-25 13:58:30.481 13725 13725 E RobotCore:     at com.qualcomm.hardware.ArmableUsbDevice.armDevice(ArmableUsbDevice.java:167)
03-25 13:58:30.481 13725 13725 E RobotCore:     at com.qualcomm.hardware.ArmableUsbDevice.doArm(ArmableUsbDevice.java:298)
03-25 13:58:30.481 13725 13725 E RobotCore:     at com.qualcomm.hardware.modernrobotics.ModernRoboticsUsbDeviceInterfaceModule.doArm(ModernRoboticsUsbDeviceInterfaceModule.java:300)
03-25 13:58:30.481 13725 13725 E RobotCore:     at com.qualcomm.hardware.ArmableUsbDevice.arm(ArmableUsbDevice.java:264)
03-25 13:58:30.481 13725 13725 E RobotCore:     at com.qualcomm.hardware.ArmableUsbDevice.armOrPretend(ArmableUsbDevice.java:343)
03-25 13:58:30.481 13725 13725 E RobotCore:     at com.qualcomm.hardware.HardwareDeviceManager.createDeviceInterfaceModule(HardwareDeviceManager.java:393)
03-25 13:58:30.481 13725 13725 E RobotCore:     at com.qualcomm.hardware.HardwareFactory.mapCoreInterfaceDeviceModule(HardwareFactory.java:213)
03-25 13:58:30.482 13725 13725 E RobotCore:     at com.qualcomm.hardware.HardwareFactory.createHardwareMap(HardwareFactory.java:152)
03-25 13:58:30.482 13725 13725 E RobotCore:     at com.qualcomm.ftccommon.FtcEventLoopHandler.getHardwareMap(FtcEventLoopHandler.java:114)
03-25 13:58:30.482 13725 13725 E RobotCore:     at com.qualcomm.ftccommon.FtcEventLoop.init(FtcEventLoop.java:187)
03-25 13:58:30.482 13725 13725 E RobotCore:     at com.qualcomm.robotcore.eventloop.EventLoopManager.startEventLoop(EventLoopManager.java:571)
