03-24 21:47:55.823 16447 16517 V Robocol : received command: CMD_INIT_OP_MODE(11044) $Stop$Robot$
03-24 21:47:55.875 16447 16551 I RobotCore: Attempting to switch to op mode $Stop$Robot$
03-24 21:47:55.909 16447 16524 V Robocol : sending CMD_INIT_OP_MODE_RESP(1119), attempt: 0
03-24 21:47:55.940 16447 16517 V Robocol : received command: CMD_INIT_OP_MODE_RESP(1119) $Stop$Robot$
03-24 21:47:55.941 16447 16517 V Robocol : received command: CMD_RUN_OP_MODE(11050) $Stop$Robot$
03-24 21:47:56.029 16447 16524 V Robocol : sending CMD_RUN_OP_MODE_RESP(1125), attempt: 0
03-24 21:47:56.061 16447 16517 V Robocol : received command: CMD_RUN_OP_MODE_RESP(1125) $Stop$Robot$
03-24 21:48:04.664 16447 16523 E FTDI_Device::: UsbConnection.requestWait() == null
03-24 21:48:04.664 16447 16447 D UsbDeviceConnectionJNI: close
03-24 21:48:04.664 16447 16547 E FTDI_Device::: UsbConnection.requestWait() == null
03-24 21:48:04.665 16447 16549 D ProcessRequestThread::: Device has been closed.
03-24 21:48:04.665 16447 16549 W System.err: java.lang.InterruptedException
03-24 21:48:04.665 16447 16549 W System.err: 	at java.util.concurrent.locks.AbstractQueuedSynchronizer.doAcquireSharedInterruptibly(AbstractQueuedSynchronizer.java:972)
03-24 21:48:04.665 16447 16549 W System.err: 	at java.util.concurrent.locks.AbstractQueuedSynchronizer.acquireSharedInterruptibly(AbstractQueuedSynchronizer.java:1278)
03-24 21:48:04.665 16447 16549 W System.err: 	at java.util.concurrent.Semaphore.acquire(Semaphore.java:284)
03-24 21:48:04.665 16447 16548 D BulkIn::: Stop BulkIn thread
03-24 21:48:04.665 16447 16549 W System.err: 	at com.ftdi.j2xx.ProcessInCtrl.acquireReadableBuffer(FT_Device.java:2294)
03-24 21:48:04.665 16447 16549 W System.err: 	at com.ftdi.j2xx.ProcessRequestWorker.run(FT_Device.java:2764)
03-24 21:48:04.665 16447 16548 W System.err: 	at java.lang.NullPointerException: Attempt to invoke virtual method 'int com.ftdi.j2xx.D2xxManager$DriverParameters.getBufferNumber()' on a null object reference
03-24 21:48:04.665 16447 16541 E FTDI_Device::: UsbConnection.requestWait() == null
03-24 21:48:04.665 16447 16548 W System.err: 	at com.ftdi.j2xx.ProcessInCtrl.releaseWritableBuffers(FT_Device.java:2672)
03-24 21:48:04.665 16447 16548 W System.err: 	at com.ftdi.j2xx.BulkInWorker.run(FT_Device.java:2879)
03-24 21:48:04.665 16447 16548 W System.err: 	at java.lang.Thread.run(Thread.java:818)
03-24 21:48:04.666 16447 16520 E FTDI_Device::: UsbConnection.requestWait() == null
03-24 21:48:04.666 16447 16550 W RobotCore: could not write to Modern Robotics USB Core Device Interface Module [AI041S6Y]: FTDI Null Pointer Exception
03-24 21:48:04.666 16447 16550 E RobotCore: java.lang.NullPointerException: Attempt to invoke interface method 'void java.util.concurrent.locks.Lock.unlock()' on a null object reference
03-24 21:48:04.666 16447 16550 E RobotCore:     at com.ftdi.j2xx.ProcessInCtrl.readBulkInData(FT_Device.java:2520)
03-24 21:48:04.666 16447 16550 E RobotCore:     at com.ftdi.j2xx.FT_Device.read(FT_Device.java:666)
03-24 21:48:04.666 16447 16550 E RobotCore:     at com.qualcomm.robotcore.hardware.usb.ftdi.RobotUsbDeviceFtdi.read(RobotUsbDeviceFtdi.java:211)
03-24 21:48:04.666 16447 16550 E RobotCore:     at com.qualcomm.hardware.modernrobotics.comm.ModernRoboticsReaderWriter.readIncomingBytes(ModernRoboticsReaderWriter.java:362)
03-24 21:48:04.666 16447 16550 E RobotCore:     at com.qualcomm.hardware.modernrobotics.comm.ModernRoboticsReaderWriter.readResponse(ModernRoboticsReaderWriter.java:313)
03-24 21:48:04.666 16447 16550 E RobotCore:     at com.qualcomm.hardware.modernrobotics.comm.ModernRoboticsReaderWriter.read(ModernRoboticsReaderWriter.java:179)
03-24 21:48:04.666 16447 16550 E RobotCore:     at com.qualcomm.hardware.modernrobotics.comm.ReadWriteRunnableStandard$1.run(ReadWriteRunnableStandard.java:344)
03-24 21:48:04.666 16447 16550 E RobotCore:     at com.qualcomm.robotcore.util.ThreadPool.logThreadLifeCycle(ThreadPool.java:513)
03-24 21:48:04.666 16447 16550 E RobotCore:     at com.qualcomm.hardware.modernrobotics.comm.ReadWriteRunnableStandard.run(ReadWriteRunnableStandard.java:304)
03-24 21:48:04.666 16447 16550 E RobotCore:     at java.util.concurrent.ThreadPoolExecutor.runWorker(ThreadPoolExecutor.java:1113)
03-24 21:48:04.666 16447 16550 E RobotCore:     at java.util.concurrent.ThreadPoolExecutor$Worker.run(ThreadPoolExecutor.java:588)
03-24 21:48:04.666 16447 16550 E RobotCore:     at java.lang.Thread.run(Thread.java:818)
03-24 21:48:04.667 16447 16544 E FTDI_Device::: UsbConnection.requestWait() == null
03-24 21:48:04.667 16447 16549 W System.err: java.lang.Thread.run(Thread.java:818)
03-24 21:48:04.667 16447 16550 V RobotUsbDeviceFtdi: closing AI041S6Y
03-24 21:48:04.667 16447 16550 V RobotCore: thread: ...terminating 'r/w loop: Modern Robotics USB Core Device Interface Module [AI041S6Y]'
03-24 21:48:04.668 16447 16551 D RobotCore: system telemetry: key=$System$Warning$ msg="problem communicating with Modern Robotics USB Core Device Interface Module [AI041S6Y]"
03-24 21:48:04.669 16447 16551 V RobotCore: event loop: device has shutdown abnormally
03-24 21:48:04.669 16447 16551 V RobotCore: event loop: detaching device owner
03-24 21:48:04.669 16447 16551 I FIRST   : ======= MODULE DETACH RECOVERY: disarm Modern Robotics USB Core Device Interface Module [AI041S6Y]=======
03-24 21:48:04.669 16447 16551 V RobotCore: waiting for service ReadWriteRunnable for Modern Robotics USB Device
03-24 21:48:04.671 16447 16551 V RobotCore: awaitTermination returned, isTerminated=true
03-24 21:48:04.671 16447 16551 V RobotCore: executive service ReadWriteRunnable for Modern Robotics USB Device is terminated
03-24 21:48:04.671 16447 16551 V RobotUsbDeviceFtdi: closing AI041S6Y
03-24 21:48:04.671 16447 16551 I FIRST   : ======= MODULE DETACH RECOVERY: pretend Modern Robotics USB Core Device Interface Module [AI041S6Y]=======
03-24 21:48:04.671 16447 16551 V RobotCore: Starting up pretend device AI041S6Y
03-24 21:48:04.673 16447 16577 V RobotCore: thread: 'r/w loop: Modern Robotics USB Core Device Interface Module [AI041S6Y]' starting...
03-24 21:48:04.673 16447 16551 I FIRST   : ======= MODULE DETACH RECOVERY: complete Modern Robotics USB Core Device Interface Module [AI041S6Y]=======
03-24 21:48:04.678 16447 16447 D UsbDeviceConnectionJNI: close
03-24 21:48:04.679 16447 16525 D BulkIn::: Stop BulkIn thread
03-24 21:48:04.679 16447 16525 W System.err: java.lang.NullPointerException: Null reference used for synchronization (monitor-enter)
03-24 21:48:04.679 16447 16525 W System.err: 	at com.ftdi.j2xx.ProcessInCtrl.getBuffer(FT_Device.java:2269)
03-24 21:48:04.679 16447 16525 W System.err: 	at com.ftdi.j2xx.ProcessInCtrl.releaseWritableBuffers(FT_Device.java:2675)
03-24 21:48:04.679 16447 16525 W System.err: 	at com.ftdi.j2xx.BulkInWorker.run(FT_Device.java:2879)
03-24 21:48:04.679 16447 16525 W System.err: 	at java.lang.Thread.run(Thread.java:818)
03-24 21:48:04.679 16447 16526 D ProcessRequestThread::: Device has been closed.
03-24 21:48:04.679 16447 16538 W RobotCore: could not write to Modern Robotics USB Servo Controller [AL026DRM]: FTDI Null Pointer Exception
03-24 21:48:04.679 16447 16526 W System.err: java.lang.InterruptedException
03-24 21:48:04.679 16447 16538 E RobotCore: java.lang.NullPointerException: Attempt to invoke interface method 'void java.util.concurrent.locks.Lock.unlock()' on a null object reference
03-24 21:48:04.679 16447 16526 W System.err: 	at java.util.concurrent.locks.AbstractQueuedSynchronizer.doAcquireSharedInterruptibly(AbstractQueuedSynchronizer.java:972)
03-24 21:48:04.679 16447 16526 W System.err: 	at java.util.concurrent.locks.AbstractQueuedSynchronizer.acquireSharedInterruptibly(AbstractQueuedSynchronizer.java:1278)
03-24 21:48:04.679 16447 16526 W System.err: 	at java.util.concurrent.Semaphore.acquire(Semaphore.java:284)
03-24 21:48:04.679 16447 16526 W System.err: 	at com.ftdi.j2xx.ProcessInCtrl.acquireReadableBuffer(FT_Device.java:2294)
03-24 21:48:04.679 16447 16538 E RobotCore:     at com.ftdi.j2xx.ProcessInCtrl.readBulkInData(FT_Device.java:2520)
03-24 21:48:04.679 16447 16526 W System.err: 	at com.ftdi.j2xx.ProcessRequestWorker.run(FT_Device.java:2764)
03-24 21:48:04.679 16447 16526 W System.err: 	at java.lang.Thread.run(Thread.java:818)
03-24 21:48:04.679 16447 16538 E RobotCore:     at com.ftdi.j2xx.FT_Device.read(FT_Device.java:666)
03-24 21:48:04.679 16447 16538 E RobotCore:     at com.qualcomm.robotcore.hardware.usb.ftdi.RobotUsbDeviceFtdi.read(RobotUsbDeviceFtdi.java:211)
03-24 21:48:04.679 16447 16538 E RobotCore:     at com.qualcomm.hardware.modernrobotics.comm.ModernRoboticsReaderWriter.readIncomingBytes(ModernRoboticsReaderWriter.java:362)
03-24 21:48:04.679 16447 16538 E RobotCore:     at com.qualcomm.hardware.modernrobotics.comm.ModernRoboticsReaderWriter.readResponse(ModernRoboticsReaderWriter.java:313)
03-24 21:48:04.679 16447 16538 E RobotCore:     at com.qualcomm.hardware.modernrobotics.comm.ModernRoboticsReaderWriter.read(ModernRoboticsReaderWriter.java:179)
03-24 21:48:04.680 16447 16538 E RobotCore:     at com.qualcomm.hardware.modernrobotics.comm.ReadWriteRunnableStandard$1.run(ReadWriteRunnableStandard.java:344)
03-24 21:48:04.680 16447 16538 E RobotCore:     at com.qualcomm.robotcore.util.ThreadPool.logThreadLifeCycle(ThreadPool.java:513)
03-24 21:48:04.680 16447 16538 E RobotCore:     at com.qualcomm.hardware.modernrobotics.comm.ReadWriteRunnableStandard.run(ReadWriteRunnableStandard.java:304)
03-24 21:48:04.680 16447 16538 E RobotCore:     at java.util.concurrent.ThreadPoolExecutor.runWorker(ThreadPoolExecutor.java:1113)
03-24 21:48:04.680 16447 16538 E RobotCore:     at java.util.concurrent.ThreadPoolExecutor$Worker.run(ThreadPoolExecutor.java:588)
03-24 21:48:04.680 16447 16538 E RobotCore:     at java.lang.Thread.run(Thread.java:818)
03-24 21:48:04.680 16447 16538 V RobotUsbDeviceFtdi: closing AL026DRM
03-24 21:48:04.680 16447 16538 V RobotCore: thread: ...terminating 'r/w loop: Modern Robotics USB Servo Controller [AL026DRM]'
03-24 21:48:04.685 16447 16551 D RobotCore: system telemetry: key=$System$Warning$ msg="problem communicating with Modern Robotics USB Core Device Interface Module [AI041S6Y]; problem communicating with Modern Robotics USB Servo Controller [AL026DRM]"
03-24 21:48:04.686 16447 16551 V RobotCore: event loop: device has shutdown abnormally
03-24 21:48:04.686 16447 16551 V RobotCore: event loop: detaching device owner
03-24 21:48:04.686 16447 16551 I FIRST   : ======= MODULE DETACH RECOVERY: disarm Modern Robotics USB Servo Controller [AL026DRM]=======
03-24 21:48:04.686 16447 16551 D RobotCore: disarming modern servo controller "Modern Robotics USB Servo Controller [AL026DRM]"...
03-24 21:48:04.686 16447 16551 V RobotCore: waiting for service ReadWriteRunnable for Modern Robotics USB Device
03-24 21:48:04.686 16447 16551 V RobotCore: awaitTermination returned, isTerminated=true
03-24 21:48:04.687 16447 16551 V RobotCore: executive service ReadWriteRunnable for Modern Robotics USB Device is terminated
03-24 21:48:04.687 16447 16551 V RobotUsbDeviceFtdi: closing AL026DRM
03-24 21:48:04.687 16447 16551 D RobotCore: ...disarming modern servo controller Modern Robotics USB Servo Controller [AL026DRM] complete
03-24 21:48:04.687 16447 16551 I FIRST   : ======= MODULE DETACH RECOVERY: pretend Modern Robotics USB Servo Controller [AL026DRM]=======
03-24 21:48:04.687 16447 16551 D RobotCore: arming modern servo controller Modern Robotics USB Servo Controller [AL026DRM] (pretend)...
03-24 21:48:04.687 16447 16551 V RobotCore: Starting up pretend device AL026DRM
03-24 21:48:04.691 16447 16447 D UsbDeviceConnectionJNI: close
03-24 21:48:04.692 16447 16447 D UsbDeviceConnectionJNI: close
03-24 21:48:04.692 16447 16523 W RobotCore: could not write to Modern Robotics USB DC Motor Controller [AL00VM5X]: FTDI Null Pointer Exception
03-24 21:48:04.692 16447 16523 E RobotCore: java.lang.NullPointerException: Attempt to invoke interface method 'void java.util.concurrent.locks.Lock.unlock()' on a null object reference
03-24 21:48:04.692 16447 16523 E RobotCore:     at com.ftdi.j2xx.ProcessInCtrl.readBulkInData(FT_Device.java:2520)
03-24 21:48:04.693 16447 16523 E RobotCore:     at com.ftdi.j2xx.FT_Device.read(FT_Device.java:666)
03-24 21:48:04.693 16447 16523 E RobotCore:     at com.qualcomm.robotcore.hardware.usb.ftdi.RobotUsbDeviceFtdi.read(RobotUsbDeviceFtdi.java:211)
03-24 21:48:04.693 16447 16523 E RobotCore:     at com.qualcomm.hardware.modernrobotics.comm.ModernRoboticsReaderWriter.readIncomingBytes(ModernRoboticsReaderWriter.java:362)
03-24 21:48:04.693 16447 16523 E RobotCore:     at com.qualcomm.hardware.modernrobotics.comm.ModernRoboticsReaderWriter.readResponse(ModernRoboticsReaderWriter.java:313)
03-24 21:48:04.693 16447 16523 E RobotCore:     at com.qualcomm.hardware.modernrobotics.comm.ModernRoboticsReaderWriter.read(ModernRoboticsReaderWriter.java:179)
03-24 21:48:04.693 16447 16523 E RobotCore:     at com.qualcomm.hardware.modernrobotics.comm.ReadWriteRunnableStandard$1.run(ReadWriteRunnableStandard.java:344)
03-24 21:48:04.693 16447 16523 E RobotCore:     at com.qualcomm.robotcore.util.ThreadPool.logThreadLifeCycle(ThreadPool.java:513)
03-24 21:48:04.693 16447 16523 E RobotCore:     at com.qualcomm.hardware.modernrobotics.comm.ReadWriteRunnableStandard.run(ReadWriteRunnableStandard.java:304)
03-24 21:48:04.693 16447 16521 D BulkIn::: Stop BulkIn thread
03-24 21:48:04.693 16447 16523 E RobotCore:     at java.util.concurrent.ThreadPoolExecutor.runWorker(ThreadPoolExecutor.java:1113)
03-24 21:48:04.693 16447 16523 E RobotCore:     at java.util.concurrent.ThreadPoolExecutor$Worker.run(ThreadPoolExecutor.java:588)
03-24 21:48:04.693 16447 16521 W System.err: java.lang.NullPointerException: Attempt to invoke virtual method 'int com.ftdi.j2xx.D2xxManager$DriverParameters.getBufferNumber()' on a null object reference
03-24 21:48:04.693 16447 16523 E RobotCore:     at java.lang.Thread.run(Thread.java:818)
03-24 21:48:04.693 16447 16521 W System.err: 	at com.ftdi.j2xx.ProcessInCtrl.releaseWritableBuffers(FT_Device.java:2672)
03-24 21:48:04.693 16447 16521 W System.err: 	at com.ftdi.j2xx.BulkInWorker.run(FT_Device.java:2879)
03-24 21:48:04.693 16447 16521 W System.err: 	at java.lang.Thread.run(Thread.java:818)
03-24 21:48:04.693 16447 16523 V RobotUsbDeviceFtdi: closing AL00VM5X
03-24 21:48:04.693 16447 16523 V RobotCore: thread: ...terminating 'r/w loop: Modern Robotics USB DC Motor Controller [AL00VM5X]'
03-24 21:48:04.694 16447 16540 D ProcessRequestThread::: Device has been closed.
03-24 21:48:04.694 16447 16540 W System.err: java.lang.InterruptedException
03-24 21:48:04.694 16447 16540 W System.err: 	at java.util.concurrent.locks.AbstractQueuedSynchronizer.doAcquireSharedInterruptibly(AbstractQueuedSynchronizer.java:972)
03-24 21:48:04.694 16447 16540 W System.err: 	at java.util.concurrent.locks.AbstractQueuedSynchronizer.acquireSharedInterruptibly(AbstractQueuedSynchronizer.java:1278)
03-24 21:48:04.694 16447 16540 W System.err: 	at java.util.concurrent.Semaphore.acquire(Semaphore.java:284)
03-24 21:48:04.694 16447 16540 W System.err: 	at com.ftdi.j2xx.ProcessInCtrl.acquireReadableBuffer(FT_Device.java:2294)
03-24 21:48:04.694 16447 16540 W System.err: 	at com.ftdi.j2xx.ProcessRequestWorker.run(FT_Device.java:2764)
03-24 21:48:04.694 16447 16540 W System.err: 	at java.lang.Thread.run(Thread.java:818)
03-24 21:48:04.694 16447 16541 W RobotCore: could not write to Modern Robotics USB DC Motor Controller [AI049PCI]: FTDI Null Pointer Exception
03-24 21:48:04.694 16447 16541 E RobotCore: java.lang.NullPointerException: Attempt to invoke interface method 'void java.util.concurrent.locks.Lock.unlock()' on a null object reference
03-24 21:48:04.694 16447 16541 E RobotCore:     at com.ftdi.j2xx.ProcessInCtrl.readBulkInData(FT_Device.java:2520)
03-24 21:48:04.694 16447 16541 E RobotCore:     at com.ftdi.j2xx.FT_Device.read(FT_Device.java:666)
03-24 21:48:04.695 16447 16541 E RobotCore:     at com.qualcomm.robotcore.hardware.usb.ftdi.RobotUsbDeviceFtdi.read(RobotUsbDeviceFtdi.java:211)
03-24 21:48:04.695 16447 16519 D ProcessRequestThread::: Device has been closed.
03-24 21:48:04.695 16447 16519 W System.err: java.lang.InterruptedException
03-24 21:48:04.695 16447 16447 D UsbDeviceConnectionJNI: close
03-24 21:48:04.695 16447 16519 W System.err: 	at java.util.concurrent.locks.AbstractQueuedSynchronizer.doAcquireSharedInterruptibly(AbstractQueuedSynchronizer.java:972)
03-24 21:48:04.695 16447 16519 W System.err: 	at java.util.concurrent.locks.AbstractQueuedSynchronizer.acquireSharedInterruptibly(AbstractQueuedSynchronizer.java:1278)
03-24 21:48:04.695 16447 16519 W System.err: 	at java.util.concurrent.Semaphore.acquire(Semaphore.java:284)
03-24 21:48:04.695 16447 16519 W System.err: 	at com.ftdi.j2xx.ProcessInCtrl.acquireReadableBuffer(FT_Device.java:2294)
03-24 21:48:04.695 16447 16519 W System.err: 	at com.ftdi.j2xx.ProcessRequestWorker.run(FT_Device.java:2764)
03-24 21:48:04.695 16447 16519 W System.err: 	at java.lang.Thread.run(Thread.java:818)
03-24 21:48:04.695 16447 16520 W RobotCore: could not write to Modern Robotics USB Core Device Interface Module [AL00VDA6]: FTDI Null Pointer Exception
03-24 21:48:04.695 16447 16520 E RobotCore: java.lang.NullPointerException: Attempt to invoke interface method 'void java.util.concurrent.locks.Lock.unlock()' on a null object reference
03-24 21:48:04.696 16447 16541 E RobotCore:     at com.qualcomm.hardware.modernrobotics.comm.ModernRoboticsReaderWriter.readIncomingBytes(ModernRoboticsReaderWriter.java:362)
03-24 21:48:04.696 16447 16541 E RobotCore:     at com.qualcomm.hardware.modernrobotics.comm.ModernRoboticsReaderWriter.readResponse(ModernRoboticsReaderWriter.java:313)
03-24 21:48:04.696 16447 16520 E RobotCore:     at com.ftdi.j2xx.ProcessInCtrl.readBulkInData(FT_Device.java:2520)
03-24 21:48:04.696 16447 16541 E RobotCore:     at com.qualcomm.hardware.modernrobotics.comm.ModernRoboticsReaderWriter.read(ModernRoboticsReaderWriter.java:179)
03-24 21:48:04.696 16447 16541 E RobotCore:     at com.qualcomm.hardware.modernrobotics.comm.ReadWriteRunnableStandard$1.run(ReadWriteRunnableStandard.java:344)
03-24 21:48:04.696 16447 16541 E RobotCore:     at com.qualcomm.robotcore.util.ThreadPool.logThreadLifeCycle(ThreadPool.java:513)
03-24 21:48:04.696 16447 16541 E RobotCore:     at com.qualcomm.hardware.modernrobotics.comm.ReadWriteRunnableStandard.run(ReadWriteRunnableStandard.java:304)
03-24 21:48:04.696 16447 16541 E RobotCore:     at java.util.concurrent.ThreadPoolExecutor.runWorker(ThreadPoolExecutor.java:1113)
03-24 21:48:04.696 16447 16541 E RobotCore:     at java.util.concurrent.ThreadPoolExecutor$Worker.run(ThreadPoolExecutor.java:588)
03-24 21:48:04.696 16447 16541 E RobotCore:     at java.lang.Thread.run(Thread.java:818)
03-24 21:48:04.696 16447 16541 V RobotUsbDeviceFtdi: closing AI049PCI
03-24 21:48:04.696 16447 16541 V RobotCore: thread: ...terminating 'r/w loop: Modern Robotics USB DC Motor Controller [AI049PCI]'
03-24 21:48:04.696 16447 16447 D UsbDeviceConnectionJNI: close
03-24 21:48:04.696 16447 16518 D BulkIn::: Stop BulkIn thread
03-24 21:48:04.696 16447 16518 W System.err: java.lang.NullPointerException: Attempt to invoke virtual method 'int com.ftdi.j2xx.D2xxManager$DriverParameters.getBufferNumber()' on a null object reference
03-24 21:48:04.697 16447 16518 W System.err: 	at com.ftdi.j2xx.ProcessInCtrl.releaseWritableBuffers(FT_Device.java:2672)
03-24 21:48:04.697 16447 16518 W System.err: 	at com.ftdi.j2xx.BulkInWorker.run(FT_Device.java:2879)
03-24 21:48:04.697 16447 16518 W System.err: 	at java.lang.Thread.run(Thread.java:818)
03-24 21:48:04.697 16447 16520 E RobotCore:     at com.ftdi.j2xx.FT_Device.read(FT_Device.java:666)
03-24 21:48:04.697 16447 16522 D ProcessRequestThread::: Device has been closed.
03-24 21:48:04.697 16447 16522 W System.err: java.lang.InterruptedException
03-24 21:48:04.697 16447 16522 W System.err: 	at java.util.concurrent.locks.AbstractQueuedSynchronizer.doAcquireSharedInterruptibly(AbstractQueuedSynchronizer.java:972)
03-24 21:48:04.697 16447 16522 W System.err: 	at java.util.concurrent.locks.AbstractQueuedSynchronizer.acquireSharedInterruptibly(AbstractQueuedSynchronizer.java:1278)
03-24 21:48:04.697 16447 16522 W System.err: 	at java.util.concurrent.Semaphore.acquire(Semaphore.java:284)
03-24 21:48:04.697 16447 16522 W System.err: 	at com.ftdi.j2xx.ProcessInCtrl.acquireReadableBuffer(FT_Device.java:2294)
03-24 21:48:04.697 16447 16522 W System.err: 	at com.ftdi.j2xx.ProcessRequestWorker.run(FT_Device.java:2764)
03-24 21:48:04.697 16447 16522 W System.err: 	at java.lang.Thread.run(Thread.java:818)
03-24 21:48:04.698 16447 16520 E RobotCore:     at com.qualcomm.robotcore.hardware.usb.ftdi.RobotUsbDeviceFtdi.read(RobotUsbDeviceFtdi.java:211)
03-24 21:48:04.698 16447 16520 E RobotCore:     at com.qualcomm.hardware.modernrobotics.comm.ModernRoboticsReaderWriter.readIncomingBytes(ModernRoboticsReaderWriter.java:362)
03-24 21:48:04.698 16447 16520 E RobotCore:     at com.qualcomm.hardware.modernrobotics.comm.ModernRoboticsReaderWriter.readResponse(ModernRoboticsReaderWriter.java:313)
03-24 21:48:04.698 16447 16520 E RobotCore:     at com.qualcomm.hardware.modernrobotics.comm.ModernRoboticsReaderWriter.read(ModernRoboticsReaderWriter.java:179)
03-24 21:48:04.698 16447 16520 E RobotCore:     at com.qualcomm.hardware.modernrobotics.comm.ReadWriteRunnableStandard$1.run(ReadWriteRunnableStandard.java:350)
03-24 21:48:04.698 16447 16520 E RobotCore:     at com.qualcomm.robotcore.util.ThreadPool.logThreadLifeCycle(ThreadPool.java:513)
03-24 21:48:04.698 16447 16520 E RobotCore:     at com.qualcomm.hardware.modernrobotics.comm.ReadWriteRunnableStandard.run(ReadWriteRunnableStandard.java:304)
03-24 21:48:04.698 16447 16520 E RobotCore:     at java.util.concurrent.ThreadPoolExecutor.runWorker(ThreadPoolExecutor.java:1113)
03-24 21:48:04.698 16447 16520 E RobotCore:     at java.util.concurrent.ThreadPoolExecutor$Worker.run(ThreadPoolExecutor.java:588)
03-24 21:48:04.698 16447 16520 E RobotCore:     at java.lang.Thread.run(Thread.java:818)
03-24 21:48:04.698 16447 16520 V RobotUsbDeviceFtdi: closing AL00VDA6
03-24 21:48:04.698 16447 16520 V RobotCore:i2cSynch(USB AL00VDA6; port 2): onPortIsReadyCallbacksEnd ...
03-24 21:48:04.698 16447 16520 V RobotCore:i2cSynch(USB AL00VDA6; port 2): unhooking ...
03-24 21:48:04.698 16447 16520 V RobotCore: executive service I2c Heartbeat is terminated
03-24 21:48:04.698 16447 16520 V RobotCore:i2cSynch(USB AL00VDA6; port 2): ...unhooking complete
03-24 21:48:04.698 16447 16520 V RobotCore:i2cSynch(USB AL00VDA6; port 2): ... onPortIsReadyCallbacksEnd complete
03-24 21:48:04.699 16447 16520 V RobotCore: thread: ...terminating 'r/w loop: Modern Robotics USB Core Device Interface Module [AL00VDA6]'
03-24 21:48:04.699 16447 16543 D ProcessRequestThread::: Device has been closed.
03-24 21:48:04.699 16447 16543 W System.err: java.lang.InterruptedException
03-24 21:48:04.699 16447 16543 W System.err: 	at java.util.concurrent.locks.AbstractQueuedSynchronizer.doAcquireSharedInterruptibly(AbstractQueuedSynchronizer.java:972)
03-24 21:48:04.699 16447 16543 W System.err: 	at java.util.concurrent.locks.AbstractQueuedSynchronizer.acquireSharedInterruptibly(AbstractQueuedSynchronizer.java:1278)
03-24 21:48:04.699 16447 16543 W System.err: 	at java.util.concurrent.Semaphore.acquire(Semaphore.java:284)
03-24 21:48:04.699 16447 16543 W System.err: 	at com.ftdi.j2xx.ProcessInCtrl.acquireReadableBuffer(FT_Device.java:2294)
03-24 21:48:04.699 16447 16543 W System.err: 	at com.ftdi.j2xx.ProcessRequestWorker.run(FT_Device.java:2764)
03-24 21:48:04.699 16447 16543 W System.err: 	at java.lang.Thread.run(Thread.java:818)
03-24 21:48:04.701 16447 16544 W RobotCore: could not write to Modern Robotics USB DC Motor Controller [AL00VM5S]: FTDI Null Pointer Exception
03-24 21:48:04.701 16447 16542 D BulkIn::: Stop BulkIn thread
03-24 21:48:04.701 16447 16544 E RobotCore: java.lang.NullPointerException: Attempt to invoke interface method 'void java.util.concurrent.locks.Lock.unlock()' on a null object reference
03-24 21:48:04.701 16447 16542 W System.err: java.lang.NullPointerException: Attempt to invoke virtual method 'int com.ftdi.j2xx.D2xxManager$DriverParameters.getBufferNumber()' on a null object reference
03-24 21:48:04.701 16447 16542 W System.err: 	at com.ftdi.j2xx.ProcessInCtrl.releaseWritableBuffers(FT_Device.java:2672)
03-24 21:48:04.701 16447 16542 W System.err: 	at com.ftdi.j2xx.BulkInWorker.run(FT_Device.java:2879)
03-24 21:48:04.701 16447 16542 W System.err: 	at java.lang.Thread.run(Thread.java:818)
03-24 21:48:04.701 16447 16544 E RobotCore:     at com.ftdi.j2xx.ProcessInCtrl.readBulkInData(FT_Device.java:2520)
03-24 21:48:04.701 16447 16544 E RobotCore:     at com.ftdi.j2xx.FT_Device.read(FT_Device.java:666)
03-24 21:48:04.701 16447 16544 E RobotCore:     at com.qualcomm.robotcore.hardware.usb.ftdi.RobotUsbDeviceFtdi.read(RobotUsbDeviceFtdi.java:211)
03-24 21:48:04.701 16447 16539 D BulkIn::: Stop BulkIn thread
03-24 21:48:04.701 16447 16544 E RobotCore:     at com.qualcomm.hardware.modernrobotics.comm.ModernRoboticsReaderWriter.readIncomingBytes(ModernRoboticsReaderWriter.java:362)
03-24 21:48:04.701 16447 16539 W System.err: java.lang.NullPointerException: Attempt to invoke virtual method 'int com.ftdi.j2xx.D2xxManager$DriverParameters.getBufferNumber()' on a null object reference
03-24 21:48:04.701 16447 16544 E RobotCore:     at com.qualcomm.hardware.modernrobotics.comm.ModernRoboticsReaderWriter.readResponse(ModernRoboticsReaderWriter.java:313)
03-24 21:48:04.701 16447 16544 E RobotCore:     at com.qualcomm.hardware.modernrobotics.comm.ModernRoboticsReaderWriter.read(ModernRoboticsReaderWriter.java:179)
03-24 21:48:04.701 16447 16539 W System.err: 	at com.ftdi.j2xx.ProcessInCtrl.releaseWritableBuffers(FT_Device.java:2672)
03-24 21:48:04.701 16447 16544 E RobotCore:     at com.qualcomm.hardware.modernrobotics.comm.ReadWriteRunnableStandard$1.run(ReadWriteRunnableStandard.java:344)
03-24 21:48:04.701 16447 16539 W System.err: 	at com.ftdi.j2xx.BulkInWorker.run(FT_Device.java:2879)
03-24 21:48:04.701 16447 16544 E RobotCore:     at com.qualcomm.robotcore.util.ThreadPool.logThreadLifeCycle(ThreadPool.java:513)
03-24 21:48:04.701 16447 16539 W System.err: 	at java.lang.Thread.run(Thread.java:818)
03-24 21:48:04.701 16447 16544 E RobotCore:     at com.qualcomm.hardware.modernrobotics.comm.ReadWriteRunnableStandard.run(ReadWriteRunnableStandard.java:304)
03-24 21:48:04.701 16447 16544 E RobotCore:     at java.util.concurrent.ThreadPoolExecutor.runWorker(ThreadPoolExecutor.java:1113)
03-24 21:48:04.701 16447 16544 E RobotCore:     at java.util.concurrent.ThreadPoolExecutor$Worker.run(ThreadPoolExecutor.java:588)
03-24 21:48:04.701 16447 16544 E RobotCore:     at java.lang.Thread.run(Thread.java:818)
03-24 21:48:04.701 16447 16447 D UsbDeviceConnectionJNI: close
03-24 21:48:04.701 16447 16544 V RobotUsbDeviceFtdi: closing AL00VM5S
03-24 21:48:04.701 16447 16544 V RobotCore: thread: ...terminating 'r/w loop: Modern Robotics USB DC Motor Controller [AL00VM5S]'
03-24 21:48:04.701 16447 16546 D ProcessRequestThread::: Device has been closed.
03-24 21:48:04.701 16447 16546 W System.err: java.lang.InterruptedException
03-24 21:48:04.702 16447 16546 W System.err: 	at java.util.concurrent.locks.AbstractQueuedSynchronizer.doAcquireSharedInterruptibly(AbstractQueuedSynchronizer.java:972)
03-24 21:48:04.702 16447 16546 W System.err: 	at java.util.concurrent.locks.AbstractQueuedSynchronizer.acquireSharedInterruptibly(AbstractQueuedSynchronizer.java:1278)
03-24 21:48:04.702 16447 16546 W System.err: 	at java.util.concurrent.Semaphore.acquire(Semaphore.java:284)
03-24 21:48:04.702 16447 16546 W System.err: 	at com.ftdi.j2xx.ProcessInCtrl.acquireReadableBuffer(FT_Device.java:2294)
03-24 21:48:04.702 16447 16546 W System.err: 	at com.ftdi.j2xx.ProcessRequestWorker.run(FT_Device.java:2764)
03-24 21:48:04.702 16447 16546 W System.err: 	at java.lang.Thread.run(Thread.java:818)
03-24 21:48:04.704 16447 16545 D BulkIn::: Stop BulkIn thread
03-24 21:48:04.704 16447 16545 W System.err: java.lang.NullPointerException: Attempt to invoke virtual method 'int com.ftdi.j2xx.D2xxManager$DriverParameters.getBufferNumber()' on a null object reference
03-24 21:48:04.704 16447 16545 W System.err: 	at com.ftdi.j2xx.ProcessInCtrl.releaseWritableBuffers(FT_Device.java:2672)
03-24 21:48:04.704 16447 16545 W System.err: 	at com.ftdi.j2xx.BulkInWorker.run(FT_Device.java:2879)
03-24 21:48:04.704 16447 16545 W System.err: 	at java.lang.Thread.run(Thread.java:818)
03-24 21:48:04.706 16447 16547 W RobotCore: could not write to Modern Robotics USB DC Motor Controller [AL00YCFA]: FTDI Null Pointer Exception
03-24 21:48:04.706 16447 16547 E RobotCore: java.lang.NullPointerException: Attempt to invoke interface method 'void java.util.concurrent.locks.Lock.unlock()' on a null object reference
03-24 21:48:04.706 16447 16547 E RobotCore:     at com.ftdi.j2xx.ProcessInCtrl.readBulkInData(FT_Device.java:2520)
03-24 21:48:04.706 16447 16547 E RobotCore:     at com.ftdi.j2xx.FT_Device.read(FT_Device.java:666)
03-24 21:48:04.706 16447 16547 E RobotCore:     at com.qualcomm.robotcore.hardware.usb.ftdi.RobotUsbDeviceFtdi.read(RobotUsbDeviceFtdi.java:211)
03-24 21:48:04.706 16447 16547 E RobotCore:     at com.qualcomm.hardware.modernrobotics.comm.ModernRoboticsReaderWriter.readIncomingBytes(ModernRoboticsReaderWriter.java:362)
03-24 21:48:04.706 16447 16547 E RobotCore:     at com.qualcomm.hardware.modernrobotics.comm.ModernRoboticsReaderWriter.readResponse(ModernRoboticsReaderWriter.java:313)
03-24 21:48:04.706 16447 16547 E RobotCore:     at com.qualcomm.hardware.modernrobotics.comm.ModernRoboticsReaderWriter.read(ModernRoboticsReaderWriter.java:179)
03-24 21:48:04.706 16447 16547 E RobotCore:     at com.qualcomm.hardware.modernrobotics.comm.ReadWriteRunnableStandard$1.run(ReadWriteRunnableStandard.java:344)
03-24 21:48:04.706 16447 16547 E RobotCore:     at com.qualcomm.robotcore.util.ThreadPool.logThreadLifeCycle(ThreadPool.java:513)
03-24 21:48:04.706 16447 16547 E RobotCore:     at com.qualcomm.hardware.modernrobotics.comm.ReadWriteRunnableStandard.run(ReadWriteRunnableStandard.java:304)
03-24 21:48:04.707 16447 16547 E RobotCore:     at java.util.concurrent.ThreadPoolExecutor.runWorker(ThreadPoolExecutor.java:1113)
03-24 21:48:04.707 16447 16547 E RobotCore:     at java.util.concurrent.ThreadPoolExecutor$Worker.run(ThreadPoolExecutor.java:588)
03-24 21:48:04.707 16447 16547 E RobotCore:     at java.lang.Thread.run(Thread.java:818)
03-24 21:48:04.707 16447 16547 V RobotUsbDeviceFtdi: closing AL00YCFA
03-24 21:48:04.707 16447 16547 V RobotCore: thread: ...terminating 'r/w loop: Modern Robotics USB DC Motor Controller [AL00YCFA]'
03-24 21:48:04.709 16447 16580 V RobotCore: thread: 'r/w loop: Modern Robotics USB Servo Controller [AL026DRM]' starting...
03-24 21:48:04.709 16447 16551 D RobotCore: ...arming modern servo controller Modern Robotics USB Servo Controller [AL026DRM] complete
03-24 21:48:04.709 16447 16551 I FIRST   : ======= MODULE DETACH RECOVERY: complete Modern Robotics USB Servo Controller [AL026DRM]=======
03-24 21:48:04.709 16447 16551 V RobotCore: event loop: device has shutdown abnormally
03-24 21:48:04.709 16447 16551 V RobotCore: event loop: detaching device owner
03-24 21:48:04.709 16447 16551 I FIRST   : ======= MODULE DETACH RECOVERY: disarm Modern Robotics USB DC Motor Controller [AI049PCI]=======
03-24 21:48:04.709 16447 16551 D RobotCore: disarming modern motor controller Modern Robotics USB DC Motor Controller [AI049PCI]...
03-24 21:48:04.710 16447 16551 V RobotCore: waiting for service ReadWriteRunnable for Modern Robotics USB Device
03-24 21:48:04.711 16447 16551 V RobotCore: awaitTermination returned, isTerminated=true
03-24 21:48:04.711 16447 16551 V RobotCore: executive service ReadWriteRunnable for Modern Robotics USB Device is terminated
03-24 21:48:04.711 16447 16551 V RobotUsbDeviceFtdi: closing AI049PCI
03-24 21:48:04.711 16447 16530 D MediaPlayer: setSubtitleAnchor in MediaPlayer
03-24 21:48:04.711 16447 16551 D RobotCore: ...disarming modern motor controller Modern Robotics USB DC Motor Controller [AI049PCI] complete
03-24 21:48:04.711 16447 16551 I FIRST   : ======= MODULE DETACH RECOVERY: pretend Modern Robotics USB DC Motor Controller [AI049PCI]=======
03-24 21:48:04.711 16447 16551 D RobotCore: arming modern motor controller Modern Robotics USB DC Motor Controller [AI049PCI] (pretend)...
03-24 21:48:04.711 16447 16551 V RobotCore: Starting up pretend device AI049PCI
03-24 21:48:04.713 16447 16447 D MediaPlayer: setSubtitleAnchor in MediaPlayer
03-24 21:48:04.714 16447 16582 V RobotCore: thread: 'r/w loop: Modern Robotics USB DC Motor Controller [AI049PCI]' starting...
03-24 21:48:04.714 16447 16551 D RobotCore: ...arming modern motor controller Modern Robotics USB DC Motor Controller [AI049PCI] complete
03-24 21:48:04.714 16447 16551 I FIRST   : ======= MODULE DETACH RECOVERY: complete Modern Robotics USB DC Motor Controller [AI049PCI]=======
03-24 21:48:04.714 16447 16551 V RobotCore: event loop: device has shutdown abnormally
03-24 21:48:04.714 16447 16551 V RobotCore: event loop: detaching device owner
03-24 21:48:04.714 16447 16551 I FIRST   : ======= MODULE DETACH RECOVERY: disarm Modern Robotics USB DC Motor Controller [AL00VM5S]=======
03-24 21:48:04.714 16447 16551 D RobotCore: disarming modern motor controller Modern Robotics USB DC Motor Controller [AL00VM5S]...
03-24 21:48:04.715 16447 16551 V RobotCore: waiting for service ReadWriteRunnable for Modern Robotics USB Device
03-24 21:48:04.715 16447 16551 V RobotCore: awaitTermination returned, isTerminated=true
03-24 21:48:04.715 16447 16551 V RobotCore: executive service ReadWriteRunnable for Modern Robotics USB Device is terminated
03-24 21:48:04.715 16447 16551 V RobotUsbDeviceFtdi: closing AL00VM5S
03-24 21:48:04.715 16447 16551 D RobotCore: ...disarming modern motor controller Modern Robotics USB DC Motor Controller [AL00VM5S] complete
03-24 21:48:04.715 16447 16551 I FIRST   : ======= MODULE DETACH RECOVERY: pretend Modern Robotics USB DC Motor Controller [AL00VM5S]=======
03-24 21:48:04.715 16447 16551 D RobotCore: arming modern motor controller Modern Robotics USB DC Motor Controller [AL00VM5S] (pretend)...
03-24 21:48:04.715 16447 16551 V RobotCore: Starting up pretend device AL00VM5S
03-24 21:48:04.717 16447 16583 V RobotCore: thread: 'r/w loop: Modern Robotics USB DC Motor Controller [AL00VM5S]' starting...
03-24 21:48:04.717 16447 16551 D RobotCore: ...arming modern motor controller Modern Robotics USB DC Motor Controller [AL00VM5S] complete
03-24 21:48:04.717 16447 16551 I FIRST   : ======= MODULE DETACH RECOVERY: complete Modern Robotics USB DC Motor Controller [AL00VM5S]=======
03-24 21:48:04.717 16447 16551 V RobotCore: event loop: device has shutdown abnormally
03-24 21:48:04.717 16447 16551 V RobotCore: event loop: detaching device owner
03-24 21:48:04.717 16447 16551 I FIRST   : ======= MODULE DETACH RECOVERY: disarm Modern Robotics USB DC Motor Controller [AL00YCFA]=======
03-24 21:48:04.717 16447 16551 D RobotCore: disarming modern motor controller Modern Robotics USB DC Motor Controller [AL00YCFA]...
03-24 21:48:04.717 16447 16551 V RobotCore: waiting for service ReadWriteRunnable for Modern Robotics USB Device
03-24 21:48:04.718 16447 16551 V RobotCore: awaitTermination returned, isTerminated=true
03-24 21:48:04.718 16447 16551 V RobotCore: executive service ReadWriteRunnable for Modern Robotics USB Device is terminated
03-24 21:48:04.718 16447 16551 V RobotUsbDeviceFtdi: closing AL00YCFA
03-24 21:48:04.718 16447 16551 D RobotCore: ...disarming modern motor controller Modern Robotics USB DC Motor Controller [AL00YCFA] complete
03-24 21:48:04.718 16447 16551 I FIRST   : ======= MODULE DETACH RECOVERY: pretend Modern Robotics USB DC Motor Controller [AL00YCFA]=======
03-24 21:48:04.718 16447 16551 D RobotCore: arming modern motor controller Modern Robotics USB DC Motor Controller [AL00YCFA] (pretend)...
03-24 21:48:04.718 16447 16551 V RobotCore: Starting up pretend device AL00YCFA
03-24 21:48:04.723 16447 16584 V RobotCore: thread: 'r/w loop: Modern Robotics USB DC Motor Controller [AL00YCFA]' starting...
03-24 21:48:04.723 16447 16551 D RobotCore: ...arming modern motor controller Modern Robotics USB DC Motor Controller [AL00YCFA] complete
03-24 21:48:04.723 16447 16551 I FIRST   : ======= MODULE DETACH RECOVERY: complete Modern Robotics USB DC Motor Controller [AL00YCFA]=======
03-24 21:48:04.723 16447 16551 D RobotCore: system telemetry: key=$System$Warning$ msg="problem communicating with Modern Robotics USB Core Device Interface Module [AI041S6Y]; problem communicating with Modern Robotics USB Core Device Interface Module [AL00VDA6]; problem communicating with Modern Robotics USB Servo Controller [AL026DRM]; problem communicating with Modern Robotics USB DC Motor Controller [AL00YCFA]; problem communicating with Modern Robotics USB DC Motor Controller [AL00VM5S]; problem communicating with Modern Robotics USB DC Motor Controller [AI049PCI]; problem communicating with Modern Robotics USB DC Motor Controller [AL00VM5X]"
03-24 21:48:04.724 16447 16551 V RobotCore: event loop: device has shutdown abnormally
03-24 21:48:04.724 16447 16551 V RobotCore: event loop: detaching device owner
03-24 21:48:04.724 16447 16551 I FIRST   : ======= MODULE DETACH RECOVERY: disarm Modern Robotics USB Core Device Interface Module [AL00VDA6]=======
03-24 21:48:04.724 16447 16551 V RobotCore: waiting for service ReadWriteRunnable for Modern Robotics USB Device
03-24 21:48:04.725 16447 16551 V RobotCore: awaitTermination returned, isTerminated=true
03-24 21:48:04.725 16447 16551 V RobotCore: executive service ReadWriteRunnable for Modern Robotics USB Device is terminated
03-24 21:48:04.725 16447 16551 V RobotUsbDeviceFtdi: closing AL00VDA6
03-24 21:48:04.725 16447 16551 I FIRST   : ======= MODULE DETACH RECOVERY: pretend Modern Robotics USB Core Device Interface Module [AL00VDA6]=======
03-24 21:48:04.725 16447 16551 V RobotCore: Starting up pretend device AL00VDA6
03-24 21:48:04.728 16447 16585 V RobotCore: thread: 'r/w loop: Modern Robotics USB Core Device Interface Module [AL00VDA6]' starting...
03-24 21:48:04.728 16447 16585 V RobotCore:i2cSynch(USB AL00VDA6; port 2): doPortIsReadyCallbackBeginWork ...
03-24 21:48:04.728 16447 16585 V RobotCore:i2cSynch(USB AL00VDA6; port 2): ... doPortIsReadyCallbackBeginWork complete
03-24 21:48:04.728 16447 16551 V RobotCore:i2cSynch(USB AL00VDA6; port 2): onPretending ...
03-24 21:48:04.728 16447 16551 V RobotCore:i2cSynch(USB AL00VDA6; port 2): doModuleIsArmedWork ...
03-24 21:48:04.728 16447 16551 V RobotCore:i2cSynch(USB AL00VDA6; port 2): hooking ...
03-24 21:48:04.728 16447 16551 V RobotCore:i2cSynch(USB AL00VDA6; port 2): ... hooking complete
03-24 21:48:04.728 16447 16551 V RobotCore:i2cSynch(USB AL00VDA6; port 2): ... doModuleIsArmedWork complete
03-24 21:48:04.728 16447 16551 V RobotCore:i2cSynch(USB AL00VDA6; port 2): ... onPretending
03-24 21:48:04.728 16447 16551 I FIRST   : ======= MODULE DETACH RECOVERY: complete Modern Robotics USB Core Device Interface Module [AL00VDA6]=======
03-24 21:48:04.728 16447 16551 V RobotCore: event loop: device has shutdown abnormally
03-24 21:48:04.728 16447 16551 V RobotCore: event loop: detaching device owner
03-24 21:48:04.728 16447 16551 I FIRST   : ======= MODULE DETACH RECOVERY: disarm Modern Robotics USB DC Motor Controller [AL00VM5X]=======
03-24 21:48:04.728 16447 16551 D RobotCore: disarming modern motor controller Modern Robotics USB DC Motor Controller [AL00VM5X]...
03-24 21:48:04.729 16447 16551 V RobotCore: waiting for service ReadWriteRunnable for Modern Robotics USB Device
03-24 21:48:04.729 16447 16551 V RobotCore: awaitTermination returned, isTerminated=true
03-24 21:48:04.729 16447 16551 V RobotCore: executive service ReadWriteRunnable for Modern Robotics USB Device is terminated
03-24 21:48:04.729 16447 16551 V RobotUsbDeviceFtdi: closing AL00VM5X
03-24 21:48:04.729 16447 16551 D RobotCore: ...disarming modern motor controller Modern Robotics USB DC Motor Controller [AL00VM5X] complete
03-24 21:48:04.729 16447 16551 I FIRST   : ======= MODULE DETACH RECOVERY: pretend Modern Robotics USB DC Motor Controller [AL00VM5X]=======
03-24 21:48:04.729 16447 16551 D RobotCore: arming modern motor controller Modern Robotics USB DC Motor Controller [AL00VM5X] (pretend)...
03-24 21:48:04.729 16447 16551 V RobotCore: Starting up pretend device AL00VM5X
03-24 21:48:04.730 16447 16586 V RobotCore: thread: 'r/w loop: Modern Robotics USB DC Motor Controller [AL00VM5X]' starting...
03-24 21:48:04.730 16447 16551 D RobotCore: ...arming modern motor controller Modern Robotics USB DC Motor Controller [AL00VM5X] complete
03-24 21:48:04.731 16447 16551 I FIRST   : ======= MODULE DETACH RECOVERY: complete Modern Robotics USB DC Motor Controller [AL00VM5X]=======
03-24 21:48:04.734 16447 16528 D ExtendedUtils: extended extractor not needed, return default
03-24 21:48:04.735 16447 16528 I MediaCodec: (0xb892d260) init name(audio/raw) isType(1) encoder(0)
03-24 21:48:04.736 16447 16587 I OMXClient: Using client-side OMX mux.
03-24 21:48:04.740 16447 16587 E OMXMaster: A component of name 'OMX.qcom.audio.decoder.aac' already exists, ignoring this one.
03-24 21:48:04.743 16447 16587 I MediaCodec: (0xb892d260) Component Allocated (OMX.google.raw.decoder)
03-24 21:48:04.743 16447 16528 I MediaCodec: (0xb892d260) configure surface(0x0) crypto(0x0) flags(0)
03-24 21:48:04.744 16447 16528 D MediaCodec: (0xb892d260) configure format: AMessage(what = 0x00000000) = {
03-24 21:48:04.744 16447 16528 D MediaCodec:    string mime = "audio/raw"
03-24 21:48:04.744 16447 16528 D MediaCodec:    int64_t durationUs = 1043650
03-24 21:48:04.744 16447 16528 D MediaCodec:    int32_t channel-count = 2
03-24 21:48:04.744 16447 16528 D MediaCodec:    int32_t sample-rate = 44100
03-24 21:48:04.744 16447 16528 D MediaCodec:    int32_t channel-mask = 0
03-24 21:48:04.744 16447 16528 D MediaCodec:  }
03-24 21:48:04.744 16447 16528 I MediaCodec: (0xb892d260) start
03-24 21:48:04.745 16447 16587 I MediaCodec: (0xb892d260) input buffers allocated
03-24 21:48:04.745 16447 16587 I MediaCodec: (0xb892d260) numBuffers (4)
03-24 21:48:04.745 16447 16587 I MediaCodec: (0xb892d260) output buffers allocated
03-24 21:48:04.745 16447 16587 I MediaCodec: (0xb892d260) numBuffers (4)
03-24 21:48:04.750 16447 16587 I MediaCodec: (0xb892d260) codec output format changed
03-24 21:48:04.751 16447 16587 D MediaCodec: (0xb892d260) output format: AMessage(what = 'codc', target = 10) = {
03-24 21:48:04.751 16447 16587 D MediaCodec:    string mime = "audio/raw"
03-24 21:48:04.751 16447 16587 D MediaCodec:    int32_t channel-count = 2
03-24 21:48:04.751 16447 16587 D MediaCodec:    int32_t sample-rate = 44100
03-24 21:48:04.751 16447 16587 D MediaCodec:    int32_t channel-mask = 0
03-24 21:48:04.751 16447 16587 D MediaCodec:    int32_t what = 1869968451
03-24 21:48:04.751 16447 16587 D MediaCodec:  }
03-24 21:48:04.760 16447 16528 I MediaCodec: (0xb892d260) stop
03-24 21:48:04.761 16447 16528 I MediaCodec: (0xb892d260) release
03-24 21:48:04.765 16447 16530 W AudioTrack: AUDIO_OUTPUT_FLAG_FAST denied by client; transfer 4, track 44100 Hz, output 48000 Hz
03-24 21:48:05.812 16447 16530 W AudioTrack: AUDIO_OUTPUT_FLAG_FAST denied by client; transfer 4, track 44100 Hz, output 48000 Hz
--------- beginning of system
03-23 20:09:44.224  9925  9925 W ViewRootImpl: Cancelling event due to no window focus: KeyEvent { action=ACTION_UP, keyCode=KEYCODE_VOLUME_UP, scanCode=115, metaState=0, flags=0x28, repeatCount=0, eventTime=11551491, downTime=11491610, deviceId=7, source=0x101 }
03-23 20:09:44.224  9925  9925 W ViewRootImpl: Cancelling event due to no window focus: KeyEvent { action=ACTION_UP, keyCode=KEYCODE_VOLUME_UP, scanCode=115, metaState=0, flags=0x28, repeatCount=0, eventTime=11551491, downTime=11491610, deviceId=7, source=0x101 }
03-23 20:09:44.224  9925  9925 W ViewRootImpl: Cancelling event due to no window focus: KeyEvent { action=ACTION_UP, keyCode=KEYCODE_VOLUME_UP, scanCode=115, metaState=0, flags=0x28, repeatCount=0, eventTime=11551491, downTime=11491610, deviceId=7, source=0x101 }
03-23 20:21:31.649 11074 11074 W ViewRootImpl: Cancelling event due to no window focus: KeyEvent { action=ACTION_UP, keyCode=KEYCODE_VOLUME_UP, scanCode=115, metaState=0, flags=0x28, repeatCount=0, eventTime=12258836, downTime=12256800, deviceId=7, source=0x101 }
03-23 20:21:31.649 11074 11074 W ViewRootImpl: Cancelling event due to no window focus: KeyEvent { action=ACTION_UP, keyCode=KEYCODE_VOLUME_UP, scanCode=115, metaState=0, flags=0x28, repeatCount=0, eventTime=12258836, downTime=12256800, deviceId=7, source=0x101 }
03-23 20:21:31.649 11074 11074 W ViewRootImpl: Cancelling event due to no window focus: KeyEvent { action=ACTION_UP, keyCode=KEYCODE_VOLUME_UP, scanCode=115, metaState=0, flags=0x28, repeatCount=0, eventTime=12258836, downTime=12256800, deviceId=7, source=0x101 }
03-23 20:21:31.651 11074 11074 W ViewRootImpl: Cancelling event due to no window focus: KeyEvent { action=ACTION_UP, keyCode=KEYCODE_VOLUME_UP, scanCode=115, metaState=0, flags=0x28, repeatCount=0, eventTime=12258836, downTime=12256800, deviceId=7, source=0x101 }
03-23 20:21:31.651 11074 11074 W ViewRootImpl: Cancelling event due to no window focus: KeyEvent { action=ACTION_UP, keyCode=KEYCODE_VOLUME_UP, scanCode=115, metaState=0, flags=0x28, repeatCount=0, eventTime=12258836, downTime=12256800, deviceId=7, source=0x101 }
03-23 20:21:31.651 11074 11074 W ViewRootImpl: Cancelling event due to no window focus: KeyEvent { action=ACTION_UP, keyCode=KEYCODE_VOLUME_UP, scanCode=115, metaState=0, flags=0x28, repeatCount=0, eventTime=12258836, downTime=12256800, deviceId=7, source=0x101 }
03-23 21:13:28.644 15132 15132 E ActivityThread: Activity org.firstinspires.ftc.robotcontroller.internal.FtcRobotControllerActivity has leaked IntentReceiver com.qualcomm.analytics.Analytics@b176aed that was originally registered here. Are you missing a call to unregisterReceiver()?
03-23 21:13:28.644 15132 15132 E ActivityThread: android.app.IntentReceiverLeaked: Activity org.firstinspires.ftc.robotcontroller.internal.FtcRobotControllerActivity has leaked IntentReceiver com.qualcomm.analytics.Analytics@b176aed that was originally registered here. Are you missing a call to unregisterReceiver()?
03-23 21:13:28.644 15132 15132 E ActivityThread: 	at android.app.LoadedApk$ReceiverDispatcher.<init>(LoadedApk.java:918)
03-23 21:13:28.644 15132 15132 E ActivityThread: 	at android.app.LoadedApk.getReceiverDispatcher(LoadedApk.java:719)
03-23 21:13:28.644 15132 15132 E ActivityThread: 	at android.app.ContextImpl.registerReceiverInternal(ContextImpl.java:1172)
03-23 21:13:28.644 15132 15132 E ActivityThread: 	at android.app.ContextImpl.registerReceiver(ContextImpl.java:1152)
03-23 21:13:28.644 15132 15132 E ActivityThread: 	at android.app.ContextImpl.registerReceiver(ContextImpl.java:1146)
03-23 21:13:28.644 15132 15132 E ActivityThread: 	at android.content.ContextWrapper.registerReceiver(ContextWrapper.java:554)
03-23 21:13:28.644 15132 15132 E ActivityThread: 	at com.qualcomm.analytics.Analytics.register(SourceFile:209)
03-23 21:13:28.644 15132 15132 E ActivityThread: 	at com.qualcomm.analytics.Analytics.<init>(SourceFile:235)
03-23 21:13:28.644 15132 15132 E ActivityThread: 	at com.qualcomm.hardware.modernrobotics.comm.ModernRoboticsUsbUtil.init(ModernRoboticsUsbUtil.java:119)
03-23 21:13:28.644 15132 15132 E ActivityThread: 	at com.qualcomm.ftccommon.FtcEventLoop.init(FtcEventLoop.java:189)
03-23 21:13:28.644 15132 15132 E ActivityThread: 	at com.qualcomm.robotcore.eventloop.EventLoopManager.startEventLoop(EventLoopManager.java:571)
03-23 21:13:28.644 15132 15132 E ActivityThread: 	at com.qualcomm.robotcore.eventloop.EventLoopManager.setEventLoop(EventLoopManager.java:545)
03-23 21:13:28.644 15132 15132 E ActivityThread: 	at com.qualcomm.robotcore.eventloop.EventLoopManager.start(EventLoopManager.java:489)
03-23 21:13:28.644 15132 15132 E ActivityThread: 	at com.qualcomm.robotcore.robot.Robot.start(Robot.java:59)
03-23 21:13:28.644 15132 15132 E ActivityThread: 	at com.qualcomm.ftccommon.FtcRobotControllerService$RobotSetupRunnable$1.run(FtcRobotControllerService.java:186)
03-23 21:13:28.644 15132 15132 E ActivityThread: 	at com.qualcomm.robotcore.util.ThreadPool.logThreadLifeCycle(ThreadPool.java:513)
03-23 21:13:28.644 15132 15132 E ActivityThread: 	at com.qualcomm.ftccommon.FtcRobotControllerService$RobotSetupRunnable.run(FtcRobotControllerService.java:128)
03-23 21:13:28.644 15132 15132 E ActivityThread: 	at java.util.concurrent.ThreadPoolExecutor.runWorker(ThreadPoolExecutor.java:1113)
03-23 21:13:28.644 15132 15132 E ActivityThread: 	at java.util.concurrent.ThreadPoolExecutor$Worker.run(ThreadPoolExecutor.java:588)
03-23 21:13:28.644 15132 15132 E ActivityThread: 	at java.lang.Thread.run(Thread.java:818)
03-24 17:14:44.764 17350 17350 W ViewRootImpl: Dropping event due to no window focus: KeyEvent { action=ACTION_DOWN, keyCode=KEYCODE_VOLUME_UP, scanCode=115, metaState=0, flags=0x8, repeatCount=0, eventTime=87084030, downTime=87084030, deviceId=7, source=0x101 }
03-24 17:14:44.787 17350 17350 W ViewRootImpl: Cancelling event due to no window focus: KeyEvent { action=ACTION_UP, keyCode=KEYCODE_VOLUME_UP, scanCode=115, metaState=0, flags=0x28, repeatCount=0, eventTime=87084220, downTime=87084030, deviceId=7, source=0x101 }
03-24 17:14:44.787 17350 17350 W ViewRootImpl: Cancelling event due to no window focus: KeyEvent { action=ACTION_UP, keyCode=KEYCODE_VOLUME_UP, scanCode=115, metaState=0, flags=0x28, repeatCount=0, eventTime=87084220, downTime=87084030, deviceId=7, source=0x101 }
