02-26 20:46:06.636 19073 19129 V Robocol : received command: CMD_REQUEST_OP_MODE_LIST_RESP(14) [{"flavor":"AUTONOMOUS","group":"Encoder Autonomous","name":"CapBallCloseBlue"},{"flavor":"AUTONOMOUS","group":"Encoder Autonomous","name":"CapBallCloseRed"},{"flavor":"AUTONOMOUS","group":"Encoder Autonomous","name":"ShootBackUpBlue"},{"flavor":"AUTONOMOUS","group":"Encoder Autonomous","name":"ShootBackUpRed"},{"flavor":"AUTONOMOUS","group":"Encoder Autonomous","name":"ShootDefenseBlueMiddle"},{"flavor":"AUTONOMOUS","group":"Encoder Autonomous","name":"ShootDefenseBlueShootBlock"},{"flavor":"AUTONOMOUS","group":"Encoder Autonomous","name":"ShootDefenseRedMiddle"},{"flavor":"AUTONOMOUS","group":"Encoder Autonomous","name":"ShootDefenseRedShootBlock"},{"flavor":"AUTONOMOUS","group":"Encoder Autonomous","name":"ShootDefenseRedShootBlockAlt"},{"flavor":"AUTONOMOUS","group":"Encoder Autonomous","name":"ShootOnlyClose"},{"flavor":"AUTONOMOUS","group":"Encoder Autonomous","name":"ShootOnlyRedClose"},{"flavor":"AUTONOMOUS","group":"Encoder Autonomous","name":"ShootTwoBlue"},{"flavor":"AUTONOMOUS","group":"Encoder Autonomous","name":"ShootTwoRed"},{"flavor":"AUTONOMOUS","group":"Testing","name":"BeaconScoreTest"},{"flavor":"AUTONOMOUS","group":"Testing","name":"ColorTest"},{"flavor":"AUTONOMOUS","group":"Testing","name":"EncoderDriveTest"},{"flavor":"AUTONOMOUS","group":"Testing","name":"EncoderGyroTest"},{"flavor":"AUTONOMOUS","group":"Testing","name":"EncoderOneStraightTest"},{"flavor":"AUTONOMOUS","group":"Testing","name":"EncoderTurnTest"},{"flavor":"AUTONOMOUS","group":"Testing","name":"ShootingTest"},{"flavor":"AUTONOMOUS","group":"Testing","name":"WhiteLineTest"},{"flavor":"TELEOP","group":"$$$$$$$","name":"TeleOp"},{"flavor":"TELEOP","group":"$$$$$$$","name":"TeleOpPID"},{"flavor":"TELEOP","group":"$$$$$$$","name":"TeleOpTestBench"},{"flavor":"AUTONOMOUS","group":"AWorking","name":"BeaconBlueEnc"},{"flavor":"AUTONOMOUS","group":"AWorking","name":"BeaconBlueEncCapBall"},{"flavor":"AUTONOMOUS","group":"AWorking","name":"BeaconRed"},{"flavor":"AUTONOMOUS","group":"AWorking","name":"BeaconRedCapBall"},{"flavor":"AUTONOMOUS","group":"AWorking","name":"CapBallFarBlue"},{"flavor":"AUTONOMOUS","group":"AWorking","name":"CapBallFarRed"},{"flavor":"AUTONOMOUS","group":"AWorking","name":"CornerFarBlue"},{"flavor":"AUTONOMOUS","group":"AWorking","name":"CornerFarRed"},{"flavor":"AUTONOMOUS","group":"concept","name":"SelectorTest"},{"flavor":"AUTONOMOUS","group":"BNotWorking","name":"BeaconBlue"},{"flavor":"AUTONOMOUS","group":"BNotWorking","name":"BeaconBlueCapBall"},{"flavor":"AUTONOMOUS","group":"BNotWorking","name":"BeaconRedEnc"},{"flavor":"AUTONOMOUS","group":"BNotWorking","name":"BeaconRedEncCapBall"}]
02-26 20:46:06.645 19073 19132 D ExtendedUtils: extended extractor not needed, return default
02-26 20:46:06.646 19073 19132 I MediaCodec: (0xb742af10) init name(audio/raw) isType(1) encoder(0)
02-26 20:46:06.647 19073 19138 I OMXClient: Using client-side OMX mux.
02-26 20:46:06.649 19073 19138 E OMXMaster: A component of name 'OMX.qcom.audio.decoder.aac' already exists, ignoring this one.
02-26 20:46:06.651 19073 19138 I MediaCodec: (0xb742af10) Component Allocated (OMX.google.raw.decoder)
02-26 20:46:06.651 19073 19132 I MediaCodec: (0xb742af10) configure surface(0x0) crypto(0x0) flags(0)
02-26 20:46:06.651 19073 19132 D MediaCodec: (0xb742af10) configure format: AMessage(what = 0x00000000) = {
02-26 20:46:06.651 19073 19132 D MediaCodec:    string mime = "audio/raw"
02-26 20:46:06.651 19073 19132 D MediaCodec:    int64_t durationUs = 485011
02-26 20:46:06.651 19073 19132 D MediaCodec:    int32_t channel-count = 2
02-26 20:46:06.651 19073 19132 D MediaCodec:    int32_t sample-rate = 44100
02-26 20:46:06.651 19073 19132 D MediaCodec:    int32_t channel-mask = 0
02-26 20:46:06.651 19073 19132 D MediaCodec:  }
02-26 20:46:06.653 19073 19132 I MediaCodec: (0xb742af10) start
02-26 20:46:06.653 19073 19138 I MediaCodec: (0xb742af10) input buffers allocated
02-26 20:46:06.653 19073 19138 I MediaCodec: (0xb742af10) numBuffers (4)
02-26 20:46:06.653 19073 19138 I MediaCodec: (0xb742af10) output buffers allocated
02-26 20:46:06.653 19073 19138 I MediaCodec: (0xb742af10) numBuffers (4)
02-26 20:46:06.655 19073 19138 I MediaCodec: (0xb742af10) codec output format changed
02-26 20:46:06.655 19073 19138 D MediaCodec: (0xb742af10) output format: AMessage(what = 'codc', target = 2) = {
02-26 20:46:06.655 19073 19138 D MediaCodec:    string mime = "audio/raw"
02-26 20:46:06.655 19073 19138 D MediaCodec:    int32_t channel-count = 2
02-26 20:46:06.655 19073 19138 D MediaCodec:    int32_t sample-rate = 44100
02-26 20:46:06.655 19073 19138 D MediaCodec:    int32_t channel-mask = 0
02-26 20:46:06.655 19073 19138 D MediaCodec:    int32_t what = 1869968451
02-26 20:46:06.655 19073 19138 D MediaCodec:  }
02-26 20:46:06.660 19073 19132 I MediaCodec: (0xb742af10) stop
02-26 20:46:06.661 19073 19132 I MediaCodec: (0xb742af10) release
02-26 20:46:06.666 19073 19134 W AudioTrack: AUDIO_OUTPUT_FLAG_FAST denied by client; transfer 4, track 44100 Hz, output 48000 Hz
02-26 20:46:06.677 19073 19129 V Robocol : received command: CMD_INIT_OP_MODE(10008) $Stop$Robot$
02-26 20:46:06.677 19073 19129 V Robocol : received command: CMD_REQUEST_USER_SENSOR_LIST_RESP(15) [{"description":"a MR compass sensor","flavor":"I2C","name":"MR Compass Sensor","xmlTag":"ModernRoboticsI2cCompassSensor"},{"description":"an Adafruit IMU","flavor":"I2C","name":"Adafruit IMU","xmlTag":"AdafruitBNO055IMU"},{"description":"a MR range sensor","flavor":"I2C","name":"MR Range Sensor","xmlTag":"ModernRoboticsI2cRangeSensor"}]
02-26 20:46:06.678 19073 19129 V Robocol : received command: CMD_REQUEST_ACTIVE_CONFIGURATION_RESP(18) {"isDirty":false,"location":"LOCAL_STORAGE","name":"TBDName-fix","resourceId":0}
02-26 20:47:23.474 19073 19124 E FTDI_Device::: length=255; regionStart=2; regionLength=-2
02-26 20:47:23.474 19073 19124 V D2xx::  : Vendor: 0403, Product: 6001
02-26 20:47:24.524 19073 19124 E FTDI_Device::: Failed to open the device!
02-26 20:47:24.525 19073 19124 E FTDI_Device::: Failed to open the device!
02-26 20:47:24.526 19073 19124 V D2xx::  : Vendor: 0403, Product: 6001
02-26 20:47:24.560 19073 19073 V RCActivity: onPause()
02-26 20:47:24.567 19073 19124 V D2xx::  : Vendor: 0403, Product: 6001
02-26 20:47:24.574 19073 19124 V D2xx::  : Vendor: 0403, Product: 6001
02-26 20:47:24.578 19073 19124 V D2xx::  : Vendor: 0403, Product: 6001
02-26 20:47:24.586 19073 19124 V D2xx::  : Vendor: 0403, Product: 6001
02-26 20:47:24.592 19073 19124 W RobotCore: Unable to find USB device with serial number AL00VDA6
02-26 20:47:24.593 19073 19124 V RobotCore: Starting up pretend device AL00VDA6
02-26 20:47:24.595 19073 19165 V RobotCore: thread: 'r/w loop: Modern Robotics USB Core Device Interface Module [AL00VDA6]' starting...
02-26 20:47:24.595 19073 19129 D RobotCore: system telemetry: key=$System$Warning$ msg="unable to open Modern Robotics USB Core Device Interface Module [AL00VDA6]"
02-26 20:47:24.596 19073 19124 V RobotCore: Creating user sensor MR Range Sensor - Port: 2
02-26 20:47:24.597 19073 19124 V RobotCore:i2cSynch(USB AL00VDA6; port 2): doPortIsReadyCallbackBeginWork ...
02-26 20:47:24.597 19073 19124 V RobotCore:i2cSynch(USB AL00VDA6; port 2): doModuleIsArmedWork ...
02-26 20:47:24.597 19073 19124 V RobotCore:i2cSynch(USB AL00VDA6; port 2): ... doModuleIsArmedWork complete
02-26 20:47:24.597 19073 19124 V RobotCore:i2cSynch(USB AL00VDA6; port 2): ... doPortIsReadyCallbackBeginWork complete
02-26 20:47:24.598 19073 19124 V RobotCore:i2cSynch(USB AL00VDA6; port 2): hooking ...
02-26 20:47:24.598 19073 19124 V RobotCore:i2cSynch(USB AL00VDA6; port 2): ... hooking complete
02-26 20:47:24.598 19073 19124 V RobotCore: Creating Modern Robotics I2C Color Sensor - Port: 3
02-26 20:47:24.598 19073 19124 V RobotCore: Creating Modern Robotics I2C Color Sensor - Port: 4
02-26 20:47:24.598 19073 19124 V RobotCore: Creating Modern Robotics USB DC Motor Controller [AL00VM5X]
02-26 20:47:24.599 19073 19124 D RobotCore: arming modern motor controller Modern Robotics USB DC Motor Controller [AL00VM5X]...
02-26 20:47:24.600 19073 19124 W RobotCore: Unable to find USB device with serial number AL00VM5X
02-26 20:47:24.600 19073 19124 D RobotCore: arming modern motor controller Modern Robotics USB DC Motor Controller [AL00VM5X] (pretend)...
02-26 20:47:24.600 19073 19124 V RobotCore: Starting up pretend device AL00VM5X
02-26 20:47:24.603 19073 19166 V RobotCore: thread: 'r/w loop: Modern Robotics USB DC Motor Controller [AL00VM5X]' starting...
02-26 20:47:24.604 19073 19124 D RobotCore: ...arming modern motor controller Modern Robotics USB DC Motor Controller [AL00VM5X] complete
02-26 20:47:24.604 19073 19124 V RobotCore: Creating Modern Robotics USB Servo Controller [AL026DRM]
02-26 20:47:24.605 19073 19124 D RobotCore: arming modern servo controller Modern Robotics USB Servo Controller [AL026DRM]...
02-26 20:47:24.608 19073 19124 W RobotCore: Unable to find USB device with serial number AL026DRM
02-26 20:47:24.608 19073 19124 D RobotCore: arming modern servo controller Modern Robotics USB Servo Controller [AL026DRM] (pretend)...
02-26 20:47:24.608 19073 19124 V RobotCore: Starting up pretend device AL026DRM
02-26 20:47:24.610 19073 19169 V RobotCore: thread: 'r/w loop: Modern Robotics USB Servo Controller [AL026DRM]' starting...
02-26 20:47:24.610 19073 19124 D RobotCore: ...arming modern servo controller Modern Robotics USB Servo Controller [AL026DRM] complete
02-26 20:47:24.610 19073 19124 V RobotCore: Creating Modern Robotics USB DC Motor Controller [AI049PCI]
02-26 20:47:24.611 19073 19124 D RobotCore: arming modern motor controller Modern Robotics USB DC Motor Controller [AI049PCI]...
02-26 20:47:24.611 19073 19124 W RobotCore: Unable to find USB device with serial number AI049PCI
02-26 20:47:24.612 19073 19124 D RobotCore: arming modern motor controller Modern Robotics USB DC Motor Controller [AI049PCI] (pretend)...
02-26 20:47:24.612 19073 19124 V RobotCore: Starting up pretend device AI049PCI
02-26 20:47:24.622 19073 19170 V RobotCore: thread: 'r/w loop: Modern Robotics USB DC Motor Controller [AI049PCI]' starting...
02-26 20:47:24.622 19073 19124 D RobotCore: ...arming modern motor controller Modern Robotics USB DC Motor Controller [AI049PCI] complete
02-26 20:47:24.622 19073 19124 V RobotCore: Creating Modern Robotics USB DC Motor Controller [AL00VM5S]
02-26 20:47:24.622 19073 19124 D RobotCore: arming modern motor controller Modern Robotics USB DC Motor Controller [AL00VM5S]...
02-26 20:47:24.623 19073 19124 W RobotCore: Unable to find USB device with serial number AL00VM5S
02-26 20:47:24.623 19073 19124 D RobotCore: arming modern motor controller Modern Robotics USB DC Motor Controller [AL00VM5S] (pretend)...
02-26 20:47:24.623 19073 19124 V RobotCore: Starting up pretend device AL00VM5S
02-26 20:47:24.624 19073 19171 V RobotCore: thread: 'r/w loop: Modern Robotics USB DC Motor Controller [AL00VM5S]' starting...
02-26 20:47:24.624 19073 19124 D RobotCore: ...arming modern motor controller Modern Robotics USB DC Motor Controller [AL00VM5S] complete
02-26 20:47:24.624 19073 19124 V RobotCore: Creating Modern Robotics USB DC Motor Controller [AL00YCFA]
02-26 20:47:24.625 19073 19124 D RobotCore: arming modern motor controller Modern Robotics USB DC Motor Controller [AL00YCFA]...
02-26 20:47:24.625 19073 19124 W RobotCore: Unable to find USB device with serial number AL00YCFA
02-26 20:47:24.625 19073 19124 D RobotCore: arming modern motor controller Modern Robotics USB DC Motor Controller [AL00YCFA] (pretend)...
02-26 20:47:24.625 19073 19124 V RobotCore: Starting up pretend device AL00YCFA
02-26 20:47:24.627 19073 19172 V RobotCore: thread: 'r/w loop: Modern Robotics USB DC Motor Controller [AL00YCFA]' starting...
02-26 20:47:24.627 19073 19124 D RobotCore: ...arming modern motor controller Modern Robotics USB DC Motor Controller [AL00YCFA] complete
02-26 20:47:24.627 19073 19124 V RobotCore: Creating Modern Robotics USB Core Device Interface Module [AI041S6Y]
02-26 20:47:24.629 19073 19124 W RobotCore: Unable to find USB device with serial number AI041S6Y
02-26 20:47:24.629 19073 19124 V RobotCore: Starting up pretend device AI041S6Y
02-26 20:47:24.630 19073 19073 D MediaPlayer: setSubtitleAnchor in MediaPlayer
02-26 20:47:24.630 19073 19134 D MediaPlayer: setSubtitleAnchor in MediaPlayer
02-26 20:47:24.631 19073 19173 V RobotCore: thread: 'r/w loop: Modern Robotics USB Core Device Interface Module [AI041S6Y]' starting...
02-26 20:47:24.633 19073 19124 V RobotCore: Creating I2C Device - Port: 0
02-26 20:47:24.654 19073 19124 I RobotCore: Analytics has completed initialization.
02-26 20:47:24.654 19073 19124 I RobotCore: ========= Device Information ===================================================
02-26 20:47:24.654 19073 19124 I RobotCore: Type                                               Name                           Connection
02-26 20:47:24.655 19073 19124 I RobotCore: DC Motor                                           LiftMotor                      USB AI049PCI; port 2
02-26 20:47:24.655 19073 19124 I RobotCore: DC Motor                                           FlyWheelMotor                  USB AL00VM5X; port 1
02-26 20:47:24.655 19073 19124 I RobotCore: I2cDevice                                          navx                           USB AI041S6Y; port 0
02-26 20:47:24.655 19073 19124 I RobotCore: DC Motor                                           LiftMotor2                     USB AL00VM5X; port 2
02-26 20:47:24.655 19073 19132 D ExtendedUtils: extended extractor not needed, return default
02-26 20:47:24.655 19073 19124 I RobotCore: Modern Robotics USB DC Motor Controller            Right Drive Train              USB AL00VM5S
02-26 20:47:24.655 19073 19124 I RobotCore: DC Motor                                           RightBackMotor                 USB AL00VM5S; port 2
02-26 20:47:24.655 19073 19124 I RobotCore: DC Motor                                           LeftBackMotor                  USB AL00YCFA; port 2
02-26 20:47:24.655 19073 19124 I RobotCore: Modern Robotics USB DC Motor Controller            Launch & Lift Motor Controller USB AL00VM5X
02-26 20:47:24.655 19073 19124 I RobotCore: Modern Robotics I2C Color Sensor                   beaconColorSensor              USB AL00VDA6; I2C port: 4
02-26 20:47:24.655 19073 19124 I RobotCore: DC Motor                                           IntakeA                        USB AI049PCI; port 1
02-26 20:47:24.655 19073 19132 I MediaCodec: (0xb744a590) init name(audio/raw) isType(1) encoder(0)
02-26 20:47:24.656 19073 19124 I RobotCore: Modern Robotics Range Sensor v0.0                  beaconRange                    USB AL00VDA6; port 2
02-26 20:47:24.656 19073 19124 I RobotCore: Modern Robotics USB DC Motor Controller            Left Drive Train               USB AL00YCFA
02-26 20:47:24.656 19073 19124 I RobotCore: Modern Robotics I2C Color Sensor                   lineColorSensor                USB AL00VDA6; I2C port: 3
02-26 20:47:24.656 19073 19124 I RobotCore: Continuous Rotation Servo                          IntakeB2                       USB AL026DRM; port 5
02-26 20:47:24.656 19073 19124 I RobotCore: Continuous Rotation Servo                          IntakeB1                       USB AL026DRM; port 4
02-26 20:47:24.656 19073 19124 I RobotCore: DC Motor                                           LeftFrontMotor                 USB AL00YCFA; port 1
02-26 20:47:24.656 19073 19124 I RobotCore: Servo                                              BeaconServo                    USB AL026DRM; port 3
02-26 20:47:24.656 19073 19124 I RobotCore: Modern Robotics USB DC Motor Controller            Intake Motor Controller        USB AI049PCI
02-26 20:47:24.656 19073 19124 I RobotCore: DC Motor                                           RightFrontMotor                USB AL00VM5S; port 1
02-26 20:47:24.656 19073 19124 I RobotCore: Modern Robotics USB Core Device Interface Module   navX mxp Device Interface Module USB AI041S6Y
02-26 20:47:24.656 19073 19124 I RobotCore: Modern Robotics USB Servo Controller               Servo Controller               USB AL026DRM
02-26 20:47:24.657 19073 19124 I RobotCore: Servo                                              CapBallServoRight              USB AL026DRM; port 1
02-26 20:47:24.657 19073 19124 I RobotCore: Modern Robotics USB Core Device Interface Module   Device Interface Module        USB AL00VDA6
02-26 20:47:24.657 19073 19175 I OMXClient: Using client-side OMX mux.
02-26 20:47:24.657 19073 19124 I RobotCore: Servo                                              CapBallServoLeft               USB AL026DRM; port 2
02-26 20:47:24.657 19073 19124 I FIRST   : ======= INIT FINISH =======
02-26 20:47:24.657 19073 19124 V RobotCore: EventLoopManager state is RUNNING
02-26 20:47:24.657 19073 19124 V RobotCore: Robot Status: running, starting robot
02-26 20:47:24.657 19073 19124 V RobotCore: Robot Status: running
02-26 20:47:24.658 19073 19124 V RobotCore: thread: ...terminating 'RobotSetupRunnable.run()'
02-26 20:47:24.663 19073 19176 V RobotCore: thread: 'opmode loop()' starting...
02-26 20:47:24.665 19073 19175 E OMXMaster: A component of name 'OMX.qcom.audio.decoder.aac' already exists, ignoring this one.
02-26 20:47:24.669 19073 19176 D RobotCore: system telemetry: key=$System$Warning$ msg="unable to open Modern Robotics USB DC Motor Controller [AL00YCFA]; unable to open Modern Robotics USB Servo Controller [AL026DRM]; unable to open Modern Robotics USB DC Motor Controller [AL00VM5S]; unable to open Modern Robotics USB DC Motor Controller [AI049PCI]; unable to open Modern Robotics USB Core Device Interface Module [AI041S6Y]; unable to open Modern Robotics USB DC Motor Controller [AL00VM5X]; unable to open Modern Robotics USB Core Device Interface Module [AL00VDA6]"
02-26 20:47:24.671 19073 19175 I MediaCodec: (0xb744a590) Component Allocated (OMX.google.raw.decoder)
02-26 20:47:24.671 19073 19132 I MediaCodec: (0xb744a590) configure surface(0x0) crypto(0x0) flags(0)
02-26 20:47:24.671 19073 19132 D MediaCodec: (0xb744a590) configure format: AMessage(what = 0x00000000) = {
02-26 20:47:24.671 19073 19132 D MediaCodec:    string mime = "audio/raw"
02-26 20:47:24.671 19073 19132 D MediaCodec:    int64_t durationUs = 1043650
02-26 20:47:24.671 19073 19132 D MediaCodec:    int32_t channel-count = 2
02-26 20:47:24.671 19073 19132 D MediaCodec:    int32_t sample-rate = 44100
02-26 20:47:24.671 19073 19132 D MediaCodec:    int32_t channel-mask = 0
02-26 20:47:24.671 19073 19132 D MediaCodec:  }
02-26 20:47:24.672 19073 19132 I MediaCodec: (0xb744a590) start
02-26 20:47:24.673 19073 19175 I MediaCodec: (0xb744a590) input buffers allocated
02-26 20:47:24.673 19073 19175 I MediaCodec: (0xb744a590) numBuffers (4)
02-26 20:47:24.673 19073 19175 I MediaCodec: (0xb744a590) output buffers allocated
02-26 20:47:24.673 19073 19175 I MediaCodec: (0xb744a590) numBuffers (4)
02-26 20:47:24.674 19073 19175 I MediaCodec: (0xb744a590) codec output format changed
02-26 20:47:24.675 19073 19175 D MediaCodec: (0xb744a590) output format: AMessage(what = 'codc', target = 6) = {
02-26 20:47:24.675 19073 19175 D MediaCodec:    string mime = "audio/raw"
02-26 20:47:24.675 19073 19175 D MediaCodec:    int32_t channel-count = 2
02-26 20:47:24.675 19073 19175 D MediaCodec:    int32_t sample-rate = 44100
02-26 20:47:24.675 19073 19175 D MediaCodec:    int32_t channel-mask = 0
02-26 20:47:24.675 19073 19175 D MediaCodec:    int32_t what = 1869968451
02-26 20:47:24.675 19073 19175 D MediaCodec:  }
02-26 20:47:24.682 19073 19132 I MediaCodec: (0xb744a590) stop
02-26 20:47:24.683 19073 19132 I MediaCodec: (0xb744a590) release
02-26 20:47:24.692 19073 19134 W AudioTrack: AUDIO_OUTPUT_FLAG_FAST denied by client; transfer 4, track 44100 Hz, output 48000 Hz
02-26 20:47:24.709 19073 19134 D MediaPlayer: setSubtitleAnchor in MediaPlayer
02-26 20:47:24.722 19073 19073 W MediaPlayer: mediaplayer went away with unhandled events
02-26 20:47:24.726 19073 19132 D ExtendedUtils: extended extractor not needed, return default
02-26 20:47:24.727 19073 19132 I MediaCodec: (0xb740be88) init name(audio/raw) isType(1) encoder(0)
02-26 20:47:24.731 19073 19185 I OMXClient: Using client-side OMX mux.
02-26 20:47:24.735 19073 19185 E OMXMaster: A component of name 'OMX.qcom.audio.decoder.aac' already exists, ignoring this one.
02-26 20:47:24.737 19073 19185 I MediaCodec: (0xb740be88) Component Allocated (OMX.google.raw.decoder)
02-26 20:47:24.737 19073 19132 I MediaCodec: (0xb740be88) configure surface(0x0) crypto(0x0) flags(0)
02-26 20:47:24.737 19073 19132 D MediaCodec: (0xb740be88) configure format: AMessage(what = 0x00000000) = {
02-26 20:47:24.737 19073 19132 D MediaCodec:    string mime = "audio/raw"
02-26 20:47:24.737 19073 19132 D MediaCodec:    int64_t durationUs = 1019125
02-26 20:47:24.737 19073 19132 D MediaCodec:    int32_t channel-count = 1
02-26 20:47:24.737 19073 19132 D MediaCodec:    int32_t sample-rate = 8000
02-26 20:47:24.737 19073 19132 D MediaCodec:    int32_t channel-mask = 0
02-26 20:47:24.737 19073 19132 D MediaCodec:  }
02-26 20:47:24.738 19073 19132 I MediaCodec: (0xb740be88) start
02-26 20:47:24.739 19073 19185 I MediaCodec: (0xb740be88) input buffers allocated
02-26 20:47:24.739 19073 19185 I MediaCodec: (0xb740be88) numBuffers (4)
02-26 20:47:24.739 19073 19185 I MediaCodec: (0xb740be88) output buffers allocated
02-26 20:47:24.739 19073 19185 I MediaCodec: (0xb740be88) numBuffers (4)
02-26 20:47:24.740 19073 19185 I MediaCodec: (0xb740be88) codec output format changed
02-26 20:47:24.740 19073 19185 D MediaCodec: (0xb740be88) output format: AMessage(what = 'codc', target = 10) = {
02-26 20:47:24.740 19073 19185 D MediaCodec:    string mime = "audio/raw"
02-26 20:47:24.740 19073 19185 D MediaCodec:    int32_t channel-count = 1
02-26 20:47:24.740 19073 19185 D MediaCodec:    int32_t sample-rate = 8000
02-26 20:47:24.740 19073 19185 D MediaCodec:    int32_t channel-mask = 0
02-26 20:47:24.740 19073 19185 D MediaCodec:    int32_t what = 1869968451
02-26 20:47:24.740 19073 19185 D MediaCodec:  }
02-26 20:47:24.741 19073 19132 I MediaCodec: (0xb740be88) stop
02-26 20:47:24.742 19073 19132 I MediaCodec: (0xb740be88) release
02-26 20:47:25.170 19073 19176 I RobotCore: Attempting to switch to op mode $Stop$Robot$
02-26 20:47:25.188 19073 19130 V Robocol : sending CMD_INIT_OP_MODE_RESP(771), attempt: 0
02-26 20:47:25.195 19073 19129 V Robocol : received command: CMD_INIT_OP_MODE_RESP(771) $Stop$Robot$
02-26 20:47:25.425 19073 19176 I RobotCore: robot battery read duration: n=0, mean=0.000ms sd=-0.000ms
02-26 20:47:25.737 19073 19134 W AudioTrack: AUDIO_OUTPUT_FLAG_FAST denied by client; transfer 4, track 8000 Hz, output 48000 Hz
02-26 20:47:44.924 19073 19073 V RCActivity: onResume()
02-26 20:48:00.903 19073 19083 I art     : Background partial concurrent mark sweep GC freed 102797(6MB) AllocSpace objects, 0(0B) LOS objects, 40% free, 9MB/16MB, paused 6.908ms total 52.510ms
02-26 20:48:04.668 19073 19073 V RCActivity: onPause()
02-26 20:48:04.677 19073 19073 V RCActivity: onStop()
02-26 20:48:04.677 19073 19073 V RobotCore: executive service robot setup is terminated
02-26 20:48:04.677 19073 19073 V Robocol : EventLoopManager.shutdown()
02-26 20:48:04.677 19073 19073 V RobotCore: waiting for service EventLoop
02-26 20:48:04.678 19073 19176 I FIRST   : ======= TEARDOWN =======
02-26 20:48:04.678 19073 19176 D RobotCore: disarming modern motor controller Modern Robotics USB DC Motor Controller [AL00YCFA]...
02-26 20:48:04.682 19073 19172 V RobotCore: thread: ...terminating 'r/w loop: Modern Robotics USB DC Motor Controller [AL00YCFA]'
02-26 20:48:04.683 19073 19176 V RobotCore: waiting for service ReadWriteRunnable for Modern Robotics USB Device
02-26 20:48:04.684 19073 19176 V RobotCore: awaitTermination returned, isTerminated=true
02-26 20:48:04.684 19073 19176 V RobotCore: executive service ReadWriteRunnable for Modern Robotics USB Device is terminated
02-26 20:48:04.684 19073 19176 D RobotCore: ...disarming modern motor controller Modern Robotics USB DC Motor Controller [AL00YCFA] complete
02-26 20:48:04.684 19073 19176 D RobotCore: disarming modern motor controller Modern Robotics USB DC Motor Controller [AI049PCI]...
02-26 20:48:04.687 19073 19170 V RobotCore: thread: ...terminating 'r/w loop: Modern Robotics USB DC Motor Controller [AI049PCI]'
02-26 20:48:04.688 19073 19176 V RobotCore: executive service ReadWriteRunnable for Modern Robotics USB Device is terminated
02-26 20:48:04.688 19073 19176 D RobotCore: ...disarming modern motor controller Modern Robotics USB DC Motor Controller [AI049PCI] complete
02-26 20:48:04.688 19073 19176 D RobotCore: disarming modern motor controller Modern Robotics USB DC Motor Controller [AL00VM5X]...
02-26 20:48:04.691 19073 19166 V RobotCore: thread: ...terminating 'r/w loop: Modern Robotics USB DC Motor Controller [AL00VM5X]'
02-26 20:48:04.692 19073 19176 V RobotCore: executive service ReadWriteRunnable for Modern Robotics USB Device is terminated
02-26 20:48:04.692 19073 19176 D RobotCore: ...disarming modern motor controller Modern Robotics USB DC Motor Controller [AL00VM5X] complete
02-26 20:48:04.692 19073 19176 D RobotCore: disarming modern motor controller Modern Robotics USB DC Motor Controller [AL00VM5S]...
02-26 20:48:04.693 19073 19176 V RobotCore: waiting for service ReadWriteRunnable for Modern Robotics USB Device
02-26 20:48:04.693 19073 19171 V RobotCore: thread: ...terminating 'r/w loop: Modern Robotics USB DC Motor Controller [AL00VM5S]'
02-26 20:48:04.693 19073 19176 V RobotCore: awaitTermination returned, isTerminated=true
02-26 20:48:04.693 19073 19176 V RobotCore: executive service ReadWriteRunnable for Modern Robotics USB Device is terminated
02-26 20:48:04.693 19073 19176 D RobotCore: ...disarming modern motor controller Modern Robotics USB DC Motor Controller [AL00VM5S] complete
02-26 20:48:04.694 19073 19176 D RobotCore: disarming modern servo controller "Modern Robotics USB Servo Controller [AL026DRM]"...
02-26 20:48:04.695 19073 19169 V RobotCore: thread: ...terminating 'r/w loop: Modern Robotics USB Servo Controller [AL026DRM]'
02-26 20:48:04.695 19073 19176 V RobotCore: executive service ReadWriteRunnable for Modern Robotics USB Device is terminated
02-26 20:48:04.696 19073 19176 D RobotCore: ...disarming modern servo controller Modern Robotics USB Servo Controller [AL026DRM] complete
02-26 20:48:04.696 19073 19173 V RobotCore: thread: ...terminating 'r/w loop: Modern Robotics USB Core Device Interface Module [AI041S6Y]'
02-26 20:48:04.697 19073 19176 V RobotCore: waiting for service ReadWriteRunnable for Modern Robotics USB Device
02-26 20:48:04.697 19073 19176 V RobotCore: awaitTermination returned, isTerminated=true
02-26 20:48:04.697 19073 19176 V RobotCore: executive service ReadWriteRunnable for Modern Robotics USB Device is terminated
02-26 20:48:04.706 19073 19165 V RobotCore:i2cSynch(USB AL00VDA6; port 2): onPortIsReadyCallbacksEnd ...
02-26 20:48:04.706 19073 19165 V RobotCore:i2cSynch(USB AL00VDA6; port 2): unhooking ...
02-26 20:48:04.706 19073 19165 V RobotCore: executive service I2c Heartbeat is terminated
02-26 20:48:04.706 19073 19165 V RobotCore:i2cSynch(USB AL00VDA6; port 2): ...unhooking complete
02-26 20:48:04.706 19073 19165 V RobotCore:i2cSynch(USB AL00VDA6; port 2): ... onPortIsReadyCallbacksEnd complete
02-26 20:48:04.706 19073 19165 V RobotCore: thread: ...terminating 'r/w loop: Modern Robotics USB Core Device Interface Module [AL00VDA6]'
02-26 20:48:04.707 19073 19176 V RobotCore: executive service ReadWriteRunnable for Modern Robotics USB Device is terminated
02-26 20:48:04.707 19073 19176 I FIRST   : ======= TEARDOWN COMPLETE =======
02-26 20:48:04.707 19073 19176 V RobotCore: thread: ...terminating 'opmode loop()'
02-26 20:48:04.707 19073 19073 V RobotCore: awaitTermination returned, isTerminated=true
02-26 20:48:04.707 19073 19073 V RobotCore: executive service EventLoop is terminated
02-26 20:48:04.707 19073 19073 V RobotCore: EventLoopManager state is STOPPED
02-26 20:48:04.707 19073 19073 V RobotCore: Robot Status: stopped
02-26 20:48:04.798 19073 19129 D RobotCore: system telemetry: key=$System$None$ msg=""
--------- beginning of main
02-26 20:36:25.810 18452 18452 I chatty  : uid=10088(com.qualcomm.ftcrobotcontroller) expire 56 lines
02-26 20:36:25.921 18452 18468 I chatty  : uid=10088(com.qualcomm.ftcrobotcontroller) expire 2 lines
02-26 20:36:25.960 18470 18470 I chatty  : uid=10088(com.qualcomm.ftcrobotcontroller) ps expire 20 lines
02-26 20:36:26.156 18452 18476 I chatty  : uid=10088(com.qualcomm.ftcrobotcontroller) expire 1 line
02-26 20:36:27.518 18452 18513 I chatty  : uid=10088(com.qualcomm.ftcrobotcontroller) expire 2 lines
02-26 20:36:27.650 18452 18517 I chatty  : uid=10088(com.qualcomm.ftcrobotcontroller) expire 4 lines
02-26 20:42:31.011 18885 18885 I chatty  : uid=10088(com.qualcomm.ftcrobotcontroller) expire 2 lines
02-26 20:42:31.134 18885 18898 I chatty  : uid=10088(com.qualcomm.ftcrobotcontroller) expire 2 lines
02-26 20:42:31.164 18885 18885 I chatty  : uid=10088(com.qualcomm.ftcrobotcontroller) expire 1 line
02-26 20:42:31.165 18900 18900 I chatty  : uid=10088(com.qualcomm.ftcrobotcontroller) ps expire 20 lines
02-26 20:42:31.195 18885 18885 I chatty  : uid=10088(com.qualcomm.ftcrobotcontroller) expire 81 lines
02-26 20:42:31.262 18885 18906 I chatty  : uid=10088(com.qualcomm.ftcrobotcontroller) expire 1 line
02-26 20:42:32.458 18885 18949 I chatty  : uid=10088(com.qualcomm.ftcrobotcontroller) expire 2 lines
02-26 20:42:32.581 18885 18953 I chatty  : uid=10088(com.qualcomm.ftcrobotcontroller) expire 98 lines
02-26 20:42:37.594 18885 18956 I chatty  : uid=10088(com.qualcomm.ftcrobotcontroller) expire 7 lines
02-26 20:42:37.640 18885 18958 I chatty  : uid=10088(com.qualcomm.ftcrobotcontroller) expire 15 lines
02-26 20:42:38.180 18885 18961 I chatty  : uid=10088(com.qualcomm.ftcrobotcontroller) expire 1 line
02-26 20:42:38.618 18885 18964 I chatty  : uid=10088(com.qualcomm.ftcrobotcontroller) expire 1 line
02-26 20:42:38.645 18885 18953 I chatty  : uid=10088(com.qualcomm.ftcrobotcontroller) expire 16 lines
02-26 20:42:39.072 18885 18967 I chatty  : uid=10088(com.qualcomm.ftcrobotcontroller) expire 3 lines
02-26 20:42:39.074 18885 18953 I chatty  : uid=10088(com.qualcomm.ftcrobotcontroller) expire 94 lines
02-26 20:42:39.518 18885 18970 I chatty  : uid=10088(com.qualcomm.ftcrobotcontroller) expire 3 lines
02-26 20:42:40.001 18885 18973 I chatty  : uid=10088(com.qualcomm.ftcrobotcontroller) expire 1 line
02-26 20:42:40.517 18885 18976 I chatty  : uid=10088(com.qualcomm.ftcrobotcontroller) expire 5 lines
02-26 20:42:41.033 18885 18980 I chatty  : uid=10088(com.qualcomm.ftcrobotcontroller) expire 1 line
02-26 20:42:41.111 18885 18985 I chatty  : uid=10088(com.qualcomm.ftcrobotcontroller) expire 11 lines
02-26 20:42:41.139 18885 18984 I chatty  : uid=10088(com.qualcomm.ftcrobotcontroller) expire 4 lines
02-26 20:42:41.139 18885 18885 I chatty  : uid=10088(com.qualcomm.ftcrobotcontroller) expire 4 lines
02-26 20:42:41.276 18885 18982 I chatty  : uid=10088(com.qualcomm.ftcrobotcontroller) expire 14 lines
02-26 20:42:41.280 18885 18989 I chatty  : uid=10088(com.qualcomm.ftcrobotcontroller) expire 9 lines
02-26 20:42:43.635 18885 18958 I chatty  : uid=10088(com.qualcomm.ftcrobotcontroller) expire 14 lines
02-26 20:42:43.677 18885 18995 I chatty  : uid=10088(com.qualcomm.ftcrobotcontroller) expire 8 lines
02-26 20:42:43.697 18885 18999 I chatty  : uid=10088(com.qualcomm.ftcrobotcontroller) expire 9 lines
02-26 20:42:46.613 18885 18964 I chatty  : uid=10088(com.qualcomm.ftcrobotcontroller) expire 4 lines
02-26 20:43:12.579 18885 18958 I chatty  : uid=10088(com.qualcomm.ftcrobotcontroller) expire 6 lines
02-26 20:43:14.698 18885 18895 I chatty  : uid=10088(com.qualcomm.ftcrobotcontroller) expire 2 lines
02-26 20:45:42.432 18885 18985 I chatty  : uid=10088(com.qualcomm.ftcrobotcontroller) expire 1 line
02-26 20:45:53.181 18885 18993 I chatty  : uid=10088(com.qualcomm.ftcrobotcontroller) expire 405 lines
02-26 20:45:53.237 18885 18995 I chatty  : uid=10088(com.qualcomm.ftcrobotcontroller) expire 1 line
02-26 20:45:53.278 18885 18958 I chatty  : uid=10088(com.qualcomm.ftcrobotcontroller) expire 2 lines
02-26 20:45:53.294 18885 18949 I chatty  : uid=10088(com.qualcomm.ftcrobotcontroller) expire 1 line
02-26 20:45:53.321 18885 18984 I chatty  : uid=10088(com.qualcomm.ftcrobotcontroller) expire 1 line
02-26 20:45:53.322 18885 18885 I chatty  : uid=10088(com.qualcomm.ftcrobotcontroller) expire 3 lines
02-26 20:45:53.343 18885 18982 I chatty  : uid=10088(com.qualcomm.ftcrobotcontroller) expire 2 lines
02-26 20:45:53.346 18885 19055 I chatty  : uid=10088(com.qualcomm.ftcrobotcontroller) expire 3 lines
02-26 20:45:53.350 18885 18982 I chatty  : uid=10088(com.qualcomm.ftcrobotcontroller) expire 3 lines
02-26 20:45:53.351 18885 19055 I chatty  : uid=10088(com.qualcomm.ftcrobotcontroller) expire 6 lines
02-26 20:45:53.365 18885 18982 I chatty  : uid=10088(com.qualcomm.ftcrobotcontroller) expire 2 lines
02-26 20:45:53.370 18885 18984 I chatty  : uid=10088(com.qualcomm.ftcrobotcontroller) expire 1 line
02-26 20:45:54.225 18885 18993 I chatty  : uid=10088(com.qualcomm.ftcrobotcontroller) expire 3 lines
02-26 20:45:59.305 19073 19073 I chatty  : uid=10088(com.qualcomm.ftcrobotcontroller) expire 2 lines
02-26 20:45:59.414 19073 19086 I chatty  : uid=10088(com.qualcomm.ftcrobotcontroller) expire 2 lines
02-26 20:45:59.454 19073 19073 I chatty  : uid=10088(com.qualcomm.ftcrobotcontroller) expire 1 line
02-26 20:45:59.455 19089 19089 I chatty  : uid=10088(com.qualcomm.ftcrobotcontroller) ps expire 1 line
02-26 20:45:59.455 19089 19089 W ps      : type=1400 audit(0.0:6350): avc: denied { search } for uid=10088 name="1" dev="proc" ino=137344 scontext=u:r:untrusted_app:s0:c512,c768 tcontext=u:r:init:s0 tclass=dir permissive=0
02-26 20:45:59.455 19089 19089 W ps      : type=1400 audit(0.0:6351): avc: denied { search } for uid=10088 name="1" dev="proc" ino=137344 scontext=u:r:untrusted_app:s0:c512,c768 tcontext=u:r:init:s0 tclass=dir permissive=0
02-26 20:45:59.455 19089 19089 W ps      : type=1400 audit(0.0:6352): avc: denied { getattr } for uid=10088 path="/proc/2" dev="proc" ino=135962 scontext=u:r:untrusted_app:s0:c512,c768 tcontext=u:r:kernel:s0 tclass=dir permissive=0
02-26 20:45:59.455 19089 19089 W ps      : type=1400 audit(0.0:6353): avc: denied { search } for uid=10088 name="2" dev="proc" ino=135962 scontext=u:r:untrusted_app:s0:c512,c768 tcontext=u:r:kernel:s0 tclass=dir permissive=0
02-26 20:45:59.455 19089 19089 W ps      : type=1400 audit(0.0:6354): avc: denied { search } for uid=10088 name="2" dev="proc" ino=135962 scontext=u:r:untrusted_app:s0:c512,c768 tcontext=u:r:kernel:s0 tclass=dir permissive=0
02-26 20:45:59.455 19089 19089 W ps      : type=1400 audit(0.0:6355): avc: denied { getattr } for uid=10088 path="/proc/3" dev="proc" ino=135963 scontext=u:r:untrusted_app:s0:c512,c768 tcontext=u:r:kernel:s0 tclass=dir permissive=0
02-26 20:45:59.455 19089 19089 W ps      : type=1400 audit(0.0:6356): avc: denied { search } for uid=10088 name="3" dev="proc" ino=135963 scontext=u:r:untrusted_app:s0:c512,c768 tcontext=u:r:kernel:s0 tclass=dir permissive=0
02-26 20:45:59.455 19089 19089 W ps      : type=1400 audit(0.0:6357): avc: denied { search } for uid=10088 name="3" dev="proc" ino=135963 scontext=u:r:untrusted_app:s0:c512,c768 tcontext=u:r:kernel:s0 tclass=dir permissive=0
02-26 20:45:59.455 19089 19089 W ps      : type=1400 audit(0.0:6358): avc: denied { getattr } for uid=10088 path="/proc/5" dev="proc" ino=135964 scontext=u:r:untrusted_app:s0:c512,c768 tcontext=u:r:kernel:s0 tclass=dir permissive=0
02-26 20:45:59.455 19089 19089 W ps      : type=1400 audit(0.0:6359): avc: denied { search } for uid=10088 name="5" dev="proc" ino=135964 scontext=u:r:untrusted_app:s0:c512,c768 tcontext=u:r:kernel:s0 tclass=dir permissive=0
02-26 20:45:59.455 19089 19089 W ps      : type=1400 audit(0.0:6360): avc: denied { search } for uid=10088 name="5" dev="proc" ino=135964 scontext=u:r:untrusted_app:s0:c512,c768 tcontext=u:r:kernel:s0 tclass=dir permissive=0
02-26 20:45:59.455 19089 19089 W ps      : type=1400 audit(0.0:6361): avc: denied { getattr } for uid=10088 path="/proc/6" dev="proc" ino=135965 scontext=u:r:untrusted_app:s0:c512,c768 tcontext=u:r:kernel:s0 tclass=dir permissive=0
02-26 20:45:59.455 19089 19089 W ps      : type=1400 audit(0.0:6362): avc: denied { search } for uid=10088 name="6" dev="proc" ino=135965 scontext=u:r:untrusted_app:s0:c512,c768 tcontext=u:r:kernel:s0 tclass=dir permissive=0
02-26 20:45:59.455 19089 19089 W ps      : type=1400 audit(0.0:6363): avc: denied { search } for uid=10088 name="6" dev="proc" ino=135965 scontext=u:r:untrusted_app:s0:c512,c768 tcontext=u:r:kernel:s0 tclass=dir permissive=0
02-26 20:45:59.455 19089 19089 W ps      : type=1400 audit(0.0:6364): avc: denied { getattr } for uid=10088 path="/proc/7" dev="proc" ino=135966 scontext=u:r:untrusted_app:s0:c512,c768 tcontext=u:r:kernel:s0 tclass=dir permissive=0
02-26 20:45:59.455 19089 19089 W ps      : type=1400 audit(0.0:6365): avc: denied { search } for uid=10088 name="7" dev="proc" ino=135966 scontext=u:r:untrusted_app:s0:c512,c768 tcontext=u:r:kernel:s0 tclass=dir permissive=0
02-26 20:45:59.455 19089 19089 W ps      : type=1400 audit(0.0:6366): avc: denied { search } for uid=10088 name="7" dev="proc" ino=135966 scontext=u:r:untrusted_app:s0:c512,c768 tcontext=u:r:kernel:s0 tclass=dir permissive=0
02-26 20:45:59.455 19089 19089 W ps      : type=1400 audit(0.0:6367): avc: denied { getattr } for uid=10088 path="/proc/8" dev="proc" ino=135967 scontext=u:r:untrusted_app:s0:c512,c768 tcontext=u:r:kernel:s0 tclass=dir permissive=0
02-26 20:45:59.455 19089 19089 W ps      : type=1400 audit(0.0:6368): avc: denied { search } for uid=10088 name="8" dev="proc" ino=135967 scontext=u:r:untrusted_app:s0:c512,c768 tcontext=u:r:kernel:s0 tclass=dir permissive=0
02-26 20:45:59.486 19073 19073 W System  : ClassLoader referenced unknown path: /system/app/WebViewGoogle/lib/arm
02-26 20:45:59.505 19073 19073 I cr.library_loader: Time to load native libraries: 14 ms (timestamps 4868-4882)
02-26 20:45:59.505 19073 19073 I cr.library_loader: Expected native library version number "46.0.2490.76", actual native library version number "46.0.2490.76"
02-26 20:45:59.521 19073 19073 V WebViewChromiumFactoryProvider: Binding Chromium to main looper Looper (main, tid 1) {867cba8}
02-26 20:45:59.521 19073 19073 I cr.library_loader: Expected native library version number "46.0.2490.76", actual native library version number "46.0.2490.76"
02-26 20:45:59.521 19073 19073 I chromium: [INFO:library_loader_hooks.cc(118)] Chromium logging enabled: level = 0, default verbosity = 0
02-26 20:45:59.530 19073 19073 I cr.BrowserStartup: Initializing chromium process, singleProcess=true
02-26 20:45:59.537 19073 19073 E SysUtils: ApplicationContext is null in ApplicationStatus
02-26 20:45:59.551 19073 19097 W chromium: [WARNING:dns_config_service_posix.cc(298)] Failed to read DnsConfig.
02-26 20:45:59.562 19073 19073 I Adreno-EGL: <qeglDrvAPI_eglInitialize:379>: EGL 1.4 QUALCOMM build:  (Ifd751822f5)
02-26 20:45:59.562 19073 19073 I Adreno-EGL: OpenGL ES Shader Compiler Version: XE031.06.00.05
02-26 20:45:59.562 19073 19073 I Adreno-EGL: Build Date: 01/26/16 Tue
02-26 20:45:59.562 19073 19073 I Adreno-EGL: Local Branch: AU12_SBA
02-26 20:45:59.562 19073 19073 I Adreno-EGL: Remote Branch: 
02-26 20:45:59.562 19073 19073 I Adreno-EGL: Local Patches: 
02-26 20:45:59.562 19073 19073 I Adreno-EGL: Reconstruct Branch: 
02-26 20:45:59.593 19073 19073 E chromium: [ERROR:browser_gpu_channel_host_factory.cc(258)] Failed to init browser shader disk cache.
02-26 20:45:59.608 19073 19073 E libEGL  : validate_display:255 error 3008 (EGL_BAD_DISPLAY)
02-26 20:45:59.647 19073 19073 W art     : Attempt to remove non-JNI local reference, dumping thread
02-26 20:45:59.656 19073 19073 W AwContents: onDetachedFromWindow called when already detached. Ignoring
02-26 20:46:00.694 19073 19073 V RobotCore: Network: inactive, disconnected
02-26 20:46:00.702 19073 19073 V RCActivity: onStart()
02-26 20:46:00.705 19073 19073 V RCActivity: onResume()
02-26 20:46:00.709 19073 19119 D OpenGLRenderer: Use EGL_SWAP_BEHAVIOR_PRESERVED: true
02-26 20:46:00.736 19073 19073 V FTCService: onCreate()
02-26 20:46:00.736 19073 19073 V FTCService: onBind()
02-26 20:46:00.736 19073 19073 V FTCService: Android device is motorola, MotoG3
02-26 20:46:00.737 19073 19073 V RobotCore: Getting network assistant of type: WIFIDIRECT
02-26 20:46:00.739 19073 19073 V WifiDirect: There are 1 Wifi Direct Assistant Clients (+)
02-26 20:46:00.739 19073 19073 V WifiDirect: Enabling Wifi Direct Assistant
02-26 20:46:00.778 19073 19119 I OpenGLRenderer: Initialized EGL, version 1.4
02-26 20:46:00.794 19073 19073 D WifiDirect: broadcast: state - enabled: true
02-26 20:46:00.797 19073 19073 D WifiDirect: broadcast: connection changed: connectStatus=NOT_CONNECTED networkInfo.state=CONNECTED
02-26 20:46:00.797 19073 19073 V WifiDirect: NetworkInfo: [type: WIFI_P2P[], state: CONNECTED/CONNECTED, reason: (unspecified), extra: (none), roaming: false, failover: false, isAvailable: true]
02-26 20:46:00.797 19073 19073 V WifiDirect: WifiP2pInfo: groupFormed: true isGroupOwner: true operatingChannel: 2427 groupOwnerAddress: /192.168.49.1 mccMode: false
02-26 20:46:00.797 19073 19073 V WifiDirect: WifiP2pGroup: network: DIRECT-Ey-7351-RC-B, isGO: true, Operating Channel: 2427, GO: Device: , deviceAddress: 40:88:05:ca:f7:0c, primary type: null, secondary type: null, wps: 0, grpcapab: 0, devcapab: 0, status: 4, wfdInfo: WFD enabled: falseWFD DeviceInfo: 0, WFD CtrlPort: 0, WFD MaxThroughput: 0, level: 0, Client: Device: 7351-DS-B, deviceAddress: 40:88:05:ca:44:ca, primary type: 10-0050F204-5, secondary type: null, wps: 392, grpcapab: 0, devcapab: 37, status: 0, wfdInfo: null, level: 60, interface: p2p0, networkId: 2, mGoOperFreq: 2427
02-26 20:46:00.797 19073 19073 D WifiDirect: broadcast: this device changed
02-26 20:46:00.798 19073 19073 V WifiDirect: device information: 7351-RC-B 40:88:05:ca:f7:0c
02-26 20:46:00.798 19073 19073 V FTCService: RCActivity.controllerService=bound
02-26 20:46:00.798 19073 19073 V RobotCore: Network: unknown, disconnected
02-26 20:46:00.799 19073 19073 V RobotCore: Robot Status: stopped
02-26 20:46:00.805 19073 19073 D OpmodeRegistration: registered {DefaultOpMode} as {$Stop$Robot$}
02-26 20:46:00.806 19073 19073 V FTCService: Processing robot setup
02-26 20:46:00.807 19073 19073 D WifiDirect: cannot create group, does group already exist?
02-26 20:46:00.808 19073 19124 V RobotCore: thread: 'RobotSetupRunnable.run()' starting...
02-26 20:46:00.809 19073 19124 V RobotCore: Robot Status: stopped, scanning for USB devices
02-26 20:46:00.846 19073 19073 D WifiDirect: group owners address: /192.168.49.1
02-26 20:46:00.847 19073 19073 D WifiDirect: group formed, this device is the group owner (GO)
02-26 20:46:00.847 19073 19073 I FTCService: Wifi Direct - connected as group owner
02-26 20:46:00.847 19073 19073 D WifiDirect: stop discovering peers
02-26 20:46:00.852 19073 19073 V RobotCore: Network: enabled, disconnected
02-26 20:46:00.877 19073 19073 V WifiDirect: connection information available
02-26 20:46:00.877 19073 19073 V WifiDirect: connection information - groupOwnerName = 7351-RC-B
02-26 20:46:00.877 19073 19073 V WifiDirect: connection information - groupOwnerMacAddress = 40:88:05:ca:f7:0c
02-26 20:46:00.878 19073 19073 V WifiDirect: connection information - groupInterface = p2p0
02-26 20:46:00.878 19073 19073 V WifiDirect: connection information - groupNetworkName = DIRECT-Ey-7351-RC-B
02-26 20:46:00.878 19073 19073 I FTCService: Network Connection Passphrase: Bcz4hYN9
02-26 20:46:00.878 19073 19073 V RobotCore: Network: active, disconnected
02-26 20:46:05.812 19073 19124 V RobotCore: EventLoopManager state is NOT_STARTED
02-26 20:46:05.812 19073 19124 V RobotCore: Robot Status: stopped, waiting on network
02-26 20:46:05.814 19073 19124 V RobotCore: Robot Status: stopped, starting robot
02-26 20:46:05.814 19073 19124 V Robocol : EventLoopManager.start()
02-26 20:46:05.814 19073 19124 V RobotCore: Getting network assistant of type: WIFIDIRECT
02-26 20:46:05.814 19073 19124 V Robocol : Spoofing a Network Connection event...
02-26 20:46:05.815 19073 19073 I RobotCore: Battery Checker, Level Remaining: 92.0
02-26 20:46:05.815 19073 19124 V RobotCore: executive service EventLoop is terminated
02-26 20:46:05.815 19073 19124 V RobotCore: EventLoopManager state is STOPPED
02-26 20:46:05.816 19073 19124 V Robocol : eventLoop=FtcEventLoop
02-26 20:46:05.816 19073 19124 V RobotCore: EventLoopManager state is INIT
02-26 20:46:05.816 19073 19124 V RobotCore: Robot Status: initializing, starting robot
02-26 20:46:05.816 19073 19124 I FIRST   : ======= INIT START =======
02-26 20:46:05.817 19073 19073 I RobotCore: Battery Checker, Level Remaining: 92.0
02-26 20:46:05.821 19073 19127 V RobotCore: thread: 'SetupRunnable.run()' starting...
02-26 20:46:05.842 19073 19124 D OpmodeRegistration: registered {CapBallCloseBlue} as {CapBallCloseBlue}
02-26 20:46:05.843 19073 19124 D OpmodeRegistration: registered {CapBallCloseRed} as {CapBallCloseRed}
02-26 20:46:05.844 19073 19124 D OpmodeRegistration: registered {ShootBackUpBlue} as {ShootBackUpBlue}
02-26 20:46:05.844 19073 19124 D OpmodeRegistration: registered {ShootBackUpRed} as {ShootBackUpRed}
02-26 20:46:05.845 19073 19124 D OpmodeRegistration: registered {ShootDefenseBlueMiddle} as {ShootDefenseBlueMiddle}
02-26 20:46:05.846 19073 19124 D OpmodeRegistration: registered {ShootDefenseBlueShootBlock} as {ShootDefenseBlueShootBlock}
02-26 20:46:05.846 19073 19124 D OpmodeRegistration: registered {ShootDefenseRedMiddle} as {ShootDefenseRedMiddle}
02-26 20:46:05.847 19073 19124 D OpmodeRegistration: registered {ShootDefenseRedShootBlock} as {ShootDefenseRedShootBlock}
02-26 20:46:05.848 19073 19124 D OpmodeRegistration: registered {ShootDefenseRedShootBlockAlt} as {ShootDefenseRedShootBlockAlt}
02-26 20:46:05.848 19073 19124 D OpmodeRegistration: registered {ShootOnlyBlueClose} as {ShootOnlyClose}
02-26 20:46:05.849 19073 19124 D OpmodeRegistration: registered {ShootOnlyRedClose} as {ShootOnlyRedClose}
02-26 20:46:05.849 19073 19124 D OpmodeRegistration: registered {ShootTwoBlue} as {ShootTwoBlue}
02-26 20:46:05.850 19073 19124 D OpmodeRegistration: registered {ShootTwoRed} as {ShootTwoRed}
02-26 20:46:05.851 19073 19124 D OpmodeRegistration: registered {BeaconScoreTest} as {BeaconScoreTest}
02-26 20:46:05.851 19073 19124 D OpmodeRegistration: registered {ColorSensorTest} as {ColorTest}
02-26 20:46:05.852 19073 19124 D OpmodeRegistration: registered {EncoderDriveTest} as {EncoderDriveTest}
02-26 20:46:05.852 19073 19124 D OpmodeRegistration: registered {EncoderGyroTurnTest} as {EncoderGyroTest}
02-26 20:46:05.854 19073 19124 D OpmodeRegistration: registered {EncoderOneStraight} as {EncoderOneStraightTest}
02-26 20:46:05.854 19073 19124 D OpmodeRegistration: registered {EncoderTurnTest} as {EncoderTurnTest}
02-26 20:46:05.855 19073 19124 D OpmodeRegistration: registered {ShootingTest} as {ShootingTest}
02-26 20:46:05.855 19073 19124 D OpmodeRegistration: registered {WhiteLineTest} as {WhiteLineTest}
02-26 20:46:05.856 19073 19124 D OpmodeRegistration: registered {TeleOp} as {TeleOp}
02-26 20:46:05.856 19073 19124 D OpmodeRegistration: registered {TeleOpPID} as {TeleOpPID}
02-26 20:46:05.856 19073 19124 D OpmodeRegistration: registered {TestBenchTeleOp} as {TeleOpTestBench}
02-26 20:46:05.857 19073 19124 D OpmodeRegistration: registered {BeaconBlueEncoder} as {BeaconBlueEnc}
02-26 20:46:05.857 19073 19124 D OpmodeRegistration: registered {BeaconBlueEncoderCapBall} as {BeaconBlueEncCapBall}
02-26 20:46:05.858 19073 19124 D OpmodeRegistration: registered {BeaconRed} as {BeaconRed}
02-26 20:46:05.858 19073 19124 D OpmodeRegistration: registered {BeaconRedCapBall} as {BeaconRedCapBall}
02-26 20:46:05.859 19073 19124 D OpmodeRegistration: registered {CapBallFarBlue} as {CapBallFarBlue}
02-26 20:46:05.859 19073 19124 D OpmodeRegistration: registered {CapBallFarRed} as {CapBallFarRed}
02-26 20:46:05.860 19073 19124 D OpmodeRegistration: registered {CornerFarBlue} as {CornerFarBlue}
02-26 20:46:05.860 19073 19124 D OpmodeRegistration: registered {CornerFarRed} as {CornerFarRed}
02-26 20:46:05.861 19073 19127 D Robocol : RobocolDatagramSocket listening addr=/192.168.49.1:20884 cbRec=65520 cbSend=163840 msRecTO=300
02-26 20:46:05.861 19073 19124 D OpmodeRegistration: registered {DynamicAutonomousSelectorTest} as {SelectorTest}
02-26 20:46:05.861 19073 19127 V Robocol : RecvLoopRunnable created
02-26 20:46:05.861 19073 19124 D OpmodeRegistration: registered {BeaconBlue} as {BeaconBlue}
02-26 20:46:05.862 19073 19124 D OpmodeRegistration: registered {BeaconBlueCapBall} as {BeaconBlueCapBall}
02-26 20:46:05.862 19073 19127 V PeerDiscovery: Starting peer discovery
02-26 20:46:05.863 19073 19127 V PeerDiscovery: No need for peer discovery, we are the peer discovery device
02-26 20:46:05.863 19073 19127 V RobotCore: Setup complete
02-26 20:46:05.863 19073 19127 V RobotCore: thread: ...terminating 'SetupRunnable.run()'
02-26 20:46:05.863 19073 19124 D OpmodeRegistration: registered {BeaconRedEncoder} as {BeaconRedEnc}
02-26 20:46:05.863 19073 19124 D OpmodeRegistration: registered {BeaconRedEncoderCapBall} as {BeaconRedEncCapBall}
02-26 20:46:05.864 19073 19129 V RobotCore: thread: 'RecvLoopRunnable.run()' starting...
02-26 20:46:05.864 19073 19124 V D2xx::  : Start constructor
02-26 20:46:05.868 19073 19124 V D2xx::  : End constructor
02-26 20:46:05.871 19073 19124 V RobotCore: Creating Modern Robotics USB Core Device Interface Module [AL00VDA6]
