02-26 20:45:53.208 18885 18993 E RobotCore:     at com.ftdi.j2xx.ProcessInCtrl.acquireReadableBuffer(FT_Device.java:2294)
02-26 20:45:53.209 18885 18993 E RobotCore:     at com.ftdi.j2xx.ProcessRequestWorker.run(FT_Device.java:2764)
02-26 20:45:53.209 18885 18993 E RobotCore:     at java.lang.Thread.run(Thread.java:818)
02-26 20:45:53.209 18885 18993 E RobotCore: thread id=1115 name="r/w loop: Modern Robotics USB DC Motor Controller [AL00VM5S]"
02-26 20:45:53.209 18885 18993 E RobotCore:     at com.qualcomm.robotcore.hardware.usb.ftdi.RobotUsbDeviceFtdi.write(RobotUsbDeviceFtdi.java:173)
02-26 20:45:53.209 18885 18993 E RobotCore:     at com.qualcomm.hardware.modernrobotics.comm.ModernRoboticsReaderWriter.read(ModernRoboticsReaderWriter.java:175)
02-26 20:45:53.209 18885 18993 E RobotCore:     at com.qualcomm.hardware.modernrobotics.comm.ReadWriteRunnableStandard$1.run(ReadWriteRunnableStandard.java:344)
02-26 20:45:53.209 18885 18993 E RobotCore:     at com.qualcomm.robotcore.util.ThreadPool.logThreadLifeCycle(ThreadPool.java:513)
02-26 20:45:53.209 18885 18993 E RobotCore:     at com.qualcomm.hardware.modernrobotics.comm.ReadWriteRunnableStandard.run(ReadWriteRunnableStandard.java:304)
02-26 20:45:53.209 18885 18993 E RobotCore:     at java.util.concurrent.ThreadPoolExecutor.runWorker(ThreadPoolExecutor.java:1113)
02-26 20:45:53.209 18885 18993 E RobotCore:     at java.util.concurrent.ThreadPoolExecutor$Worker.run(ThreadPoolExecutor.java:588)
02-26 20:45:53.209 18885 18993 E RobotCore:     at java.lang.Thread.run(Thread.java:818)
02-26 20:45:53.209 18885 18993 E RobotCore: thread id=1101 name="bulkInThread"
02-26 20:45:53.209 18885 18993 E RobotCore:     at android.hardware.usb.UsbDeviceConnection.native_bulk_request(Native Method)
02-26 20:45:53.209 18885 18993 E RobotCore:     at android.hardware.usb.UsbDeviceConnection.bulkTransfer(UsbDeviceConnection.java:214)
02-26 20:45:53.209 18885 18993 E RobotCore:     at android.hardware.usb.UsbDeviceConnection.bulkTransfer(UsbDeviceConnection.java:196)
02-26 20:45:53.209 18885 18993 E RobotCore:     at com.ftdi.j2xx.BulkInWorker.run(FT_Device.java:2860)
02-26 20:45:53.209 18885 18993 E RobotCore:     at java.lang.Thread.run(Thread.java:818)
02-26 20:45:53.209 18885 18993 E RobotCore: thread id=1071 name="FinalizerWatchdogDaemon"
02-26 20:45:53.209 18885 18993 E RobotCore:     at java.lang.Thread.sleep(Native Method)
02-26 20:45:53.209 18885 18993 E RobotCore:     at java.lang.Thread.sleep(Thread.java:1031)
02-26 20:45:53.210 18885 18993 E RobotCore:     at java.lang.Thread.sleep(Thread.java:985)
02-26 20:45:53.210 18885 18993 E RobotCore:     at java.lang.Daemons$FinalizerWatchdogDaemon.sleepFor(Daemons.java:273)
02-26 20:45:53.210 18885 18993 E RobotCore:     at java.lang.Daemons$FinalizerWatchdogDaemon.waitForFinalization(Daemons.java:284)
02-26 20:45:53.210 18885 18993 E RobotCore:     at java.lang.Daemons$FinalizerWatchdogDaemon.run(Daemons.java:232)
02-26 20:45:53.210 18885 18993 E RobotCore:     at java.lang.Thread.run(Thread.java:818)
02-26 20:45:53.210 18885 18993 E RobotCore: thread id=1121 name="r/w loop: Modern Robotics USB Core Device Interface Module [AI041S6Y]"
02-26 20:45:53.210 18885 18993 E RobotCore:     at com.qualcomm.robotcore.hardware.usb.ftdi.RobotUsbDeviceFtdi.write(RobotUsbDeviceFtdi.java:173)
02-26 20:45:53.210 18885 18993 E RobotCore:     at com.qualcomm.hardware.modernrobotics.comm.ModernRoboticsReaderWriter.read(ModernRoboticsReaderWriter.java:175)
02-26 20:45:53.210 18885 18993 E RobotCore:     at com.qualcomm.hardware.modernrobotics.comm.ReadWriteRunnableStandard$1.run(ReadWriteRunnableStandard.java:344)
02-26 20:45:53.210 18885 18993 E RobotCore:     at com.qualcomm.robotcore.util.ThreadPool.logThreadLifeCycle(ThreadPool.java:513)
02-26 20:45:53.210 18885 18993 E RobotCore:     at com.qualcomm.hardware.modernrobotics.comm.ReadWriteRunnableStandard.run(ReadWriteRunnableStandard.java:304)
02-26 20:45:53.210 18885 18993 E RobotCore:     at java.util.concurrent.ThreadPoolExecutor.runWorker(ThreadPoolExecutor.java:1113)
02-26 20:45:53.210 18885 18993 E RobotCore:     at java.util.concurrent.ThreadPoolExecutor$Worker.run(ThreadPoolExecutor.java:588)
02-26 20:45:53.210 18885 18993 E RobotCore:     at java.lang.Thread.run(Thread.java:818)
02-26 20:45:53.210 18885 18993 E RobotCore: thread id=1122 name="SoundPool"
02-26 20:45:53.210 18885 18993 E RobotCore: thread id=1118 name="r/w loop: Modern Robotics USB DC Motor Controller [AL00YCFA]"
02-26 20:45:53.210 18885 18993 E RobotCore:     at com.qualcomm.robotcore.hardware.usb.ftdi.RobotUsbDeviceFtdi.write(RobotUsbDeviceFtdi.java:173)
02-26 20:45:53.210 18885 18993 E RobotCore:     at com.qualcomm.hardware.modernrobotics.comm.ModernRoboticsReaderWriter.write(ModernRoboticsReaderWriter.java:230)
02-26 20:45:53.210 18885 18993 E RobotCore:     at com.qualcomm.hardware.modernrobotics.comm.ReadWriteRunnableStandard$1.run(ReadWriteRunnableStandard.java:396)
02-26 20:45:53.210 18885 18993 E RobotCore:     at com.qualcomm.robotcore.util.ThreadPool.logThreadLifeCycle(ThreadPool.java:513)
02-26 20:45:53.210 18885 18993 E RobotCore:     at com.qualcomm.hardware.modernrobotics.comm.ReadWriteRunnableStandard.run(ReadWriteRunnableStandard.java:304)
02-26 20:45:53.210 18885 18993 E RobotCore:     at java.util.concurrent.ThreadPoolExecutor.runWorker(ThreadPoolExecutor.java:1113)
02-26 20:45:53.211 18885 18993 E RobotCore:     at java.util.concurrent.ThreadPoolExecutor$Worker.run(ThreadPoolExecutor.java:588)
02-26 20:45:53.211 18885 18993 E RobotCore:     at java.lang.Thread.run(Thread.java:818)
02-26 20:45:53.211 18885 18993 E RobotCore: thread id=1089 name="cr.CleanupReference"
02-26 20:45:53.211 18885 18993 E RobotCore:     at java.lang.Object.wait(Native Method)
02-26 20:45:53.211 18885 18993 E RobotCore:     at java.lang.Object.wait(Object.java:423)
02-26 20:45:53.211 18885 18993 E RobotCore:     at java.lang.ref.ReferenceQueue.remove(ReferenceQueue.java:101)
02-26 20:45:53.211 18885 18993 E RobotCore:     at java.lang.ref.ReferenceQueue.remove(ReferenceQueue.java:72)
02-26 20:45:53.211 18885 18993 E RobotCore:     at org.chromium.content.common.CleanupReference$1.run(CleanupReference.java:51)
02-26 20:45:53.211 18885 18993 E RobotCore: thread id=1 name="main"
02-26 20:45:53.211 18885 18993 E RobotCore:     at android.os.MessageQueue.nativePollOnce(Native Method)
02-26 20:45:53.211 18885 18993 E RobotCore:     at android.os.MessageQueue.next(MessageQueue.java:323)
02-26 20:45:53.211 18885 18993 E RobotCore:     at android.os.Looper.loop(Looper.java:135)
02-26 20:45:53.211 18885 18993 E RobotCore:     at android.app.ActivityThread.main(ActivityThread.java:5443)
02-26 20:45:53.211 18885 18993 E RobotCore:     at java.lang.reflect.Method.invoke(Native Method)
02-26 20:45:53.211 18885 18993 E RobotCore:     at com.android.internal.os.ZygoteInit$MethodAndArgsCaller.run(ZygoteInit.java:728)
02-26 20:45:53.211 18885 18993 E RobotCore:     at com.android.internal.os.ZygoteInit.main(ZygoteInit.java:618)
02-26 20:45:53.211 18885 18993 E RobotCore: thread id=1126 name="opmode loop()"
02-26 20:45:53.211 18885 18993 E RobotCore:     at java.lang.Object.wait(Native Method)
02-26 20:45:53.212 18885 18993 E RobotCore:     at com.qualcomm.hardware.modernrobotics.ModernRoboticsUsbController.waitForCallback(ModernRoboticsUsbController.java:227)
02-26 20:45:53.212 18885 18993 E RobotCore:     at com.qualcomm.hardware.modernrobotics.ModernRoboticsUsbController.write(ModernRoboticsUsbController.java:97)
02-26 20:45:53.212 18885 18993 E RobotCore:     at com.qualcomm.hardware.modernrobotics.ModernRoboticsUsbDevice.write8(ModernRoboticsUsbDevice.java:222)
02-26 20:45:53.212 18885 18993 E RobotCore:     at com.qualcomm.hardware.modernrobotics.ModernRoboticsUsbDcMotorController.internalSetMotorPower(ModernRoboticsUsbDcMotorController.java:643)
02-26 20:45:53.212 18885 18993 E RobotCore:     at com.qualcomm.hardware.modernrobotics.ModernRoboticsUsbDcMotorController.internalSetMotorPower(ModernRoboticsUsbDcMotorController.java:636)
02-26 20:45:53.212 18885 18993 E RobotCore:     at com.qualcomm.hardware.modernrobotics.ModernRoboticsUsbDcMotorController.setMotorPower(ModernRoboticsUsbDcMotorController.java:617)
02-26 20:45:53.212 18885 18993 E RobotCore:     at com.qualcomm.robotcore.hardware.DcMotorImpl.internalSetPower(DcMotorImpl.java:163)
02-26 20:45:53.212 18885 18993 E RobotCore:     at com.qualcomm.robotcore.hardware.DcMotorImpl.setPower(DcMotorImpl.java:159)
02-26 20:45:53.212 18885 18993 E RobotCore:     at org.firstinspires.ftc.teamcode.robotlibrary.BigAl.DriveTrain.powerLeft(DriveTrain.java:70)
02-26 20:45:53.212 18885 18993 E RobotCore:     at org.firstinspires.ftc.teamcode.robotlibrary.BigAl.DriveTrain.stopRobot(DriveTrain.java:82)
02-26 20:45:53.212 18885 18993 E RobotCore:     at org.firstinspires.ftc.teamcode.robotlibrary.BigAl.EncoderDrive.completed(EncoderDrive.java:74)
02-26 20:45:53.212 18885 18993 E RobotCore:     at org.firstinspires.ftc.teamcode.CornerFarRed.loop(CornerFarRed.java:155)
02-26 20:45:53.212 18885 18993 E RobotCore:     at com.qualcomm.robotcore.eventloop.opmode.OpModeManagerImpl$5.run(OpModeManagerImpl.java:615)
02-26 20:45:53.212 18885 18993 E RobotCore:     at com.qualcomm.robotcore.eventloop.opmode.OpModeManagerImpl.detectStuck(OpModeManagerImpl.java:481)
02-26 20:45:53.212 18885 18993 E RobotCore:     at com.qualcomm.robotcore.eventloop.opmode.OpModeManagerImpl.detectStuck(OpModeManagerImpl.java:475)
02-26 20:45:53.212 18885 18993 E RobotCore:     at com.qualcomm.robotcore.eventloop.opmode.OpModeManagerImpl.callActiveOpModeLoop(OpModeManagerImpl.java:613)
02-26 20:45:53.212 18885 18993 E RobotCore:     at com.qualcomm.robotcore.eventloop.opmode.OpModeManagerImpl.runActiveOpMode(OpModeManagerImpl.java:378)
02-26 20:45:53.212 18885 18993 E RobotCore:     at com.qualcomm.ftccommon.FtcEventLoop.loop(FtcEventLoop.java:216)
02-26 20:45:53.212 18885 18993 E RobotCore:     at com.qualcomm.robotcore.eventloop.EventLoopManager$EventLoopRunnable$1.run(EventLoopManager.java:292)
02-26 20:45:53.213 18885 18993 E RobotCore:     at com.qualcomm.robotcore.util.ThreadPool.logThreadLifeCycle(ThreadPool.java:513)
02-26 20:45:53.213 18885 18993 E RobotCore:     at com.qualcomm.robotcore.eventloop.EventLoopManager$EventLoopRunnable.run(EventLoopManager.java:246)
02-26 20:45:53.213 18885 18993 E RobotCore:     at java.util.concurrent.ThreadPoolExecutor.runWorker(ThreadPoolExecutor.java:1113)
02-26 20:45:53.213 18885 18993 E RobotCore:     at java.util.concurrent.ThreadPoolExecutor$Worker.run(ThreadPoolExecutor.java:588)
02-26 20:45:53.213 18885 18993 E RobotCore:     at java.lang.Thread.run(Thread.java:818)
02-26 20:45:53.213 18885 18993 E RobotCore: thread id=1080 name="Chrome_IOThread"
02-26 20:45:53.213 18885 18993 E RobotCore: thread id=1111 name="processRequestThread"
02-26 20:45:53.214 18885 18993 E RobotCore:     at java.lang.Object.wait(Native Method)
02-26 20:45:53.214 18885 18993 E RobotCore:     at java.lang.Thread.parkFor$(Thread.java:1220)
02-26 20:45:53.214 18885 18993 E RobotCore:     at sun.misc.Unsafe.park(Unsafe.java:299)
02-26 20:45:53.214 18885 18993 E RobotCore:     at java.util.concurrent.locks.LockSupport.park(LockSupport.java:158)
02-26 20:45:53.214 18885 18993 E RobotCore:     at java.util.concurrent.locks.AbstractQueuedSynchronizer.parkAndCheckInterrupt(AbstractQueuedSynchronizer.java:810)
02-26 20:45:53.214 18885 18993 E RobotCore:     at java.util.concurrent.locks.AbstractQueuedSynchronizer.doAcquireSharedInterruptibly(AbstractQueuedSynchronizer.java:971)
02-26 20:45:53.214 18885 18993 E RobotCore:     at java.util.concurrent.locks.AbstractQueuedSynchronizer.acquireSharedInterruptibly(AbstractQueuedSynchronizer.java:1278)
02-26 20:45:53.214 18885 18993 E RobotCore:     at java.util.concurrent.Semaphore.acquire(Semaphore.java:284)
02-26 20:45:53.214 18885 18993 E RobotCore:     at com.ftdi.j2xx.ProcessInCtrl.acquireReadableBuffer(FT_Device.java:2294)
02-26 20:45:53.215 18885 18993 E RobotCore:     at com.ftdi.j2xx.ProcessRequestWorker.run(FT_Device.java:2764)
02-26 20:45:53.215 18885 18993 E RobotCore:     at java.lang.Thread.run(Thread.java:818)
02-26 20:45:53.215 18885 18993 E RobotCore: thread id=1108 name="processRequestThread"
02-26 20:45:53.215 18885 18993 E RobotCore:     at java.lang.Object.wait(Native Method)
02-26 20:45:53.215 18885 18993 E RobotCore:     at java.lang.Thread.parkFor$(Thread.java:1220)
02-26 20:45:53.215 18885 18993 E RobotCore:     at sun.misc.Unsafe.park(Unsafe.java:299)
02-26 20:45:53.215 18885 18993 E RobotCore:     at java.util.concurrent.locks.LockSupport.park(LockSupport.java:158)
02-26 20:45:53.215 18885 18993 E RobotCore:     at java.util.concurrent.locks.AbstractQueuedSynchronizer.parkAndCheckInterrupt(AbstractQueuedSynchronizer.java:810)
02-26 20:45:53.215 18885 18993 E RobotCore:     at java.util.concurrent.locks.AbstractQueuedSynchronizer.doAcquireSharedInterruptibly(AbstractQueuedSynchronizer.java:971)
02-26 20:45:53.215 18885 18993 E RobotCore:     at java.util.concurrent.locks.AbstractQueuedSynchronizer.acquireSharedInterruptibly(AbstractQueuedSynchronizer.java:1278)
02-26 20:45:53.215 18885 18993 E RobotCore:     at java.util.concurrent.Semaphore.acquire(Semaphore.java:284)
02-26 20:45:53.215 18885 18993 E RobotCore:     at com.ftdi.j2xx.ProcessInCtrl.acquireReadableBuffer(FT_Device.java:2294)
02-26 20:45:53.215 18885 18993 E RobotCore:     at com.ftdi.j2xx.ProcessRequestWorker.run(FT_Device.java:2764)
02-26 20:45:53.215 18885 18993 E RobotCore:     at java.lang.Thread.run(Thread.java:818)
02-26 20:45:53.215 18885 18993 E RobotCore: thread id=1109 name="r/w loop: Modern Robotics USB Servo Controller [AL026DRM]"
02-26 20:45:53.215 18885 18993 E RobotCore:     at android.hardware.usb.UsbDeviceConnection.native_request_wait(Native Method)
02-26 20:45:53.215 18885 18993 E RobotCore:     at android.hardware.usb.UsbDeviceConnection.requestWait(UsbDeviceConnection.java:228)
02-26 20:45:53.215 18885 18993 E RobotCore:     at com.ftdi.j2xx.FT_Device.write(FT_Device.java:751)
02-26 20:45:53.215 18885 18993 E RobotCore:     at com.ftdi.j2xx.FT_Device.write(FT_Device.java:775)
02-26 20:45:53.215 18885 18993 E RobotCore:     at com.qualcomm.robotcore.hardware.usb.ftdi.RobotUsbDeviceFtdi.write(RobotUsbDeviceFtdi.java:174)
02-26 20:45:53.215 18885 18993 E RobotCore:     at com.qualcomm.hardware.modernrobotics.comm.ModernRoboticsReaderWriter.read(ModernRoboticsReaderWriter.java:175)
02-26 20:45:53.215 18885 18993 E RobotCore:     at com.qualcomm.hardware.modernrobotics.comm.ReadWriteRunnableStandard$1.run(ReadWriteRunnableStandard.java:344)
02-26 20:45:53.215 18885 18993 E RobotCore:     at com.qualcomm.robotcore.util.ThreadPool.logThreadLifeCycle(ThreadPool.java:513)
02-26 20:45:53.215 18885 18993 E RobotCore:     at com.qualcomm.hardware.modernrobotics.comm.ReadWriteRunnableStandard.run(ReadWriteRunnableStandard.java:304)
02-26 20:45:53.215 18885 18993 E RobotCore:     at java.util.concurrent.ThreadPoolExecutor.runWorker(ThreadPoolExecutor.java:1113)
02-26 20:45:53.215 18885 18993 E RobotCore:     at java.util.concurrent.ThreadPoolExecutor$Worker.run(ThreadPoolExecutor.java:588)
02-26 20:45:53.215 18885 18993 E RobotCore:     at java.lang.Thread.run(Thread.java:818)
02-26 20:45:53.216 18885 18993 E RobotCore: thread id=1130 name="pool-5-thread-1"
02-26 20:45:53.216 18885 18993 E RobotCore:     at dalvik.system.VMStack.getThreadStackTrace(Native Method)
02-26 20:45:53.216 18885 18993 E RobotCore:     at java.lang.Thread.getStackTrace(Thread.java:580)
02-26 20:45:53.216 18885 18993 E RobotCore:     at java.lang.Thread.getAllStackTraces(Thread.java:522)
02-26 20:45:53.216 18885 18993 E RobotCore:     at com.qualcomm.robotcore.eventloop.opmode.OpModeManagerImpl$OpModeStuckCodeMonitor$Runner.run(OpModeManagerImpl.java:546)
02-26 20:45:53.216 18885 18993 E RobotCore:     at java.util.concurrent.ThreadPoolExecutor.runWorker(ThreadPoolExecutor.java:1113)
02-26 20:45:53.216 18885 18993 E RobotCore:     at java.util.concurrent.ThreadPoolExecutor$Worker.run(ThreadPoolExecutor.java:588)
02-26 20:45:53.216 18885 18993 E RobotCore:     at java.lang.Thread.run(Thread.java:818)
02-26 20:45:53.216 18885 18993 E RobotCore: thread id=1083 name="Chrome_CacheThread"
02-26 20:45:53.216 18885 18993 E RobotCore: thread id=1102 name="processRequestThread"
02-26 20:45:53.216 18885 18993 E RobotCore:     at java.lang.Object.wait(Native Method)
02-26 20:45:53.216 18885 18993 E RobotCore:     at java.lang.Thread.parkFor$(Thread.java:1220)
02-26 20:45:53.216 18885 18993 E RobotCore:     at sun.misc.Unsafe.park(Unsafe.java:299)
02-26 20:45:53.216 18885 18993 E RobotCore:     at java.util.concurrent.locks.LockSupport.park(LockSupport.java:158)
02-26 20:45:53.216 18885 18993 E RobotCore:     at java.util.concurrent.locks.AbstractQueuedSynchronizer.parkAndCheckInterrupt(AbstractQueuedSynchronizer.java:810)
02-26 20:45:53.216 18885 18993 E RobotCore:     at java.util.concurrent.locks.AbstractQueuedSynchronizer.doAcquireSharedInterruptibly(AbstractQueuedSynchronizer.java:971)
02-26 20:45:53.216 18885 18993 E RobotCore:     at java.util.concurrent.locks.AbstractQueuedSynchronizer.acquireSharedInterruptibly(AbstractQueuedSynchronizer.java:1278)
02-26 20:45:53.216 18885 18993 E RobotCore:     at java.util.concurrent.Semaphore.acquire(Semaphore.java:284)
02-26 20:45:53.216 18885 18993 E RobotCore:     at com.ftdi.j2xx.ProcessInCtrl.acquireReadableBuffer(FT_Device.java:2294)
02-26 20:45:53.216 18885 18993 E RobotCore:     at com.ftdi.j2xx.ProcessRequestWorker.run(FT_Device.java:2764)
02-26 20:45:53.216 18885 18993 E RobotCore:     at java.lang.Thread.run(Thread.java:818)
02-26 20:45:53.216 18885 18993 E RobotCore: thread id=1087 name="AsyncTask #2"
02-26 20:45:53.216 18885 18993 E RobotCore:     at java.lang.Object.wait(Native Method)
02-26 20:45:53.216 18885 18993 E RobotCore:     at java.lang.Thread.parkFor$(Thread.java:1220)
02-26 20:45:53.216 18885 18993 E RobotCore:     at sun.misc.Unsafe.park(Unsafe.java:299)
02-26 20:45:53.216 18885 18993 E RobotCore:     at java.util.concurrent.locks.LockSupport.park(LockSupport.java:158)
02-26 20:45:53.216 18885 18993 E RobotCore:     at java.util.concurrent.locks.AbstractQueuedSynchronizer$ConditionObject.await(AbstractQueuedSynchronizer.java:2013)
02-26 20:45:53.216 18885 18993 E RobotCore:     at java.util.concurrent.LinkedBlockingQueue.take(LinkedBlockingQueue.java:410)
02-26 20:45:53.217 18885 18993 E RobotCore:     at java.util.concurrent.ThreadPoolExecutor.getTask(ThreadPoolExecutor.java:1038)
02-26 20:45:53.217 18885 18993 E RobotCore:     at java.util.concurrent.ThreadPoolExecutor.runWorker(ThreadPoolExecutor.java:1098)
02-26 20:45:53.217 18885 18993 E RobotCore:     at java.util.concurrent.ThreadPoolExecutor$Worker.run(ThreadPoolExecutor.java:588)
02-26 20:45:53.217 18885 18993 E RobotCore:     at java.lang.Thread.run(Thread.java:818)
02-26 20:45:53.217 18885 18993 E RobotCore: thread id=1074 name="Binder_2"
02-26 20:45:53.217 18885 18993 E RobotCore: thread id=1112 name="r/w loop: Modern Robotics USB DC Motor Controller [AI049PCI]"
02-26 20:45:53.217 18885 18993 E RobotCore:     at com.qualcomm.robotcore.hardware.usb.ftdi.RobotUsbDeviceFtdi.write(RobotUsbDeviceFtdi.java:173)
02-26 20:45:53.217 18885 18993 E RobotCore:     at com.qualcomm.hardware.modernrobotics.comm.ModernRoboticsReaderWriter.read(ModernRoboticsReaderWriter.java:175)
02-26 20:45:53.217 18885 18993 E RobotCore:     at com.qualcomm.hardware.modernrobotics.comm.ReadWriteRunnableStandard$1.run(ReadWriteRunnableStandard.java:344)
02-26 20:45:53.217 18885 18993 E RobotCore:     at com.qualcomm.robotcore.util.ThreadPool.logThreadLifeCycle(ThreadPool.java:513)
02-26 20:45:53.217 18885 18993 E RobotCore:     at com.qualcomm.hardware.modernrobotics.comm.ReadWriteRunnableStandard.run(ReadWriteRunnableStandard.java:304)
02-26 20:45:53.217 18885 18993 E RobotCore:     at java.util.concurrent.ThreadPoolExecutor.runWorker(ThreadPoolExecutor.java:1113)
02-26 20:45:53.217 18885 18993 E RobotCore:     at java.util.concurrent.ThreadPoolExecutor$Worker.run(ThreadPoolExecutor.java:588)
02-26 20:45:53.217 18885 18993 E RobotCore:     at java.lang.Thread.run(Thread.java:818)
02-26 20:45:53.217 18885 18993 E RobotCore: thread id=1084 name="Chrome_ProcessLauncherThread"
02-26 20:45:53.217 18885 18993 E RobotCore: thread id=1116 name="bulkInThread"
02-26 20:45:53.217 18885 18993 E RobotCore:     at android.hardware.usb.UsbDeviceConnection.native_bulk_request(Native Method)
02-26 20:45:53.217 18885 18993 E RobotCore:     at android.hardware.usb.UsbDeviceConnection.bulkTransfer(UsbDeviceConnection.java:214)
02-26 20:45:53.217 18885 18993 E RobotCore:     at android.hardware.usb.UsbDeviceConnection.bulkTransfer(UsbDeviceConnection.java:196)
02-26 20:45:53.217 18885 18993 E RobotCore:     at com.ftdi.j2xx.BulkInWorker.run(FT_Device.java:2860)
02-26 20:45:53.217 18885 18993 E RobotCore:     at java.lang.Thread.run(Thread.java:818)
02-26 20:45:53.237 18885 18995 V Robocol : sending CMD_SHOW_TOAST(2749), attempt: 0
02-26 20:45:53.278 18885 18958 D RobotCore: system telemetry: key=$System$Error$ msg="OpMode 'CornerFarRed' stuck in loop(). Restarting robot controller app."
02-26 20:45:53.280 18885 18958 V Robocol : received command: CMD_SHOW_TOAST(2749) {"duration":0,"message":"OpMode stuck in loop(). Restarting robot controller app."}
02-26 20:45:53.294 18885 18949 V RenderScript: 0xb74adc88 Launching thread(s), CPUs 4
02-26 20:45:53.321 18885 18984 D MediaPlayer: setSubtitleAnchor in MediaPlayer
02-26 20:45:53.322 18885 18885 D MediaPlayer: setSubtitleAnchor in MediaPlayer
02-26 20:45:53.327 18885 18885 E MediaPlayer: invoke failed: wrong state 8
02-26 20:45:53.327 18885 18885 W MediaPlayer: mediaplayer went away with unhandled events
02-26 20:45:53.343 18885 18982 D ExtendedUtils: extended extractor not needed, return default
02-26 20:45:53.344 18885 18982 I MediaCodec: (0xb749d7b0) init name(audio/raw) isType(1) encoder(0)
02-26 20:45:53.346 18885 19055 I OMXClient: Using client-side OMX mux.
02-26 20:45:53.348 18885 19055 E OMXMaster: A component of name 'OMX.qcom.audio.decoder.aac' already exists, ignoring this one.
02-26 20:45:53.349 18885 19055 I MediaCodec: (0xb749d7b0) Component Allocated (OMX.google.raw.decoder)
02-26 20:45:53.350 18885 18982 I MediaCodec: (0xb749d7b0) configure surface(0x0) crypto(0x0) flags(0)
02-26 20:45:53.350 18885 18982 D MediaCodec: (0xb749d7b0) configure format: AMessage(what = 0x00000000) = {
02-26 20:45:53.350 18885 18982 D MediaCodec:    string mime = "audio/raw"
02-26 20:45:53.350 18885 18982 D MediaCodec:    int64_t durationUs = 929183
02-26 20:45:53.350 18885 18982 D MediaCodec:    int32_t channel-count = 2
02-26 20:45:53.350 18885 18982 D MediaCodec:    int32_t sample-rate = 44100
02-26 20:45:53.350 18885 18982 D MediaCodec:    int32_t channel-mask = 0
02-26 20:45:53.350 18885 18982 D MediaCodec:  }
02-26 20:45:53.351 18885 18982 I MediaCodec: (0xb749d7b0) start
02-26 20:45:53.351 18885 19055 I MediaCodec: (0xb749d7b0) input buffers allocated
02-26 20:45:53.351 18885 19055 I MediaCodec: (0xb749d7b0) numBuffers (4)
02-26 20:45:53.351 18885 19055 I MediaCodec: (0xb749d7b0) output buffers allocated
02-26 20:45:53.351 18885 19055 I MediaCodec: (0xb749d7b0) numBuffers (4)
02-26 20:45:53.353 18885 19055 I MediaCodec: (0xb749d7b0) codec output format changed
02-26 20:45:53.353 18885 19055 D MediaCodec: (0xb749d7b0) output format: AMessage(what = 'codc', target = 10) = {
02-26 20:45:53.353 18885 19055 D MediaCodec:    string mime = "audio/raw"
02-26 20:45:53.353 18885 19055 D MediaCodec:    int32_t channel-count = 2
02-26 20:45:53.353 18885 19055 D MediaCodec:    int32_t sample-rate = 44100
02-26 20:45:53.353 18885 19055 D MediaCodec:    int32_t channel-mask = 0
02-26 20:45:53.353 18885 19055 D MediaCodec:    int32_t what = 1869968451
02-26 20:45:53.353 18885 19055 D MediaCodec:  }
02-26 20:45:53.365 18885 18982 I MediaCodec: (0xb749d7b0) stop
02-26 20:45:53.366 18885 18982 I MediaCodec: (0xb749d7b0) release
02-26 20:45:53.370 18885 18984 W AudioTrack: AUDIO_OUTPUT_FLAG_FAST denied by client; transfer 4, track 44100 Hz, output 48000 Hz
02-26 20:45:54.225 18885 18993 V RobotCore: restarting app
02-26 20:45:54.230 18885 18993 I art     : System.exit called, status: -1
02-26 20:45:54.230 18885 18993 I AndroidRuntime: VM exiting with result code -1, cleanup skipped.
--------- beginning of main
02-26 20:36:25.810 18452 18452 I chatty  : uid=10088(com.qualcomm.ftcrobotcontroller) expire 56 lines
02-26 20:36:25.921 18452 18468 I chatty  : uid=10088(com.qualcomm.ftcrobotcontroller) expire 2 lines
02-26 20:36:25.960 18470 18470 I chatty  : uid=10088(com.qualcomm.ftcrobotcontroller) ps expire 20 lines
02-26 20:36:26.156 18452 18476 I chatty  : uid=10088(com.qualcomm.ftcrobotcontroller) expire 1 line
02-26 20:36:27.518 18452 18513 I chatty  : uid=10088(com.qualcomm.ftcrobotcontroller) expire 2 lines
02-26 20:36:27.650 18452 18517 I chatty  : uid=10088(com.qualcomm.ftcrobotcontroller) expire 4 lines
02-26 20:42:31.011 18885 18885 I chatty  : uid=10088(com.qualcomm.ftcrobotcontroller) expire 2 lines
02-26 20:42:31.134 18885 18898 I chatty  : uid=10088(com.qualcomm.ftcrobotcontroller) expire 2 lines
02-26 20:42:31.164 18885 18885 I chatty  : uid=10088(com.qualcomm.ftcrobotcontroller) expire 1 line
02-26 20:42:31.165 18900 18900 I chatty  : uid=10088(com.qualcomm.ftcrobotcontroller) ps expire 20 lines
02-26 20:42:31.195 18885 18885 I chatty  : uid=10088(com.qualcomm.ftcrobotcontroller) expire 81 lines
02-26 20:42:31.262 18885 18906 I chatty  : uid=10088(com.qualcomm.ftcrobotcontroller) expire 1 line
02-26 20:42:32.458 18885 18949 I chatty  : uid=10088(com.qualcomm.ftcrobotcontroller) expire 2 lines
02-26 20:42:32.581 18885 18953 I chatty  : uid=10088(com.qualcomm.ftcrobotcontroller) expire 98 lines
02-26 20:42:37.594 18885 18956 I chatty  : uid=10088(com.qualcomm.ftcrobotcontroller) expire 7 lines
02-26 20:42:37.640 18885 18958 I chatty  : uid=10088(com.qualcomm.ftcrobotcontroller) expire 15 lines
02-26 20:42:38.180 18885 18961 I chatty  : uid=10088(com.qualcomm.ftcrobotcontroller) expire 1 line
02-26 20:42:38.618 18885 18964 I chatty  : uid=10088(com.qualcomm.ftcrobotcontroller) expire 1 line
02-26 20:42:38.645 18885 18953 I chatty  : uid=10088(com.qualcomm.ftcrobotcontroller) expire 16 lines
02-26 20:42:39.072 18885 18967 I chatty  : uid=10088(com.qualcomm.ftcrobotcontroller) expire 3 lines
02-26 20:42:39.074 18885 18953 I chatty  : uid=10088(com.qualcomm.ftcrobotcontroller) expire 94 lines
02-26 20:42:39.518 18885 18970 I chatty  : uid=10088(com.qualcomm.ftcrobotcontroller) expire 3 lines
02-26 20:42:40.001 18885 18973 I chatty  : uid=10088(com.qualcomm.ftcrobotcontroller) expire 1 line
02-26 20:42:40.517 18885 18976 I chatty  : uid=10088(com.qualcomm.ftcrobotcontroller) expire 5 lines
02-26 20:42:41.033 18885 18980 I chatty  : uid=10088(com.qualcomm.ftcrobotcontroller) expire 1 line
02-26 20:42:41.111 18885 18985 I chatty  : uid=10088(com.qualcomm.ftcrobotcontroller) expire 11 lines
02-26 20:42:41.139 18885 18984 I chatty  : uid=10088(com.qualcomm.ftcrobotcontroller) expire 4 lines
02-26 20:42:41.139 18885 18885 I chatty  : uid=10088(com.qualcomm.ftcrobotcontroller) expire 4 lines
02-26 20:42:41.276 18885 18982 I chatty  : uid=10088(com.qualcomm.ftcrobotcontroller) expire 14 lines
02-26 20:42:41.280 18885 18989 I chatty  : uid=10088(com.qualcomm.ftcrobotcontroller) expire 9 lines
02-26 20:42:43.635 18885 18958 I chatty  : uid=10088(com.qualcomm.ftcrobotcontroller) expire 14 lines
02-26 20:42:43.677 18885 18995 I chatty  : uid=10088(com.qualcomm.ftcrobotcontroller) expire 8 lines
02-26 20:42:43.697 18885 18999 I chatty  : uid=10088(com.qualcomm.ftcrobotcontroller) expire 9 lines
02-26 20:42:46.613 18885 18964 I chatty  : uid=10088(com.qualcomm.ftcrobotcontroller) expire 4 lines
02-26 20:43:12.579 18885 18958 I chatty  : uid=10088(com.qualcomm.ftcrobotcontroller) expire 6 lines
02-26 20:43:14.698 18885 18895 I chatty  : uid=10088(com.qualcomm.ftcrobotcontroller) expire 2 lines
02-26 20:45:42.432 18885 18985 I chatty  : uid=10088(com.qualcomm.ftcrobotcontroller) expire 1 line
02-26 20:45:53.181 18885 18993 I chatty  : uid=10088(com.qualcomm.ftcrobotcontroller) expire 1 line
02-26 20:45:53.181 18885 18993 E RobotCore: Begin thread dump
02-26 20:45:53.197 18885 18993 E RobotCore: thread id=1106 name="r/w loop: Modern Robotics USB DC Motor Controller [AL00VM5X]"
02-26 20:45:53.197 18885 18993 E RobotCore:     at com.qualcomm.robotcore.hardware.usb.ftdi.RobotUsbDeviceFtdi.write(RobotUsbDeviceFtdi.java:173)
02-26 20:45:53.198 18885 18993 E RobotCore:     at com.qualcomm.hardware.modernrobotics.comm.ModernRoboticsReaderWriter.write(ModernRoboticsReaderWriter.java:230)
02-26 20:45:53.198 18885 18993 E RobotCore:     at com.qualcomm.hardware.modernrobotics.comm.ReadWriteRunnableStandard$1.run(ReadWriteRunnableStandard.java:396)
02-26 20:45:53.198 18885 18993 E RobotCore:     at com.qualcomm.robotcore.util.ThreadPool.logThreadLifeCycle(ThreadPool.java:513)
02-26 20:45:53.198 18885 18993 E RobotCore:     at com.qualcomm.hardware.modernrobotics.comm.ReadWriteRunnableStandard.run(ReadWriteRunnableStandard.java:304)
02-26 20:45:53.198 18885 18993 E RobotCore:     at java.util.concurrent.ThreadPoolExecutor.runWorker(ThreadPoolExecutor.java:1113)
02-26 20:45:53.198 18885 18993 E RobotCore:     at java.util.concurrent.ThreadPoolExecutor$Worker.run(ThreadPoolExecutor.java:588)
02-26 20:45:53.198 18885 18993 E RobotCore:     at java.lang.Thread.run(Thread.java:818)
02-26 20:45:53.198 18885 18993 E RobotCore: thread id=1096 name="pool-2-thread-1"
02-26 20:45:53.198 18885 18993 E RobotCore:     at java.lang.Object.wait(Native Method)
02-26 20:45:53.198 18885 18993 E RobotCore:     at java.lang.Thread.parkFor$(Thread.java:1220)
02-26 20:45:53.198 18885 18993 E RobotCore:     at sun.misc.Unsafe.park(Unsafe.java:299)
02-26 20:45:53.198 18885 18993 E RobotCore:     at java.util.concurrent.locks.LockSupport.park(LockSupport.java:158)
02-26 20:45:53.198 18885 18993 E RobotCore:     at java.util.concurrent.locks.AbstractQueuedSynchronizer$ConditionObject.await(AbstractQueuedSynchronizer.java:2013)
02-26 20:45:53.198 18885 18993 E RobotCore:     at java.util.concurrent.LinkedBlockingQueue.take(LinkedBlockingQueue.java:410)
02-26 20:45:53.198 18885 18993 E RobotCore:     at java.util.concurrent.ThreadPoolExecutor.getTask(ThreadPoolExecutor.java:1038)
02-26 20:45:53.198 18885 18993 E RobotCore:     at java.util.concurrent.ThreadPoolExecutor.runWorker(ThreadPoolExecutor.java:1098)
02-26 20:45:53.198 18885 18993 E RobotCore:     at java.util.concurrent.ThreadPoolExecutor$Worker.run(ThreadPoolExecutor.java:588)
02-26 20:45:53.198 18885 18993 E RobotCore:     at java.lang.Thread.run(Thread.java:818)
02-26 20:45:53.198 18885 18993 E RobotCore: thread id=1124 name="SoundPoolThread"
02-26 20:45:53.198 18885 18993 E RobotCore: thread id=1095 name="AsyncTask #3"
02-26 20:45:53.198 18885 18993 E RobotCore:     at java.lang.Object.wait(Native Method)
02-26 20:45:53.199 18885 18993 E RobotCore:     at java.lang.Thread.parkFor$(Thread.java:1220)
02-26 20:45:53.199 18885 18993 E RobotCore:     at sun.misc.Unsafe.park(Unsafe.java:299)
02-26 20:45:53.199 18885 18993 E RobotCore:     at java.util.concurrent.locks.LockSupport.park(LockSupport.java:158)
02-26 20:45:53.199 18885 18993 E RobotCore:     at java.util.concurrent.locks.AbstractQueuedSynchronizer$ConditionObject.await(AbstractQueuedSynchronizer.java:2013)
02-26 20:45:53.199 18885 18993 E RobotCore:     at java.util.concurrent.LinkedBlockingQueue.take(LinkedBlockingQueue.java:410)
02-26 20:45:53.199 18885 18993 E RobotCore:     at java.util.concurrent.ThreadPoolExecutor.getTask(ThreadPoolExecutor.java:1038)
02-26 20:45:53.199 18885 18993 E RobotCore:     at java.util.concurrent.ThreadPoolExecutor.runWorker(ThreadPoolExecutor.java:1098)
02-26 20:45:53.199 18885 18993 E RobotCore:     at java.util.concurrent.ThreadPoolExecutor$Worker.run(ThreadPoolExecutor.java:588)
02-26 20:45:53.199 18885 18993 E RobotCore:     at java.lang.Thread.run(Thread.java:818)
02-26 20:45:53.199 18885 18993 E RobotCore: thread id=1068 name="JDWP"
02-26 20:45:53.199 18885 18993 E RobotCore: thread id=1085 name="Thread-1085"
02-26 20:45:53.199 18885 18993 E RobotCore: thread id=1090 name="JavaBridge"
02-26 20:45:53.199 18885 18993 E RobotCore:     at android.os.MessageQueue.nativePollOnce(Native Method)
02-26 20:45:53.199 18885 18993 E RobotCore:     at android.os.MessageQueue.next(MessageQueue.java:323)
02-26 20:45:53.199 18885 18993 E RobotCore:     at android.os.Looper.loop(Looper.java:135)
02-26 20:45:53.199 18885 18993 E RobotCore:     at android.os.HandlerThread.run(HandlerThread.java:61)
02-26 20:45:53.199 18885 18993 E RobotCore: thread id=1094 name="RenderThread"
02-26 20:45:53.199 18885 18993 E RobotCore: thread id=1081 name="Chrome_FileThread"
02-26 20:45:53.199 18885 18993 E RobotCore: thread id=1072 name="HeapTaskDaemon"
02-26 20:45:53.199 18885 18993 E RobotCore:     at dalvik.system.VMRuntime.runHeapTasks(Native Method)
02-26 20:45:53.199 18885 18993 E RobotCore:     at java.lang.Daemons$HeapTaskDaemon.run(Daemons.java:355)
02-26 20:45:53.199 18885 18993 E RobotCore:     at java.lang.Thread.run(Thread.java:818)
02-26 20:45:53.199 18885 18993 E RobotCore: thread id=1073 name="Binder_1"
02-26 20:45:53.199 18885 18993 E RobotCore: thread id=1119 name="bulkInThread"
02-26 20:45:53.200 18885 18993 E RobotCore:     at android.hardware.usb.UsbDeviceConnection.native_bulk_request(Native Method)
02-26 20:45:53.200 18885 18993 E RobotCore:     at android.hardware.usb.UsbDeviceConnection.bulkTransfer(UsbDeviceConnection.java:214)
02-26 20:45:53.200 18885 18993 E RobotCore:     at android.hardware.usb.UsbDeviceConnection.bulkTransfer(UsbDeviceConnection.java:196)
02-26 20:45:53.200 18885 18993 E RobotCore:     at com.ftdi.j2xx.BulkInWorker.run(FT_Device.java:2860)
02-26 20:45:53.200 18885 18993 E RobotCore:     at java.lang.Thread.run(Thread.java:818)
02-26 20:45:53.200 18885 18993 E RobotCore: thread id=1075 name="Logging Thread"
02-26 20:45:53.200 18885 18993 E RobotCore:     at java.lang.Object.wait(Native Method)
02-26 20:45:53.200 18885 18993 E RobotCore:     at java.lang.ProcessManager$ProcessImpl.waitFor(ProcessManager.java:296)
02-26 20:45:53.200 18885 18993 E RobotCore:     at com.qualcomm.robotcore.util.RunShellCommand.runCommand(RunShellCommand.java:103)
02-26 20:45:53.200 18885 18993 E RobotCore:     at com.qualcomm.robotcore.util.RunShellCommand.run(RunShellCommand.java:71)
02-26 20:45:53.200 18885 18993 E RobotCore:     at com.qualcomm.robotcore.util.RobotLog$1.run(RobotLog.java:447)
02-26 20:45:53.200 18885 18993 E RobotCore: thread id=1100 name="RecvLoopRunnable.run()"
02-26 20:45:53.200 18885 18993 E RobotCore:     at libcore.io.Posix.recvfromBytes(Native Method)
02-26 20:45:53.200 18885 18993 E RobotCore:     at libcore.io.Posix.recvfrom(Posix.java:189)
02-26 20:45:53.200 18885 18993 E RobotCore:     at libcore.io.BlockGuardOs.recvfrom(BlockGuardOs.java:250)
02-26 20:45:53.200 18885 18993 E RobotCore:     at libcore.io.IoBridge.recvfrom(IoBridge.java:549)
02-26 20:45:53.200 18885 18993 E RobotCore:     at java.net.PlainDatagramSocketImpl.doRecv(PlainDatagramSocketImpl.java:163)
02-26 20:45:53.200 18885 18993 E RobotCore:     at java.net.PlainDatagramSocketImpl.receive(PlainDatagramSocketImpl.java:171)
02-26 20:45:53.200 18885 18993 E RobotCore:     at java.net.DatagramSocket.receive(DatagramSocket.java:274)
02-26 20:45:53.200 18885 18993 E RobotCore:     at com.qualcomm.robotcore.robocol.RobocolDatagramSocket.recv(RobocolDatagramSocket.java:131)
02-26 20:45:53.200 18885 18993 E RobotCore:     at org.firstinspires.ftc.robotcore.internal.network.RecvLoopRunnable$1.run(RecvLoopRunnable.java:83)
02-26 20:45:53.200 18885 18993 E RobotCore:     at com.qualcomm.robotcore.util.ThreadPool.logThreadLifeCycle(ThreadPool.java:513)
02-26 20:45:53.201 18885 18993 E RobotCore:     at org.firstinspires.ftc.robotcore.internal.network.RecvLoopRunnable.run(RecvLoopRunnable.java:75)
02-26 20:45:53.201 18885 18993 E RobotCore:     at java.util.concurrent.ThreadPoolExecutor.runWorker(ThreadPoolExecutor.java:1113)
02-26 20:45:53.201 18885 18993 E RobotCore:     at java.util.concurrent.ThreadPoolExecutor$Worker.run(ThreadPoolExecutor.java:588)
02-26 20:45:53.201 18885 18993 E RobotCore:     at java.lang.Thread.run(Thread.java:818)
02-26 20:45:53.201 18885 18993 E RobotCore: thread id=1104 name="bulkInThread"
02-26 20:45:53.201 18885 18993 E RobotCore:     at android.hardware.usb.UsbDeviceConnection.native_bulk_request(Native Method)
02-26 20:45:53.201 18885 18993 E RobotCore:     at android.hardware.usb.UsbDeviceConnection.bulkTransfer(UsbDeviceConnection.java:214)
02-26 20:45:53.201 18885 18993 E RobotCore:     at android.hardware.usb.UsbDeviceConnection.bulkTransfer(UsbDeviceConnection.java:196)
02-26 20:45:53.201 18885 18993 E RobotCore:     at com.ftdi.j2xx.BulkInWorker.run(FT_Device.java:2860)
02-26 20:45:53.201 18885 18993 E RobotCore:     at java.lang.Thread.run(Thread.java:818)
02-26 20:45:53.201 18885 18993 E RobotCore: thread id=1103 name="r/w loop: Modern Robotics USB Core Device Interface Module [AL00VDA6]"
02-26 20:45:53.201 18885 18993 E RobotCore:     at com.qualcomm.robotcore.hardware.usb.ftdi.RobotUsbDeviceFtdi.write(RobotUsbDeviceFtdi.java:173)
02-26 20:45:53.201 18885 18993 E RobotCore:     at com.qualcomm.hardware.modernrobotics.comm.ModernRoboticsReaderWriter.read(ModernRoboticsReaderWriter.java:175)
02-26 20:45:53.201 18885 18993 E RobotCore:     at com.qualcomm.hardware.modernrobotics.comm.ReadWriteRunnableStandard$1.run(ReadWriteRunnableStandard.java:344)
02-26 20:45:53.201 18885 18993 E RobotCore:     at com.qualcomm.robotcore.util.ThreadPool.logThreadLifeCycle(ThreadPool.java:513)
02-26 20:45:53.201 18885 18993 E RobotCore:     at com.qualcomm.hardware.modernrobotics.comm.ReadWriteRunnableStandard.run(ReadWriteRunnableStandard.java:304)
02-26 20:45:53.201 18885 18993 E RobotCore:     at java.util.concurrent.ThreadPoolExecutor.runWorker(ThreadPoolExecutor.java:1113)
02-26 20:45:53.201 18885 18993 E RobotCore:     at java.util.concurrent.ThreadPoolExecutor$Worker.run(ThreadPoolExecutor.java:588)
02-26 20:45:53.201 18885 18993 E RobotCore:     at java.lang.Thread.run(Thread.java:818)
02-26 20:45:53.201 18885 18993 E RobotCore: thread id=1125 name="SoundPlayer"
02-26 20:45:53.201 18885 18993 E RobotCore:     at java.lang.Object.wait(Native Method)
02-26 20:45:53.201 18885 18993 E RobotCore:     at java.lang.Thread.parkFor$(Thread.java:1220)
02-26 20:45:53.202 18885 18993 E RobotCore:     at sun.misc.Unsafe.park(Unsafe.java:299)
02-26 20:45:53.202 18885 18993 E RobotCore:     at java.util.concurrent.locks.LockSupport.park(LockSupport.java:158)
02-26 20:45:53.202 18885 18993 E RobotCore:     at java.util.concurrent.locks.AbstractQueuedSynchronizer$ConditionObject.await(AbstractQueuedSynchronizer.java:2013)
02-26 20:45:53.202 18885 18993 E RobotCore:     at java.util.concurrent.LinkedBlockingQueue.take(LinkedBlockingQueue.java:410)
02-26 20:45:53.202 18885 18993 E RobotCore:     at java.util.concurrent.ThreadPoolExecutor.getTask(ThreadPoolExecutor.java:1038)
02-26 20:45:53.202 18885 18993 E RobotCore:     at java.util.concurrent.ThreadPoolExecutor.runWorker(ThreadPoolExecutor.java:1098)
02-26 20:45:53.202 18885 18993 E RobotCore:     at java.util.concurrent.ThreadPoolExecutor$Worker.run(ThreadPoolExecutor.java:588)
02-26 20:45:53.202 18885 18993 E RobotCore:     at java.lang.Thread.run(Thread.java:818)
02-26 20:45:53.202 18885 18993 E RobotCore: thread id=1076 name="java.lang.ProcessManager"
02-26 20:45:53.202 18885 18993 E RobotCore:     at libcore.io.Posix.waitpid(Native Method)
02-26 20:45:53.202 18885 18993 E RobotCore:     at libcore.io.ForwardingOs.waitpid(ForwardingOs.java:173)
02-26 20:45:53.202 18885 18993 E RobotCore:     at java.lang.ProcessManager.watchChildren(ProcessManager.java:86)
02-26 20:45:53.202 18885 18993 E RobotCore:     at java.lang.ProcessManager.-wrap0(ProcessManager.java)
02-26 20:45:53.202 18885 18993 E RobotCore:     at java.lang.ProcessManager$1.run(ProcessManager.java:58)
02-26 20:45:53.202 18885 18993 E RobotCore: thread id=1113 name="bulkInThread"
02-26 20:45:53.202 18885 18993 E RobotCore:     at android.hardware.usb.UsbDeviceConnection.native_bulk_request(Native Method)
02-26 20:45:53.202 18885 18993 E RobotCore:     at android.hardware.usb.UsbDeviceConnection.bulkTransfer(UsbDeviceConnection.java:214)
02-26 20:45:53.202 18885 18993 E RobotCore:     at android.hardware.usb.UsbDeviceConnection.bulkTransfer(UsbDeviceConnection.java:196)
02-26 20:45:53.202 18885 18993 E RobotCore:     at com.ftdi.j2xx.BulkInWorker.run(FT_Device.java:2860)
02-26 20:45:53.202 18885 18993 E RobotCore:     at java.lang.Thread.run(Thread.java:818)
02-26 20:45:53.202 18885 18993 E RobotCore: thread id=1117 name="processRequestThread"
02-26 20:45:53.202 18885 18993 E RobotCore:     at java.lang.Object.wait(Native Method)
02-26 20:45:53.203 18885 18993 E RobotCore:     at java.lang.Thread.parkFor$(Thread.java:1220)
02-26 20:45:53.203 18885 18993 E RobotCore:     at sun.misc.Unsafe.park(Unsafe.java:299)
02-26 20:45:53.203 18885 18993 E RobotCore:     at java.util.concurrent.locks.LockSupport.park(LockSupport.java:158)
02-26 20:45:53.203 18885 18993 E RobotCore:     at java.util.concurrent.locks.AbstractQueuedSynchronizer.parkAndCheckInterrupt(AbstractQueuedSynchronizer.java:810)
02-26 20:45:53.203 18885 18993 E RobotCore:     at java.util.concurrent.locks.AbstractQueuedSynchronizer.doAcquireSharedInterruptibly(AbstractQueuedSynchronizer.java:971)
02-26 20:45:53.203 18885 18993 E RobotCore:     at java.util.concurrent.locks.AbstractQueuedSynchronizer.acquireSharedInterruptibly(AbstractQueuedSynchronizer.java:1278)
02-26 20:45:53.203 18885 18993 E RobotCore:     at java.util.concurrent.Semaphore.acquire(Semaphore.java:284)
02-26 20:45:53.204 18885 18993 E RobotCore:     at com.ftdi.j2xx.ProcessInCtrl.acquireReadableBuffer(FT_Device.java:2294)
02-26 20:45:53.204 18885 18993 E RobotCore:     at com.ftdi.j2xx.ProcessRequestWorker.run(FT_Device.java:2764)
02-26 20:45:53.204 18885 18993 E RobotCore:     at java.lang.Thread.run(Thread.java:818)
02-26 20:45:53.204 18885 18993 E RobotCore: thread id=1107 name="bulkInThread"
02-26 20:45:53.204 18885 18993 E RobotCore:     at android.hardware.usb.UsbDeviceConnection.native_bulk_request(Native Method)
02-26 20:45:53.204 18885 18993 E RobotCore:     at android.hardware.usb.UsbDeviceConnection.bulkTransfer(UsbDeviceConnection.java:214)
02-26 20:45:53.204 18885 18993 E RobotCore:     at android.hardware.usb.UsbDeviceConnection.bulkTransfer(UsbDeviceConnection.java:196)
02-26 20:45:53.204 18885 18993 E RobotCore:     at com.ftdi.j2xx.BulkInWorker.run(FT_Device.java:2860)
02-26 20:45:53.204 18885 18993 E RobotCore:     at java.lang.Thread.run(Thread.java:818)
02-26 20:45:53.204 18885 18993 E RobotCore: thread id=1070 name="FinalizerDaemon"
02-26 20:45:53.204 18885 18993 E RobotCore:     at java.lang.Object.wait(Native Method)
02-26 20:45:53.204 18885 18993 E RobotCore:     at java.lang.Object.wait(Object.java:423)
02-26 20:45:53.204 18885 18993 E RobotCore:     at java.lang.ref.ReferenceQueue.remove(ReferenceQueue.java:101)
02-26 20:45:53.204 18885 18993 E RobotCore:     at java.lang.ref.ReferenceQueue.remove(ReferenceQueue.java:72)
02-26 20:45:53.204 18885 18993 E RobotCore:     at java.lang.Daemons$FinalizerDaemon.run(Daemons.java:185)
02-26 20:45:53.204 18885 18993 E RobotCore:     at java.lang.Thread.run(Thread.java:818)
02-26 20:45:53.204 18885 18993 E RobotCore: thread id=1093 name="WifiManager"
02-26 20:45:53.204 18885 18993 E RobotCore:     at android.os.MessageQueue.nativePollOnce(Native Method)
02-26 20:45:53.204 18885 18993 E RobotCore:     at android.os.MessageQueue.next(MessageQueue.java:323)
02-26 20:45:53.204 18885 18993 E RobotCore:     at android.os.Looper.loop(Looper.java:135)
02-26 20:45:53.204 18885 18993 E RobotCore:     at android.os.HandlerThread.run(HandlerThread.java:61)
02-26 20:45:53.204 18885 18993 E RobotCore: thread id=1088 name="Thread-1088"
02-26 20:45:53.204 18885 18993 E RobotCore: thread id=1099 name="pool-6-thread-1"
02-26 20:45:53.205 18885 18993 E RobotCore:     at java.lang.Object.wait(Native Method)
02-26 20:45:53.205 18885 18993 E RobotCore:     at java.lang.Thread.parkFor$(Thread.java:1220)
02-26 20:45:53.205 18885 18993 E RobotCore:     at sun.misc.Unsafe.park(Unsafe.java:299)
02-26 20:45:53.205 18885 18993 E RobotCore:     at java.util.concurrent.locks.LockSupport.park(LockSupport.java:158)
02-26 20:45:53.205 18885 18993 E RobotCore:     at java.util.concurrent.locks.AbstractQueuedSynchronizer$ConditionObject.await(AbstractQueuedSynchronizer.java:2013)
02-26 20:45:53.205 18885 18993 E RobotCore:     at java.util.concurrent.LinkedBlockingDeque.takeFirst(LinkedBlockingDeque.java:460)
02-26 20:45:53.205 18885 18993 E RobotCore:     at org.firstinspires.ftc.robotcore.internal.network.RecvLoopRunnable$CommandProcessor.run(RecvLoopRunnable.java:58)
02-26 20:45:53.205 18885 18993 E RobotCore:     at java.util.concurrent.ThreadPoolExecutor.runWorker(ThreadPoolExecutor.java:1113)
02-26 20:45:53.205 18885 18993 E RobotCore:     at java.util.concurrent.ThreadPoolExecutor$Worker.run(ThreadPoolExecutor.java:588)
02-26 20:45:53.205 18885 18993 E RobotCore:     at java.lang.Thread.run(Thread.java:818)
02-26 20:45:53.205 18885 18993 E RobotCore: thread id=1123 name="SoundPlayer looper"
02-26 20:45:53.205 18885 18993 E RobotCore:     at android.os.MessageQueue.nativePollOnce(Native Method)
02-26 20:45:53.205 18885 18993 E RobotCore:     at android.os.MessageQueue.next(MessageQueue.java:323)
02-26 20:45:53.205 18885 18993 E RobotCore:     at android.os.Looper.loop(Looper.java:135)
02-26 20:45:53.205 18885 18993 E RobotCore:     at com.qualcomm.ftccommon.SoundPlayer$1.run(SoundPlayer.java:136)
02-26 20:45:53.205 18885 18993 E RobotCore:     at java.util.concurrent.ThreadPoolExecutor.runWorker(ThreadPoolExecutor.java:1113)
02-26 20:45:53.205 18885 18993 E RobotCore:     at java.util.concurrent.ThreadPoolExecutor$Worker.run(ThreadPoolExecutor.java:588)
02-26 20:45:53.205 18885 18993 E RobotCore:     at java.lang.Thread.run(Thread.java:818)
02-26 20:45:53.205 18885 18993 E RobotCore: thread id=1131 name="pool-1-thread-1"
02-26 20:45:53.205 18885 18993 E RobotCore:     at java.lang.Object.wait(Native Method)
02-26 20:45:53.205 18885 18993 E RobotCore:     at java.lang.Thread.parkFor$(Thread.java:1220)
02-26 20:45:53.205 18885 18993 E RobotCore:     at sun.misc.Unsafe.park(Unsafe.java:299)
02-26 20:45:53.205 18885 18993 E RobotCore:     at java.util.concurrent.locks.LockSupport.parkNanos(LockSupport.java:198)
02-26 20:45:53.206 18885 18993 E RobotCore:     at java.util.concurrent.locks.AbstractQueuedSynchronizer$ConditionObject.awaitNanos(AbstractQueuedSynchronizer.java:2053)
02-26 20:45:53.206 18885 18993 E RobotCore:     at java.util.concurrent.ScheduledThreadPoolExecutor$DelayedWorkQueue.take(ScheduledThreadPoolExecutor.java:1090)
02-26 20:45:53.206 18885 18993 E RobotCore:     at java.util.concurrent.ScheduledThreadPoolExecutor$DelayedWorkQueue.take(ScheduledThreadPoolExecutor.java:1071)
02-26 20:45:53.206 18885 18993 E RobotCore:     at java.util.concurrent.ThreadPoolExecutor.getTask(ThreadPoolExecutor.java:1038)
02-26 20:45:53.206 18885 18993 E RobotCore:     at java.util.concurrent.ThreadPoolExecutor.runWorker(ThreadPoolExecutor.java:1098)
02-26 20:45:53.206 18885 18993 E RobotCore:     at java.util.concurrent.ThreadPoolExecutor$Worker.run(ThreadPoolExecutor.java:588)
02-26 20:45:53.206 18885 18993 E RobotCore:     at java.lang.Thread.run(Thread.java:818)
02-26 20:45:53.206 18885 18993 E RobotCore: thread id=1077 name="AsyncTask #1"
02-26 20:45:53.206 18885 18993 E RobotCore:     at java.lang.Object.wait(Native Method)
02-26 20:45:53.206 18885 18993 E RobotCore:     at java.lang.Thread.parkFor$(Thread.java:1220)
02-26 20:45:53.206 18885 18993 E RobotCore:     at sun.misc.Unsafe.park(Unsafe.java:299)
02-26 20:45:53.206 18885 18993 E RobotCore:     at java.util.concurrent.locks.LockSupport.park(LockSupport.java:158)
02-26 20:45:53.206 18885 18993 E RobotCore:     at java.util.concurrent.locks.AbstractQueuedSynchronizer$ConditionObject.await(AbstractQueuedSynchronizer.java:2013)
02-26 20:45:53.206 18885 18993 E RobotCore:     at java.util.concurrent.LinkedBlockingQueue.take(LinkedBlockingQueue.java:410)
02-26 20:45:53.206 18885 18993 E RobotCore:     at java.util.concurrent.ThreadPoolExecutor.getTask(ThreadPoolExecutor.java:1038)
02-26 20:45:53.206 18885 18993 E RobotCore:     at java.util.concurrent.ThreadPoolExecutor.runWorker(ThreadPoolExecutor.java:1098)
02-26 20:45:53.206 18885 18993 E RobotCore:     at java.util.concurrent.ThreadPoolExecutor$Worker.run(ThreadPoolExecutor.java:588)
02-26 20:45:53.206 18885 18993 E RobotCore:     at java.lang.Thread.run(Thread.java:818)
02-26 20:45:53.206 18885 18993 E RobotCore: thread id=1069 name="ReferenceQueueDaemon"
02-26 20:45:53.206 18885 18993 E RobotCore:     at java.lang.Object.wait(Native Method)
02-26 20:45:53.206 18885 18993 E RobotCore:     at java.lang.Daemons$ReferenceQueueDaemon.run(Daemons.java:147)
02-26 20:45:53.206 18885 18993 E RobotCore:     at java.lang.Thread.run(Thread.java:818)
02-26 20:45:53.206 18885 18993 E RobotCore: thread id=1114 name="processRequestThread"
02-26 20:45:53.207 18885 18993 E RobotCore:     at java.lang.Object.wait(Native Method)
02-26 20:45:53.207 18885 18993 E RobotCore:     at java.lang.Thread.parkFor$(Thread.java:1220)
02-26 20:45:53.207 18885 18993 E RobotCore:     at sun.misc.Unsafe.park(Unsafe.java:299)
02-26 20:45:53.207 18885 18993 E RobotCore:     at java.util.concurrent.locks.LockSupport.park(LockSupport.java:158)
