03-24 21:57:04.395 19927 20010 V Robocol : received command: CMD_REQUEST_OP_MODE_LIST_RESP(15) [{"flavor":"AUTONOMOUS","group":"Encoder Autonomous","name":"BeaconBlue"},{"flavor":"AUTONOMOUS","group":"Encoder Autonomous","name":"BeaconBlueCapBall"},{"flavor":"AUTONOMOUS","group":"Encoder Autonomous","name":"BeaconBlueEnc"},{"flavor":"AUTONOMOUS","group":"Encoder Autonomous","name":"BeaconBlueEncCapBall"},{"flavor":"AUTONOMOUS","group":"Encoder Autonomous","name":"BeaconRed"},{"flavor":"AUTONOMOUS","group":"Encoder Autonomous","name":"BeaconRedCapBall"},{"flavor":"AUTONOMOUS","group":"Encoder Autonomous","name":"BeaconRedEnc"},{"flavor":"AUTONOMOUS","group":"Encoder Autonomous","name":"BeaconRedEncCapBall"},{"flavor":"AUTONOMOUS","group":"Encoder Autonomous","name":"CapBallCloseBlue"},{"flavor":"AUTONOMOUS","group":"Encoder Autonomous","name":"CapBallCloseRed"},{"flavor":"AUTONOMOUS","group":"Encoder Autonomous","name":"CapBallFarBlue"},{"flavor":"AUTONOMOUS","group":"Encoder Autonomous","name":"CapBallFarRed"},{"flavor":"AUTONOMOUS","group":"Encoder Autonomous","name":"ShootBackUpBlue"},{"flavor":"AUTONOMOUS","group":"Encoder Autonomous","name":"ShootBackUpRed"},{"flavor":"AUTONOMOUS","group":"Encoder Autonomous","name":"ShootDefenseBlueMiddle"},{"flavor":"AUTONOMOUS","group":"Encoder Autonomous","name":"ShootDefenseBlueShootBlock"},{"flavor":"AUTONOMOUS","group":"Encoder Autonomous","name":"ShootDefenseRedMiddle"},{"flavor":"AUTONOMOUS","group":"Encoder Autonomous","name":"ShootDefenseRedShootBlock"},{"flavor":"AUTONOMOUS","group":"Encoder Autonomous","name":"ShootDefenseRedShootBlockAlt"},{"flavor":"AUTONOMOUS","group":"Encoder Autonomous","name":"ShootOnlyClose"},{"flavor":"AUTONOMOUS","group":"Encoder Autonomous","name":"ShootOnlyRedClose"},{"flavor":"AUTONOMOUS","group":"Encoder Autonomous","name":"ShootTwoBlue"},{"flavor":"AUTONOMOUS","group":"Encoder Autonomous","name":"ShootTwoRed"},{"flavor":"AUTONOMOUS","group":"Autonomous","name":"Autonomous"},{"flavor":"AUTONOMOUS","group":"Testing","name":"BeaconScoreTest"},{"flavor":"AUTONOMOUS","group":"Testing","name":"ColorTest"},{"flavor":"AUTONOMOUS","group":"Testing","name":"EncoderDriveTest"},{"flavor":"AUTONOMOUS","group":"Testing","name":"EncoderGyroTest"},{"flavor":"AUTONOMOUS","group":"Testing","name":"EncoderOneStraightTest"},{"flavor":"AUTONOMOUS","group":"Testing","name":"EncoderTurnTest"},{"flavor":"AUTONOMOUS","group":"Testing","name":"ShootingTest"},{"flavor":"AUTONOMOUS","group":"Testing","name":"WhiteLineTest"},{"flavor":"TELEOP","group":"$$$$$$$","name":"TeleOp"},{"flavor":"TELEOP","group":"$$$$$$$","name":"TeleOpPID"},{"flavor":"TELEOP","group":"$$$$$$$","name":"TeleOpTestBench"},{"flavor":"AUTONOMOUS","group":"concept","name":"SelectorTest"}]
03-24 21:57:04.395 19927 20010 V Robocol : received command: CMD_INIT_OP_MODE(10009) $Stop$Robot$
03-24 21:57:04.397 19927 20010 V Robocol : received command: CMD_REQUEST_USER_SENSOR_LIST_RESP(16) [{"description":"a MR compass sensor","flavor":"I2C","name":"MR Compass Sensor","xmlTag":"ModernRoboticsI2cCompassSensor"},{"description":"an Adafruit IMU","flavor":"I2C","name":"Adafruit IMU","xmlTag":"AdafruitBNO055IMU"},{"description":"a MR range sensor","flavor":"I2C","name":"MR Range Sensor","xmlTag":"ModernRoboticsI2cRangeSensor"}]
03-24 21:57:04.397 19927 20010 V Robocol : received command: CMD_REQUEST_ACTIVE_CONFIGURATION_RESP(19) {"isDirty":false,"location":"LOCAL_STORAGE","name":"TBDName-fix","resourceId":0}
03-24 21:57:04.628 19927 19995 V RobotCore: Starting up device AL00VM5X
03-24 21:57:04.631 19927 20028 V RobotCore: thread: 'r/w loop: Modern Robotics USB DC Motor Controller [AL00VM5X]' starting...
03-24 21:57:04.631 19927 19995 D RobotCore: ...arming modern motor controller Modern Robotics USB DC Motor Controller [AL00VM5X] complete
03-24 21:57:04.660 19927 19995 V RobotCore: Creating Modern Robotics USB Servo Controller [AL026DRM]
03-24 21:57:04.660 19927 19995 D RobotCore: arming modern servo controller Modern Robotics USB Servo Controller [AL026DRM]...
03-24 21:57:04.664 19927 19995 V D2xx::  : Vendor: 0403, Product: 6001
03-24 21:57:04.667 19927 19995 V D2xx::  : Vendor: 0403, Product: 6001
03-24 21:57:04.671 19927 19995 V D2xx::  : Vendor: 0403, Product: 6001
03-24 21:57:04.674 19927 19995 V D2xx::  : Vendor: 0403, Product: 6001
03-24 21:57:04.676 19927 19995 V D2xx::  : Vendor: 0403, Product: 6001
03-24 21:57:04.677 19927 19995 V D2xx::  : Vendor: 0403, Product: 6001
03-24 21:57:04.678 19927 19995 V D2xx::  : Vendor: 0403, Product: 6001
03-24 21:57:04.680 19927 19995 D FTDI_Device::: open SUCCESS
03-24 21:57:04.680 19927 19995 I FTDI_Device::: EP: 0x81
03-24 21:57:04.681 19927 19995 I FTDI_Device::: EP: 0x02
03-24 21:57:04.681 19927 19995 D D2XX::  : **********************Device Opened**********************
03-24 21:57:04.835 19927 20025 E MRReaderWriter: AL00VDA6: comm timeout write: header: unable to read 5 bytes in 164 ms: [55 aa 00 cf 01]
03-24 21:57:04.836 19927 20025 W RobotCore: could not write to Modern Robotics USB Core Device Interface Module [AL00VDA6]: comm timeout write: header: unable to read 5 bytes in 164 ms
03-24 21:57:05.089 19927 19995 V RobotCore: Starting up device AL026DRM
03-24 21:57:05.091 19927 20031 V RobotCore: thread: 'r/w loop: Modern Robotics USB Servo Controller [AL026DRM]' starting...
03-24 21:57:05.092 19927 19995 D RobotCore: ...arming modern servo controller Modern Robotics USB Servo Controller [AL026DRM] complete
03-24 21:57:05.092 19927 19995 V RobotCore: Creating Modern Robotics USB DC Motor Controller [AI049PCI]
03-24 21:57:05.093 19927 19995 D RobotCore: arming modern motor controller Modern Robotics USB DC Motor Controller [AI049PCI]...
03-24 21:57:05.094 19927 19995 V D2xx::  : Vendor: 0403, Product: 6001
03-24 21:57:05.096 19927 19995 V D2xx::  : Vendor: 0403, Product: 6001
03-24 21:57:05.098 19927 19995 V D2xx::  : Vendor: 0403, Product: 6001
03-24 21:57:05.099 19927 19995 V D2xx::  : Vendor: 0403, Product: 6001
03-24 21:57:05.102 19927 19995 V D2xx::  : Vendor: 0403, Product: 6001
03-24 21:57:05.104 19927 19995 V D2xx::  : Vendor: 0403, Product: 6001
03-24 21:57:05.105 19927 19995 V D2xx::  : Vendor: 0403, Product: 6001
03-24 21:57:05.108 19927 19995 D FTDI_Device::: open SUCCESS
03-24 21:57:05.108 19927 19995 I FTDI_Device::: EP: 0x81
03-24 21:57:05.108 19927 19995 I FTDI_Device::: EP: 0x02
03-24 21:57:05.108 19927 19995 D D2XX::  : **********************Device Opened**********************
03-24 21:57:05.520 19927 19995 V RobotCore: Starting up device AI049PCI
03-24 21:57:05.522 19927 20034 V RobotCore: thread: 'r/w loop: Modern Robotics USB DC Motor Controller [AI049PCI]' starting...
03-24 21:57:05.523 19927 19995 D RobotCore: ...arming modern motor controller Modern Robotics USB DC Motor Controller [AI049PCI] complete
03-24 21:57:05.563 19927 19995 V RobotCore: Creating Modern Robotics USB DC Motor Controller [AL00VM5S]
03-24 21:57:05.564 19927 19995 D RobotCore: arming modern motor controller Modern Robotics USB DC Motor Controller [AL00VM5S]...
03-24 21:57:05.565 19927 19995 V D2xx::  : Vendor: 0403, Product: 6001
03-24 21:57:05.566 19927 19995 V D2xx::  : Vendor: 0403, Product: 6001
03-24 21:57:05.569 19927 19995 V D2xx::  : Vendor: 0403, Product: 6001
03-24 21:57:05.571 19927 19995 V D2xx::  : Vendor: 0403, Product: 6001
03-24 21:57:05.572 19927 19995 V D2xx::  : Vendor: 0403, Product: 6001
03-24 21:57:05.574 19927 19995 V D2xx::  : Vendor: 0403, Product: 6001
03-24 21:57:05.576 19927 19995 V D2xx::  : Vendor: 0403, Product: 6001
03-24 21:57:05.579 19927 19995 D FTDI_Device::: open SUCCESS
03-24 21:57:05.579 19927 19995 I FTDI_Device::: EP: 0x81
03-24 21:57:05.579 19927 19995 I FTDI_Device::: EP: 0x02
03-24 21:57:05.579 19927 19995 D D2XX::  : **********************Device Opened**********************
03-24 21:57:05.992 19927 19995 V RobotCore: Starting up device AL00VM5S
03-24 21:57:05.993 19927 20037 V RobotCore: thread: 'r/w loop: Modern Robotics USB DC Motor Controller [AL00VM5S]' starting...
03-24 21:57:05.994 19927 19995 D RobotCore: ...arming modern motor controller Modern Robotics USB DC Motor Controller [AL00VM5S] complete
03-24 21:57:06.049 19927 19995 V RobotCore: Creating Modern Robotics USB DC Motor Controller [AL00YCFA]
03-24 21:57:06.049 19927 19995 D RobotCore: arming modern motor controller Modern Robotics USB DC Motor Controller [AL00YCFA]...
03-24 21:57:06.051 19927 19995 V D2xx::  : Vendor: 0403, Product: 6001
03-24 21:57:06.052 19927 19995 V D2xx::  : Vendor: 0403, Product: 6001
03-24 21:57:06.053 19927 19995 V D2xx::  : Vendor: 0403, Product: 6001
03-24 21:57:06.055 19927 19995 V D2xx::  : Vendor: 0403, Product: 6001
03-24 21:57:06.057 19927 19995 V D2xx::  : Vendor: 0403, Product: 6001
03-24 21:57:06.059 19927 19995 V D2xx::  : Vendor: 0403, Product: 6001
03-24 21:57:06.060 19927 19995 V D2xx::  : Vendor: 0403, Product: 6001
03-24 21:57:06.063 19927 19995 D FTDI_Device::: open SUCCESS
03-24 21:57:06.063 19927 19995 I FTDI_Device::: EP: 0x81
03-24 21:57:06.063 19927 19995 I FTDI_Device::: EP: 0x02
03-24 21:57:06.063 19927 19995 D D2XX::  : **********************Device Opened**********************
03-24 21:57:06.481 19927 19995 V RobotCore: Starting up device AL00YCFA
03-24 21:57:06.483 19927 20040 V RobotCore: thread: 'r/w loop: Modern Robotics USB DC Motor Controller [AL00YCFA]' starting...
03-24 21:57:06.484 19927 19995 D RobotCore: ...arming modern motor controller Modern Robotics USB DC Motor Controller [AL00YCFA] complete
03-24 21:57:06.548 19927 19995 V RobotCore: Creating Modern Robotics USB Core Device Interface Module [AI041S6Y]
03-24 21:57:06.550 19927 19995 V D2xx::  : Vendor: 0403, Product: 6001
03-24 21:57:06.552 19927 19995 V D2xx::  : Vendor: 0403, Product: 6001
03-24 21:57:06.554 19927 19995 V D2xx::  : Vendor: 0403, Product: 6001
03-24 21:57:06.555 19927 19995 V D2xx::  : Vendor: 0403, Product: 6001
03-24 21:57:06.556 19927 19995 V D2xx::  : Vendor: 0403, Product: 6001
03-24 21:57:06.558 19927 19995 V D2xx::  : Vendor: 0403, Product: 6001
03-24 21:57:06.560 19927 19995 V D2xx::  : Vendor: 0403, Product: 6001
03-24 21:57:06.563 19927 19995 D FTDI_Device::: open SUCCESS
03-24 21:57:06.563 19927 19995 I FTDI_Device::: EP: 0x81
03-24 21:57:06.563 19927 19995 I FTDI_Device::: EP: 0x02
03-24 21:57:06.564 19927 19995 D D2XX::  : **********************Device Opened**********************
03-24 21:57:06.991 19927 19995 V RobotCore: Starting up device AI041S6Y
03-24 21:57:06.992 19927 20044 V RobotCore: thread: 'r/w loop: Modern Robotics USB Core Device Interface Module [AI041S6Y]' starting...
03-24 21:57:06.993 19927 19995 V RobotCore: Creating I2C Device - Port: 0
03-24 21:57:07.018 19927 19995 I RobotCore: Analytics has completed initialization.
03-24 21:57:07.018 19927 19995 I RobotCore: ========= Device Information ===================================================
03-24 21:57:07.018 19927 19995 I RobotCore: Type                                               Name                           Connection
03-24 21:57:07.019 19927 19995 I RobotCore: DC Motor                                           LiftMotor                      USB AI049PCI; port 2
03-24 21:57:07.019 19927 19995 I RobotCore: DC Motor                                           FlyWheelMotor                  USB AL00VM5X; port 1
03-24 21:57:07.019 19927 19995 I RobotCore: I2cDevice                                          navx                           USB AI041S6Y; port 0
03-24 21:57:07.019 19927 19995 I RobotCore: DC Motor                                           LiftMotor2                     USB AL00VM5X; port 2
03-24 21:57:07.019 19927 19995 I RobotCore: Modern Robotics USB DC Motor Controller v2.0       Right Drive Train              USB AL00VM5S
03-24 21:57:07.019 19927 19995 I RobotCore: DC Motor                                           RightBackMotor                 USB AL00VM5S; port 2
03-24 21:57:07.019 19927 19995 I RobotCore: DC Motor                                           LeftBackMotor                  USB AL00YCFA; port 2
03-24 21:57:07.019 19927 19995 I RobotCore: Modern Robotics USB DC Motor Controller v2.0       Launch & Lift Motor Controller USB AL00VM5X
03-24 21:57:07.019 19927 19995 I RobotCore: Modern Robotics I2C Color Sensor                   beaconColorSensor              USB AL00VDA6; I2C port: 4
03-24 21:57:07.019 19927 19995 I RobotCore: DC Motor                                           IntakeA                        USB AI049PCI; port 1
03-24 21:57:07.020 19927 19995 I RobotCore: Modern Robotics Range Sensor v1.2                  beaconRange                    USB AL00VDA6; port 2
03-24 21:57:07.020 19927 19995 I RobotCore: Modern Robotics USB DC Motor Controller v2.0       Left Drive Train               USB AL00YCFA
03-24 21:57:07.020 19927 19995 I RobotCore: Modern Robotics I2C Color Sensor                   lineColorSensor                USB AL00VDA6; I2C port: 3
03-24 21:57:07.020 19927 19995 I RobotCore: Continuous Rotation Servo                          IntakeB2                       USB AL026DRM; port 5
03-24 21:57:07.020 19927 19995 I RobotCore: Continuous Rotation Servo                          IntakeB1                       USB AL026DRM; port 4
03-24 21:57:07.020 19927 19995 I RobotCore: DC Motor                                           LeftFrontMotor                 USB AL00YCFA; port 1
03-24 21:57:07.020 19927 19995 I RobotCore: Servo                                              BeaconServo                    USB AL026DRM; port 3
03-24 21:57:07.020 19927 19995 I RobotCore: Modern Robotics USB DC Motor Controller v2.0       Intake Motor Controller        USB AI049PCI
03-24 21:57:07.020 19927 19995 I RobotCore: DC Motor                                           RightFrontMotor                USB AL00VM5S; port 1
03-24 21:57:07.020 19927 19995 I RobotCore: Modern Robotics USB Core Device Interface Module v2.0 navX mxp Device Interface Module USB AI041S6Y
03-24 21:57:07.021 19927 19995 I RobotCore: Modern Robotics USB Servo Controller v2.0          Servo Controller               USB AL026DRM
03-24 21:57:07.021 19927 19995 I RobotCore: Servo                                              CapBallServoRight              USB AL026DRM; port 1
03-24 21:57:07.021 19927 19995 I RobotCore: Modern Robotics USB Core Device Interface Module v2.0 Device Interface Module        USB AL00VDA6
03-24 21:57:07.021 19927 19995 I RobotCore: Servo                                              CapBallServoLeft               USB AL026DRM; port 2
03-24 21:57:07.021 19927 19995 I FIRST   : ======= INIT FINISH =======
03-24 21:57:07.021 19927 19995 V RobotCore: EventLoopManager state is RUNNING
03-24 21:57:07.021 19927 19995 V RobotCore: Robot Status: running, starting robot
03-24 21:57:07.021 19927 19995 V RobotCore: Robot Status: running
03-24 21:57:07.023 19927 19995 V RobotCore: thread: ...terminating 'RobotSetupRunnable.run()'
03-24 21:57:07.027 19927 20045 V RobotCore: thread: 'opmode loop()' starting...
03-24 21:57:07.035 19927 20017 D MediaPlayer: setSubtitleAnchor in MediaPlayer
03-24 21:57:07.035 19927 19927 D MediaPlayer: setSubtitleAnchor in MediaPlayer
03-24 21:57:07.050 19927 20015 D ExtendedUtils: extended extractor not needed, return default
03-24 21:57:07.050 19927 20015 I MediaCodec: (0xb8978a88) init name(audio/raw) isType(1) encoder(0)
03-24 21:57:07.053 19927 20049 I OMXClient: Using client-side OMX mux.
03-24 21:57:07.065 19927 20049 E OMXMaster: A component of name 'OMX.qcom.audio.decoder.aac' already exists, ignoring this one.
03-24 21:57:07.069 19927 20049 I MediaCodec: (0xb8978a88) Component Allocated (OMX.google.raw.decoder)
03-24 21:57:07.069 19927 20015 I MediaCodec: (0xb8978a88) configure surface(0x0) crypto(0x0) flags(0)
03-24 21:57:07.069 19927 20015 D MediaCodec: (0xb8978a88) configure format: AMessage(what = 0x00000000) = {
03-24 21:57:07.069 19927 20015 D MediaCodec:    string mime = "audio/raw"
03-24 21:57:07.069 19927 20015 D MediaCodec:    int64_t durationUs = 1019125
03-24 21:57:07.069 19927 20015 D MediaCodec:    int32_t channel-count = 1
03-24 21:57:07.069 19927 20015 D MediaCodec:    int32_t sample-rate = 8000
03-24 21:57:07.069 19927 20015 D MediaCodec:    int32_t channel-mask = 0
03-24 21:57:07.069 19927 20015 D MediaCodec:  }
03-24 21:57:07.070 19927 20015 I MediaCodec: (0xb8978a88) start
03-24 21:57:07.071 19927 20049 I MediaCodec: (0xb8978a88) input buffers allocated
03-24 21:57:07.071 19927 20049 I MediaCodec: (0xb8978a88) numBuffers (4)
03-24 21:57:07.071 19927 20049 I MediaCodec: (0xb8978a88) output buffers allocated
03-24 21:57:07.071 19927 20049 I MediaCodec: (0xb8978a88) numBuffers (4)
03-24 21:57:07.075 19927 20049 I MediaCodec: (0xb8978a88) codec output format changed
03-24 21:57:07.075 19927 20049 D MediaCodec: (0xb8978a88) output format: AMessage(what = 'codc', target = 6) = {
03-24 21:57:07.075 19927 20049 D MediaCodec:    string mime = "audio/raw"
03-24 21:57:07.075 19927 20049 D MediaCodec:    int32_t channel-count = 1
03-24 21:57:07.075 19927 20049 D MediaCodec:    int32_t sample-rate = 8000
03-24 21:57:07.075 19927 20049 D MediaCodec:    int32_t channel-mask = 0
03-24 21:57:07.075 19927 20049 D MediaCodec:    int32_t what = 1869968451
03-24 21:57:07.075 19927 20049 D MediaCodec:  }
03-24 21:57:07.080 19927 20015 I MediaCodec: (0xb8978a88) stop
03-24 21:57:07.081 19927 20015 I MediaCodec: (0xb8978a88) release
03-24 21:57:07.116 19927 20017 W AudioTrack: AUDIO_OUTPUT_FLAG_FAST denied by client; transfer 4, track 8000 Hz, output 48000 Hz
03-24 21:57:07.534 19927 20045 I RobotCore: Attempting to switch to op mode $Stop$Robot$
03-24 21:57:07.617 19927 20013 V Robocol : sending CMD_INIT_OP_MODE_RESP(56), attempt: 0
03-24 21:57:07.753 19927 20010 V Robocol : received command: CMD_INIT_OP_MODE_RESP(56) $Stop$Robot$
03-24 21:57:07.788 19927 20045 I RobotCore: robot battery read duration: n=4, mean=0.015ms sd=0.022ms
03-24 21:57:19.301 19927 20010 V Robocol : received command: CMD_INIT_OP_MODE(10184) BeaconRedEncCapBall
03-24 21:57:19.305 19927 20045 I RobotCore: Attempting to switch to op mode BeaconRedEncCapBall
03-24 21:57:19.380 19927 20045 I RobotCore: Modern Robotics I2C Color Sensor, just changed I2C address. Original address: 60, new address: 92
03-24 21:57:19.380 19927 20045 I RobotCore: Modern Robotics I2C Color Sensor, just changed I2C address. Original address: 60, new address: 76
03-24 21:57:19.538 19927 20013 V Robocol : sending CMD_INIT_OP_MODE_RESP(222), attempt: 0
03-24 21:57:19.581 19927 20010 V Robocol : received command: CMD_INIT_OP_MODE_RESP(222) BeaconRedEncCapBall
03-24 21:57:20.021 19927 20010 V Robocol : received command: CMD_RUN_OP_MODE(10197) BeaconRedEncCapBall
03-24 21:57:20.057 19927 20013 V Robocol : sending CMD_RUN_OP_MODE_RESP(235), attempt: 0
03-24 21:57:20.101 19927 20010 V Robocol : received command: CMD_RUN_OP_MODE_RESP(235) BeaconRedEncCapBall
03-24 21:57:24.365 19927 20045 D MRMotorController: mode resend: motor=[AL00YCFA,1] mode=STOP_AND_RESET_ENCODER
03-24 21:57:24.509 19927 20045 D MRMotorController: mode resend: motor=[AL00VM5S,1] mode=STOP_AND_RESET_ENCODER
03-24 21:57:25.582 19927 20045 D MRMotorController: mode resend: motor=[AL00VM5S,1] mode=STOP_AND_RESET_ENCODER
03-24 21:57:29.371 19927 20045 D MRMotorController: mode resend: motor=[AL00YCFA,1] mode=STOP_AND_RESET_ENCODER
03-24 21:57:29.525 19927 20045 D MRMotorController: mode resend: motor=[AL00VM5S,1] mode=STOP_AND_RESET_ENCODER
03-24 21:57:30.277 19927 20045 D MRMotorController: mode resend: motor=[AL00VM5S,1] mode=STOP_AND_RESET_ENCODER
03-24 21:57:32.829 19927 20045 D RobotCore: Attempted to stop robot at 17.0
03-24 21:57:33.378 19927 19927 D MediaPlayer: setSubtitleAnchor in MediaPlayer
03-24 21:57:33.378 19927 20017 D MediaPlayer: setSubtitleAnchor in MediaPlayer
03-24 21:57:33.394 19927 20015 D ExtendedUtils: extended extractor not needed, return default
03-24 21:57:33.396 19927 20015 I MediaCodec: (0xb8945b10) init name(audio/mpeg) isType(1) encoder(0)
03-24 21:57:33.404 19927 20064 I OMXClient: Using client-side OMX mux.
03-24 21:57:33.412 19927 20064 E OMXMaster: A component of name 'OMX.qcom.audio.decoder.aac' already exists, ignoring this one.
03-24 21:57:33.433 19927 20064 I MediaCodec: (0xb8945b10) Component Allocated (OMX.google.mp3.decoder)
03-24 21:57:33.433 19927 20015 I MediaCodec: (0xb8945b10) configure surface(0x0) crypto(0x0) flags(0)
03-24 21:57:33.433 19927 20015 D MediaCodec: (0xb8945b10) configure format: AMessage(what = 0x00000000) = {
03-24 21:57:33.433 19927 20015 D MediaCodec:    string mime = "audio/mpeg"
03-24 21:57:33.433 19927 20015 D MediaCodec:    int64_t durationUs = 2063673
03-24 21:57:33.433 19927 20015 D MediaCodec:    int32_t bit-rate = 160000
03-24 21:57:33.433 19927 20015 D MediaCodec:    int32_t channel-count = 2
03-24 21:57:33.433 19927 20015 D MediaCodec:    int32_t sample-rate = 44100
03-24 21:57:33.433 19927 20015 D MediaCodec:    int32_t encoder-delay = 576
03-24 21:57:33.433 19927 20015 D MediaCodec:    int32_t encoder-padding = 2232
03-24 21:57:33.433 19927 20015 D MediaCodec:    int32_t bitrate = 160000
03-24 21:57:33.433 19927 20015 D MediaCodec:  }
03-24 21:57:33.435 19927 20015 I MediaCodec: (0xb8945b10) start
03-24 21:57:33.436 19927 20064 I MediaCodec: (0xb8945b10) input buffers allocated
03-24 21:57:33.436 19927 20064 I MediaCodec: (0xb8945b10) numBuffers (4)
03-24 21:57:33.436 19927 20064 I MediaCodec: (0xb8945b10) output buffers allocated
03-24 21:57:33.436 19927 20064 I MediaCodec: (0xb8945b10) numBuffers (4)
03-24 21:57:33.442 19927 20064 I MediaCodec: (0xb8945b10) codec output format changed
03-24 21:57:33.442 19927 20064 D MediaCodec: (0xb8945b10) output format: AMessage(what = 'codc', target = 10) = {
03-24 21:57:33.442 19927 20064 D MediaCodec:    string mime = "audio/raw"
03-24 21:57:33.442 19927 20064 D MediaCodec:    int32_t channel-count = 2
03-24 21:57:33.442 19927 20064 D MediaCodec:    int32_t sample-rate = 44100
03-24 21:57:33.442 19927 20064 D MediaCodec:    int32_t what = 1869968451
03-24 21:57:33.442 19927 20064 D MediaCodec:  }
03-24 21:57:33.673 19927 20015 E MP3Extractor: Unable to resync. Signalling end of stream.
03-24 21:57:33.680 19927 20015 I MediaCodec: (0xb8945b10) stop
03-24 21:57:33.682 19927 20015 I MediaCodec: (0xb8945b10) release
03-24 21:57:33.693 19927 20017 W AudioTrack: AUDIO_OUTPUT_FLAG_FAST denied by client; transfer 4, track 44100 Hz, output 48000 Hz
03-24 21:57:37.660 19927 20010 V Robocol : received command: CMD_INIT_OP_MODE(10415) $Stop$Robot$
03-24 21:57:37.681 19927 20045 I RobotCore: Attempting to switch to op mode $Stop$Robot$
03-24 21:57:37.737 19927 20013 V Robocol : sending CMD_INIT_OP_MODE_RESP(472), attempt: 0
03-24 21:57:37.823 19927 20010 V Robocol : received command: CMD_INIT_OP_MODE_RESP(472) $Stop$Robot$
03-24 21:57:37.823 19927 20010 V Robocol : received command: CMD_RUN_OP_MODE(10421) $Stop$Robot$
03-24 21:57:37.857 19927 20013 V Robocol : sending CMD_RUN_OP_MODE_RESP(478), attempt: 0
03-24 21:57:37.901 19927 20010 V Robocol : received command: CMD_RUN_OP_MODE_RESP(478) $Stop$Robot$
03-24 21:57:53.941 19927 20010 V Robocol : received command: CMD_INIT_OP_MODE(10623) $Stop$Robot$
03-24 21:57:53.946 19927 20045 I RobotCore: Attempting to switch to op mode $Stop$Robot$
03-24 21:57:54.017 19927 20013 V Robocol : sending CMD_INIT_OP_MODE_RESP(700), attempt: 0
03-24 21:57:54.104 19927 20010 V Robocol : received command: CMD_INIT_OP_MODE_RESP(700) $Stop$Robot$
03-24 21:57:54.105 19927 20010 V Robocol : received command: CMD_RUN_OP_MODE(10630) $Stop$Robot$
03-24 21:57:54.137 19927 20013 V Robocol : sending CMD_RUN_OP_MODE_RESP(706), attempt: 0
03-24 21:57:54.181 19927 20010 V Robocol : received command: CMD_RUN_OP_MODE_RESP(706) $Stop$Robot$
03-24 21:57:54.901 19927 20010 V Robocol : received command: CMD_INIT_OP_MODE(10646) TeleOpPID
03-24 21:57:54.909 19927 20045 I RobotCore: Attempting to switch to op mode TeleOpPID
03-24 21:57:55.252 19927 20045 I RobotCore: Modern Robotics I2C Color Sensor, just changed I2C address. Original address: 92, new address: 92
03-24 21:57:55.252 19927 20045 I RobotCore: Modern Robotics I2C Color Sensor, just changed I2C address. Original address: 76, new address: 76
03-24 21:57:55.297 19927 20013 V Robocol : sending CMD_INIT_OP_MODE_RESP(728), attempt: 0
03-24 21:57:55.380 19927 20010 V Robocol : received command: CMD_INIT_OP_MODE_RESP(728) TeleOpPID
03-24 21:57:55.640 19927 20010 V Robocol : received command: CMD_RUN_OP_MODE(10658) TeleOpPID
03-24 21:57:55.657 19927 20013 V Robocol : sending CMD_RUN_OP_MODE_RESP(737), attempt: 0
03-24 21:57:55.661 19927 20010 V Robocol : received command: CMD_RUN_OP_MODE_RESP(737) TeleOpPID
03-24 21:58:19.361 19927 19927 D UsbDeviceConnectionJNI: close
03-24 21:58:19.363 19927 20041 D BulkIn::: Stop BulkIn thread
03-24 21:58:19.363 19927 20041 W System.err: java.lang.NullPointerException: Attempt to invoke virtual method 'int com.ftdi.j2xx.D2xxManager$DriverParameters.getBufferNumber()' on a null object reference
03-24 21:58:19.363 19927 20041 W System.err: 	at com.ftdi.j2xx.ProcessInCtrl.releaseWritableBuffers(FT_Device.java:2672)
03-24 21:58:19.363 19927 20041 W System.err: 	at com.ftdi.j2xx.BulkInWorker.run(FT_Device.java:2879)
03-24 21:58:19.363 19927 20041 W System.err: 	at java.lang.Thread.run(Thread.java:818)
03-24 21:58:19.363 19927 20042 D ProcessRequestThread::: Device has been closed.
03-24 21:58:19.363 19927 20042 W System.err: java.lang.InterruptedException
03-24 21:58:19.363 19927 20042 W System.err: 	at java.util.concurrent.locks.AbstractQueuedSynchronizer.doAcquireSharedInterruptibly(AbstractQueuedSynchronizer.java:972)
03-24 21:58:19.363 19927 20042 W System.err: 	at java.util.concurrent.locks.AbstractQueuedSynchronizer.acquireSharedInterruptibly(AbstractQueuedSynchronizer.java:1278)
03-24 21:58:19.363 19927 20042 W System.err: 	at java.util.concurrent.Semaphore.acquire(Semaphore.java:284)
03-24 21:58:19.363 19927 20042 W System.err: 	at com.ftdi.j2xx.ProcessInCtrl.acquireReadableBuffer(FT_Device.java:2294)
03-24 21:58:19.363 19927 20042 W System.err: 	at com.ftdi.j2xx.ProcessRequestWorker.run(FT_Device.java:2764)
03-24 21:58:19.363 19927 20042 W System.err: 	at java.lang.Thread.run(Thread.java:818)
03-24 21:58:19.364 19927 20044 W RobotCore: error: closed: FT_Device.read()=-1
03-24 21:58:19.365 19927 20044 V RobotUsbDeviceFtdi: closing AI041S6Y
03-24 21:58:19.365 19927 20044 V RobotCore: thread: ...terminating 'r/w loop: Modern Robotics USB Core Device Interface Module [AI041S6Y]'
03-24 21:58:19.367 19927 20045 D RobotCore: system telemetry: key=$System$Warning$ msg="problem communicating with Modern Robotics USB Core Device Interface Module [AI041S6Y]"
03-24 21:58:19.367 19927 20045 V RobotCore: event loop: device has shutdown abnormally
03-24 21:58:19.367 19927 20045 V RobotCore: event loop: detaching device owner
03-24 21:58:19.367 19927 20045 I FIRST   : ======= MODULE DETACH RECOVERY: disarm Modern Robotics USB Core Device Interface Module [AI041S6Y]=======
03-24 21:58:19.367 19927 20045 V RobotCore: waiting for service ReadWriteRunnable for Modern Robotics USB Device
03-24 21:58:19.367 19927 19927 D UsbDeviceConnectionJNI: close
03-24 21:58:19.368 19927 20040 E FTDI_Device::: UsbConnection.requestWait() == null
03-24 21:58:19.369 19927 20045 V RobotCore: awaitTermination returned, isTerminated=true
03-24 21:58:19.369 19927 20045 V RobotCore: executive service ReadWriteRunnable for Modern Robotics USB Device is terminated
03-24 21:58:19.369 19927 20045 V RobotUsbDeviceFtdi: closing AI041S6Y
03-24 21:58:19.369 19927 20045 I FIRST   : ======= MODULE DETACH RECOVERY: pretend Modern Robotics USB Core Device Interface Module [AI041S6Y]=======
03-24 21:58:19.369 19927 20045 V RobotCore: Starting up pretend device AI041S6Y
03-24 21:58:19.371 19927 20029 D BulkIn::: Stop BulkIn thread
03-24 21:58:19.371 19927 20029 W System.err: java.lang.NullPointerException: Attempt to invoke virtual method 'int com.ftdi.j2xx.D2xxManager$DriverParameters.getBufferNumber()' on a null object reference
03-24 21:58:19.371 19927 20029 W System.err: 	at com.ftdi.j2xx.ProcessInCtrl.releaseWritableBuffers(FT_Device.java:2672)
03-24 21:58:19.371 19927 20029 W System.err: 	at com.ftdi.j2xx.BulkInWorker.run(FT_Device.java:2879)
03-24 21:58:19.371 19927 20029 W System.err: 	at java.lang.Thread.run(Thread.java:818)
03-24 21:58:19.373 19927 20030 D ProcessRequestThread::: Device has been closed.
03-24 21:58:19.373 19927 20030 W System.err: java.lang.InterruptedException
03-24 21:58:19.373 19927 20030 W System.err: 	at java.util.concurrent.locks.AbstractQueuedSynchronizer.doAcquireSharedInterruptibly(AbstractQueuedSynchronizer.java:972)
03-24 21:58:19.374 19927 20030 W System.err: 	at java.util.concurrent.locks.AbstractQueuedSynchronizer.acquireSharedInterruptibly(AbstractQueuedSynchronizer.java:1278)
03-24 21:58:19.374 19927 20030 W System.err: 	at java.util.concurrent.Semaphore.acquire(Semaphore.java:284)
03-24 21:58:19.374 19927 20030 W System.err: 	at com.ftdi.j2xx.ProcessInCtrl.acquireReadableBuffer(FT_Device.java:2294)
03-24 21:58:19.374 19927 20030 W System.err: 	at com.ftdi.j2xx.ProcessRequestWorker.run(FT_Device.java:2764)
03-24 21:58:19.374 19927 20030 W System.err: 	at java.lang.Thread.run(Thread.java:818)
03-24 21:58:19.374 19927 20031 W RobotCore: could not write to Modern Robotics USB Servo Controller [AL026DRM]: FTDI Null Pointer Exception
03-24 21:58:19.374 19927 20031 E RobotCore: java.lang.NullPointerException: Attempt to invoke interface method 'void java.util.concurrent.locks.Lock.unlock()' on a null object reference
03-24 21:58:19.375 19927 20078 V RobotCore: thread: 'r/w loop: Modern Robotics USB Core Device Interface Module [AI041S6Y]' starting...
03-24 21:58:19.375 19927 20045 I FIRST   : ======= MODULE DETACH RECOVERY: complete Modern Robotics USB Core Device Interface Module [AI041S6Y]=======
03-24 21:58:19.376 19927 20031 E RobotCore:     at com.ftdi.j2xx.ProcessInCtrl.readBulkInData(FT_Device.java:2520)
03-24 21:58:19.376 19927 20031 E RobotCore:     at com.ftdi.j2xx.FT_Device.read(FT_Device.java:666)
03-24 21:58:19.376 19927 20031 E RobotCore:     at com.qualcomm.robotcore.hardware.usb.ftdi.RobotUsbDeviceFtdi.read(RobotUsbDeviceFtdi.java:211)
03-24 21:58:19.376 19927 20031 E RobotCore:     at com.qualcomm.hardware.modernrobotics.comm.ModernRoboticsReaderWriter.readIncomingBytes(ModernRoboticsReaderWriter.java:362)
03-24 21:58:19.376 19927 20031 E RobotCore:     at com.qualcomm.hardware.modernrobotics.comm.ModernRoboticsReaderWriter.readResponse(ModernRoboticsReaderWriter.java:313)
03-24 21:58:19.376 19927 20031 E RobotCore:     at com.qualcomm.hardware.modernrobotics.comm.ModernRoboticsReaderWriter.read(ModernRoboticsReaderWriter.java:179)
03-24 21:58:19.376 19927 20031 E RobotCore:     at com.qualcomm.hardware.modernrobotics.comm.ReadWriteRunnableStandard$1.run(ReadWriteRunnableStandard.java:344)
03-24 21:58:19.376 19927 20031 E RobotCore:     at com.qualcomm.robotcore.util.ThreadPool.logThreadLifeCycle(ThreadPool.java:513)
03-24 21:58:19.376 19927 20031 E RobotCore:     at com.qualcomm.hardware.modernrobotics.comm.ReadWriteRunnableStandard.run(ReadWriteRunnableStandard.java:304)
03-24 21:58:19.376 19927 20031 E RobotCore:     at java.util.concurrent.ThreadPoolExecutor.runWorker(ThreadPoolExecutor.java:1113)
03-24 21:58:19.376 19927 20031 E RobotCore:     at java.util.concurrent.ThreadPoolExecutor$Worker.run(ThreadPoolExecutor.java:588)
03-24 21:58:19.376 19927 20031 E RobotCore:     at java.lang.Thread.run(Thread.java:818)
03-24 21:58:19.376 19927 20031 V RobotUsbDeviceFtdi: closing AL026DRM
03-24 21:58:19.376 19927 20031 V RobotCore: thread: ...terminating 'r/w loop: Modern Robotics USB Servo Controller [AL026DRM]'
03-24 21:58:19.376 19927 20045 D RobotCore: system telemetry: key=$System$Warning$ msg="problem communicating with Modern Robotics USB Core Device Interface Module [AI041S6Y]; problem communicating with Modern Robotics USB Servo Controller [AL026DRM]"
03-24 21:58:19.377 19927 20045 V RobotCore: event loop: device has shutdown abnormally
03-24 21:58:19.377 19927 20045 V RobotCore: event loop: detaching device owner
03-24 21:58:19.377 19927 20045 I FIRST   : ======= MODULE DETACH RECOVERY: disarm Modern Robotics USB Servo Controller [AL026DRM]=======
03-24 21:58:19.377 19927 20045 D RobotCore: disarming modern servo controller "Modern Robotics USB Servo Controller [AL026DRM]"...
03-24 21:58:19.377 19927 20045 V RobotCore: waiting for service ReadWriteRunnable for Modern Robotics USB Device
03-24 21:58:19.378 19927 20045 V RobotCore: awaitTermination returned, isTerminated=true
03-24 21:58:19.378 19927 20045 V RobotCore: executive service ReadWriteRunnable for Modern Robotics USB Device is terminated
03-24 21:58:19.378 19927 20045 V RobotUsbDeviceFtdi: closing AL026DRM
03-24 21:58:19.378 19927 20045 D RobotCore: ...disarming modern servo controller Modern Robotics USB Servo Controller [AL026DRM] complete
03-24 21:58:19.378 19927 20045 I FIRST   : ======= MODULE DETACH RECOVERY: pretend Modern Robotics USB Servo Controller [AL026DRM]=======
03-24 21:58:19.378 19927 20045 D RobotCore: arming modern servo controller Modern Robotics USB Servo Controller [AL026DRM] (pretend)...
03-24 21:58:19.378 19927 20045 V RobotCore: Starting up pretend device AL026DRM
03-24 21:58:19.379 19927 20079 V RobotCore: thread: 'r/w loop: Modern Robotics USB Servo Controller [AL026DRM]' starting...
03-24 21:58:19.379 19927 20045 D RobotCore: ...arming modern servo controller Modern Robotics USB Servo Controller [AL026DRM] complete
03-24 21:58:19.379 19927 20045 I FIRST   : ======= MODULE DETACH RECOVERY: complete Modern Robotics USB Servo Controller [AL026DRM]=======
03-24 21:58:19.384 19927 20034 E FTDI_Device::: UsbConnection.requestWait() == null
03-24 21:58:19.385 19927 20025 E FTDI_Device::: UsbConnection.requestWait() == null
03-24 21:58:19.386 19927 20028 E FTDI_Device::: UsbConnection.requestWait() == null
03-24 21:58:19.390 19927 19927 D UsbDeviceConnectionJNI: close
03-24 21:58:19.391 19927 20027 D ProcessRequestThread::: Device has been closed.
03-24 21:58:19.391 19927 20027 W System.err: java.lang.InterruptedException
03-24 21:58:19.391 19927 20027 W System.err: 	at java.util.concurrent.locks.AbstractQueuedSynchronizer.doAcquireSharedInterruptibly(AbstractQueuedSynchronizer.java:972)
03-24 21:58:19.391 19927 20027 W System.err: 	at java.util.concurrent.locks.AbstractQueuedSynchronizer.acquireSharedInterruptibly(AbstractQueuedSynchronizer.java:1278)
03-24 21:58:19.391 19927 20027 W System.err: 	at java.util.concurrent.Semaphore.acquire(Semaphore.java:284)
03-24 21:58:19.391 19927 20027 W System.err: 	at com.ftdi.j2xx.ProcessInCtrl.acquireReadableBuffer(FT_Device.java:2294)
03-24 21:58:19.391 19927 20027 W System.err: 	at com.ftdi.j2xx.ProcessRequestWorker.run(FT_Device.java:2764)
03-24 21:58:19.391 19927 20027 W System.err: 	at java.lang.Thread.run(Thread.java:818)
03-24 21:58:19.392 19927 20028 W RobotCore: could not write to Modern Robotics USB DC Motor Controller [AL00VM5X]: FTDI Null Pointer Exception
03-24 21:58:19.392 19927 20028 E RobotCore: java.lang.NullPointerException: Attempt to invoke interface method 'void java.util.concurrent.locks.Lock.unlock()' on a null object reference
03-24 21:58:19.392 19927 20028 E RobotCore:     at com.ftdi.j2xx.ProcessInCtrl.readBulkInData(FT_Device.java:2520)
03-24 21:58:19.392 19927 20028 E RobotCore:     at com.ftdi.j2xx.FT_Device.read(FT_Device.java:666)
03-24 21:58:19.392 19927 20028 E RobotCore:     at com.qualcomm.robotcore.hardware.usb.ftdi.RobotUsbDeviceFtdi.read(RobotUsbDeviceFtdi.java:211)
03-24 21:58:19.392 19927 20028 E RobotCore:     at com.qualcomm.hardware.modernrobotics.comm.ModernRoboticsReaderWriter.readIncomingBytes(ModernRoboticsReaderWriter.java:362)
03-24 21:58:19.392 19927 20028 E RobotCore:     at com.qualcomm.hardware.modernrobotics.comm.ModernRoboticsReaderWriter.readResponse(ModernRoboticsReaderWriter.java:313)
03-24 21:58:19.392 19927 20028 E RobotCore:     at com.qualcomm.hardware.modernrobotics.comm.ModernRoboticsReaderWriter.read(ModernRoboticsReaderWriter.java:179)
03-24 21:58:19.392 19927 20028 E RobotCore:     at com.qualcomm.hardware.modernrobotics.comm.ReadWriteRunnableStandard$1.run(ReadWriteRunnableStandard.java:344)
03-24 21:58:19.393 19927 20028 E RobotCore:     at com.qualcomm.robotcore.util.ThreadPool.logThreadLifeCycle(ThreadPool.java:513)
03-24 21:58:19.393 19927 20028 E RobotCore:     at com.qualcomm.hardware.modernrobotics.comm.ReadWriteRunnableStandard.run(ReadWriteRunnableStandard.java:304)
03-24 21:58:19.393 19927 20028 E RobotCore:     at java.util.concurrent.ThreadPoolExecutor.runWorker(ThreadPoolExecutor.java:1113)
03-24 21:58:19.393 19927 20028 E RobotCore:     at java.util.concurrent.ThreadPoolExecutor$Worker.run(ThreadPoolExecutor.java:588)
03-24 21:58:19.393 19927 20028 E RobotCore:     at java.lang.Thread.run(Thread.java:818)
03-24 21:58:19.393 19927 20028 V RobotUsbDeviceFtdi: closing AL00VM5X
03-24 21:58:19.393 19927 20028 V RobotCore: thread: ...terminating 'r/w loop: Modern Robotics USB DC Motor Controller [AL00VM5X]'
03-24 21:58:19.393 19927 19927 D UsbDeviceConnectionJNI: close
03-24 21:58:19.393 19927 20026 D BulkIn::: Stop BulkIn thread
03-24 21:58:19.393 19927 20026 W System.err: java.lang.NullPointerException: Attempt to invoke virtual method 'int com.ftdi.j2xx.D2xxManager$DriverParameters.getBufferNumber()' on a null object reference
03-24 21:58:19.393 19927 20026 W System.err: 	at com.ftdi.j2xx.ProcessInCtrl.releaseWritableBuffers(FT_Device.java:2672)
03-24 21:58:19.393 19927 20026 W System.err: 	at com.ftdi.j2xx.BulkInWorker.run(FT_Device.java:2879)
03-24 21:58:19.393 19927 20026 W System.err: 	at java.lang.Thread.run(Thread.java:818)
03-24 21:58:19.394 19927 20034 W RobotCore: could not write to Modern Robotics USB DC Motor Controller [AI049PCI]: FTDI Null Pointer Exception
03-24 21:58:19.394 19927 20034 E RobotCore: java.lang.NullPointerException: Attempt to invoke interface method 'void java.util.concurrent.locks.Lock.unlock()' on a null object reference
03-24 21:58:19.394 19927 20034 E RobotCore:     at com.ftdi.j2xx.ProcessInCtrl.readBulkInData(FT_Device.java:2520)
03-24 21:58:19.394 19927 20034 E RobotCore:     at com.ftdi.j2xx.FT_Device.read(FT_Device.java:666)
03-24 21:58:19.394 19927 20034 E RobotCore:     at com.qualcomm.robotcore.hardware.usb.ftdi.RobotUsbDeviceFtdi.read(RobotUsbDeviceFtdi.java:211)
03-24 21:58:19.394 19927 20034 E RobotCore:     at com.qualcomm.hardware.modernrobotics.comm.ModernRoboticsReaderWriter.readIncomingBytes(ModernRoboticsReaderWriter.java:362)
03-24 21:58:19.394 19927 20034 E RobotCore:     at com.qualcomm.hardware.modernrobotics.comm.ModernRoboticsReaderWriter.readResponse(ModernRoboticsReaderWriter.java:313)
03-24 21:58:19.394 19927 20034 E RobotCore:     at com.qualcomm.hardware.modernrobotics.comm.ModernRoboticsReaderWriter.read(ModernRoboticsReaderWriter.java:179)
03-24 21:58:19.394 19927 20034 E RobotCore:     at com.qualcomm.hardware.modernrobotics.comm.ReadWriteRunnableStandard$1.run(ReadWriteRunnableStandard.java:344)
03-24 21:58:19.394 19927 20034 E RobotCore:     at com.qualcomm.robotcore.util.ThreadPool.logThreadLifeCycle(ThreadPool.java:513)
03-24 21:58:19.394 19927 20034 E RobotCore:     at com.qualcomm.hardware.modernrobotics.comm.ReadWriteRunnableStandard.run(ReadWriteRunnableStandard.java:304)
03-24 21:58:19.394 19927 20034 E RobotCore:     at java.util.concurrent.ThreadPoolExecutor.runWorker(ThreadPoolExecutor.java:1113)
03-24 21:58:19.394 19927 20034 E RobotCore:     at java.util.concurrent.ThreadPoolExecutor$Worker.run(ThreadPoolExecutor.java:588)
03-24 21:58:19.394 19927 19927 D UsbDeviceConnectionJNI: close
03-24 21:58:19.394 19927 20034 E RobotCore:     at java.lang.Thread.run(Thread.java:818)
03-24 21:58:19.394 19927 20034 V RobotUsbDeviceFtdi: closing AI049PCI
03-24 21:58:19.394 19927 20034 V RobotCore: thread: ...terminating 'r/w loop: Modern Robotics USB DC Motor Controller [AI049PCI]'
03-24 21:58:19.395 19927 20012 D ProcessRequestThread::: Device has been closed.
03-24 21:58:19.395 19927 20012 W System.err: java.lang.InterruptedException
03-24 21:58:19.395 19927 20025 W RobotCore: could not write to Modern Robotics USB Core Device Interface Module [AL00VDA6]: FTDI Null Pointer Exception
03-24 21:58:19.395 19927 20025 E RobotCore: java.lang.NullPointerException: Attempt to invoke interface method 'void java.util.concurrent.locks.Lock.unlock()' on a null object reference
03-24 21:58:19.395 19927 20012 W System.err: 	at java.util.concurrent.locks.AbstractQueuedSynchronizer.doAcquireSharedInterruptibly(AbstractQueuedSynchronizer.java:972)
03-24 21:58:19.395 19927 20012 W System.err: 	at java.util.concurrent.locks.AbstractQueuedSynchronizer.acquireSharedInterruptibly(AbstractQueuedSynchronizer.java:1278)
03-24 21:58:19.395 19927 20012 W System.err: 	at java.util.concurrent.Semaphore.acquire(Semaphore.java:284)
03-24 21:58:19.395 19927 20012 W System.err: 	at com.ftdi.j2xx.ProcessInCtrl.acquireReadableBuffer(FT_Device.java:2294)
03-24 21:58:19.395 19927 20012 W System.err: 	at com.ftdi.j2xx.ProcessRequestWorker.run(FT_Device.java:2764)
03-24 21:58:19.395 19927 20012 W System.err: 	at java.lang.Thread.run(Thread.java:818)
03-24 21:58:19.395 19927 20025 E RobotCore:     at com.ftdi.j2xx.ProcessInCtrl.readBulkInData(FT_Device.java:2520)
03-24 21:58:19.395 19927 20025 E RobotCore:     at com.ftdi.j2xx.FT_Device.read(FT_Device.java:666)
03-24 21:58:19.395 19927 20025 E RobotCore:     at com.qualcomm.robotcore.hardware.usb.ftdi.RobotUsbDeviceFtdi.read(RobotUsbDeviceFtdi.java:211)
03-24 21:58:19.395 19927 20025 E RobotCore:     at com.qualcomm.hardware.modernrobotics.comm.ModernRoboticsReaderWriter.readIncomingBytes(ModernRoboticsReaderWriter.java:362)
03-24 21:58:19.395 19927 20025 E RobotCore:     at com.qualcomm.hardware.modernrobotics.comm.ModernRoboticsReaderWriter.readResponse(ModernRoboticsReaderWriter.java:313)
03-24 21:58:19.395 19927 20025 E RobotCore:     at com.qualcomm.hardware.modernrobotics.comm.ModernRoboticsReaderWriter.read(ModernRoboticsReaderWriter.java:179)
03-24 21:58:19.395 19927 20025 E RobotCore:     at com.qualcomm.hardware.modernrobotics.comm.ReadWriteRunnableStandard$1.run(ReadWriteRunnableStandard.java:344)
03-24 21:58:19.395 19927 20011 D BulkIn::: Stop BulkIn thread
03-24 21:58:19.395 19927 20025 E RobotCore:     at com.qualcomm.robotcore.util.ThreadPool.logThreadLifeCycle(ThreadPool.java:513)
03-24 21:58:19.395 19927 20025 E RobotCore:     at com.qualcomm.hardware.modernrobotics.comm.ReadWriteRunnableStandard.run(ReadWriteRunnableStandard.java:304)
03-24 21:58:19.395 19927 20011 W System.err: java.lang.NullPointerException: Attempt to invoke virtual method 'int com.ftdi.j2xx.D2xxManager$DriverParameters.getBufferNumber()' on a null object reference
03-24 21:58:19.395 19927 20025 E RobotCore:     at java.util.concurrent.ThreadPoolExecutor.runWorker(ThreadPoolExecutor.java:1113)
03-24 21:58:19.395 19927 20025 E RobotCore:     at java.util.concurrent.ThreadPoolExecutor$Worker.run(ThreadPoolExecutor.java:588)
03-24 21:58:19.395 19927 20025 E RobotCore:     at java.lang.Thread.run(Thread.java:818)
03-24 21:58:19.395 19927 20011 W System.err: 	at com.ftdi.j2xx.ProcessInCtrl.releaseWritableBuffers(FT_Device.java:2672)
03-24 21:58:19.395 19927 20011 W System.err: 	at com.ftdi.j2xx.BulkInWorker.run(FT_Device.java:2879)
03-24 21:58:19.395 19927 20011 W System.err: 	at java.lang.Thread.run(Thread.java:818)
03-24 21:58:19.396 19927 20025 V RobotUsbDeviceFtdi: closing AL00VDA6
03-24 21:58:19.396 19927 20025 V RobotCore:i2cSynch(USB AL00VDA6; port 2): onPortIsReadyCallbacksEnd ...
03-24 21:58:19.396 19927 20032 D BulkIn::: Stop BulkIn thread
03-24 21:58:19.396 19927 20025 V RobotCore:i2cSynch(USB AL00VDA6; port 2): unhooking ...
03-24 21:58:19.396 19927 20032 W System.err: java.lang.NullPointerException: Attempt to invoke virtual method 'int com.ftdi.j2xx.D2xxManager$DriverParameters.getBufferNumber()' on a null object reference
03-24 21:58:19.396 19927 20032 W System.err: 	at com.ftdi.j2xx.ProcessInCtrl.releaseWritableBuffers(FT_Device.java:2672)
03-24 21:58:19.396 19927 20025 V RobotCore: executive service I2c Heartbeat is terminated
03-24 21:58:19.396 19927 20032 W System.err: 	at com.ftdi.j2xx.BulkInWorker.run(FT_Device.java:2879)
03-24 21:58:19.396 19927 20032 W System.err: 	at java.lang.Thread.run(Thread.java:818)
03-24 21:58:19.396 19927 20025 V RobotCore:i2cSynch(USB AL00VDA6; port 2): ...unhooking complete
03-24 21:58:19.396 19927 20033 D ProcessRequestThread::: Device has been closed.
03-24 21:58:19.396 19927 20025 V RobotCore:i2cSynch(USB AL00VDA6; port 2): ... onPortIsReadyCallbacksEnd complete
03-24 21:58:19.396 19927 20033 W System.err: java.lang.InterruptedException
03-24 21:58:19.396 19927 20025 V RobotCore: thread: ...terminating 'r/w loop: Modern Robotics USB Core Device Interface Module [AL00VDA6]'
03-24 21:58:19.396 19927 20033 W System.err: 	at java.util.concurrent.locks.AbstractQueuedSynchronizer.doAcquireSharedInterruptibly(AbstractQueuedSynchronizer.java:972)
03-24 21:58:19.396 19927 20033 W System.err: 	at java.util.concurrent.locks.AbstractQueuedSynchronizer.acquireSharedInterruptibly(AbstractQueuedSynchronizer.java:1278)
03-24 21:58:19.396 19927 20033 W System.err: 	at java.util.concurrent.Semaphore.acquire(Semaphore.java:284)
03-24 21:58:19.396 19927 20033 W System.err: 	at com.ftdi.j2xx.ProcessInCtrl.acquireReadableBuffer(FT_Device.java:2294)
03-24 21:58:19.396 19927 20033 W System.err: 	at com.ftdi.j2xx.ProcessRequestWorker.run(FT_Device.java:2764)
03-24 21:58:19.396 19927 20033 W System.err: 	at java.lang.Thread.run(Thread.java:818)
03-24 21:58:19.396 19927 20045 D RobotCore: system telemetry: key=$System$Warning$ msg="problem communicating with Modern Robotics USB DC Motor Controller [AL00VM5X]; problem communicating with Modern Robotics USB Core Device Interface Module [AI041S6Y]; problem communicating with Modern Robotics USB DC Motor Controller [AI049PCI]; problem communicating with Modern Robotics USB Servo Controller [AL026DRM]; problem communicating with Modern Robotics USB Core Device Interface Module [AL00VDA6]"
03-24 21:58:19.397 19927 20045 V RobotCore: event loop: device has shutdown abnormally
03-24 21:58:19.397 19927 20045 V RobotCore: event loop: detaching device owner
03-24 21:58:19.397 19927 20045 I FIRST   : ======= MODULE DETACH RECOVERY: disarm Modern Robotics USB Core Device Interface Module [AL00VDA6]=======
03-24 21:58:19.397 19927 20045 V RobotCore: waiting for service ReadWriteRunnable for Modern Robotics USB Device
03-24 21:58:19.400 19927 20045 V RobotCore: awaitTermination returned, isTerminated=true
03-24 21:58:19.400 19927 20045 V RobotCore: executive service ReadWriteRunnable for Modern Robotics USB Device is terminated
03-24 21:58:19.400 19927 20045 V RobotUsbDeviceFtdi: closing AL00VDA6
03-24 21:58:19.400 19927 20045 I FIRST   : ======= MODULE DETACH RECOVERY: pretend Modern Robotics USB Core Device Interface Module [AL00VDA6]=======
03-24 21:58:19.400 19927 20045 V RobotCore: Starting up pretend device AL00VDA6
03-24 21:58:19.401 19927 20082 V RobotCore: thread: 'r/w loop: Modern Robotics USB Core Device Interface Module [AL00VDA6]' starting...
03-24 21:58:19.401 19927 20082 V RobotCore:i2cSynch(USB AL00VDA6; port 2): doPortIsReadyCallbackBeginWork ...
03-24 21:58:19.401 19927 20082 V RobotCore:i2cSynch(USB AL00VDA6; port 2): ... doPortIsReadyCallbackBeginWork complete
03-24 21:58:19.402 19927 20045 V RobotCore:i2cSynch(USB AL00VDA6; port 2): onPretending ...
03-24 21:58:19.402 19927 20045 V RobotCore:i2cSynch(USB AL00VDA6; port 2): doModuleIsArmedWork ...
03-24 21:58:19.402 19927 20045 V RobotCore:i2cSynch(USB AL00VDA6; port 2): hooking ...
03-24 21:58:19.402 19927 20045 V RobotCore:i2cSynch(USB AL00VDA6; port 2): ... hooking complete
03-24 21:58:19.402 19927 20045 V RobotCore:i2cSynch(USB AL00VDA6; port 2): ... doModuleIsArmedWork complete
03-24 21:58:19.402 19927 20045 V RobotCore:i2cSynch(USB AL00VDA6; port 2): ... onPretending
03-24 21:58:19.402 19927 20045 I FIRST   : ======= MODULE DETACH RECOVERY: complete Modern Robotics USB Core Device Interface Module [AL00VDA6]=======
03-24 21:58:19.402 19927 20045 V RobotCore: event loop: device has shutdown abnormally
03-24 21:58:19.402 19927 20045 V RobotCore: event loop: detaching device owner
03-24 21:58:19.402 19927 20045 I FIRST   : ======= MODULE DETACH RECOVERY: disarm Modern Robotics USB DC Motor Controller [AL00VM5X]=======
03-24 21:58:19.403 19927 20045 D RobotCore: disarming modern motor controller Modern Robotics USB DC Motor Controller [AL00VM5X]...
03-24 21:58:19.403 19927 20045 V RobotCore: waiting for service ReadWriteRunnable for Modern Robotics USB Device
03-24 21:58:19.403 19927 20045 V RobotCore: awaitTermination returned, isTerminated=true
03-24 21:58:19.403 19927 20045 V RobotCore: executive service ReadWriteRunnable for Modern Robotics USB Device is terminated
03-24 21:58:19.403 19927 20045 V RobotUsbDeviceFtdi: closing AL00VM5X
03-24 21:58:19.403 19927 20045 D RobotCore: ...disarming modern motor controller Modern Robotics USB DC Motor Controller [AL00VM5X] complete
03-24 21:58:19.403 19927 20045 I FIRST   : ======= MODULE DETACH RECOVERY: pretend Modern Robotics USB DC Motor Controller [AL00VM5X]=======
03-24 21:58:19.403 19927 20045 D RobotCore: arming modern motor controller Modern Robotics USB DC Motor Controller [AL00VM5X] (pretend)...
03-24 21:58:19.404 19927 20045 V RobotCore: Starting up pretend device AL00VM5X
03-24 21:58:19.406 19927 19927 D UsbDeviceConnectionJNI: close
03-24 21:58:19.406 19927 20036 D ProcessRequestThread::: Device has been closed.
03-24 21:58:19.406 19927 20036 W System.err: java.lang.InterruptedException
