03-25 13:52:46.997  8223 13603 V RobotCore:i2cSynch(USB AL00VDA6; port 2): hooking ...
03-25 13:52:46.997  8223 13603 V RobotCore:i2cSynch(USB AL00VDA6; port 2): ... hooking complete
03-25 13:52:46.997  8223 13603 V RobotCore:i2cSynch(USB AL00VDA6; port 2): ... doModuleIsArmedWork complete
03-25 13:52:46.997  8223 13603 V RobotCore:i2cSynch(USB AL00VDA6; port 2): ... onArmed
03-25 13:52:46.998  8223 13603 I FIRST   : ======= MODULE ATTACH: complete Modern Robotics USB Core Device Interface Module [AL00VDA6]=======
03-25 13:52:46.998  8223 13603 I FIRST   : ======= MODULE ATTACH: disarm Modern Robotics USB DC Motor Controller [AL00VM5X]=======
03-25 13:52:46.998  8223 13603 D RobotCore: disarming modern motor controller Modern Robotics USB DC Motor Controller [AL00VM5X]...
03-25 13:52:47.006  8223 13586 V RobotUsbDeviceFtdi: closing AL00VM5X
03-25 13:52:47.007  8223 13584 D ProcessRequestThread::: Device has been closed.
03-25 13:52:47.007  8223 13584 W System.err: java.lang.InterruptedException
03-25 13:52:47.007  8223 13584 W System.err: 	at java.util.concurrent.locks.AbstractQueuedSynchronizer.doAcquireSharedInterruptibly(AbstractQueuedSynchronizer.java:972)
03-25 13:52:47.007  8223 13584 W System.err: 	at java.util.concurrent.locks.AbstractQueuedSynchronizer.acquireSharedInterruptibly(AbstractQueuedSynchronizer.java:1278)
03-25 13:52:47.007  8223 13584 W System.err: 	at java.util.concurrent.Semaphore.acquire(Semaphore.java:284)
03-25 13:52:47.007  8223 13584 W System.err: 	at com.ftdi.j2xx.ProcessInCtrl.acquireReadableBuffer(FT_Device.java:2294)
03-25 13:52:47.007  8223 13584 W System.err: 	at com.ftdi.j2xx.ProcessRequestWorker.run(FT_Device.java:2764)
03-25 13:52:47.007  8223 13584 W System.err: 	at java.lang.Thread.run(Thread.java:818)
03-25 13:52:47.008  8223 13586 D UsbDeviceConnectionJNI: close
03-25 13:52:47.008  8223 13586 V RobotCore: thread: ...terminating 'r/w loop: Modern Robotics USB DC Motor Controller [AL00VM5X]'
03-25 13:52:47.008  8223 13583 D BulkIn::: Stop BulkIn thread
03-25 13:52:47.008  8223 13583 W System.err: java.lang.NullPointerException: Attempt to invoke virtual method 'int com.ftdi.j2xx.D2xxManager$DriverParameters.getBufferNumber()' on a null object reference
03-25 13:52:47.008  8223 13583 W System.err: 	at com.ftdi.j2xx.ProcessInCtrl.releaseWritableBuffers(FT_Device.java:2672)
03-25 13:52:47.008  8223 13583 W System.err: 	at com.ftdi.j2xx.BulkInWorker.run(FT_Device.java:2879)
03-25 13:52:47.008  8223 13583 W System.err: 	at java.lang.Thread.run(Thread.java:818)
03-25 13:52:47.009  8223 13603 V RobotCore: executive service ReadWriteRunnable for Modern Robotics USB Device is terminated
03-25 13:52:47.009  8223 13603 V RobotUsbDeviceFtdi: closing AL00VM5X
03-25 13:52:47.009  8223 13603 D RobotCore: ...disarming modern motor controller Modern Robotics USB DC Motor Controller [AL00VM5X] complete
03-25 13:52:47.009  8223 13603 I FIRST   : ======= MODULE ATTACH: arm or pretend Modern Robotics USB DC Motor Controller [AL00VM5X]=======
03-25 13:52:47.009  8223 13603 D RobotCore: arming modern motor controller Modern Robotics USB DC Motor Controller [AL00VM5X]...
03-25 13:52:47.011  8223 13603 V D2xx::  : Vendor: 0403, Product: 6001
03-25 13:52:47.013  8223 13603 V D2xx::  : Vendor: 0403, Product: 6001
03-25 13:52:47.015  8223 13603 V D2xx::  : Vendor: 0403, Product: 6001
03-25 13:52:47.017  8223 13603 V D2xx::  : Vendor: 0403, Product: 6001
03-25 13:52:47.018  8223 13603 V D2xx::  : Vendor: 0403, Product: 6001
03-25 13:52:47.019  8223 13603 V D2xx::  : Vendor: 0403, Product: 6001
03-25 13:52:47.020  8223 13603 V D2xx::  : Vendor: 0403, Product: 6001
03-25 13:52:47.022  8223 13603 D FTDI_Device::: open SUCCESS
03-25 13:52:47.022  8223 13603 I FTDI_Device::: EP: 0x81
03-25 13:52:47.022  8223 13603 I FTDI_Device::: EP: 0x02
03-25 13:52:47.022  8223 13603 D D2XX::  : **********************Device Opened**********************
03-25 13:52:47.446  8223 13603 V RobotCore: Starting up device AL00VM5X
03-25 13:52:47.448  8223 13629 V RobotCore: thread: 'r/w loop: Modern Robotics USB DC Motor Controller [AL00VM5X]' starting...
03-25 13:52:47.449  8223 13603 D RobotCore: ...arming modern motor controller Modern Robotics USB DC Motor Controller [AL00VM5X] complete
03-25 13:52:47.449  8223 13603 I FIRST   : ======= MODULE ATTACH: complete Modern Robotics USB DC Motor Controller [AL00VM5X]=======
03-25 13:52:47.449  8223 13603 I FIRST   : ======= MODULE ATTACH: disarm Modern Robotics USB Servo Controller [AL026DRM]=======
03-25 13:52:47.449  8223 13603 D RobotCore: disarming modern servo controller "Modern Robotics USB Servo Controller [AL026DRM]"...
03-25 13:52:47.450  8223 13589 V RobotUsbDeviceFtdi: closing AL026DRM
03-25 13:52:47.450  8223 13588 D ProcessRequestThread::: Device has been closed.
03-25 13:52:47.450  8223 13588 W System.err: java.lang.InterruptedException
03-25 13:52:47.450  8223 13588 W System.err: 	at java.util.concurrent.locks.AbstractQueuedSynchronizer.doAcquireSharedInterruptibly(AbstractQueuedSynchronizer.java:972)
03-25 13:52:47.450  8223 13588 W System.err: 	at java.util.concurrent.locks.AbstractQueuedSynchronizer.acquireSharedInterruptibly(AbstractQueuedSynchronizer.java:1278)
03-25 13:52:47.450  8223 13588 W System.err: 	at java.util.concurrent.Semaphore.acquire(Semaphore.java:284)
03-25 13:52:47.450  8223 13588 W System.err: 	at com.ftdi.j2xx.ProcessInCtrl.acquireReadableBuffer(FT_Device.java:2294)
03-25 13:52:47.450  8223 13588 W System.err: 	at com.ftdi.j2xx.ProcessRequestWorker.run(FT_Device.java:2764)
03-25 13:52:47.450  8223 13588 W System.err: 	at java.lang.Thread.run(Thread.java:818)
03-25 13:52:47.453  8223 13589 D UsbDeviceConnectionJNI: close
03-25 13:52:47.454  8223 13589 V RobotCore: thread: ...terminating 'r/w loop: Modern Robotics USB Servo Controller [AL026DRM]'
03-25 13:52:47.454  8223 13603 V RobotCore: executive service ReadWriteRunnable for Modern Robotics USB Device is terminated
03-25 13:52:47.454  8223 13603 V RobotUsbDeviceFtdi: closing AL026DRM
03-25 13:52:47.454  8223 13603 D RobotCore: ...disarming modern servo controller Modern Robotics USB Servo Controller [AL026DRM] complete
03-25 13:52:47.455  8223 13603 I FIRST   : ======= MODULE ATTACH: arm or pretend Modern Robotics USB Servo Controller [AL026DRM]=======
03-25 13:52:47.455  8223 13603 D RobotCore: arming modern servo controller Modern Robotics USB Servo Controller [AL026DRM]...
03-25 13:52:47.455  8223 13587 D BulkIn::: Stop BulkIn thread
03-25 13:52:47.455  8223 13587 W System.err: java.lang.NullPointerException: Attempt to invoke virtual method 'int com.ftdi.j2xx.D2xxManager$DriverParameters.getBufferNumber()' on a null object reference
03-25 13:52:47.455  8223 13587 W System.err: 	at com.ftdi.j2xx.ProcessInCtrl.releaseWritableBuffers(FT_Device.java:2672)
03-25 13:52:47.455  8223 13587 W System.err: 	at com.ftdi.j2xx.BulkInWorker.run(FT_Device.java:2879)
03-25 13:52:47.455  8223 13587 W System.err: 	at java.lang.Thread.run(Thread.java:818)
03-25 13:52:47.457  8223 13603 V D2xx::  : Vendor: 0403, Product: 6001
03-25 13:52:47.458  8223 13603 V D2xx::  : Vendor: 0403, Product: 6001
03-25 13:52:47.460  8223 13603 V D2xx::  : Vendor: 0403, Product: 6001
03-25 13:52:47.461  8223 13603 V D2xx::  : Vendor: 0403, Product: 6001
03-25 13:52:47.462  8223 13603 V D2xx::  : Vendor: 0403, Product: 6001
03-25 13:52:47.464  8223 13603 V D2xx::  : Vendor: 0403, Product: 6001
03-25 13:52:47.465  8223 13603 V D2xx::  : Vendor: 0403, Product: 6001
03-25 13:52:47.468  8223 13603 D FTDI_Device::: open SUCCESS
03-25 13:52:47.468  8223 13603 I FTDI_Device::: EP: 0x81
03-25 13:52:47.468  8223 13603 I FTDI_Device::: EP: 0x02
03-25 13:52:47.468  8223 13603 D D2XX::  : **********************Device Opened**********************
03-25 13:52:47.889  8223 13603 V RobotCore: Starting up device AL026DRM
03-25 13:52:47.890  8223 13632 V RobotCore: thread: 'r/w loop: Modern Robotics USB Servo Controller [AL026DRM]' starting...
03-25 13:52:47.891  8223 13603 D RobotCore: ...arming modern servo controller Modern Robotics USB Servo Controller [AL026DRM] complete
03-25 13:52:47.891  8223 13603 I FIRST   : ======= MODULE ATTACH: complete Modern Robotics USB Servo Controller [AL026DRM]=======
03-25 13:52:47.891  8223 13603 I FIRST   : ======= MODULE ATTACH: disarm Modern Robotics USB DC Motor Controller [AI049PCI]=======
03-25 13:52:47.891  8223 13603 D RobotCore: disarming modern motor controller Modern Robotics USB DC Motor Controller [AI049PCI]...
03-25 13:52:47.892  8223 13592 V RobotUsbDeviceFtdi: closing AI049PCI
03-25 13:52:47.893  8223 13591 D ProcessRequestThread::: Device has been closed.
03-25 13:52:47.893  8223 13591 W System.err: java.lang.InterruptedException
03-25 13:52:47.893  8223 13591 W System.err: 	at java.util.concurrent.locks.AbstractQueuedSynchronizer.doAcquireSharedInterruptibly(AbstractQueuedSynchronizer.java:972)
03-25 13:52:47.893  8223 13591 W System.err: 	at java.util.concurrent.locks.AbstractQueuedSynchronizer.acquireSharedInterruptibly(AbstractQueuedSynchronizer.java:1278)
03-25 13:52:47.893  8223 13591 W System.err: 	at java.util.concurrent.Semaphore.acquire(Semaphore.java:284)
03-25 13:52:47.893  8223 13591 W System.err: 	at com.ftdi.j2xx.ProcessInCtrl.acquireReadableBuffer(FT_Device.java:2294)
03-25 13:52:47.893  8223 13591 W System.err: 	at com.ftdi.j2xx.ProcessRequestWorker.run(FT_Device.java:2764)
03-25 13:52:47.893  8223 13591 W System.err: 	at java.lang.Thread.run(Thread.java:818)
03-25 13:52:47.894  8223 13592 D UsbDeviceConnectionJNI: close
03-25 13:52:47.894  8223 13590 D BulkIn::: Stop BulkIn thread
03-25 13:52:47.894  8223 13592 V RobotCore: thread: ...terminating 'r/w loop: Modern Robotics USB DC Motor Controller [AI049PCI]'
03-25 13:52:47.894  8223 13590 W System.err: java.lang.NullPointerException: Attempt to invoke virtual method 'boolean com.ftdi.j2xx.InBuffer.acquired()' on a null object reference
03-25 13:52:47.894  8223 13603 V RobotCore: waiting for service ReadWriteRunnable for Modern Robotics USB Device
03-25 13:52:47.894  8223 13603 V RobotCore: awaitTermination returned, isTerminated=true
03-25 13:52:47.894  8223 13590 W System.err: 	at com.ftdi.j2xx.ProcessInCtrl.releaseWritableBuffers(FT_Device.java:2675)
03-25 13:52:47.895  8223 13603 V RobotCore: executive service ReadWriteRunnable for Modern Robotics USB Device is terminated
03-25 13:52:47.895  8223 13590 W System.err: 	at com.ftdi.j2xx.BulkInWorker.run(FT_Device.java:2879)
03-25 13:52:47.895  8223 13590 W System.err: 	at java.lang.Thread.run(Thread.java:818)
03-25 13:52:47.895  8223 13603 V RobotUsbDeviceFtdi: closing AI049PCI
03-25 13:52:47.895  8223 13603 D RobotCore: ...disarming modern motor controller Modern Robotics USB DC Motor Controller [AI049PCI] complete
03-25 13:52:47.895  8223 13603 I FIRST   : ======= MODULE ATTACH: arm or pretend Modern Robotics USB DC Motor Controller [AI049PCI]=======
03-25 13:52:47.895  8223 13603 D RobotCore: arming modern motor controller Modern Robotics USB DC Motor Controller [AI049PCI]...
03-25 13:52:47.898  8223 13603 V D2xx::  : Vendor: 0403, Product: 6001
03-25 13:52:47.900  8223 13603 V D2xx::  : Vendor: 0403, Product: 6001
03-25 13:52:47.901  8223 13603 V D2xx::  : Vendor: 0403, Product: 6001
03-25 13:52:47.903  8223 13603 V D2xx::  : Vendor: 0403, Product: 6001
03-25 13:52:47.904  8223 13603 V D2xx::  : Vendor: 0403, Product: 6001
03-25 13:52:47.905  8223 13603 V D2xx::  : Vendor: 0403, Product: 6001
03-25 13:52:47.906  8223 13603 V D2xx::  : Vendor: 0403, Product: 6001
03-25 13:52:47.908  8223 13603 D FTDI_Device::: open SUCCESS
03-25 13:52:47.908  8223 13603 I FTDI_Device::: EP: 0x81
03-25 13:52:47.908  8223 13603 I FTDI_Device::: EP: 0x02
03-25 13:52:47.908  8223 13603 D D2XX::  : **********************Device Opened**********************
03-25 13:52:48.325  8223 13603 V RobotCore: Starting up device AI049PCI
03-25 13:52:48.327  8223 13635 V RobotCore: thread: 'r/w loop: Modern Robotics USB DC Motor Controller [AI049PCI]' starting...
03-25 13:52:48.327  8223 13603 D RobotCore: ...arming modern motor controller Modern Robotics USB DC Motor Controller [AI049PCI] complete
03-25 13:52:48.327  8223 13603 I FIRST   : ======= MODULE ATTACH: complete Modern Robotics USB DC Motor Controller [AI049PCI]=======
03-25 13:52:48.328  8223 13603 I RobotCore: Attempting to switch to op mode $Stop$Robot$
03-25 13:52:48.393  8223  8336 V Robocol : sending CMD_INIT_OP_MODE_RESP(22737), attempt: 0
03-25 13:52:48.433  8223 13579 V Robocol : received command: CMD_INIT_OP_MODE_RESP(22737) $Stop$Robot$
03-25 13:52:48.583  8223 13603 I RobotCore: robot battery read duration: n=4, mean=0.006ms sd=0.004ms
03-25 13:53:02.314  8223 13579 V Robocol : received command: CMD_INIT_OP_MODE(10230) $Stop$Robot$
03-25 13:53:02.319  8223 13603 I RobotCore: Attempting to switch to op mode $Stop$Robot$
03-25 13:53:02.354  8223  8336 V Robocol : sending CMD_INIT_OP_MODE_RESP(22929), attempt: 0
03-25 13:53:02.434  8223 13579 V Robocol : received command: CMD_INIT_OP_MODE_RESP(22929) $Stop$Robot$
03-25 13:53:04.913  8223 13579 V Robocol : received command: CMD_INIT_OP_MODE(10323) $Stop$Robot$
03-25 13:53:04.957  8223 13603 I RobotCore: Attempting to switch to op mode $Stop$Robot$
03-25 13:53:04.993  8223  8336 V Robocol : sending CMD_INIT_OP_MODE_RESP(23028), attempt: 0
03-25 13:53:05.033  8223 13579 V Robocol : received command: CMD_INIT_OP_MODE_RESP(23028) $Stop$Robot$
03-25 13:53:05.033  8223 13579 V Robocol : received command: CMD_RUN_OP_MODE(10332) $Stop$Robot$
03-25 13:53:05.073  8223  8336 V Robocol : sending CMD_RUN_OP_MODE_RESP(23035), attempt: 0
03-25 13:53:05.112  8223 13579 V Robocol : received command: CMD_RUN_OP_MODE_RESP(23035) $Stop$Robot$
03-25 13:53:13.871  8223  8223 I RobotCore: Battery Checker, Level Remaining: 99.0
03-25 13:53:13.872  8223  8223 I RobotCore: Battery Checker, Level Remaining: 99.0
03-25 13:53:16.131  8223 13579 V Robocol : received command: CMD_INIT_OP_MODE(10495) $Stop$Robot$
03-25 13:53:16.185  8223 13603 I RobotCore: Attempting to switch to op mode $Stop$Robot$
03-25 13:53:16.193  8223  8336 V Robocol : sending CMD_INIT_OP_MODE_RESP(23213), attempt: 0
03-25 13:53:16.233  8223 13579 V Robocol : received command: CMD_INIT_OP_MODE_RESP(23213) $Stop$Robot$
03-25 13:53:16.233  8223 13579 V Robocol : received command: CMD_RUN_OP_MODE(10501) $Stop$Robot$
03-25 13:53:16.273  8223  8336 V Robocol : sending CMD_RUN_OP_MODE_RESP(23219), attempt: 0
03-25 13:53:16.313  8223 13579 V Robocol : received command: CMD_RUN_OP_MODE_RESP(23219) $Stop$Robot$
03-25 13:53:16.474  8223  8233 I art     : Background partial concurrent mark sweep GC freed 264133(8MB) AllocSpace objects, 0(0B) LOS objects, 40% free, 12MB/21MB, paused 69.015ms total 133.505ms
03-25 13:53:27.832  8223 13579 V Robocol : received command: CMD_INIT_OP_MODE(10648) BeaconRedEncCapBall
03-25 13:53:27.924  8223 13603 I RobotCore: Attempting to switch to op mode BeaconRedEncCapBall
03-25 13:53:28.219  8223 13603 I RobotCore: Modern Robotics I2C Color Sensor, just changed I2C address. Original address: 60, new address: 92
03-25 13:53:28.219  8223 13603 I RobotCore: Modern Robotics I2C Color Sensor, just changed I2C address. Original address: 60, new address: 76
03-25 13:53:28.393  8223  8336 V Robocol : sending CMD_INIT_OP_MODE_RESP(23386), attempt: 0
03-25 13:53:28.432  8223 13579 V Robocol : received command: CMD_INIT_OP_MODE_RESP(23386) BeaconRedEncCapBall
03-25 13:53:42.301  8223  8223 I RobotCore: Battery Checker, Level Remaining: 99.0
03-25 13:53:42.302  8223  8223 I RobotCore: Battery Checker, Level Remaining: 99.0
03-25 13:53:47.821  8223  8223 I RobotCore: Battery Checker, Level Remaining: 99.0
03-25 13:53:47.823  8223  8223 I RobotCore: Battery Checker, Level Remaining: 99.0
03-25 13:54:39.951  8223  8233 I art     : Background sticky concurrent mark sweep GC freed 249488(7MB) AllocSpace objects, 0(0B) LOS objects, 37% free, 13MB/21MB, paused 8.409ms total 58.008ms
03-25 13:54:49.981  8223  8223 I RobotCore: Battery Checker, Level Remaining: 99.0
03-25 13:54:49.985  8223  8223 I RobotCore: Battery Checker, Level Remaining: 99.0
03-25 13:55:14.753  8223  8223 I RobotCore: Battery Checker, Level Remaining: 99.0
03-25 13:55:14.755  8223  8223 I RobotCore: Battery Checker, Level Remaining: 99.0
03-25 13:55:28.184  8223  8223 I RobotCore: Battery Checker, Level Remaining: 99.0
03-25 13:55:28.186  8223  8223 I RobotCore: Battery Checker, Level Remaining: 99.0
03-25 13:55:33.341  8223  8223 I RobotCore: Battery Checker, Level Remaining: 99.0
03-25 13:55:33.342  8223  8223 I RobotCore: Battery Checker, Level Remaining: 99.0
03-25 13:55:35.234  8223 13579 V Robocol : received command: CMD_RUN_OP_MODE(11747) BeaconRedEncCapBall
03-25 13:55:35.274  8223  8336 V Robocol : sending CMD_RUN_OP_MODE_RESP(25115), attempt: 0
03-25 13:55:35.316  8223 13579 V Robocol : received command: CMD_RUN_OP_MODE_RESP(25115) BeaconRedEncCapBall
03-25 13:55:37.198  8223  8223 I RobotCore: Battery Checker, Level Remaining: 99.0
03-25 13:55:37.199  8223  8223 I RobotCore: Battery Checker, Level Remaining: 99.0
03-25 13:55:39.648  8223 13603 D MRMotorController: mode resend: motor=[AL00YCFA,1] mode=STOP_AND_RESET_ENCODER
03-25 13:55:39.789  8223 13603 D MRMotorController: mode resend: motor=[AL00VM5S,1] mode=STOP_AND_RESET_ENCODER
03-25 13:55:40.848  8223 13603 D MRMotorController: mode resend: motor=[AL00VM5S,1] mode=STOP_AND_RESET_ENCODER
03-25 13:55:42.295  8223  8223 I RobotCore: Battery Checker, Level Remaining: 98.0
03-25 13:55:42.296  8223  8223 I RobotCore: Battery Checker, Level Remaining: 98.0
03-25 13:55:44.447  8223 13603 D MRMotorController: mode resend: motor=[AL00YCFA,1] mode=STOP_AND_RESET_ENCODER
03-25 13:55:44.586  8223 13603 D MRMotorController: mode resend: motor=[AL00VM5S,1] mode=STOP_AND_RESET_ENCODER
03-25 13:55:45.307  8223 13603 D MRMotorController: mode resend: motor=[AL00YCFA,1] mode=STOP_AND_RESET_ENCODER
03-25 13:55:45.455  8223 13603 D MRMotorController: mode resend: motor=[AL00VM5S,1] mode=STOP_AND_RESET_ENCODER
03-25 13:55:47.009  8223 13603 D RobotCore: Attempted to stop robot at 33.0
03-25 13:55:49.392  8223 13603 D MRMotorController: mode resend: motor=[AL00VM5S,1] mode=STOP_AND_RESET_ENCODER
03-25 13:55:49.972  8223 13603 D MRMotorController: mode resend: motor=[AL00YCFA,1] mode=STOP_AND_RESET_ENCODER
03-25 13:55:50.121  8223 13603 D MRMotorController: mode resend: motor=[AL00VM5S,1] mode=STOP_AND_RESET_ENCODER
03-25 13:55:51.178  8223 13603 D MRMotorController: mode resend: motor=[AL00YCFA,1] mode=STOP_AND_RESET_ENCODER
03-25 13:55:51.281  8223 13603 D MRMotorController: mode resend: motor=[AL00YCFA,1] mode=STOP_AND_RESET_ENCODER
03-25 13:55:51.421  8223 13603 D MRMotorController: mode resend: motor=[AL00VM5S,1] mode=STOP_AND_RESET_ENCODER
03-25 13:55:51.703  8223 13603 I RobotCore: robot battery read duration: n=10, mean=0.007ms sd=0.004ms
03-25 13:55:52.894  8223 13603 D MRMotorController: mode resend: motor=[AL00VM5S,1] mode=STOP_AND_RESET_ENCODER
03-25 13:55:56.252  8223 13603 D MRMotorController: mode resend: motor=[AL00YCFA,1] mode=STOP_AND_RESET_ENCODER
03-25 13:55:56.431  8223 13603 D MRMotorController: mode resend: motor=[AL00VM5S,1] mode=STOP_AND_RESET_ENCODER
03-25 13:55:57.190  8223 13603 D MRMotorController: mode resend: motor=[AL00YCFA,1] mode=STOP_AND_RESET_ENCODER
03-25 13:55:57.331  8223 13603 D MRMotorController: mode resend: motor=[AL00VM5S,1] mode=STOP_AND_RESET_ENCODER
03-25 13:55:58.857  8223 13603 D RobotCore: Attempted to stop robot at 43.0
03-25 13:55:59.036  8223 13603 D MRMotorController: mode resend: motor=[AL00YCFA,1] mode=STOP_AND_RESET_ENCODER
03-25 13:55:59.190  8223 13603 D MRMotorController: mode resend: motor=[AL00VM5S,1] mode=STOP_AND_RESET_ENCODER
03-25 13:56:02.195  8223 13603 D MRMotorController: mode resend: motor=[AL00YCFA,1] mode=STOP_AND_RESET_ENCODER
03-25 13:56:02.364  8223 13603 D MRMotorController: mode resend: motor=[AL00VM5S,1] mode=STOP_AND_RESET_ENCODER
03-25 13:56:04.206  8223 13603 D MRMotorController: mode resend: motor=[AL00YCFA,1] mode=STOP_AND_RESET_ENCODER
03-25 13:56:05.318  8223 13579 V Robocol : received command: CMD_INIT_OP_MODE(12102) $Stop$Robot$
03-25 13:56:05.323  8223 13603 I RobotCore: Attempting to switch to op mode $Stop$Robot$
03-25 13:56:05.433  8223  8336 V Robocol : sending CMD_INIT_OP_MODE_RESP(25506), attempt: 0
03-25 13:56:05.477  8223 13579 V Robocol : received command: CMD_INIT_OP_MODE_RESP(25506) $Stop$Robot$
03-25 13:56:05.480  8223 13579 V Robocol : received command: CMD_RUN_OP_MODE(12109) $Stop$Robot$
03-25 13:56:05.514  8223  8336 V Robocol : sending CMD_RUN_OP_MODE_RESP(25512), attempt: 0
03-25 13:56:05.553  8223 13579 V Robocol : received command: CMD_RUN_OP_MODE_RESP(25512) $Stop$Robot$
03-25 13:56:13.871  8223  8223 I RobotCore: Battery Checker, Level Remaining: 98.0
03-25 13:56:13.873  8223  8223 I RobotCore: Battery Checker, Level Remaining: 98.0
03-25 13:56:36.894  8223  8233 W art     : Suspending all threads took: 6.017ms
03-25 13:56:36.925  8223  8233 I art     : Background sticky concurrent mark sweep GC freed 228581(7MB) AllocSpace objects, 0(0B) LOS objects, 33% free, 14MB/21MB, paused 7.698ms total 59.553ms
03-25 13:56:41.876  8223 13579 V Robocol : received command: CMD_INIT_OP_MODE(12558) $Stop$Robot$
03-25 13:56:41.885  8223 13603 I RobotCore: Attempting to switch to op mode $Stop$Robot$
03-25 13:56:41.914  8223  8336 V Robocol : sending CMD_INIT_OP_MODE_RESP(26001), attempt: 0
03-25 13:56:41.952  8223 13579 V Robocol : received command: CMD_INIT_OP_MODE_RESP(26001) $Stop$Robot$
03-25 13:56:41.953  8223 13579 V Robocol : received command: CMD_RUN_OP_MODE(12564) $Stop$Robot$
03-25 13:56:41.993  8223  8336 V Robocol : sending CMD_RUN_OP_MODE_RESP(26007), attempt: 0
03-25 13:56:42.034  8223 13579 V Robocol : received command: CMD_RUN_OP_MODE_RESP(26007) $Stop$Robot$
03-25 13:56:42.302  8223  8223 I RobotCore: Battery Checker, Level Remaining: 98.0
03-25 13:56:42.303  8223  8223 I RobotCore: Battery Checker, Level Remaining: 98.0
03-25 13:56:47.823  8223  8223 I RobotCore: Battery Checker, Level Remaining: 98.0
03-25 13:56:47.824  8223  8223 I RobotCore: Battery Checker, Level Remaining: 98.0
03-25 13:57:00.755  8223 13579 V Robocol : received command: CMD_INIT_OP_MODE(12830) TeleOp
03-25 13:57:00.761  8223 13603 I RobotCore: Attempting to switch to op mode TeleOp
03-25 13:57:00.942  8223 13603 I RobotCore: Modern Robotics I2C Color Sensor, just changed I2C address. Original address: 92, new address: 92
03-25 13:57:00.942  8223 13603 I RobotCore: Modern Robotics I2C Color Sensor, just changed I2C address. Original address: 76, new address: 76
03-25 13:57:00.993  8223  8336 V Robocol : sending CMD_INIT_OP_MODE_RESP(26303), attempt: 0
03-25 13:57:01.033  8223 13579 V Robocol : received command: CMD_INIT_OP_MODE_RESP(26303) TeleOp
03-25 13:57:01.759  8223 13579 V Robocol : received command: CMD_RUN_OP_MODE(12849) TeleOp
03-25 13:57:01.793  8223  8336 V Robocol : sending CMD_RUN_OP_MODE_RESP(26318), attempt: 0
03-25 13:57:01.833  8223 13579 V Robocol : received command: CMD_RUN_OP_MODE_RESP(26318) TeleOp
03-25 13:57:46.384  8223 13622 E MRReaderWriter: AL00VM5S: comm timeout write: header: unable to read 5 bytes in 164 ms: [55 aa 00 40 1e]
03-25 13:57:46.385  8223 13622 W RobotCore: could not write to Modern Robotics USB DC Motor Controller [AL00VM5S]: comm timeout write: header: unable to read 5 bytes in 164 ms
03-25 13:57:46.610  8223 13645 W navx_ftc: Reader waitForCompletion() timeout
03-25 13:57:47.161  8223 13645 W navx_ftc: Reader waitForCompletion() timeout
03-25 13:57:47.715  8223 13645 W navx_ftc: Reader waitForCompletion() timeout
03-25 13:57:48.268  8223 13645 W navx_ftc: Reader waitForCompletion() timeout
03-25 13:57:48.820  8223 13645 W navx_ftc: Reader waitForCompletion() timeout
03-25 13:57:49.372  8223 13645 W navx_ftc: Reader waitForCompletion() timeout
03-25 13:57:49.924  8223 13645 W navx_ftc: Reader waitForCompletion() timeout
03-25 13:57:49.987  8223  8223 I RobotCore: Battery Checker, Level Remaining: 98.0
03-25 13:57:49.988  8223  8223 I RobotCore: Battery Checker, Level Remaining: 98.0
03-25 13:57:50.476  8223 13645 W navx_ftc: Reader waitForCompletion() timeout
03-25 13:57:51.029  8223 13645 W navx_ftc: Reader waitForCompletion() timeout
03-25 13:57:51.033  8223 13636 E RobotCore: OpMode 'TeleOp' stuck in loop(). Restarting robot controller app.
03-25 13:57:51.033  8223 13636 E RobotCore: Begin thread dump
03-25 13:57:51.033  8223 13579 D RobotCore: system telemetry: key=$System$Error$ msg="OpMode 'TeleOp' stuck in loop(). Restarting robot controller app."
03-25 13:57:51.041  8223  8319 W AudioTrack: AUDIO_OUTPUT_FLAG_FAST denied by client; transfer 4, track 44100 Hz, output 48000 Hz
03-25 13:57:51.065  8223 13636 E RobotCore: thread id=620 name="r/w loop: Modern Robotics USB DC Motor Controller [AL00YCFA]"
03-25 13:57:51.066  8223 13636 E RobotCore:     at com.qualcomm.robotcore.hardware.usb.ftdi.RobotUsbDeviceFtdi.write(RobotUsbDeviceFtdi.java:173)
03-25 13:57:51.066  8223 13636 E RobotCore:     at com.qualcomm.hardware.modernrobotics.comm.ModernRoboticsReaderWriter.read(ModernRoboticsReaderWriter.java:175)
03-25 13:57:51.066  8223 13636 E RobotCore:     at com.qualcomm.hardware.modernrobotics.comm.ReadWriteRunnableStandard$1.run(ReadWriteRunnableStandard.java:344)
03-25 13:57:51.066  8223 13636 E RobotCore:     at com.qualcomm.robotcore.util.ThreadPool.logThreadLifeCycle(ThreadPool.java:513)
03-25 13:57:51.066  8223 13636 E RobotCore:     at com.qualcomm.hardware.modernrobotics.comm.ReadWriteRunnableStandard.run(ReadWriteRunnableStandard.java:304)
03-25 13:57:51.066  8223 13636 E RobotCore:     at java.util.concurrent.ThreadPoolExecutor.runWorker(ThreadPoolExecutor.java:1113)
03-25 13:57:51.066  8223 13636 E RobotCore:     at java.util.concurrent.ThreadPoolExecutor$Worker.run(ThreadPoolExecutor.java:588)
03-25 13:57:51.066  8223 13636 E RobotCore:     at java.lang.Thread.run(Thread.java:818)
03-25 13:57:51.066  8223 13636 E RobotCore: thread id=477 name="Binder_3"
03-25 13:57:51.066  8223 13636 E RobotCore: thread id=501 name="pool-1-thread-1"
03-25 13:57:51.066  8223 13636 E RobotCore:     at java.lang.Object.wait(Native Method)
03-25 13:57:51.066  8223 13636 E RobotCore:     at java.lang.Thread.parkFor$(Thread.java:1220)
03-25 13:57:51.066  8223 13636 E RobotCore:     at sun.misc.Unsafe.park(Unsafe.java:299)
03-25 13:57:51.066  8223 13636 E RobotCore:     at java.util.concurrent.locks.LockSupport.parkNanos(LockSupport.java:198)
03-25 13:57:51.066  8223 13636 E RobotCore:     at java.util.concurrent.locks.AbstractQueuedSynchronizer$ConditionObject.awaitNanos(AbstractQueuedSynchronizer.java:2053)
03-25 13:57:51.066  8223 13636 E RobotCore:     at java.util.concurrent.ScheduledThreadPoolExecutor$DelayedWorkQueue.take(ScheduledThreadPoolExecutor.java:1090)
03-25 13:57:51.067  8223 13636 E RobotCore:     at java.util.concurrent.ScheduledThreadPoolExecutor$DelayedWorkQueue.take(ScheduledThreadPoolExecutor.java:1071)
03-25 13:57:51.067  8223 13636 E RobotCore:     at java.util.concurrent.ThreadPoolExecutor.getTask(ThreadPoolExecutor.java:1038)
03-25 13:57:51.067  8223 13636 E RobotCore:     at java.util.concurrent.ThreadPoolExecutor.runWorker(ThreadPoolExecutor.java:1098)
03-25 13:57:51.067  8223 13636 E RobotCore:     at java.util.concurrent.ThreadPoolExecutor$Worker.run(ThreadPoolExecutor.java:588)
03-25 13:57:51.067  8223 13636 E RobotCore:     at java.lang.Thread.run(Thread.java:818)
03-25 13:57:51.067  8223 13636 E RobotCore: thread id=630 name="r/w loop: Modern Robotics USB Core Device Interface Module [AL00VDA6]"
03-25 13:57:51.067  8223 13636 E RobotCore:     at com.qualcomm.robotcore.hardware.usb.ftdi.RobotUsbDeviceFtdi.write(RobotUsbDeviceFtdi.java:173)
03-25 13:57:51.067  8223 13636 E RobotCore:     at com.qualcomm.hardware.modernrobotics.comm.ModernRoboticsReaderWriter.read(ModernRoboticsReaderWriter.java:175)
03-25 13:57:51.067  8223 13636 E RobotCore:     at com.qualcomm.hardware.modernrobotics.comm.ReadWriteRunnableStandard$1.run(ReadWriteRunnableStandard.java:350)
03-25 13:57:51.067  8223 13636 E RobotCore:     at com.qualcomm.robotcore.util.ThreadPool.logThreadLifeCycle(ThreadPool.java:513)
03-25 13:57:51.067  8223 13636 E RobotCore:     at com.qualcomm.hardware.modernrobotics.comm.ReadWriteRunnableStandard.run(ReadWriteRunnableStandard.java:304)
03-25 13:57:51.067  8223 13636 E RobotCore:     at java.util.concurrent.ThreadPoolExecutor.runWorker(ThreadPoolExecutor.java:1113)
03-25 13:57:51.067  8223 13636 E RobotCore:     at java.util.concurrent.ThreadPoolExecutor$Worker.run(ThreadPoolExecutor.java:588)
03-25 13:57:51.067  8223 13636 E RobotCore:     at java.lang.Thread.run(Thread.java:818)
03-25 13:57:51.068  8223 13636 E RobotCore: thread id=468 name="Thread-468"
03-25 13:57:51.068  8223 13636 E RobotCore: thread id=460 name="Chrome_FileUserBlockingThread"
03-25 13:57:51.068  8223 13636 E RobotCore: thread id=625 name="bulkInThread"
03-25 13:57:51.068  8223 13636 E RobotCore:     at android.hardware.usb.UsbDeviceConnection.native_bulk_request(Native Method)
03-25 13:57:51.068  8223 13636 E RobotCore:     at android.hardware.usb.UsbDeviceConnection.bulkTransfer(UsbDeviceConnection.java:214)
03-25 13:57:51.068  8223 13636 E RobotCore:     at android.hardware.usb.UsbDeviceConnection.bulkTransfer(UsbDeviceConnection.java:196)
03-25 13:57:51.068  8223 13636 E RobotCore:     at com.ftdi.j2xx.BulkInWorker.run(FT_Device.java:2860)
03-25 13:57:51.068  8223 13636 E RobotCore:     at java.lang.Thread.run(Thread.java:818)
03-25 13:57:51.068  8223 13636 E RobotCore: thread id=639 name="r/w loop: Modern Robotics USB DC Motor Controller [AI049PCI]"
03-25 13:57:51.068  8223 13636 E RobotCore:     at com.qualcomm.robotcore.hardware.usb.ftdi.RobotUsbDeviceFtdi.write(RobotUsbDeviceFtdi.java:173)
03-25 13:57:51.068  8223 13636 E RobotCore:     at com.qualcomm.hardware.modernrobotics.comm.ModernRoboticsReaderWriter.read(ModernRoboticsReaderWriter.java:175)
03-25 13:57:51.068  8223 13636 E RobotCore:     at com.qualcomm.hardware.modernrobotics.comm.ReadWriteRunnableStandard$1.run(ReadWriteRunnableStandard.java:344)
03-25 13:57:51.068  8223 13636 E RobotCore:     at com.qualcomm.robotcore.util.ThreadPool.logThreadLifeCycle(ThreadPool.java:513)
03-25 13:57:51.068  8223 13636 E RobotCore:     at com.qualcomm.hardware.modernrobotics.comm.ReadWriteRunnableStandard.run(ReadWriteRunnableStandard.java:304)
03-25 13:57:51.068  8223 13636 E RobotCore:     at java.util.concurrent.ThreadPoolExecutor.runWorker(ThreadPoolExecutor.java:1113)
03-25 13:57:51.068  8223 13636 E RobotCore:     at java.util.concurrent.ThreadPoolExecutor$Worker.run(ThreadPoolExecutor.java:588)
03-25 13:57:51.068  8223 13636 E RobotCore:     at java.lang.Thread.run(Thread.java:818)
03-25 13:57:51.068  8223 13636 E RobotCore: thread id=490 name="SoundPool"
03-25 13:57:51.068  8223 13636 E RobotCore: thread id=627 name="r/w loop: Modern Robotics USB DC Motor Controller [AL00VM5S]"
03-25 13:57:51.068  8223 13636 E RobotCore:     at com.qualcomm.robotcore.hardware.usb.ftdi.RobotUsbDeviceFtdi.write(RobotUsbDeviceFtdi.java:173)
03-25 13:57:51.068  8223 13636 E RobotCore:     at com.qualcomm.hardware.modernrobotics.comm.ModernRoboticsReaderWriter.read(ModernRoboticsReaderWriter.java:175)
03-25 13:57:51.068  8223 13636 E RobotCore:     at com.qualcomm.hardware.modernrobotics.comm.ReadWriteRunnableStandard$1.run(ReadWriteRunnableStandard.java:344)
03-25 13:57:51.069  8223 13636 E RobotCore:     at com.qualcomm.robotcore.util.ThreadPool.logThreadLifeCycle(ThreadPool.java:513)
03-25 13:57:51.069  8223 13636 E RobotCore:     at com.qualcomm.hardware.modernrobotics.comm.ReadWriteRunnableStandard.run(ReadWriteRunnableStandard.java:304)
03-25 13:57:51.069  8223 13636 E RobotCore:     at java.util.concurrent.ThreadPoolExecutor.runWorker(ThreadPoolExecutor.java:1113)
03-25 13:57:51.069  8223 13636 E RobotCore:     at java.util.concurrent.ThreadPoolExecutor$Worker.run(ThreadPoolExecutor.java:588)
03-25 13:57:51.069  8223 13636 E RobotCore:     at java.lang.Thread.run(Thread.java:818)
03-25 13:57:51.069  8223 13636 E RobotCore: thread id=451 name="FinalizerWatchdogDaemon"
03-25 13:57:51.069  8223 13636 E RobotCore:     at java.lang.Thread.sleep(Native Method)
03-25 13:57:51.069  8223 13636 E RobotCore:     at java.lang.Thread.sleep(Thread.java:1031)
03-25 13:57:51.069  8223 13636 E RobotCore:     at java.lang.Thread.sleep(Thread.java:985)
03-25 13:57:51.069  8223 13636 E RobotCore:     at java.lang.Daemons$FinalizerWatchdogDaemon.sleepFor(Daemons.java:273)
03-25 13:57:51.069  8223 13636 E RobotCore:     at java.lang.Daemons$FinalizerWatchdogDaemon.waitForFinalization(Daemons.java:284)
03-25 13:57:51.069  8223 13636 E RobotCore:     at java.lang.Daemons$FinalizerWatchdogDaemon.run(Daemons.java:232)
03-25 13:57:51.069  8223 13636 E RobotCore:     at java.lang.Thread.run(Thread.java:818)
03-25 13:57:51.069  8223 13636 E RobotCore: thread id=457 name="AsyncTask #1"
03-25 13:57:51.069  8223 13636 E RobotCore:     at java.lang.Object.wait(Native Method)
03-25 13:57:51.069  8223 13636 E RobotCore:     at java.lang.Thread.parkFor$(Thread.java:1220)
03-25 13:57:51.069  8223 13636 E RobotCore:     at sun.misc.Unsafe.park(Unsafe.java:299)
03-25 13:57:51.069  8223 13636 E RobotCore:     at java.util.concurrent.locks.LockSupport.park(LockSupport.java:158)
03-25 13:57:51.069  8223 13636 E RobotCore:     at java.util.concurrent.locks.AbstractQueuedSynchronizer$ConditionObject.await(AbstractQueuedSynchronizer.java:2013)
03-25 13:57:51.069  8223 13636 E RobotCore:     at java.util.concurrent.LinkedBlockingQueue.take(LinkedBlockingQueue.java:410)
03-25 13:57:51.069  8223 13636 E RobotCore:     at java.util.concurrent.ThreadPoolExecutor.getTask(ThreadPoolExecutor.java:1038)
03-25 13:57:51.069  8223 13636 E RobotCore:     at java.util.concurrent.ThreadPoolExecutor.runWorker(ThreadPoolExecutor.java:1098)
03-25 13:57:51.070  8223 13636 E RobotCore:     at java.util.concurrent.ThreadPoolExecutor$Worker.run(ThreadPoolExecutor.java:588)
03-25 13:57:51.070  8223 13636 E RobotCore:     at java.lang.Thread.run(Thread.java:818)
03-25 13:57:51.070  8223 13636 E RobotCore: thread id=465 name="Thread-465"
03-25 13:57:51.070  8223 13636 E RobotCore: thread id=467 name="AsyncTask #2"
03-25 13:57:51.070  8223 13636 E RobotCore:     at java.lang.Object.wait(Native Method)
03-25 13:57:51.070  8223 13636 E RobotCore:     at java.lang.Thread.parkFor$(Thread.java:1220)
03-25 13:57:51.070  8223 13636 E RobotCore:     at sun.misc.Unsafe.park(Unsafe.java:299)
03-25 13:57:51.070  8223 13636 E RobotCore:     at java.util.concurrent.locks.LockSupport.park(LockSupport.java:158)
03-25 13:57:51.070  8223 13636 E RobotCore:     at java.util.concurrent.locks.AbstractQueuedSynchronizer$ConditionObject.await(AbstractQueuedSynchronizer.java:2013)
03-25 13:57:51.070  8223 13636 E RobotCore:     at java.util.concurrent.LinkedBlockingQueue.take(LinkedBlockingQueue.java:410)
03-25 13:57:51.070  8223 13636 E RobotCore:     at java.util.concurrent.ThreadPoolExecutor.getTask(ThreadPoolExecutor.java:1038)
03-25 13:57:51.070  8223 13636 E RobotCore:     at java.util.concurrent.ThreadPoolExecutor.runWorker(ThreadPoolExecutor.java:1098)
03-25 13:57:51.070  8223 13636 E RobotCore:     at java.util.concurrent.ThreadPoolExecutor$Worker.run(ThreadPoolExecutor.java:588)
03-25 13:57:51.070  8223 13636 E RobotCore:     at java.lang.Thread.run(Thread.java:818)
03-25 13:57:51.070  8223 13636 E RobotCore: thread id=448 name="JDWP"
03-25 13:57:51.070  8223 13636 E RobotCore: thread id=637 name="bulkInThread"
03-25 13:57:51.070  8223 13636 E RobotCore:     at android.hardware.usb.UsbDeviceConnection.native_bulk_request(Native Method)
03-25 13:57:51.070  8223 13636 E RobotCore:     at android.hardware.usb.UsbDeviceConnection.bulkTransfer(UsbDeviceConnection.java:214)
03-25 13:57:51.070  8223 13636 E RobotCore:     at android.hardware.usb.UsbDeviceConnection.bulkTransfer(UsbDeviceConnection.java:196)
03-25 13:57:51.070  8223 13636 E RobotCore:     at com.ftdi.j2xx.BulkInWorker.run(FT_Device.java:2860)
03-25 13:57:51.070  8223 13636 E RobotCore:     at java.lang.Thread.run(Thread.java:818)
03-25 13:57:51.070  8223 13636 E RobotCore: thread id=463 name="Chrome_CacheThread"
03-25 13:57:51.070  8223 13636 E RobotCore: thread id=474 name="RenderThread"
03-25 13:57:51.070  8223 13636 E RobotCore: thread id=640 name="pool-68-thread-1"
03-25 13:57:51.071  8223 13636 E RobotCore:     at dalvik.system.VMStack.getThreadStackTrace(Native Method)
03-25 13:57:51.071  8223 13636 E RobotCore:     at java.lang.Thread.getStackTrace(Thread.java:580)
03-25 13:57:51.071  8223 13636 E RobotCore:     at java.lang.Thread.getAllStackTraces(Thread.java:522)
03-25 13:57:51.071  8223 13636 E RobotCore:     at com.qualcomm.robotcore.eventloop.opmode.OpModeManagerImpl$OpModeStuckCodeMonitor$Runner.run(OpModeManagerImpl.java:546)
03-25 13:57:51.071  8223 13636 E RobotCore:     at java.util.concurrent.ThreadPoolExecutor.runWorker(ThreadPoolExecutor.java:1113)
03-25 13:57:51.071  8223 13636 E RobotCore:     at java.util.concurrent.ThreadPoolExecutor$Worker.run(ThreadPoolExecutor.java:588)
03-25 13:57:51.071  8223 13636 E RobotCore:     at java.lang.Thread.run(Thread.java:818)
03-25 13:57:51.071  8223 13636 E RobotCore: thread id=621 name="bulkInThread"
03-25 13:57:51.071  8223 13636 E RobotCore:     at android.hardware.usb.UsbDeviceConnection.native_bulk_request(Native Method)
03-25 13:57:51.071  8223 13636 E RobotCore:     at android.hardware.usb.UsbDeviceConnection.bulkTransfer(UsbDeviceConnection.java:214)
03-25 13:57:51.071  8223 13636 E RobotCore:     at android.hardware.usb.UsbDeviceConnection.bulkTransfer(UsbDeviceConnection.java:196)
03-25 13:57:51.071  8223 13636 E RobotCore:     at com.ftdi.j2xx.BulkInWorker.run(FT_Device.java:2860)
03-25 13:57:51.072  8223 13636 E RobotCore:     at java.lang.Thread.run(Thread.java:818)
03-25 13:57:51.072  8223 13636 E RobotCore: thread id=475 name="AsyncTask #3"
03-25 13:57:51.072  8223 13636 E RobotCore:     at java.lang.Object.wait(Native Method)
03-25 13:57:51.072  8223 13636 E RobotCore:     at java.lang.Thread.parkFor$(Thread.java:1220)
03-25 13:57:51.072  8223 13636 E RobotCore:     at sun.misc.Unsafe.park(Unsafe.java:299)
03-25 13:57:51.072  8223 13636 E RobotCore:     at java.util.concurrent.locks.LockSupport.park(LockSupport.java:158)
03-25 13:57:51.072  8223 13636 E RobotCore:     at java.util.concurrent.locks.AbstractQueuedSynchronizer$ConditionObject.await(AbstractQueuedSynchronizer.java:2013)
03-25 13:57:51.072  8223 13636 E RobotCore:     at java.util.concurrent.LinkedBlockingQueue.take(LinkedBlockingQueue.java:410)
03-25 13:57:51.072  8223 13636 E RobotCore:     at java.util.concurrent.ThreadPoolExecutor.getTask(ThreadPoolExecutor.java:1038)
03-25 13:57:51.072  8223 13636 E RobotCore:     at java.util.concurrent.ThreadPoolExecutor.runWorker(ThreadPoolExecutor.java:1098)
03-25 13:57:51.072  8223 13636 E RobotCore:     at java.util.concurrent.ThreadPoolExecutor$Worker.run(ThreadPoolExecutor.java:588)
03-25 13:57:51.072  8223 13636 E RobotCore:     at java.lang.Thread.run(Thread.java:818)
03-25 13:57:51.072  8223 13636 E RobotCore: thread id=633 name="r/w loop: Modern Robotics USB DC Motor Controller [AL00VM5X]"
03-25 13:57:51.072  8223 13636 E RobotCore:     at com.qualcomm.robotcore.hardware.usb.ftdi.RobotUsbDeviceFtdi.write(RobotUsbDeviceFtdi.java:173)
03-25 13:57:51.072  8223 13636 E RobotCore:     at com.qualcomm.hardware.modernrobotics.comm.ModernRoboticsReaderWriter.read(ModernRoboticsReaderWriter.java:175)
03-25 13:57:51.072  8223 13636 E RobotCore:     at com.qualcomm.hardware.modernrobotics.comm.ReadWriteRunnableStandard$1.run(ReadWriteRunnableStandard.java:344)
03-25 13:57:51.072  8223 13636 E RobotCore:     at com.qualcomm.robotcore.util.ThreadPool.logThreadLifeCycle(ThreadPool.java:513)
03-25 13:57:51.072  8223 13636 E RobotCore:     at com.qualcomm.hardware.modernrobotics.comm.ReadWriteRunnableStandard.run(ReadWriteRunnableStandard.java:304)
03-25 13:57:51.072  8223 13636 E RobotCore:     at java.util.concurrent.ThreadPoolExecutor.runWorker(ThreadPoolExecutor.java:1113)
03-25 13:57:51.072  8223 13636 E RobotCore:     at java.util.concurrent.ThreadPoolExecutor$Worker.run(ThreadPoolExecutor.java:588)
03-25 13:57:51.072  8223 13636 E RobotCore:     at java.lang.Thread.run(Thread.java:818)
03-25 13:57:51.072  8223 13636 E RobotCore: thread id=452 name="HeapTaskDaemon"
03-25 13:57:51.072  8223 13636 E RobotCore:     at dalvik.system.VMRuntime.runHeapTasks(Native Method)
03-25 13:57:51.073  8223 13636 E RobotCore:     at java.lang.Daemons$HeapTaskDaemon.run(Daemons.java:355)
03-25 13:57:51.073  8223 13636 E RobotCore:     at java.lang.Thread.run(Thread.java:818)
03-25 13:57:51.073  8223 13636 E RobotCore: thread id=456 name="java.lang.ProcessManager"
03-25 13:57:51.073  8223 13636 E RobotCore:     at libcore.io.Posix.waitpid(Native Method)
03-25 13:57:51.073  8223 13636 E RobotCore:     at libcore.io.ForwardingOs.waitpid(ForwardingOs.java:173)
03-25 13:57:51.073  8223 13636 E RobotCore:     at java.lang.ProcessManager.watchChildren(ProcessManager.java:86)
03-25 13:57:51.073  8223 13636 E RobotCore:     at java.lang.ProcessManager.-wrap0(ProcessManager.java)
03-25 13:57:51.073  8223 13636 E RobotCore:     at java.lang.ProcessManager$1.run(ProcessManager.java:58)
03-25 13:57:51.073  8223 13636 E RobotCore: thread id=638 name="processRequestThread"
03-25 13:57:51.073  8223 13636 E RobotCore:     at java.lang.Object.wait(Native Method)
03-25 13:57:51.073  8223 13636 E RobotCore:     at java.lang.Thread.parkFor$(Thread.java:1220)
03-25 13:57:51.073  8223 13636 E RobotCore:     at sun.misc.Unsafe.park(Unsafe.java:299)
03-25 13:57:51.073  8223 13636 E RobotCore:     at java.util.concurrent.locks.LockSupport.park(LockSupport.java:158)
03-25 13:57:51.073  8223 13636 E RobotCore:     at java.util.concurrent.locks.AbstractQueuedSynchronizer.parkAndCheckInterrupt(AbstractQueuedSynchronizer.java:810)
03-25 13:57:51.073  8223 13636 E RobotCore:     at java.util.concurrent.locks.AbstractQueuedSynchronizer.doAcquireSharedInterruptibly(AbstractQueuedSynchronizer.java:971)
03-25 13:57:51.073  8223 13636 E RobotCore:     at java.util.concurrent.locks.AbstractQueuedSynchronizer.acquireSharedInterruptibly(AbstractQueuedSynchronizer.java:1278)
03-25 13:57:51.073  8223 13636 E RobotCore:     at java.util.concurrent.Semaphore.acquire(Semaphore.java:284)
03-25 13:57:51.073  8223 13636 E RobotCore:     at com.ftdi.j2xx.ProcessInCtrl.acquireReadableBuffer(FT_Device.java:2294)
03-25 13:57:51.073  8223 13636 E RobotCore:     at com.ftdi.j2xx.ProcessRequestWorker.run(FT_Device.java:2764)
03-25 13:57:51.073  8223 13636 E RobotCore:     at java.lang.Thread.run(Thread.java:818)
03-25 13:57:51.073  8223 13636 E RobotCore: thread id=450 name="FinalizerDaemon"
03-25 13:57:51.073  8223 13636 E RobotCore:     at java.lang.Object.wait(Native Method)
03-25 13:57:51.073  8223 13636 E RobotCore:     at java.lang.Object.wait(Object.java:423)
03-25 13:57:51.073  8223 13636 E RobotCore:     at java.lang.ref.ReferenceQueue.remove(ReferenceQueue.java:101)
03-25 13:57:51.074  8223 13636 E RobotCore:     at java.lang.ref.ReferenceQueue.remove(ReferenceQueue.java:72)
03-25 13:57:51.074  8223 13636 E RobotCore:     at java.lang.Daemons$FinalizerDaemon.run(Daemons.java:185)
03-25 13:57:51.074  8223 13636 E RobotCore:     at java.lang.Thread.run(Thread.java:818)
03-25 13:57:51.074  8223 13636 E RobotCore: thread id=641 name="Thread-641"
03-25 13:57:51.074  8223 13636 E RobotCore:     at java.lang.Object.wait(Native Method)
03-25 13:57:51.074  8223 13636 E RobotCore:     at java.lang.Object.wait(Object.java:423)
03-25 13:57:51.074  8223 13636 E RobotCore:     at com.kauailabs.navx.ftc.AHRS$navXIOThread.run(AHRS.java:1273)
03-25 13:57:51.074  8223 13636 E RobotCore:     at java.lang.Thread.run(Thread.java:818)
03-25 13:57:51.074  8223 13636 E RobotCore: thread id=473 name="WifiManager"
03-25 13:57:51.074  8223 13636 E RobotCore:     at android.os.MessageQueue.nativePollOnce(Native Method)
03-25 13:57:51.074  8223 13636 E RobotCore:     at android.os.MessageQueue.next(MessageQueue.java:323)
03-25 13:57:51.074  8223 13636 E RobotCore:     at android.os.Looper.loop(Looper.java:135)
03-25 13:57:51.074  8223 13636 E RobotCore:     at android.os.HandlerThread.run(HandlerThread.java:61)
03-25 13:57:51.074  8223 13636 E RobotCore: thread id=466 name="Thread-466"
03-25 13:57:51.074  8223 13636 E RobotCore: thread id=454 name="Binder_2"
03-25 13:57:51.074  8223 13636 E RobotCore: thread id=632 name="processRequestThread"
03-25 13:57:51.074  8223 13636 E RobotCore:     at java.lang.Object.wait(Native Method)
03-25 13:57:51.074  8223 13636 E RobotCore:     at java.lang.Thread.parkFor$(Thread.java:1220)
03-25 13:57:51.074  8223 13636 E RobotCore:     at sun.misc.Unsafe.park(Unsafe.java:299)
03-25 13:57:51.074  8223 13636 E RobotCore:     at java.util.concurrent.locks.LockSupport.park(LockSupport.java:158)
03-25 13:57:51.074  8223 13636 E RobotCore:     at java.util.concurrent.locks.AbstractQueuedSynchronizer.parkAndCheckInterrupt(AbstractQueuedSynchronizer.java:810)
03-25 13:57:51.074  8223 13636 E RobotCore:     at java.util.concurrent.locks.AbstractQueuedSynchronizer.doAcquireSharedInterruptibly(AbstractQueuedSynchronizer.java:971)
03-25 13:57:51.074  8223 13636 E RobotCore:     at java.util.concurrent.locks.AbstractQueuedSynchronizer.acquireSharedInterruptibly(AbstractQueuedSynchronizer.java:1278)
03-25 13:57:51.074  8223 13636 E RobotCore:     at java.util.concurrent.Semaphore.acquire(Semaphore.java:284)
03-25 13:57:51.074  8223 13636 E RobotCore:     at com.ftdi.j2xx.ProcessInCtrl.acquireReadableBuffer(FT_Device.java:2294)
03-25 13:57:51.074  8223 13636 E RobotCore:     at com.ftdi.j2xx.ProcessRequestWorker.run(FT_Device.java:2764)
03-25 13:57:51.075  8223 13636 E RobotCore:     at java.lang.Thread.run(Thread.java:818)
03-25 13:57:51.075  8223 13636 E RobotCore: thread id=489 name="SoundPoolThread"
03-25 13:57:51.075  8223 13636 E RobotCore: thread id=623 name="r/w loop: Modern Robotics USB Core Device Interface Module [AI041S6Y]"
03-25 13:57:51.075  8223 13636 E RobotCore:     at com.qualcomm.robotcore.hardware.usb.ftdi.RobotUsbDeviceFtdi.write(RobotUsbDeviceFtdi.java:173)
03-25 13:57:51.075  8223 13636 E RobotCore:     at com.qualcomm.hardware.modernrobotics.comm.ModernRoboticsReaderWriter.read(ModernRoboticsReaderWriter.java:175)
03-25 13:57:51.075  8223 13636 E RobotCore:     at com.qualcomm.hardware.modernrobotics.comm.ReadWriteRunnableStandard$1.run(ReadWriteRunnableStandard.java:344)
03-25 13:57:51.075  8223 13636 E RobotCore:     at com.qualcomm.robotcore.util.ThreadPool.logThreadLifeCycle(ThreadPool.java:513)
03-25 13:57:51.075  8223 13636 E RobotCore:     at com.qualcomm.hardware.modernrobotics.comm.ReadWriteRunnableStandard.run(ReadWriteRunnableStandard.java:304)
03-25 13:57:51.075  8223 13636 E RobotCore:     at java.util.concurrent.ThreadPoolExecutor.runWorker(ThreadPoolExecutor.java:1113)
03-25 13:57:51.075  8223 13636 E RobotCore:     at java.util.concurrent.ThreadPoolExecutor$Worker.run(ThreadPoolExecutor.java:588)
03-25 13:57:51.075  8223 13636 E RobotCore:     at java.lang.Thread.run(Thread.java:818)
03-25 13:57:51.075  8223 13636 E RobotCore: thread id=449 name="ReferenceQueueDaemon"
03-25 13:57:51.075  8223 13636 E RobotCore:     at java.lang.Object.wait(Native Method)
03-25 13:57:51.075  8223 13636 E RobotCore:     at java.lang.Daemons$ReferenceQueueDaemon.run(Daemons.java:147)
03-25 13:57:51.075  8223 13636 E RobotCore:     at java.lang.Thread.run(Thread.java:818)
03-25 13:57:51.075  8223 13636 E RobotCore: thread id=492 name="SoundPlayer"
03-25 13:57:51.075  8223 13636 E RobotCore:     at java.lang.Object.wait(Native Method)
03-25 13:57:51.075  8223 13636 E RobotCore:     at java.lang.Thread.parkFor$(Thread.java:1220)
03-25 13:57:51.075  8223 13636 E RobotCore:     at sun.misc.Unsafe.park(Unsafe.java:299)
03-25 13:57:51.075  8223 13636 E RobotCore:     at java.util.concurrent.locks.LockSupport.park(LockSupport.java:158)
03-25 13:57:51.075  8223 13636 E RobotCore:     at java.util.concurrent.locks.AbstractQueuedSynchronizer$ConditionObject.await(AbstractQueuedSynchronizer.java:2013)
03-25 13:57:51.075  8223 13636 E RobotCore:     at java.util.concurrent.LinkedBlockingQueue.take(LinkedBlockingQueue.java:410)
03-25 13:57:51.075  8223 13636 E RobotCore:     at java.util.concurrent.ThreadPoolExecutor.getTask(ThreadPoolExecutor.java:1038)
03-25 13:57:51.075  8223 13636 E RobotCore:     at java.util.concurrent.ThreadPoolExecutor.runWorker(ThreadPoolExecutor.java:1098)
03-25 13:57:51.075  8223 13636 E RobotCore:     at java.util.concurrent.ThreadPoolExecutor$Worker.run(ThreadPoolExecutor.java:588)
03-25 13:57:51.075  8223 13636 E RobotCore:     at java.lang.Thread.run(Thread.java:818)
03-25 13:57:51.075  8223 13636 E RobotCore: thread id=619 name="processRequestThread"
03-25 13:57:51.076  8223 13636 E RobotCore:     at java.lang.Object.wait(Native Method)
03-25 13:57:51.076  8223 13636 E RobotCore:     at java.lang.Thread.parkFor$(Thread.java:1220)
03-25 13:57:51.076  8223 13636 E RobotCore:     at sun.misc.Unsafe.park(Unsafe.java:299)
03-25 13:57:51.076  8223 13636 E RobotCore:     at java.util.concurrent.locks.LockSupport.park(LockSupport.java:158)
03-25 13:57:51.076  8223 13636 E RobotCore:     at java.util.concurrent.locks.AbstractQueuedSynchronizer.parkAndCheckInterrupt(AbstractQueuedSynchronizer.java:810)
03-25 13:57:51.076  8223 13636 E RobotCore:     at java.util.concurrent.locks.AbstractQueuedSynchronizer.doAcquireSharedInterruptibly(AbstractQueuedSynchronizer.java:971)
03-25 13:57:51.076  8223 13636 E RobotCore:     at java.util.concurrent.locks.AbstractQueuedSynchronizer.acquireSharedInterruptibly(AbstractQueuedSynchronizer.java:1278)
