03-25 13:52:42.349  8223 13559 D OpmodeRegistration: registered {BeaconScoreTest} as {BeaconScoreTest}
03-25 13:52:42.350  8223 13559 D OpmodeRegistration: registered {ColorSensorTest} as {ColorTest}
03-25 13:52:42.351  8223 13559 D OpmodeRegistration: registered {EncoderDriveTest} as {EncoderDriveTest}
03-25 13:52:42.351  8223 13559 D OpmodeRegistration: registered {EncoderGyroTurnTest} as {EncoderGyroTest}
03-25 13:52:42.352  8223 13559 D OpmodeRegistration: registered {EncoderOneStraight} as {EncoderOneStraightTest}
03-25 13:52:42.352  8223 13559 D OpmodeRegistration: registered {EncoderTurnTest} as {EncoderTurnTest}
03-25 13:52:42.353  8223 13559 D OpmodeRegistration: registered {ShootingTest} as {ShootingTest}
03-25 13:52:42.353  8223 13559 D OpmodeRegistration: registered {WhiteLineTest} as {WhiteLineTest}
03-25 13:52:42.354  8223 13559 D OpmodeRegistration: registered {TeleOp} as {TeleOp}
03-25 13:52:42.355  8223 13559 D OpmodeRegistration: registered {TeleOpPID} as {TeleOpPID}
03-25 13:52:42.355  8223 13559 D OpmodeRegistration: registered {TestBenchTeleOp} as {TeleOpTestBench}
03-25 13:52:42.356  8223 13559 D OpmodeRegistration: registered {BeaconBlueEncoder} as {BeaconBlueEnc}
03-25 13:52:42.356  8223 13559 D OpmodeRegistration: registered {BeaconBlueEncoderCapBall} as {BeaconBlueEncCapBall}
03-25 13:52:42.357  8223 13559 D OpmodeRegistration: registered {BeaconRed} as {BeaconRed}
03-25 13:52:42.357  8223 13559 D OpmodeRegistration: registered {BeaconRedCapBall} as {BeaconRedCapBall}
03-25 13:52:42.358  8223 13559 D OpmodeRegistration: registered {CapBallFarBlue} as {CapBallFarBlue}
03-25 13:52:42.359  8223 13559 D OpmodeRegistration: registered {CapBallFarRed} as {CapBallFarRed}
03-25 13:52:42.359  8223 13559 D OpmodeRegistration: registered {CornerFarBlue} as {CornerFarBlue}
03-25 13:52:42.360  8223 13559 D OpmodeRegistration: registered {CornerFarRed} as {CornerFarRed}
03-25 13:52:42.360  8223 13559 D OpmodeRegistration: registered {DynamicAutonomousSelectorTest} as {SelectorTest}
03-25 13:52:42.361  8223 13559 D OpmodeRegistration: registered {BeaconBlue} as {BeaconBlue}
03-25 13:52:42.361  8223 13559 D OpmodeRegistration: registered {BeaconBlueCapBall} as {BeaconBlueCapBall}
03-25 13:52:42.362  8223 13559 D OpmodeRegistration: registered {BeaconRedEncoder} as {BeaconRedEnc}
03-25 13:52:42.363  8223 13559 D OpmodeRegistration: registered {BeaconRedEncoderCapBall} as {BeaconRedEncCapBall}
03-25 13:52:42.365  8223 13559 V RobotCore: Creating Modern Robotics USB Core Device Interface Module [AL00VDA6]
03-25 13:52:42.367  8223 13559 V D2xx::  : Vendor: 0403, Product: 6001
03-25 13:52:42.368  8223 13559 V D2xx::  : Vendor: 0403, Product: 6001
03-25 13:52:42.369  8223 13559 V D2xx::  : Vendor: 0403, Product: 6001
03-25 13:52:42.370  8223 13559 V D2xx::  : Vendor: 0403, Product: 6001
03-25 13:52:42.371  8223 13559 V D2xx::  : Vendor: 0403, Product: 6001
03-25 13:52:42.372  8223 13559 V D2xx::  : Vendor: 0403, Product: 6001
03-25 13:52:42.373  8223 13559 V D2xx::  : Vendor: 0403, Product: 6001
03-25 13:52:42.374  8223 13559 D FTDI_Device::: open SUCCESS
03-25 13:52:42.374  8223 13559 I FTDI_Device::: EP: 0x81
03-25 13:52:42.374  8223 13559 I FTDI_Device::: EP: 0x02
03-25 13:52:42.374  8223 13559 D D2XX::  : **********************Device Opened**********************
03-25 13:52:42.645  8223 13579 E Robocol : no packet received: SocketTimeoutException
03-25 13:52:42.645  8223 13579 E RobotCore: java.net.SocketTimeoutException
03-25 13:52:42.645  8223 13579 E RobotCore:     at libcore.io.IoBridge.maybeThrowAfterRecvfrom(IoBridge.java:594)
03-25 13:52:42.645  8223 13579 E RobotCore:     at libcore.io.IoBridge.recvfrom(IoBridge.java:552)
03-25 13:52:42.645  8223 13579 E RobotCore:     at java.net.PlainDatagramSocketImpl.doRecv(PlainDatagramSocketImpl.java:163)
03-25 13:52:42.645  8223 13579 E RobotCore:     at java.net.PlainDatagramSocketImpl.receive(PlainDatagramSocketImpl.java:171)
03-25 13:52:42.645  8223 13579 E RobotCore:     at java.net.DatagramSocket.receive(DatagramSocket.java:274)
03-25 13:52:42.645  8223 13579 E RobotCore:     at com.qualcomm.robotcore.robocol.RobocolDatagramSocket.recv(RobocolDatagramSocket.java:131)
03-25 13:52:42.645  8223 13579 E RobotCore:     at org.firstinspires.ftc.robotcore.internal.network.RecvLoopRunnable$1.run(RecvLoopRunnable.java:83)
03-25 13:52:42.645  8223 13579 E RobotCore:     at com.qualcomm.robotcore.util.ThreadPool.logThreadLifeCycle(ThreadPool.java:513)
03-25 13:52:42.645  8223 13579 E RobotCore:     at org.firstinspires.ftc.robotcore.internal.network.RecvLoopRunnable.run(RecvLoopRunnable.java:75)
03-25 13:52:42.646  8223 13579 E RobotCore:     at java.util.concurrent.ThreadPoolExecutor.runWorker(ThreadPoolExecutor.java:1113)
03-25 13:52:42.646  8223 13579 E RobotCore:     at java.util.concurrent.ThreadPoolExecutor$Worker.run(ThreadPoolExecutor.java:588)
03-25 13:52:42.646  8223 13579 E RobotCore:     at java.lang.Thread.run(Thread.java:818)
03-25 13:52:42.784  8223 13559 V RobotCore: Starting up device AL00VDA6
03-25 13:52:42.786  8223 13582 V RobotCore: thread: 'r/w loop: Modern Robotics USB Core Device Interface Module [AL00VDA6]' starting...
03-25 13:52:42.787  8223 13559 V RobotCore: Creating user sensor MR Range Sensor - Port: 2
03-25 13:52:42.787  8223 13559 V RobotCore:i2cSynch(USB AL00VDA6; port 2): doPortIsReadyCallbackBeginWork ...
03-25 13:52:42.787  8223 13559 V RobotCore:i2cSynch(USB AL00VDA6; port 2): doModuleIsArmedWork ...
03-25 13:52:42.787  8223 13559 V RobotCore:i2cSynch(USB AL00VDA6; port 2): ... doModuleIsArmedWork complete
03-25 13:52:42.787  8223 13559 V RobotCore:i2cSynch(USB AL00VDA6; port 2): ... doPortIsReadyCallbackBeginWork complete
03-25 13:52:42.787  8223 13559 V RobotCore:i2cSynch(USB AL00VDA6; port 2): hooking ...
03-25 13:52:42.787  8223 13559 V RobotCore:i2cSynch(USB AL00VDA6; port 2): ... hooking complete
03-25 13:52:42.787  8223 13559 V RobotCore: Creating Modern Robotics I2C Color Sensor - Port: 3
03-25 13:52:42.788  8223 13559 V RobotCore: Creating Modern Robotics I2C Color Sensor - Port: 4
03-25 13:52:42.788  8223 13559 V RobotCore: Creating Modern Robotics USB DC Motor Controller [AL00VM5X]
03-25 13:52:42.788  8223 13559 D RobotCore: arming modern motor controller Modern Robotics USB DC Motor Controller [AL00VM5X]...
03-25 13:52:42.791  8223 13559 V D2xx::  : Vendor: 0403, Product: 6001
03-25 13:52:42.794  8223 13559 V D2xx::  : Vendor: 0403, Product: 6001
03-25 13:52:42.796  8223 13559 V D2xx::  : Vendor: 0403, Product: 6001
03-25 13:52:42.798  8223 13559 V D2xx::  : Vendor: 0403, Product: 6001
03-25 13:52:42.801  8223 13559 V D2xx::  : Vendor: 0403, Product: 6001
03-25 13:52:42.804  8223 13559 V D2xx::  : Vendor: 0403, Product: 6001
03-25 13:52:42.806  8223 13559 V D2xx::  : Vendor: 0403, Product: 6001
03-25 13:52:42.809  8223 13559 D FTDI_Device::: open SUCCESS
03-25 13:52:42.809  8223 13559 I FTDI_Device::: EP: 0x81
03-25 13:52:42.809  8223 13559 I FTDI_Device::: EP: 0x02
03-25 13:52:42.809  8223 13559 D D2XX::  : **********************Device Opened**********************
03-25 13:52:42.832  8223 13579 D RobotCore: system telemetry: key=$System$None$ msg=""
03-25 13:52:42.832  8223 13579 V PeerDiscovery: new remote peer discovered: 192.168.49.99
03-25 13:52:42.832  8223 13579 D Robocol : RobocolDatagramSocket connected to /192.168.49.99:20884
03-25 13:52:42.833  8223 13579 V NetworkConnectionHandler: starting sending loop
03-25 13:52:42.833  8223 13579 V Robocol : SendOnceRunnable created
03-25 13:52:42.834  8223 13579 V RobotCore: Network: active, connected
03-25 13:52:42.835  8223  8319 W AudioTrack: AUDIO_OUTPUT_FLAG_FAST denied by client; transfer 4, track 44100 Hz, output 48000 Hz
03-25 13:52:42.873  8223  8336 V Robocol : sending CMD_REQUEST_USER_SENSOR_LIST_RESP(22670), attempt: 0
03-25 13:52:42.875  8223 13579 V Robocol : received command: CMD_REQUEST_OP_MODE_LIST(10001) 
03-25 13:52:42.889  8223 13579 V Robocol : received command: CMD_REQUEST_ACTIVE_CONFIGURATION(10002) 
03-25 13:52:42.913  8223 13579 V Robocol : received command: CMD_REQUEST_USER_SENSOR_LIST_RESP(22670) [{"description":"a MR compass sensor","flavor":"I2C","name":"MR Compass Sensor","xmlTag":"ModernRoboticsI2cCompassSensor"},{"description":"an Adafruit IMU","flavor":"I2C","name":"Adafruit IMU","xmlTag":"AdafruitBNO055IMU"},{"description":"a MR range sensor","flavor":"I2C","name":"MR Range Sensor","xmlTag":"ModernRoboticsI2cRangeSensor"}]
03-25 13:52:42.914  8223  8336 V Robocol : sending CMD_REQUEST_OP_MODE_LIST_RESP(22674), attempt: 0
03-25 13:52:42.914  8223  8336 V Robocol : sending CMD_REQUEST_USER_SENSOR_LIST_RESP(22675), attempt: 0
03-25 13:52:42.914  8223  8336 V Robocol : sending CMD_REQUEST_ACTIVE_CONFIGURATION_RESP(22678), attempt: 0
03-25 13:52:42.954  8223 13579 V Robocol : received command: CMD_REQUEST_OP_MODE_LIST_RESP(22674) [{"flavor":"AUTONOMOUS","group":"Encoder Autonomous","name":"CapBallCloseBlue"},{"flavor":"AUTONOMOUS","group":"Encoder Autonomous","name":"CapBallCloseRed"},{"flavor":"AUTONOMOUS","group":"Encoder Autonomous","name":"ShootBackUpBlue"},{"flavor":"AUTONOMOUS","group":"Encoder Autonomous","name":"ShootBackUpRed"},{"flavor":"AUTONOMOUS","group":"Encoder Autonomous","name":"ShootDefenseBlueMiddle"},{"flavor":"AUTONOMOUS","group":"Encoder Autonomous","name":"ShootDefenseBlueShootBlock"},{"flavor":"AUTONOMOUS","group":"Encoder Autonomous","name":"ShootDefenseRedMiddle"},{"flavor":"AUTONOMOUS","group":"Encoder Autonomous","name":"ShootDefenseRedShootBlock"},{"flavor":"AUTONOMOUS","group":"Encoder Autonomous","name":"ShootDefenseRedShootBlockAlt"},{"flavor":"AUTONOMOUS","group":"Encoder Autonomous","name":"ShootOnlyClose"},{"flavor":"AUTONOMOUS","group":"Encoder Autonomous","name":"ShootOnlyRedClose"},{"flavor":"AUTONOMOUS","group":"Encoder Autonomous","name":"ShootTwoBlue"},{"flavor":"AUTONOMOUS","group":"Encoder Autonomous","name":"ShootTwoRed"},{"flavor":"AUTONOMOUS","group":"Testing","name":"BeaconScoreTest"},{"flavor":"AUTONOMOUS","group":"Testing","name":"ColorTest"},{"flavor":"AUTONOMOUS","group":"Testing","name":"EncoderDriveTest"},{"flavor":"AUTONOMOUS","group":"Testing","name":"EncoderGyroTest"},{"flavor":"AUTONOMOUS","group":"Testing","name":"EncoderOneStraightTest"},{"flavor":"AUTONOMOUS","group":"Testing","name":"EncoderTurnTest"},{"flavor":"AUTONOMOUS","group":"Testing","name":"ShootingTest"},{"flavor":"AUTONOMOUS","group":"Testing","name":"WhiteLineTest"},{"flavor":"TELEOP","group":"$$$$$$$","name":"TeleOp"},{"flavor":"TELEOP","group":"$$$$$$$","name":"TeleOpPID"},{"flavor":"TELEOP","group":"$$$$$$$","name":"TeleOpTestBench"},{"flavor":"AUTONOMOUS","group":"AWorking","name":"BeaconBlueEnc"},{"flavor":"AUTONOMOUS","group":"AWorking","name":"BeaconBlueEncCapBall"},{"flavor":"AUTONOMOUS","group":"AWorking","name":"BeaconRed"},{"flavor":"AUTONOMOUS","group":"AWorking","name":"BeaconRedCapBall"},{"flavor":"AUTONOMOUS","group":"AWorking","name":"CapBallFarBlue"},{"flavor":"AUTONOMOUS","group":"AWorking","name":"CapBallFarRed"},{"flavor":"AUTONOMOUS","group":"AWorking","name":"CornerFarBlue"},{"flavor":"AUTONOMOUS","group":"AWorking","name":"CornerFarRed"},{"flavor":"AUTONOMOUS","group":"concept","name":"SelectorTest"},{"flavor":"AUTONOMOUS","group":"BNotWorking","name":"BeaconBlue"},{"flavor":"AUTONOMOUS","group":"BNotWorking","name":"BeaconBlueCapBall"},{"flavor":"AUTONOMOUS","group":"BNotWorking","name":"BeaconRedEnc"},{"flavor":"AUTONOMOUS","group":"BNotWorking","name":"BeaconRedEncCapBall"}]
03-25 13:52:42.955  8223 13579 V Robocol : received command: CMD_INIT_OP_MODE(10008) $Stop$Robot$
03-25 13:52:42.958  8223 13579 V Robocol : received command: CMD_REQUEST_USER_SENSOR_LIST_RESP(22675) [{"description":"a MR compass sensor","flavor":"I2C","name":"MR Compass Sensor","xmlTag":"ModernRoboticsI2cCompassSensor"},{"description":"an Adafruit IMU","flavor":"I2C","name":"Adafruit IMU","xmlTag":"AdafruitBNO055IMU"},{"description":"a MR range sensor","flavor":"I2C","name":"MR Range Sensor","xmlTag":"ModernRoboticsI2cRangeSensor"}]
03-25 13:52:42.959  8223 13579 V Robocol : received command: CMD_REQUEST_ACTIVE_CONFIGURATION_RESP(22678) {"isDirty":false,"location":"LOCAL_STORAGE","name":"TBDName-fix","resourceId":0}
03-25 13:52:43.218  8223 13559 V RobotCore: Starting up device AL00VM5X
03-25 13:52:43.222  8223 13586 V RobotCore: thread: 'r/w loop: Modern Robotics USB DC Motor Controller [AL00VM5X]' starting...
03-25 13:52:43.225  8223 13559 D RobotCore: ...arming modern motor controller Modern Robotics USB DC Motor Controller [AL00VM5X] complete
03-25 13:52:43.258  8223 13559 V RobotCore: Creating Modern Robotics USB Servo Controller [AL026DRM]
03-25 13:52:43.259  8223 13559 D RobotCore: arming modern servo controller Modern Robotics USB Servo Controller [AL026DRM]...
03-25 13:52:43.261  8223 13559 V D2xx::  : Vendor: 0403, Product: 6001
03-25 13:52:43.262  8223 13559 V D2xx::  : Vendor: 0403, Product: 6001
03-25 13:52:43.264  8223 13559 V D2xx::  : Vendor: 0403, Product: 6001
03-25 13:52:43.267  8223 13559 V D2xx::  : Vendor: 0403, Product: 6001
03-25 13:52:43.273  8223 13559 V D2xx::  : Vendor: 0403, Product: 6001
03-25 13:52:43.276  8223 13559 V D2xx::  : Vendor: 0403, Product: 6001
03-25 13:52:43.277  8223 13559 V D2xx::  : Vendor: 0403, Product: 6001
03-25 13:52:43.280  8223 13559 D FTDI_Device::: open SUCCESS
03-25 13:52:43.280  8223 13559 I FTDI_Device::: EP: 0x81
03-25 13:52:43.280  8223 13559 I FTDI_Device::: EP: 0x02
03-25 13:52:43.280  8223 13559 D D2XX::  : **********************Device Opened**********************
03-25 13:52:43.692  8223 13559 V RobotCore: Starting up device AL026DRM
03-25 13:52:43.705  8223 13589 V RobotCore: thread: 'r/w loop: Modern Robotics USB Servo Controller [AL026DRM]' starting...
03-25 13:52:43.706  8223 13559 D RobotCore: ...arming modern servo controller Modern Robotics USB Servo Controller [AL026DRM] complete
03-25 13:52:43.706  8223 13559 V RobotCore: Creating Modern Robotics USB DC Motor Controller [AI049PCI]
03-25 13:52:43.706  8223 13559 D RobotCore: arming modern motor controller Modern Robotics USB DC Motor Controller [AI049PCI]...
03-25 13:52:43.708  8223 13559 V D2xx::  : Vendor: 0403, Product: 6001
03-25 13:52:43.709  8223 13559 V D2xx::  : Vendor: 0403, Product: 6001
03-25 13:52:43.710  8223 13559 V D2xx::  : Vendor: 0403, Product: 6001
03-25 13:52:43.711  8223 13559 V D2xx::  : Vendor: 0403, Product: 6001
03-25 13:52:43.712  8223 13559 V D2xx::  : Vendor: 0403, Product: 6001
03-25 13:52:43.713  8223 13559 V D2xx::  : Vendor: 0403, Product: 6001
03-25 13:52:43.714  8223 13559 V D2xx::  : Vendor: 0403, Product: 6001
03-25 13:52:43.716  8223 13559 D FTDI_Device::: open SUCCESS
03-25 13:52:43.716  8223 13559 I FTDI_Device::: EP: 0x81
03-25 13:52:43.717  8223 13559 I FTDI_Device::: EP: 0x02
03-25 13:52:43.717  8223 13559 D D2XX::  : **********************Device Opened**********************
03-25 13:52:44.126  8223 13559 V RobotCore: Starting up device AI049PCI
03-25 13:52:44.131  8223 13592 V RobotCore: thread: 'r/w loop: Modern Robotics USB DC Motor Controller [AI049PCI]' starting...
03-25 13:52:44.132  8223 13559 D RobotCore: ...arming modern motor controller Modern Robotics USB DC Motor Controller [AI049PCI] complete
03-25 13:52:44.171  8223 13559 V RobotCore: Creating Modern Robotics USB DC Motor Controller [AL00VM5S]
03-25 13:52:44.171  8223 13559 D RobotCore: arming modern motor controller Modern Robotics USB DC Motor Controller [AL00VM5S]...
03-25 13:52:44.172  8223 13559 V D2xx::  : Vendor: 0403, Product: 6001
03-25 13:52:44.173  8223 13559 V D2xx::  : Vendor: 0403, Product: 6001
03-25 13:52:44.175  8223 13559 V D2xx::  : Vendor: 0403, Product: 6001
03-25 13:52:44.177  8223 13559 V D2xx::  : Vendor: 0403, Product: 6001
03-25 13:52:44.178  8223 13559 V D2xx::  : Vendor: 0403, Product: 6001
03-25 13:52:44.180  8223 13559 V D2xx::  : Vendor: 0403, Product: 6001
03-25 13:52:44.182  8223 13559 V D2xx::  : Vendor: 0403, Product: 6001
03-25 13:52:44.185  8223 13559 D FTDI_Device::: open SUCCESS
03-25 13:52:44.185  8223 13559 I FTDI_Device::: EP: 0x81
03-25 13:52:44.185  8223 13559 I FTDI_Device::: EP: 0x02
03-25 13:52:44.185  8223 13559 D D2XX::  : **********************Device Opened**********************
03-25 13:52:44.601  8223 13559 V RobotCore: Starting up device AL00VM5S
03-25 13:52:44.605  8223 13595 V RobotCore: thread: 'r/w loop: Modern Robotics USB DC Motor Controller [AL00VM5S]' starting...
03-25 13:52:44.607  8223 13559 D RobotCore: ...arming modern motor controller Modern Robotics USB DC Motor Controller [AL00VM5S] complete
03-25 13:52:44.645  8223 13559 V RobotCore: Creating Modern Robotics USB DC Motor Controller [AL00YCFA]
03-25 13:52:44.645  8223 13559 D RobotCore: arming modern motor controller Modern Robotics USB DC Motor Controller [AL00YCFA]...
03-25 13:52:44.646  8223 13559 V D2xx::  : Vendor: 0403, Product: 6001
03-25 13:52:44.648  8223 13559 V D2xx::  : Vendor: 0403, Product: 6001
03-25 13:52:44.650  8223 13559 V D2xx::  : Vendor: 0403, Product: 6001
03-25 13:52:44.652  8223 13559 V D2xx::  : Vendor: 0403, Product: 6001
03-25 13:52:44.654  8223 13559 V D2xx::  : Vendor: 0403, Product: 6001
03-25 13:52:44.656  8223 13559 V D2xx::  : Vendor: 0403, Product: 6001
03-25 13:52:44.657  8223 13559 V D2xx::  : Vendor: 0403, Product: 6001
03-25 13:52:44.659  8223 13559 D FTDI_Device::: open SUCCESS
03-25 13:52:44.659  8223 13559 I FTDI_Device::: EP: 0x81
03-25 13:52:44.659  8223 13559 I FTDI_Device::: EP: 0x02
03-25 13:52:44.659  8223 13559 D D2XX::  : **********************Device Opened**********************
03-25 13:52:45.072  8223 13559 V RobotCore: Starting up device AL00YCFA
03-25 13:52:45.073  8223 13598 V RobotCore: thread: 'r/w loop: Modern Robotics USB DC Motor Controller [AL00YCFA]' starting...
03-25 13:52:45.075  8223 13559 D RobotCore: ...arming modern motor controller Modern Robotics USB DC Motor Controller [AL00YCFA] complete
03-25 13:52:45.129  8223 13559 V RobotCore: Creating Modern Robotics USB Core Device Interface Module [AI041S6Y]
03-25 13:52:45.131  8223 13559 V D2xx::  : Vendor: 0403, Product: 6001
03-25 13:52:45.132  8223 13559 V D2xx::  : Vendor: 0403, Product: 6001
03-25 13:52:45.134  8223 13559 V D2xx::  : Vendor: 0403, Product: 6001
03-25 13:52:45.135  8223 13559 V D2xx::  : Vendor: 0403, Product: 6001
03-25 13:52:45.136  8223 13559 V D2xx::  : Vendor: 0403, Product: 6001
03-25 13:52:45.140  8223 13559 V D2xx::  : Vendor: 0403, Product: 6001
03-25 13:52:45.141  8223 13559 V D2xx::  : Vendor: 0403, Product: 6001
03-25 13:52:45.146  8223 13559 D FTDI_Device::: open SUCCESS
03-25 13:52:45.147  8223 13559 I FTDI_Device::: EP: 0x81
03-25 13:52:45.147  8223 13559 I FTDI_Device::: EP: 0x02
03-25 13:52:45.147  8223 13559 D D2XX::  : **********************Device Opened**********************
03-25 13:52:45.561  8223 13559 V RobotCore: Starting up device AI041S6Y
03-25 13:52:45.565  8223 13601 V RobotCore: thread: 'r/w loop: Modern Robotics USB Core Device Interface Module [AI041S6Y]' starting...
03-25 13:52:45.567  8223 13559 V RobotCore: Creating I2C Device - Port: 0
03-25 13:52:45.567  8223 13559 I RobotCore: ========= Device Information ===================================================
03-25 13:52:45.568  8223 13559 I RobotCore: Type                                               Name                           Connection
03-25 13:52:45.568  8223 13559 I RobotCore: DC Motor                                           LiftMotor                      USB AI049PCI; port 2
03-25 13:52:45.568  8223 13559 I RobotCore: DC Motor                                           FlyWheelMotor                  USB AL00VM5X; port 1
03-25 13:52:45.568  8223 13559 I RobotCore: I2cDevice                                          navx                           USB AI041S6Y; port 0
03-25 13:52:45.568  8223 13559 I RobotCore: DC Motor                                           LiftMotor2                     USB AL00VM5X; port 2
03-25 13:52:45.568  8223 13559 I RobotCore: Modern Robotics USB DC Motor Controller v2.0       Right Drive Train              USB AL00VM5S
03-25 13:52:45.568  8223 13559 I RobotCore: DC Motor                                           RightBackMotor                 USB AL00VM5S; port 2
03-25 13:52:45.568  8223 13559 I RobotCore: DC Motor                                           LeftBackMotor                  USB AL00YCFA; port 2
03-25 13:52:45.568  8223 13559 I RobotCore: Modern Robotics USB DC Motor Controller v2.0       Launch & Lift Motor Controller USB AL00VM5X
03-25 13:52:45.568  8223 13559 I RobotCore: Modern Robotics I2C Color Sensor                   beaconColorSensor              USB AL00VDA6; I2C port: 4
03-25 13:52:45.568  8223 13559 I RobotCore: DC Motor                                           IntakeA                        USB AI049PCI; port 1
03-25 13:52:45.569  8223 13559 I RobotCore: Modern Robotics Range Sensor v1.2                  beaconRange                    USB AL00VDA6; port 2
03-25 13:52:45.569  8223 13559 I RobotCore: Modern Robotics USB DC Motor Controller v2.0       Left Drive Train               USB AL00YCFA
03-25 13:52:45.569  8223 13559 I RobotCore: Modern Robotics I2C Color Sensor                   lineColorSensor                USB AL00VDA6; I2C port: 3
03-25 13:52:45.569  8223 13559 I RobotCore: Continuous Rotation Servo                          IntakeB2                       USB AL026DRM; port 5
03-25 13:52:45.569  8223 13559 I RobotCore: Continuous Rotation Servo                          IntakeB1                       USB AL026DRM; port 4
03-25 13:52:45.569  8223 13559 I RobotCore: DC Motor                                           LeftFrontMotor                 USB AL00YCFA; port 1
03-25 13:52:45.569  8223 13559 I RobotCore: Servo                                              BeaconServo                    USB AL026DRM; port 3
03-25 13:52:45.569  8223 13559 I RobotCore: Modern Robotics USB DC Motor Controller v2.0       Intake Motor Controller        USB AI049PCI
03-25 13:52:45.569  8223 13559 I RobotCore: DC Motor                                           RightFrontMotor                USB AL00VM5S; port 1
03-25 13:52:45.569  8223 13559 I RobotCore: Modern Robotics USB Core Device Interface Module v2.0 navX mxp Device Interface Module USB AI041S6Y
03-25 13:52:45.570  8223 13559 I RobotCore: Modern Robotics USB Servo Controller v2.0          Servo Controller               USB AL026DRM
03-25 13:52:45.570  8223 13559 I RobotCore: Servo                                              CapBallServoRight              USB AL026DRM; port 1
03-25 13:52:45.570  8223 13559 I RobotCore: Modern Robotics USB Core Device Interface Module v2.0 Device Interface Module        USB AL00VDA6
03-25 13:52:45.570  8223 13559 I RobotCore: Servo                                              CapBallServoLeft               USB AL026DRM; port 2
03-25 13:52:45.570  8223 13559 I FIRST   : ======= INIT FINISH =======
03-25 13:52:45.570  8223 13559 V RobotCore: EventLoopManager state is RUNNING
03-25 13:52:45.572  8223 13559 V RobotCore: Robot Status: running, starting robot
03-25 13:52:45.573  8223 13559 V RobotCore: Robot Status: running
03-25 13:52:45.573  8223  8319 W AudioTrack: AUDIO_OUTPUT_FLAG_FAST denied by client; transfer 4, track 8000 Hz, output 48000 Hz
03-25 13:52:45.575  8223 13559 V RobotCore: thread: ...terminating 'RobotSetupRunnable.run()'
03-25 13:52:45.577  8223 13603 V RobotCore: thread: 'opmode loop()' starting...
03-25 13:52:46.084  8223 13603 I FIRST   : ======= MODULE ATTACH: disarm Modern Robotics USB DC Motor Controller [AL00VM5S]=======
03-25 13:52:46.084  8223 13603 D RobotCore: disarming modern motor controller Modern Robotics USB DC Motor Controller [AL00VM5S]...
03-25 13:52:46.092  8223 13595 V RobotUsbDeviceFtdi: closing AL00VM5S
03-25 13:52:46.093  8223 13594 D ProcessRequestThread::: Device has been closed.
03-25 13:52:46.093  8223 13594 W System.err: java.lang.InterruptedException
03-25 13:52:46.093  8223 13594 W System.err: 	at java.util.concurrent.locks.AbstractQueuedSynchronizer.doAcquireSharedInterruptibly(AbstractQueuedSynchronizer.java:972)
03-25 13:52:46.093  8223 13594 W System.err: 	at java.util.concurrent.locks.AbstractQueuedSynchronizer.acquireSharedInterruptibly(AbstractQueuedSynchronizer.java:1278)
03-25 13:52:46.093  8223 13594 W System.err: 	at java.util.concurrent.Semaphore.acquire(Semaphore.java:284)
03-25 13:52:46.093  8223 13594 W System.err: 	at com.ftdi.j2xx.ProcessInCtrl.acquireReadableBuffer(FT_Device.java:2294)
03-25 13:52:46.093  8223 13594 W System.err: 	at com.ftdi.j2xx.ProcessRequestWorker.run(FT_Device.java:2764)
03-25 13:52:46.093  8223 13594 W System.err: 	at java.lang.Thread.run(Thread.java:818)
03-25 13:52:46.094  8223 13595 D UsbDeviceConnectionJNI: close
03-25 13:52:46.094  8223 13593 D BulkIn::: Stop BulkIn thread
03-25 13:52:46.094  8223 13593 W System.err: java.lang.NullPointerException: Null reference used for synchronization (monitor-enter)
03-25 13:52:46.094  8223 13595 V RobotCore: thread: ...terminating 'r/w loop: Modern Robotics USB DC Motor Controller [AL00VM5S]'
03-25 13:52:46.095  8223 13603 V RobotCore: waiting for service ReadWriteRunnable for Modern Robotics USB Device
03-25 13:52:46.095  8223 13593 W System.err: 	at com.ftdi.j2xx.ProcessInCtrl.getBuffer(FT_Device.java:2269)
03-25 13:52:46.095  8223 13593 W System.err: 	at com.ftdi.j2xx.ProcessInCtrl.releaseWritableBuffers(FT_Device.java:2675)
03-25 13:52:46.095  8223 13603 V RobotCore: awaitTermination returned, isTerminated=true
03-25 13:52:46.095  8223 13593 W System.err: 	at com.ftdi.j2xx.BulkInWorker.run(FT_Device.java:2879)
03-25 13:52:46.095  8223 13593 W System.err: 	at java.lang.Thread.run(Thread.java:818)
03-25 13:52:46.095  8223 13603 V RobotCore: executive service ReadWriteRunnable for Modern Robotics USB Device is terminated
03-25 13:52:46.095  8223 13603 V RobotUsbDeviceFtdi: closing AL00VM5S
03-25 13:52:46.095  8223 13603 D RobotCore: ...disarming modern motor controller Modern Robotics USB DC Motor Controller [AL00VM5S] complete
03-25 13:52:46.095  8223 13603 I FIRST   : ======= MODULE ATTACH: arm or pretend Modern Robotics USB DC Motor Controller [AL00VM5S]=======
03-25 13:52:46.095  8223 13603 D RobotCore: arming modern motor controller Modern Robotics USB DC Motor Controller [AL00VM5S]...
03-25 13:52:46.097  8223 13603 V D2xx::  : Vendor: 0403, Product: 6001
03-25 13:52:46.101  8223 13603 V D2xx::  : Vendor: 0403, Product: 6001
03-25 13:52:46.102  8223 13603 V D2xx::  : Vendor: 0403, Product: 6001
03-25 13:52:46.105  8223 13603 V D2xx::  : Vendor: 0403, Product: 6001
03-25 13:52:46.106  8223 13603 V D2xx::  : Vendor: 0403, Product: 6001
03-25 13:52:46.108  8223 13603 V D2xx::  : Vendor: 0403, Product: 6001
03-25 13:52:46.109  8223 13603 V D2xx::  : Vendor: 0403, Product: 6001
03-25 13:52:46.111  8223 13603 D FTDI_Device::: open SUCCESS
03-25 13:52:46.111  8223 13603 I FTDI_Device::: EP: 0x81
03-25 13:52:46.111  8223 13603 I FTDI_Device::: EP: 0x02
03-25 13:52:46.111  8223 13603 D D2XX::  : **********************Device Opened**********************
03-25 13:52:46.525  8223 13603 V RobotCore: Starting up device AL00VM5S
03-25 13:52:46.532  8223 13622 V RobotCore: thread: 'r/w loop: Modern Robotics USB DC Motor Controller [AL00VM5S]' starting...
03-25 13:52:46.532  8223 13603 D RobotCore: ...arming modern motor controller Modern Robotics USB DC Motor Controller [AL00VM5S] complete
03-25 13:52:46.532  8223 13603 I FIRST   : ======= MODULE ATTACH: complete Modern Robotics USB DC Motor Controller [AL00VM5S]=======
03-25 13:52:46.532  8223 13603 I FIRST   : ======= MODULE ATTACH: disarm Modern Robotics USB Core Device Interface Module [AL00VDA6]=======
03-25 13:52:46.547  8223 13582 V RobotUsbDeviceFtdi: closing AL00VDA6
03-25 13:52:46.547  8223 13581 D ProcessRequestThread::: Device has been closed.
03-25 13:52:46.548  8223 13581 W System.err: java.lang.InterruptedException
03-25 13:52:46.548  8223 13581 W System.err: 	at java.util.concurrent.locks.AbstractQueuedSynchronizer.doAcquireSharedInterruptibly(AbstractQueuedSynchronizer.java:972)
03-25 13:52:46.548  8223 13581 W System.err: 	at java.util.concurrent.locks.AbstractQueuedSynchronizer.acquireSharedInterruptibly(AbstractQueuedSynchronizer.java:1278)
03-25 13:52:46.548  8223 13581 W System.err: 	at java.util.concurrent.Semaphore.acquire(Semaphore.java:284)
03-25 13:52:46.548  8223 13581 W System.err: 	at com.ftdi.j2xx.ProcessInCtrl.acquireReadableBuffer(FT_Device.java:2294)
03-25 13:52:46.548  8223 13581 W System.err: 	at com.ftdi.j2xx.ProcessRequestWorker.run(FT_Device.java:2764)
03-25 13:52:46.548  8223 13581 W System.err: 	at java.lang.Thread.run(Thread.java:818)
03-25 13:52:46.549  8223 13582 D UsbDeviceConnectionJNI: close
03-25 13:52:46.549  8223 13582 V RobotCore:i2cSynch(USB AL00VDA6; port 2): onPortIsReadyCallbacksEnd ...
03-25 13:52:46.549  8223 13582 V RobotCore:i2cSynch(USB AL00VDA6; port 2): unhooking ...
03-25 13:52:46.549  8223 13582 V RobotCore: executive service I2c Heartbeat is terminated
03-25 13:52:46.549  8223 13582 V RobotCore:i2cSynch(USB AL00VDA6; port 2): ...unhooking complete
03-25 13:52:46.549  8223 13582 V RobotCore:i2cSynch(USB AL00VDA6; port 2): ... onPortIsReadyCallbacksEnd complete
03-25 13:52:46.549  8223 13582 V RobotCore: thread: ...terminating 'r/w loop: Modern Robotics USB Core Device Interface Module [AL00VDA6]'
03-25 13:52:46.550  8223 13580 D BulkIn::: Stop BulkIn thread
03-25 13:52:46.550  8223 13580 W System.err: java.lang.NullPointerException: Attempt to invoke virtual method 'int com.ftdi.j2xx.D2xxManager$DriverParameters.getBufferNumber()' on a null object reference
03-25 13:52:46.550  8223 13580 W System.err: 	at com.ftdi.j2xx.ProcessInCtrl.releaseWritableBuffers(FT_Device.java:2672)
03-25 13:52:46.550  8223 13580 W System.err: 	at com.ftdi.j2xx.BulkInWorker.run(FT_Device.java:2879)
03-25 13:52:46.550  8223 13580 W System.err: 	at java.lang.Thread.run(Thread.java:818)
03-25 13:52:46.551  8223 13603 V RobotCore: executive service ReadWriteRunnable for Modern Robotics USB Device is terminated
03-25 13:52:46.551  8223 13603 V RobotUsbDeviceFtdi: closing AL00VDA6
03-25 13:52:46.551  8223 13603 I FIRST   : ======= MODULE ATTACH: arm or pretend Modern Robotics USB Core Device Interface Module [AL00VDA6]=======
03-25 13:52:46.553  8223 13603 V D2xx::  : Vendor: 0403, Product: 6001
03-25 13:52:46.555  8223 13603 V D2xx::  : Vendor: 0403, Product: 6001
03-25 13:52:46.556  8223 13603 V D2xx::  : Vendor: 0403, Product: 6001
03-25 13:52:46.558  8223 13603 V D2xx::  : Vendor: 0403, Product: 6001
03-25 13:52:46.560  8223 13603 V D2xx::  : Vendor: 0403, Product: 6001
03-25 13:52:46.561  8223 13603 V D2xx::  : Vendor: 0403, Product: 6001
03-25 13:52:46.562  8223 13603 V D2xx::  : Vendor: 0403, Product: 6001
03-25 13:52:46.566  8223 13603 D FTDI_Device::: open SUCCESS
03-25 13:52:46.566  8223 13603 I FTDI_Device::: EP: 0x81
03-25 13:52:46.566  8223 13603 I FTDI_Device::: EP: 0x02
03-25 13:52:46.566  8223 13603 D D2XX::  : **********************Device Opened**********************
03-25 13:52:46.993  8223 13603 V RobotCore: Starting up device AL00VDA6
03-25 13:52:46.997  8223 13626 V RobotCore: thread: 'r/w loop: Modern Robotics USB Core Device Interface Module [AL00VDA6]' starting...
03-25 13:52:46.997  8223 13626 V RobotCore:i2cSynch(USB AL00VDA6; port 2): doPortIsReadyCallbackBeginWork ...
03-25 13:52:46.997  8223 13626 V RobotCore:i2cSynch(USB AL00VDA6; port 2): ... doPortIsReadyCallbackBeginWork complete
03-25 13:52:46.997  8223 13603 V RobotCore:i2cSynch(USB AL00VDA6; port 2): onArmed ...
03-25 13:52:46.997  8223 13603 V RobotCore:i2cSynch(USB AL00VDA6; port 2): doModuleIsArmedWork ...
03-25 13:52:46.997  8223 13603 V RobotCore:i2cSynch(USB AL00VDA6; port 2): hooking ...
03-25 13:52:46.997  8223 13603 V RobotCore:i2cSynch(USB AL00VDA6; port 2): ... hooking complete
03-25 13:52:46.997  8223 13603 V RobotCore:i2cSynch(USB AL00VDA6; port 2): ... doModuleIsArmedWork complete
03-25 13:52:46.997  8223 13603 V RobotCore:i2cSynch(USB AL00VDA6; port 2): ... onArmed
03-25 13:52:46.998  8223 13603 I FIRST   : ======= MODULE ATTACH: complete Modern Robotics USB Core Device Interface Module [AL00VDA6]=======
03-25 13:52:46.998  8223 13603 I FIRST   : ======= MODULE ATTACH: disarm Modern Robotics USB DC Motor Controller [AL00VM5X]=======
03-25 13:52:46.998  8223 13603 D RobotCore: disarming modern motor controller Modern Robotics USB DC Motor Controller [AL00VM5X]...
03-25 13:52:47.006  8223 13586 V RobotUsbDeviceFtdi: closing AL00VM5X
03-25 13:52:47.007  8223 13584 D ProcessRequestThread::: Device has been closed.
03-25 13:52:47.007  8223 13584 W System.err: java.lang.InterruptedException
03-25 13:52:47.007  8223 13584 W System.err: 	at java.util.concurrent.locks.AbstractQueuedSynchronizer.doAcquireSharedInterruptibly(AbstractQueuedSynchronizer.java:972)
03-25 13:52:47.007  8223 13584 W System.err: 	at java.util.concurrent.locks.AbstractQueuedSynchronizer.acquireSharedInterruptibly(AbstractQueuedSynchronizer.java:1278)
03-25 13:52:47.007  8223 13584 W System.err: 	at java.util.concurrent.Semaphore.acquire(Semaphore.java:284)
03-25 13:52:47.007  8223 13584 W System.err: 	at com.ftdi.j2xx.ProcessInCtrl.acquireReadableBuffer(FT_Device.java:2294)
03-25 13:52:47.007  8223 13584 W System.err: 	at com.ftdi.j2xx.ProcessRequestWorker.run(FT_Device.java:2764)
03-25 13:52:47.007  8223 13584 W System.err: 	at java.lang.Thread.run(Thread.java:818)
03-25 13:52:47.008  8223 13586 D UsbDeviceConnectionJNI: close
03-25 13:52:47.008  8223 13586 V RobotCore: thread: ...terminating 'r/w loop: Modern Robotics USB DC Motor Controller [AL00VM5X]'
03-25 13:52:47.008  8223 13583 D BulkIn::: Stop BulkIn thread
03-25 13:52:47.008  8223 13583 W System.err: java.lang.NullPointerException: Attempt to invoke virtual method 'int com.ftdi.j2xx.D2xxManager$DriverParameters.getBufferNumber()' on a null object reference
03-25 13:52:47.008  8223 13583 W System.err: 	at com.ftdi.j2xx.ProcessInCtrl.releaseWritableBuffers(FT_Device.java:2672)
03-25 13:52:47.008  8223 13583 W System.err: 	at com.ftdi.j2xx.BulkInWorker.run(FT_Device.java:2879)
03-25 13:52:47.008  8223 13583 W System.err: 	at java.lang.Thread.run(Thread.java:818)
03-25 13:52:47.009  8223 13603 V RobotCore: executive service ReadWriteRunnable for Modern Robotics USB Device is terminated
03-25 13:52:47.009  8223 13603 V RobotUsbDeviceFtdi: closing AL00VM5X
03-25 13:52:47.009  8223 13603 D RobotCore: ...disarming modern motor controller Modern Robotics USB DC Motor Controller [AL00VM5X] complete
03-25 13:52:47.009  8223 13603 I FIRST   : ======= MODULE ATTACH: arm or pretend Modern Robotics USB DC Motor Controller [AL00VM5X]=======
03-25 13:52:47.009  8223 13603 D RobotCore: arming modern motor controller Modern Robotics USB DC Motor Controller [AL00VM5X]...
03-25 13:52:47.011  8223 13603 V D2xx::  : Vendor: 0403, Product: 6001
03-25 13:52:47.013  8223 13603 V D2xx::  : Vendor: 0403, Product: 6001
03-25 13:52:47.015  8223 13603 V D2xx::  : Vendor: 0403, Product: 6001
03-25 13:52:47.017  8223 13603 V D2xx::  : Vendor: 0403, Product: 6001
03-25 13:52:47.018  8223 13603 V D2xx::  : Vendor: 0403, Product: 6001
03-25 13:52:47.019  8223 13603 V D2xx::  : Vendor: 0403, Product: 6001
03-25 13:52:47.020  8223 13603 V D2xx::  : Vendor: 0403, Product: 6001
03-25 13:52:47.022  8223 13603 D FTDI_Device::: open SUCCESS
03-25 13:52:47.022  8223 13603 I FTDI_Device::: EP: 0x81
03-25 13:52:47.022  8223 13603 I FTDI_Device::: EP: 0x02
03-25 13:52:47.022  8223 13603 D D2XX::  : **********************Device Opened**********************
03-25 13:52:47.446  8223 13603 V RobotCore: Starting up device AL00VM5X
03-25 13:52:47.448  8223 13629 V RobotCore: thread: 'r/w loop: Modern Robotics USB DC Motor Controller [AL00VM5X]' starting...
03-25 13:52:47.449  8223 13603 D RobotCore: ...arming modern motor controller Modern Robotics USB DC Motor Controller [AL00VM5X] complete
03-25 13:52:47.449  8223 13603 I FIRST   : ======= MODULE ATTACH: complete Modern Robotics USB DC Motor Controller [AL00VM5X]=======
03-25 13:52:47.449  8223 13603 I FIRST   : ======= MODULE ATTACH: disarm Modern Robotics USB Servo Controller [AL026DRM]=======
03-25 13:52:47.449  8223 13603 D RobotCore: disarming modern servo controller "Modern Robotics USB Servo Controller [AL026DRM]"...
03-25 13:52:47.450  8223 13589 V RobotUsbDeviceFtdi: closing AL026DRM
03-25 13:52:47.450  8223 13588 D ProcessRequestThread::: Device has been closed.
03-25 13:52:47.450  8223 13588 W System.err: java.lang.InterruptedException
03-25 13:52:47.450  8223 13588 W System.err: 	at java.util.concurrent.locks.AbstractQueuedSynchronizer.doAcquireSharedInterruptibly(AbstractQueuedSynchronizer.java:972)
03-25 13:52:47.450  8223 13588 W System.err: 	at java.util.concurrent.locks.AbstractQueuedSynchronizer.acquireSharedInterruptibly(AbstractQueuedSynchronizer.java:1278)
03-25 13:52:47.450  8223 13588 W System.err: 	at java.util.concurrent.Semaphore.acquire(Semaphore.java:284)
03-25 13:52:47.450  8223 13588 W System.err: 	at com.ftdi.j2xx.ProcessInCtrl.acquireReadableBuffer(FT_Device.java:2294)
03-25 13:52:47.450  8223 13588 W System.err: 	at com.ftdi.j2xx.ProcessRequestWorker.run(FT_Device.java:2764)
03-25 13:52:47.450  8223 13588 W System.err: 	at java.lang.Thread.run(Thread.java:818)
03-25 13:52:47.453  8223 13589 D UsbDeviceConnectionJNI: close
03-25 13:52:47.454  8223 13589 V RobotCore: thread: ...terminating 'r/w loop: Modern Robotics USB Servo Controller [AL026DRM]'
03-25 13:52:47.454  8223 13603 V RobotCore: executive service ReadWriteRunnable for Modern Robotics USB Device is terminated
03-25 13:52:47.454  8223 13603 V RobotUsbDeviceFtdi: closing AL026DRM
03-25 13:52:47.454  8223 13603 D RobotCore: ...disarming modern servo controller Modern Robotics USB Servo Controller [AL026DRM] complete
03-25 13:52:47.455  8223 13603 I FIRST   : ======= MODULE ATTACH: arm or pretend Modern Robotics USB Servo Controller [AL026DRM]=======
03-25 13:52:47.455  8223 13603 D RobotCore: arming modern servo controller Modern Robotics USB Servo Controller [AL026DRM]...
03-25 13:52:47.455  8223 13587 D BulkIn::: Stop BulkIn thread
03-25 13:52:47.455  8223 13587 W System.err: java.lang.NullPointerException: Attempt to invoke virtual method 'int com.ftdi.j2xx.D2xxManager$DriverParameters.getBufferNumber()' on a null object reference
03-25 13:52:47.455  8223 13587 W System.err: 	at com.ftdi.j2xx.ProcessInCtrl.releaseWritableBuffers(FT_Device.java:2672)
03-25 13:52:47.455  8223 13587 W System.err: 	at com.ftdi.j2xx.BulkInWorker.run(FT_Device.java:2879)
03-25 13:52:47.455  8223 13587 W System.err: 	at java.lang.Thread.run(Thread.java:818)
03-25 13:52:47.457  8223 13603 V D2xx::  : Vendor: 0403, Product: 6001
03-25 13:52:47.458  8223 13603 V D2xx::  : Vendor: 0403, Product: 6001
03-25 13:52:47.460  8223 13603 V D2xx::  : Vendor: 0403, Product: 6001
03-25 13:52:47.461  8223 13603 V D2xx::  : Vendor: 0403, Product: 6001
03-25 13:52:47.462  8223 13603 V D2xx::  : Vendor: 0403, Product: 6001
03-25 13:52:47.464  8223 13603 V D2xx::  : Vendor: 0403, Product: 6001
03-25 13:52:47.465  8223 13603 V D2xx::  : Vendor: 0403, Product: 6001
03-25 13:52:47.468  8223 13603 D FTDI_Device::: open SUCCESS
03-25 13:52:47.468  8223 13603 I FTDI_Device::: EP: 0x81
03-25 13:52:47.468  8223 13603 I FTDI_Device::: EP: 0x02
03-25 13:52:47.468  8223 13603 D D2XX::  : **********************Device Opened**********************
03-25 13:52:47.889  8223 13603 V RobotCore: Starting up device AL026DRM
03-25 13:52:47.890  8223 13632 V RobotCore: thread: 'r/w loop: Modern Robotics USB Servo Controller [AL026DRM]' starting...
03-25 13:52:47.891  8223 13603 D RobotCore: ...arming modern servo controller Modern Robotics USB Servo Controller [AL026DRM] complete
03-25 13:52:47.891  8223 13603 I FIRST   : ======= MODULE ATTACH: complete Modern Robotics USB Servo Controller [AL026DRM]=======
03-25 13:52:47.891  8223 13603 I FIRST   : ======= MODULE ATTACH: disarm Modern Robotics USB DC Motor Controller [AI049PCI]=======
03-25 13:52:47.891  8223 13603 D RobotCore: disarming modern motor controller Modern Robotics USB DC Motor Controller [AI049PCI]...
03-25 13:52:47.892  8223 13592 V RobotUsbDeviceFtdi: closing AI049PCI
03-25 13:52:47.893  8223 13591 D ProcessRequestThread::: Device has been closed.
03-25 13:52:47.893  8223 13591 W System.err: java.lang.InterruptedException
03-25 13:52:47.893  8223 13591 W System.err: 	at java.util.concurrent.locks.AbstractQueuedSynchronizer.doAcquireSharedInterruptibly(AbstractQueuedSynchronizer.java:972)
03-25 13:52:47.893  8223 13591 W System.err: 	at java.util.concurrent.locks.AbstractQueuedSynchronizer.acquireSharedInterruptibly(AbstractQueuedSynchronizer.java:1278)
03-25 13:52:47.893  8223 13591 W System.err: 	at java.util.concurrent.Semaphore.acquire(Semaphore.java:284)
03-25 13:52:47.893  8223 13591 W System.err: 	at com.ftdi.j2xx.ProcessInCtrl.acquireReadableBuffer(FT_Device.java:2294)
03-25 13:52:47.893  8223 13591 W System.err: 	at com.ftdi.j2xx.ProcessRequestWorker.run(FT_Device.java:2764)
03-25 13:52:47.893  8223 13591 W System.err: 	at java.lang.Thread.run(Thread.java:818)
03-25 13:52:47.894  8223 13592 D UsbDeviceConnectionJNI: close
03-25 13:52:47.894  8223 13590 D BulkIn::: Stop BulkIn thread
03-25 13:52:47.894  8223 13592 V RobotCore: thread: ...terminating 'r/w loop: Modern Robotics USB DC Motor Controller [AI049PCI]'
03-25 13:52:47.894  8223 13590 W System.err: java.lang.NullPointerException: Attempt to invoke virtual method 'boolean com.ftdi.j2xx.InBuffer.acquired()' on a null object reference
03-25 13:52:47.894  8223 13603 V RobotCore: waiting for service ReadWriteRunnable for Modern Robotics USB Device
03-25 13:52:47.894  8223 13603 V RobotCore: awaitTermination returned, isTerminated=true
03-25 13:52:47.894  8223 13590 W System.err: 	at com.ftdi.j2xx.ProcessInCtrl.releaseWritableBuffers(FT_Device.java:2675)
03-25 13:52:47.895  8223 13603 V RobotCore: executive service ReadWriteRunnable for Modern Robotics USB Device is terminated
03-25 13:52:47.895  8223 13590 W System.err: 	at com.ftdi.j2xx.BulkInWorker.run(FT_Device.java:2879)
03-25 13:52:47.895  8223 13590 W System.err: 	at java.lang.Thread.run(Thread.java:818)
03-25 13:52:47.895  8223 13603 V RobotUsbDeviceFtdi: closing AI049PCI
03-25 13:52:47.895  8223 13603 D RobotCore: ...disarming modern motor controller Modern Robotics USB DC Motor Controller [AI049PCI] complete
03-25 13:52:47.895  8223 13603 I FIRST   : ======= MODULE ATTACH: arm or pretend Modern Robotics USB DC Motor Controller [AI049PCI]=======
03-25 13:52:47.895  8223 13603 D RobotCore: arming modern motor controller Modern Robotics USB DC Motor Controller [AI049PCI]...
03-25 13:52:47.898  8223 13603 V D2xx::  : Vendor: 0403, Product: 6001
03-25 13:52:47.900  8223 13603 V D2xx::  : Vendor: 0403, Product: 6001
03-25 13:52:47.901  8223 13603 V D2xx::  : Vendor: 0403, Product: 6001
03-25 13:52:47.903  8223 13603 V D2xx::  : Vendor: 0403, Product: 6001
03-25 13:52:47.904  8223 13603 V D2xx::  : Vendor: 0403, Product: 6001
03-25 13:52:47.905  8223 13603 V D2xx::  : Vendor: 0403, Product: 6001
03-25 13:52:47.906  8223 13603 V D2xx::  : Vendor: 0403, Product: 6001
03-25 13:52:47.908  8223 13603 D FTDI_Device::: open SUCCESS
03-25 13:52:47.908  8223 13603 I FTDI_Device::: EP: 0x81
03-25 13:52:47.908  8223 13603 I FTDI_Device::: EP: 0x02
03-25 13:52:47.908  8223 13603 D D2XX::  : **********************Device Opened**********************
03-25 13:52:48.325  8223 13603 V RobotCore: Starting up device AI049PCI
03-25 13:52:48.327  8223 13635 V RobotCore: thread: 'r/w loop: Modern Robotics USB DC Motor Controller [AI049PCI]' starting...
03-25 13:52:48.327  8223 13603 D RobotCore: ...arming modern motor controller Modern Robotics USB DC Motor Controller [AI049PCI] complete
03-25 13:52:48.327  8223 13603 I FIRST   : ======= MODULE ATTACH: complete Modern Robotics USB DC Motor Controller [AI049PCI]=======
03-25 13:52:48.328  8223 13603 I RobotCore: Attempting to switch to op mode $Stop$Robot$
03-25 13:52:48.393  8223  8336 V Robocol : sending CMD_INIT_OP_MODE_RESP(22737), attempt: 0
03-25 13:52:48.433  8223 13579 V Robocol : received command: CMD_INIT_OP_MODE_RESP(22737) $Stop$Robot$
03-25 13:52:48.583  8223 13603 I RobotCore: robot battery read duration: n=4, mean=0.006ms sd=0.004ms
03-25 13:53:02.314  8223 13579 V Robocol : received command: CMD_INIT_OP_MODE(10230) $Stop$Robot$
03-25 13:53:02.319  8223 13603 I RobotCore: Attempting to switch to op mode $Stop$Robot$
03-25 13:53:02.354  8223  8336 V Robocol : sending CMD_INIT_OP_MODE_RESP(22929), attempt: 0
03-25 13:53:02.434  8223 13579 V Robocol : received command: CMD_INIT_OP_MODE_RESP(22929) $Stop$Robot$
03-25 13:53:04.913  8223 13579 V Robocol : received command: CMD_INIT_OP_MODE(10323) $Stop$Robot$
03-25 13:53:04.957  8223 13603 I RobotCore: Attempting to switch to op mode $Stop$Robot$
03-25 13:53:04.993  8223  8336 V Robocol : sending CMD_INIT_OP_MODE_RESP(23028), attempt: 0
03-25 13:53:05.033  8223 13579 V Robocol : received command: CMD_INIT_OP_MODE_RESP(23028) $Stop$Robot$
03-25 13:53:05.033  8223 13579 V Robocol : received command: CMD_RUN_OP_MODE(10332) $Stop$Robot$
03-25 13:53:05.073  8223  8336 V Robocol : sending CMD_RUN_OP_MODE_RESP(23035), attempt: 0
03-25 13:53:05.112  8223 13579 V Robocol : received command: CMD_RUN_OP_MODE_RESP(23035) $Stop$Robot$
03-25 13:53:13.871  8223  8223 I RobotCore: Battery Checker, Level Remaining: 99.0
03-25 13:53:13.872  8223  8223 I RobotCore: Battery Checker, Level Remaining: 99.0
03-25 13:53:16.131  8223 13579 V Robocol : received command: CMD_INIT_OP_MODE(10495) $Stop$Robot$
03-25 13:53:16.185  8223 13603 I RobotCore: Attempting to switch to op mode $Stop$Robot$
03-25 13:53:16.193  8223  8336 V Robocol : sending CMD_INIT_OP_MODE_RESP(23213), attempt: 0
03-25 13:53:16.233  8223 13579 V Robocol : received command: CMD_INIT_OP_MODE_RESP(23213) $Stop$Robot$
03-25 13:53:16.233  8223 13579 V Robocol : received command: CMD_RUN_OP_MODE(10501) $Stop$Robot$
03-25 13:53:16.273  8223  8336 V Robocol : sending CMD_RUN_OP_MODE_RESP(23219), attempt: 0
03-25 13:53:16.313  8223 13579 V Robocol : received command: CMD_RUN_OP_MODE_RESP(23219) $Stop$Robot$
03-25 13:53:16.474  8223  8233 I art     : Background partial concurrent mark sweep GC freed 264133(8MB) AllocSpace objects, 0(0B) LOS objects, 40% free, 12MB/21MB, paused 69.015ms total 133.505ms
03-25 13:53:27.832  8223 13579 V Robocol : received command: CMD_INIT_OP_MODE(10648) BeaconRedEncCapBall
03-25 13:53:27.924  8223 13603 I RobotCore: Attempting to switch to op mode BeaconRedEncCapBall
03-25 13:53:28.219  8223 13603 I RobotCore: Modern Robotics I2C Color Sensor, just changed I2C address. Original address: 60, new address: 92
03-25 13:53:28.219  8223 13603 I RobotCore: Modern Robotics I2C Color Sensor, just changed I2C address. Original address: 60, new address: 76
03-25 13:53:28.393  8223  8336 V Robocol : sending CMD_INIT_OP_MODE_RESP(23386), attempt: 0
03-25 13:53:28.432  8223 13579 V Robocol : received command: CMD_INIT_OP_MODE_RESP(23386) BeaconRedEncCapBall
03-25 13:53:42.301  8223  8223 I RobotCore: Battery Checker, Level Remaining: 99.0
03-25 13:53:42.302  8223  8223 I RobotCore: Battery Checker, Level Remaining: 99.0
03-25 13:53:47.821  8223  8223 I RobotCore: Battery Checker, Level Remaining: 99.0
03-25 13:53:47.823  8223  8223 I RobotCore: Battery Checker, Level Remaining: 99.0
03-25 13:54:39.951  8223  8233 I art     : Background sticky concurrent mark sweep GC freed 249488(7MB) AllocSpace objects, 0(0B) LOS objects, 37% free, 13MB/21MB, paused 8.409ms total 58.008ms
03-25 13:54:49.981  8223  8223 I RobotCore: Battery Checker, Level Remaining: 99.0
03-25 13:54:49.985  8223  8223 I RobotCore: Battery Checker, Level Remaining: 99.0
03-25 13:55:14.753  8223  8223 I RobotCore: Battery Checker, Level Remaining: 99.0
03-25 13:55:14.755  8223  8223 I RobotCore: Battery Checker, Level Remaining: 99.0
03-25 13:55:28.184  8223  8223 I RobotCore: Battery Checker, Level Remaining: 99.0
03-25 13:55:28.186  8223  8223 I RobotCore: Battery Checker, Level Remaining: 99.0
03-25 13:55:33.341  8223  8223 I RobotCore: Battery Checker, Level Remaining: 99.0
03-25 13:55:33.342  8223  8223 I RobotCore: Battery Checker, Level Remaining: 99.0
03-25 13:55:35.234  8223 13579 V Robocol : received command: CMD_RUN_OP_MODE(11747) BeaconRedEncCapBall
03-25 13:55:35.274  8223  8336 V Robocol : sending CMD_RUN_OP_MODE_RESP(25115), attempt: 0
03-25 13:55:35.316  8223 13579 V Robocol : received command: CMD_RUN_OP_MODE_RESP(25115) BeaconRedEncCapBall
03-25 13:55:37.198  8223  8223 I RobotCore: Battery Checker, Level Remaining: 99.0
03-25 13:55:37.199  8223  8223 I RobotCore: Battery Checker, Level Remaining: 99.0
03-25 13:55:39.648  8223 13603 D MRMotorController: mode resend: motor=[AL00YCFA,1] mode=STOP_AND_RESET_ENCODER
03-25 13:55:39.789  8223 13603 D MRMotorController: mode resend: motor=[AL00VM5S,1] mode=STOP_AND_RESET_ENCODER
03-25 13:55:40.848  8223 13603 D MRMotorController: mode resend: motor=[AL00VM5S,1] mode=STOP_AND_RESET_ENCODER
03-25 13:55:42.295  8223  8223 I RobotCore: Battery Checker, Level Remaining: 98.0
03-25 13:55:42.296  8223  8223 I RobotCore: Battery Checker, Level Remaining: 98.0
03-25 13:55:44.447  8223 13603 D MRMotorController: mode resend: motor=[AL00YCFA,1] mode=STOP_AND_RESET_ENCODER
03-25 13:55:44.586  8223 13603 D MRMotorController: mode resend: motor=[AL00VM5S,1] mode=STOP_AND_RESET_ENCODER
03-25 13:55:45.307  8223 13603 D MRMotorController: mode resend: motor=[AL00YCFA,1] mode=STOP_AND_RESET_ENCODER
03-25 13:55:45.455  8223 13603 D MRMotorController: mode resend: motor=[AL00VM5S,1] mode=STOP_AND_RESET_ENCODER
03-25 13:55:47.009  8223 13603 D RobotCore: Attempted to stop robot at 33.0
03-25 13:55:49.392  8223 13603 D MRMotorController: mode resend: motor=[AL00VM5S,1] mode=STOP_AND_RESET_ENCODER
